mkdir -p ./bins
mkdir -p ./profilings
./generate_initial_conditions --model 0 --n 20000 --seed 42 --output ./bins/test-kernel.bin
for i in 1; do \
	./main --input ./bins/test-kernel.bin --nsteps 10 --dt 1e-4 --eps 0.05 --energy-every 10 --output ./bins/n.out --kernel "n" --profiler 1 --papi 1 --profiler-path ./profilings/n.txt ; \
	./main --input ./bins/test-kernel.bin --nsteps 10 --dt 1e-4 --eps 0.05 --energy-every 10 --output ./bins/r.out --kernel "r" --profiler 1 --papi 1 --profiler-path ./profilings/r.txt ; \
	./main --input ./bins/test-kernel.bin --nsteps 10 --dt 1e-4 --eps 0.05 --energy-every 10 --output ./bins/t.out --kernel "t" --profiler 1 --papi 1 --profiler-path ./profilings/t.txt ; \
	./main --input ./bins/test-kernel.bin --nsteps 10 --dt 1e-4 --eps 0.05 --energy-every 10 --output ./bins/b.out --kernel "b" --profiler 1 --papi 1 --profiler-path ./profilings/b.txt ; \
	./main --input ./bins/test-kernel.bin --nsteps 10 --dt 1e-4 --eps 0.05 --energy-every 10 --output ./bins/rt.out --kernel "rt" --profiler 1 --papi 1 --profiler-path ./profilings/rt.txt ; \
	./main --input ./bins/test-kernel.bin --nsteps 10 --dt 1e-4 --eps 0.05 --energy-every 10 --output ./bins/bt.out --kernel "bt" --profiler 1 --papi 1 --profiler-path ./profilings/bt.txt ; \
	./main --input ./bins/test-kernel.bin --nsteps 10 --dt 1e-4 --eps 0.05 --energy-every 10 --output ./bins/br.out --kernel "br" --profiler 1 --papi 1 --profiler-path ./profilings/br.txt ; \
	./main --input ./bins/test-kernel.bin --nsteps 10 --dt 1e-4 --eps 0.05 --energy-every 10 --output ./bins/brt.out --kernel "brt" --profiler 1 --papi 1 --profiler-path ./profilings/brt.txt ; \
done
# Direct N-body DKD
# arithmetic_dtype=double binary_storage=float32 format=nbody-f32-v1
# N=20000 nsteps=10 dt=0.0001 eps=0.050000000000000003 G=1 mass=1
Acceleration Kernel: n
# Step 	 Time 			 Kinetic 			 Potential 			 Total 			 Relative Energy Drift
0 	 0 	 58759436.184000514 	 -116582810.08669029 	 -57823373.902689777 	 0
10 0.001 58708513.373754002 -116531894.50229046 -57823381.128536455 1.2496411382322409e-07
# final: N=20000 steps=10 arithmetic_dtype=double max_relative_energy_drift=1.2496411382322409e-07 tolerance=0.001 status=OK

--- Performance Profiling Report ---
File Read       : 5.634185e-04 s
File Write      : 2.853292e-03 s
Total Run       : 6.513714e-01 s

--- Step Statistics (10 steps) ---
Total Step      		 Median; 3.084158e-01 s 		 Trimmed Mean: 3.084240e-01 s 		 Standard Deviation: 7.450730e-05 s
First Drift     		 Median; 2.129516e-05 s 		 Trimmed Mean: 2.137152e-05 s 		 Standard Deviation: 2.032338e-07 s
Compute Force   		 Median; 3.083164e-01 s 		 Trimmed Mean: 3.083173e-01 s 		 Standard Deviation: 6.771360e-05 s
Kick            		 Median; 3.249524e-05 s 		 Trimmed Mean: 3.253890e-05 s 		 Standard Deviation: 6.750630e-07 s
Second Drift    		 Median; 2.155546e-05 s 		 Trimmed Mean: 2.157653e-05 s 		 Standard Deviation: 7.621488e-08 s
# Direct N-body DKD
# arithmetic_dtype=double binary_storage=float32 format=nbody-f32-v1
# N=20000 nsteps=10 dt=0.0001 eps=0.050000000000000003 G=1 mass=1
Acceleration Kernel: r
# Step 	 Time 			 Kinetic 			 Potential 			 Total 			 Relative Energy Drift
0 	 0 	 58759436.184000514 	 -116582810.08669029 	 -57823373.902689777 	 0
10 0.001 58708513.373747677 -116531894.50228278 -57823381.128535107 1.2496409050125241e-07
# final: N=20000 steps=10 arithmetic_dtype=double max_relative_energy_drift=1.2496409050125241e-07 tolerance=0.001 status=OK

--- Performance Profiling Report ---
File Read       : 5.981484e-04 s
File Write      : 1.802396e-03 s
Total Run       : 6.511658e-01 s

--- Step Statistics (10 steps) ---
Total Step      		 Median; 3.077691e-01 s 		 Trimmed Mean: 3.077960e-01 s 		 Standard Deviation: 7.033239e-05 s
First Drift     		 Median; 2.149493e-05 s 		 Trimmed Mean: 2.202031e-05 s 		 Standard Deviation: 1.480584e-06 s
Compute Force   		 Median; 3.076631e-01 s 		 Trimmed Mean: 3.076941e-01 s 		 Standard Deviation: 6.981494e-05 s
Kick            		 Median; 3.320631e-05 s 		 Trimmed Mean: 3.309944e-05 s 		 Standard Deviation: 3.406887e-07 s
Second Drift    		 Median; 2.178503e-05 s 		 Trimmed Mean: 2.180284e-05 s 		 Standard Deviation: 1.271135e-07 s
# Direct N-body DKD
# arithmetic_dtype=double binary_storage=float32 format=nbody-f32-v1
# N=20000 nsteps=10 dt=0.0001 eps=0.050000000000000003 G=1 mass=1
Acceleration Kernel: t
# Step 	 Time 			 Kinetic 			 Potential 			 Total 			 Relative Energy Drift
0 	 0 	 58759436.184000514 	 -116582810.08669029 	 -57823373.902689777 	 0
10 0.001 58708513.373754002 -116531894.50229046 -57823381.128536455 1.2496411382322409e-07
# final: N=20000 steps=10 arithmetic_dtype=double max_relative_energy_drift=1.2496411382322409e-07 tolerance=0.001 status=OK

--- Performance Profiling Report ---
File Read       : 5.974993e-04 s
File Write      : 1.551872e-03 s
Total Run       : 6.527105e-01 s

--- Step Statistics (10 steps) ---
Total Step      		 Median; 3.996573e-01 s 		 Trimmed Mean: 3.996951e-01 s 		 Standard Deviation: 9.099129e-05 s
First Drift     		 Median; 2.145953e-05 s 		 Trimmed Mean: 2.147502e-05 s 		 Standard Deviation: 1.380204e-07 s
Compute Force   		 Median; 3.995385e-01 s 		 Trimmed Mean: 3.995695e-01 s 		 Standard Deviation: 8.927973e-05 s
Kick            		 Median; 3.877562e-05 s 		 Trimmed Mean: 3.860053e-05 s 		 Standard Deviation: 3.943227e-07 s
Second Drift    		 Median; 3.313506e-05 s 		 Trimmed Mean: 3.321550e-05 s 		 Standard Deviation: 4.701741e-07 s
# Direct N-body DKD
# arithmetic_dtype=double binary_storage=float32 format=nbody-f32-v1
# N=20000 nsteps=10 dt=0.0001 eps=0.050000000000000003 G=1 mass=1
Acceleration Kernel: b
# Step 	 Time 			 Kinetic 			 Potential 			 Total 			 Relative Energy Drift
0 	 0 	 58759436.184000514 	 -116582810.08669029 	 -57823373.902689777 	 0
10 0.001 58708513.373754002 -116531894.50229046 -57823381.128536455 1.2496411382322409e-07
# final: N=20000 steps=10 arithmetic_dtype=double max_relative_energy_drift=1.2496411382322409e-07 tolerance=0.001 status=OK

--- Performance Profiling Report ---
File Read       : 5.946187e-04 s
File Write      : 2.751359e-03 s
Total Run       : 6.506550e-01 s

--- Step Statistics (10 steps) ---
Total Step      		 Median; 6.380240e-01 s 		 Trimmed Mean: 6.379938e-01 s 		 Standard Deviation: 1.077437e-04 s
First Drift     		 Median; 2.128026e-05 s 		 Trimmed Mean: 2.224639e-05 s 		 Standard Deviation: 1.785606e-06 s
Compute Force   		 Median; 6.379237e-01 s 		 Trimmed Mean: 6.378863e-01 s 		 Standard Deviation: 1.007835e-04 s
Kick            		 Median; 3.220560e-05 s 		 Trimmed Mean: 3.232819e-05 s 		 Standard Deviation: 9.597346e-07 s
Second Drift    		 Median; 2.194475e-05 s 		 Trimmed Mean: 2.193637e-05 s 		 Standard Deviation: 2.478154e-07 s
# Direct N-body DKD
# arithmetic_dtype=double binary_storage=float32 format=nbody-f32-v1
# N=20000 nsteps=10 dt=0.0001 eps=0.050000000000000003 G=1 mass=1
Acceleration Kernel: rt
# Step 	 Time 			 Kinetic 			 Potential 			 Total 			 Relative Energy Drift
0 	 0 	 58759436.184000514 	 -116582810.08669029 	 -57823373.902689777 	 0
10 0.001 58708513.373747677 -116531894.50228278 -57823381.128535107 1.2496409050125241e-07
# final: N=20000 steps=10 arithmetic_dtype=double max_relative_energy_drift=1.2496409050125241e-07 tolerance=0.001 status=OK

--- Performance Profiling Report ---
File Read       : 5.944287e-04 s
File Write      : 1.909367e-03 s
Total Run       : 6.527713e-01 s

--- Step Statistics (10 steps) ---
Total Step      		 Median; 4.523568e-01 s 		 Trimmed Mean: 4.525006e-01 s 		 Standard Deviation: 3.469756e-04 s
First Drift     		 Median; 2.117036e-05 s 		 Trimmed Mean: 2.117164e-05 s 		 Standard Deviation: 3.235404e-08 s
Compute Force   		 Median; 4.522384e-01 s 		 Trimmed Mean: 4.523740e-01 s 		 Standard Deviation: 3.343235e-04 s
Kick            		 Median; 3.884081e-05 s 		 Trimmed Mean: 3.905699e-05 s 		 Standard Deviation: 4.124696e-07 s
Second Drift    		 Median; 3.314996e-05 s 		 Trimmed Mean: 3.322551e-05 s 		 Standard Deviation: 3.029509e-07 s
# Direct N-body DKD
# arithmetic_dtype=double binary_storage=float32 format=nbody-f32-v1
# N=20000 nsteps=10 dt=0.0001 eps=0.050000000000000003 G=1 mass=1
Acceleration Kernel: bt
# Step 	 Time 			 Kinetic 			 Potential 			 Total 			 Relative Energy Drift
0 	 0 	 58759436.184000514 	 -116582810.08669029 	 -57823373.902689777 	 0
10 0.001 58708513.373754002 -116531894.50229046 -57823381.128536455 1.2496411382322409e-07
# final: N=20000 steps=10 arithmetic_dtype=double max_relative_energy_drift=1.2496411382322409e-07 tolerance=0.001 status=OK

--- Performance Profiling Report ---
File Read       : 6.071990e-04 s
File Write      : 1.867547e-03 s
Total Run       : 6.520954e-01 s

--- Step Statistics (10 steps) ---
Total Step      		 Median; 3.992645e-01 s 		 Trimmed Mean: 3.992411e-01 s 		 Standard Deviation: 1.960144e-04 s
First Drift     		 Median; 2.117502e-05 s 		 Trimmed Mean: 2.119166e-05 s 		 Standard Deviation: 1.178426e-07 s
Compute Force   		 Median; 3.991221e-01 s 		 Trimmed Mean: 3.991147e-01 s 		 Standard Deviation: 2.045050e-04 s
Kick            		 Median; 3.906619e-05 s 		 Trimmed Mean: 3.848795e-05 s 		 Standard Deviation: 1.562093e-06 s
Second Drift    		 Median; 3.321515e-05 s 		 Trimmed Mean: 3.309071e-05 s 		 Standard Deviation: 5.386333e-07 s
# Direct N-body DKD
# arithmetic_dtype=double binary_storage=float32 format=nbody-f32-v1
# N=20000 nsteps=10 dt=0.0001 eps=0.050000000000000003 G=1 mass=1
Acceleration Kernel: br
# Step 	 Time 			 Kinetic 			 Potential 			 Total 			 Relative Energy Drift
0 	 0 	 58759436.184000514 	 -116582810.08669029 	 -57823373.902689777 	 0
10 0.001 58708513.373747677 -116531894.50228278 -57823381.128535107 1.2496409050125241e-07
# final: N=20000 steps=10 arithmetic_dtype=double max_relative_energy_drift=1.2496409050125241e-07 tolerance=0.001 status=OK

--- Performance Profiling Report ---
File Read       : 5.943887e-04 s
File Write      : 2.570447e-03 s
Total Run       : 6.538022e-01 s

--- Step Statistics (10 steps) ---
Total Step      		 Median; 7.421393e-01 s 		 Trimmed Mean: 7.421249e-01 s 		 Standard Deviation: 2.213543e-04 s
First Drift     		 Median; 2.132962e-05 s 		 Trimmed Mean: 2.133113e-05 s 		 Standard Deviation: 6.886977e-08 s
Compute Force   		 Median; 7.420397e-01 s 		 Trimmed Mean: 7.420153e-01 s 		 Standard Deviation: 2.105837e-04 s
Kick            		 Median; 3.219489e-05 s 		 Trimmed Mean: 3.218406e-05 s 		 Standard Deviation: 3.594643e-07 s
Second Drift    		 Median; 2.206955e-05 s 		 Trimmed Mean: 2.204638e-05 s 		 Standard Deviation: 1.149641e-07 s
# Direct N-body DKD
# arithmetic_dtype=double binary_storage=float32 format=nbody-f32-v1
# N=20000 nsteps=10 dt=0.0001 eps=0.050000000000000003 G=1 mass=1
Acceleration Kernel: brt
# Step 	 Time 			 Kinetic 			 Potential 			 Total 			 Relative Energy Drift
0 	 0 	 58759436.184000514 	 -116582810.08669029 	 -57823373.902689777 	 0
10 0.001 58708513.373747677 -116531894.50228278 -57823381.128535107 1.2496409050125241e-07
# final: N=20000 steps=10 arithmetic_dtype=double max_relative_energy_drift=1.2496409050125241e-07 tolerance=0.001 status=OK

--- Performance Profiling Report ---
File Read       : 5.973075e-04 s
File Write      : 1.712945e-03 s
Total Run       : 6.522243e-01 s

--- Step Statistics (10 steps) ---
Total Step      		 Median; 4.705908e-01 s 		 Trimmed Mean: 4.706749e-01 s 		 Standard Deviation: 9.447261e-04 s
First Drift     		 Median; 2.114987e-05 s 		 Trimmed Mean: 2.118887e-05 s 		 Standard Deviation: 8.793226e-08 s
Compute Force   		 Median; 4.704525e-01 s 		 Trimmed Mean: 4.705561e-01 s 		 Standard Deviation: 9.506113e-04 s
Kick            		 Median; 3.362494e-05 s 		 Trimmed Mean: 3.359548e-05 s 		 Standard Deviation: 3.196976e-07 s
Second Drift    		 Median; 3.196532e-05 s 		 Trimmed Mean: 3.192772e-05 s 		 Standard Deviation: 4.954350e-07 s
