mkdir -p ./bins
mkdir -p ./profilings
./generate_initial_conditions --model 0 --n 20000 --seed 42 --output ./bins/test-kernel.bin
for i in 1; do \
	./main --input ./bins/test-kernel.bin --nsteps 25 --dt 1e-4 --eps 0.05 --energy-every 25 --output ./bins/n.out --kernel "n" --profiler 1 --papi 1 --profiler-path ./profilings/n.txt ; \
	./main --input ./bins/test-kernel.bin --nsteps 25 --dt 1e-4 --eps 0.05 --energy-every 25 --output ./bins/r.out --kernel "r" --profiler 1 --papi 1 --profiler-path ./profilings/r.txt ; \
	./main --input ./bins/test-kernel.bin --nsteps 25 --dt 1e-4 --eps 0.05 --energy-every 25 --output ./bins/t.out --kernel "t" --profiler 1 --papi 1 --profiler-path ./profilings/t.txt ; \
	./main --input ./bins/test-kernel.bin --nsteps 25 --dt 1e-4 --eps 0.05 --energy-every 25 --output ./bins/b.out --kernel "b" --profiler 1 --papi 1 --profiler-path ./profilings/b.txt ; \
	./main --input ./bins/test-kernel.bin --nsteps 25 --dt 1e-4 --eps 0.05 --energy-every 25 --output ./bins/rt.out --kernel "rt" --profiler 1 --papi 1 --profiler-path ./profilings/rt.txt ; \
	./main --input ./bins/test-kernel.bin --nsteps 25 --dt 1e-4 --eps 0.05 --energy-every 25 --output ./bins/bt.out --kernel "bt" --profiler 1 --papi 1 --profiler-path ./profilings/bt.txt ; \
	./main --input ./bins/test-kernel.bin --nsteps 25 --dt 1e-4 --eps 0.05 --energy-every 25 --output ./bins/br.out --kernel "br" --profiler 1 --papi 1 --profiler-path ./profilings/br.txt ; \
	./main --input ./bins/test-kernel.bin --nsteps 25 --dt 1e-4 --eps 0.05 --energy-every 25 --output ./bins/brt.out --kernel "brt" --profiler 1 --papi 1 --profiler-path ./profilings/brt.txt ; \
done
# Direct N-body DKD
# arithmetic_dtype=double binary_storage=float32 format=nbody-f32-v1
# N=20000 nsteps=25 dt=0.0001 eps=0.050000000000000003 G=1 mass=1
Acceleration Kernel: n
# Step 	 Time 			 Kinetic 			 Potential 			 Total 			 Relative Energy Drift
0 	 0 	 58759436.184000514 	 -116582810.08669029 	 -57823373.902689777 	 0
25 0.0025000000000000001 58622235.411547296 -116445614.25392817 -57823378.842380874 8.5427237519159795e-08
# final: N=20000 steps=25 arithmetic_dtype=double max_relative_energy_drift=8.5427237519159795e-08 tolerance=0.001 status=OK

--- Performance Profiling Report ---
File Read       : 5.837558e-04 s
File Write      : 2.263274e-03 s
Total Run       : 6.509470e-01 s

--- Step Statistics (25 steps) ---
Total Step      		 Median; 3.079922e-01 s 		 Trimmed Mean: 3.079994e-01 s 		 Standard Deviation: 4.066901e-05 s
First Drift     		 Median; 2.166070e-05 s 		 Trimmed Mean: 2.170061e-05 s 		 Standard Deviation: 1.074451e-07 s
Compute Force   		 Median; 3.078862e-01 s 		 Trimmed Mean: 3.078937e-01 s 		 Standard Deviation: 3.746529e-05 s
Kick            		 Median; 3.729016e-05 s 		 Trimmed Mean: 3.753044e-05 s 		 Standard Deviation: 1.315604e-06 s
Second Drift    		 Median; 2.185069e-05 s 		 Trimmed Mean: 2.189664e-05 s 		 Standard Deviation: 1.170969e-07 s
# Direct N-body DKD
# arithmetic_dtype=double binary_storage=float32 format=nbody-f32-v1
# N=20000 nsteps=25 dt=0.0001 eps=0.050000000000000003 G=1 mass=1
Acceleration Kernel: r
# Step 	 Time 			 Kinetic 			 Potential 			 Total 			 Relative Energy Drift
0 	 0 	 58759436.184000514 	 -116582810.08669029 	 -57823373.902689777 	 0
25 0.0025000000000000001 58622235.411503732 -116445614.25388102 -57823378.84237729 8.542717554198646e-08
# final: N=20000 steps=25 arithmetic_dtype=double max_relative_energy_drift=8.542717554198646e-08 tolerance=0.001 status=OK

--- Performance Profiling Report ---
File Read       : 8.263290e-04 s
File Write      : 2.273974e-03 s
Total Run       : 6.510671e-01 s

--- Step Statistics (25 steps) ---
Total Step      		 Median; 3.079638e-01 s 		 Trimmed Mean: 3.079542e-01 s 		 Standard Deviation: 4.016403e-05 s
First Drift     		 Median; 2.157968e-05 s 		 Trimmed Mean: 2.160260e-05 s 		 Standard Deviation: 7.172277e-08 s
Compute Force   		 Median; 3.078557e-01 s 		 Trimmed Mean: 3.078485e-01 s 		 Standard Deviation: 3.957943e-05 s
Kick            		 Median; 3.729109e-05 s 		 Trimmed Mean: 3.735357e-05 s 		 Standard Deviation: 7.723787e-07 s
Second Drift    		 Median; 2.192054e-05 s 		 Trimmed Mean: 2.193939e-05 s 		 Standard Deviation: 1.056255e-07 s
# Direct N-body DKD
# arithmetic_dtype=double binary_storage=float32 format=nbody-f32-v1
# N=20000 nsteps=25 dt=0.0001 eps=0.050000000000000003 G=1 mass=1
Acceleration Kernel: t
# Step 	 Time 			 Kinetic 			 Potential 			 Total 			 Relative Energy Drift
0 	 0 	 58759436.184000514 	 -116582810.08669029 	 -57823373.902689777 	 0
25 0.0025000000000000001 58622235.411547296 -116445614.25392817 -57823378.842380874 8.5427237519159795e-08
# final: N=20000 steps=25 arithmetic_dtype=double max_relative_energy_drift=8.5427237519159795e-08 tolerance=0.001 status=OK

--- Performance Profiling Report ---
File Read       : 8.096090e-04 s
File Write      : 1.672745e-02 s
Total Run       : 6.510028e-01 s

--- Step Statistics (25 steps) ---
Total Step      		 Median; 4.022389e-01 s 		 Trimmed Mean: 4.021871e-01 s 		 Standard Deviation: 2.082361e-04 s
First Drift     		 Median; 2.142973e-05 s 		 Trimmed Mean: 2.144033e-05 s 		 Standard Deviation: 9.557984e-08 s
Compute Force   		 Median; 4.020763e-01 s 		 Trimmed Mean: 4.020629e-01 s 		 Standard Deviation: 2.078166e-04 s
Kick            		 Median; 4.221033e-05 s 		 Trimmed Mean: 4.231278e-05 s 		 Standard Deviation: 5.440814e-07 s
Second Drift    		 Median; 3.293995e-05 s 		 Trimmed Mean: 3.306905e-05 s 		 Standard Deviation: 4.975264e-07 s
# Direct N-body DKD
# arithmetic_dtype=double binary_storage=float32 format=nbody-f32-v1
# N=20000 nsteps=25 dt=0.0001 eps=0.050000000000000003 G=1 mass=1
Acceleration Kernel: b
# Step 	 Time 			 Kinetic 			 Potential 			 Total 			 Relative Energy Drift
0 	 0 	 58759436.184000514 	 -116582810.08669029 	 -57823373.902689777 	 0
25 0.0025000000000000001 58622235.411547296 -116445614.25392817 -57823378.842380874 8.5427237519159795e-08
# final: N=20000 steps=25 arithmetic_dtype=double max_relative_energy_drift=8.5427237519159795e-08 tolerance=0.001 status=OK

--- Performance Profiling Report ---
File Read       : 7.623676e-04 s
File Write      : 1.276680e-01 s
Total Run       : 6.517019e-01 s

--- Step Statistics (25 steps) ---
Total Step      		 Median; 6.383252e-01 s 		 Trimmed Mean: 6.384404e-01 s 		 Standard Deviation: 2.569171e-04 s
First Drift     		 Median; 2.138969e-05 s 		 Trimmed Mean: 2.142583e-05 s 		 Standard Deviation: 1.005539e-07 s
Compute Force   		 Median; 6.382094e-01 s 		 Trimmed Mean: 6.383323e-01 s 		 Standard Deviation: 2.581503e-04 s
Kick            		 Median; 3.733113e-05 s 		 Trimmed Mean: 3.732519e-05 s 		 Standard Deviation: 5.246400e-07 s
Second Drift    		 Median; 2.198014e-05 s 		 Trimmed Mean: 2.206214e-05 s 		 Standard Deviation: 2.371010e-07 s
# Direct N-body DKD
# arithmetic_dtype=double binary_storage=float32 format=nbody-f32-v1
# N=20000 nsteps=25 dt=0.0001 eps=0.050000000000000003 G=1 mass=1
Acceleration Kernel: rt
# Step 	 Time 			 Kinetic 			 Potential 			 Total 			 Relative Energy Drift
0 	 0 	 58759436.184000514 	 -116582810.08669029 	 -57823373.902689777 	 0
25 0.0025000000000000001 58622235.411503732 -116445614.25388102 -57823378.84237729 8.542717554198646e-08
# final: N=20000 steps=25 arithmetic_dtype=double max_relative_energy_drift=8.542717554198646e-08 tolerance=0.001 status=OK

--- Performance Profiling Report ---
File Read       : 8.344492e-04 s
File Write      : 1.118763e-02 s
Total Run       : 6.506447e-01 s

--- Step Statistics (25 steps) ---
Total Step      		 Median; 4.527903e-01 s 		 Trimmed Mean: 4.527867e-01 s 		 Standard Deviation: 6.667474e-05 s
First Drift     		 Median; 2.120156e-05 s 		 Trimmed Mean: 2.124453e-05 s 		 Standard Deviation: 8.819500e-08 s
Compute Force   		 Median; 4.526688e-01 s 		 Trimmed Mean: 4.526642e-01 s 		 Standard Deviation: 6.792505e-05 s
Kick            		 Median; 4.238077e-05 s 		 Trimmed Mean: 4.223131e-05 s 		 Standard Deviation: 9.664586e-07 s
Second Drift    		 Median; 3.365986e-05 s 		 Trimmed Mean: 3.368638e-05 s 		 Standard Deviation: 5.698191e-07 s
# Direct N-body DKD
# arithmetic_dtype=double binary_storage=float32 format=nbody-f32-v1
# N=20000 nsteps=25 dt=0.0001 eps=0.050000000000000003 G=1 mass=1
Acceleration Kernel: bt
# Step 	 Time 			 Kinetic 			 Potential 			 Total 			 Relative Energy Drift
0 	 0 	 58759436.184000514 	 -116582810.08669029 	 -57823373.902689777 	 0
25 0.0025000000000000001 58622235.411547296 -116445614.25392817 -57823378.842380874 8.5427237519159795e-08
# final: N=20000 steps=25 arithmetic_dtype=double max_relative_energy_drift=8.5427237519159795e-08 tolerance=0.001 status=OK

--- Performance Profiling Report ---
File Read       : 8.116085e-04 s
File Write      : 2.785070e-02 s
Total Run       : 6.516793e-01 s

--- Step Statistics (25 steps) ---
Total Step      		 Median; 4.001136e-01 s 		 Trimmed Mean: 4.001387e-01 s 		 Standard Deviation: 2.420746e-04 s
First Drift     		 Median; 2.148096e-05 s 		 Trimmed Mean: 2.149754e-05 s 		 Standard Deviation: 1.095247e-07 s
Compute Force   		 Median; 3.999896e-01 s 		 Trimmed Mean: 4.000183e-01 s 		 Standard Deviation: 2.399174e-04 s
Kick            		 Median; 3.813021e-05 s 		 Trimmed Mean: 3.804453e-05 s 		 Standard Deviation: 4.519928e-07 s
Second Drift    		 Median; 3.293995e-05 s 		 Trimmed Mean: 3.283564e-05 s 		 Standard Deviation: 2.937114e-07 s
# Direct N-body DKD
# arithmetic_dtype=double binary_storage=float32 format=nbody-f32-v1
# N=20000 nsteps=25 dt=0.0001 eps=0.050000000000000003 G=1 mass=1
Acceleration Kernel: br
# Step 	 Time 			 Kinetic 			 Potential 			 Total 			 Relative Energy Drift
0 	 0 	 58759436.184000514 	 -116582810.08669029 	 -57823373.902689777 	 0
25 0.0025000000000000001 58622235.411503732 -116445614.25388102 -57823378.84237729 8.542717554198646e-08
# final: N=20000 steps=25 arithmetic_dtype=double max_relative_energy_drift=8.542717554198646e-08 tolerance=0.001 status=OK

--- Performance Profiling Report ---
File Read       : 7.573878e-04 s
File Write      : 9.963018e-03 s
Total Run       : 6.506171e-01 s

--- Step Statistics (25 steps) ---
Total Step      		 Median; 7.423778e-01 s 		 Trimmed Mean: 7.423705e-01 s 		 Standard Deviation: 3.527071e-04 s
First Drift     		 Median; 2.134964e-05 s 		 Trimmed Mean: 2.134321e-05 s 		 Standard Deviation: 4.526075e-08 s
Compute Force   		 Median; 7.422631e-01 s 		 Trimmed Mean: 7.422612e-01 s 		 Standard Deviation: 3.509077e-04 s
Kick            		 Median; 3.768038e-05 s 		 Trimmed Mean: 3.763749e-05 s 		 Standard Deviation: 5.442985e-07 s
Second Drift    		 Median; 2.199970e-05 s 		 Trimmed Mean: 2.202219e-05 s 		 Standard Deviation: 1.639469e-07 s
# Direct N-body DKD
# arithmetic_dtype=double binary_storage=float32 format=nbody-f32-v1
# N=20000 nsteps=25 dt=0.0001 eps=0.050000000000000003 G=1 mass=1
Acceleration Kernel: brt
# Step 	 Time 			 Kinetic 			 Potential 			 Total 			 Relative Energy Drift
0 	 0 	 58759436.184000514 	 -116582810.08669029 	 -57823373.902689777 	 0
25 0.0025000000000000001 58622235.411503732 -116445614.25388102 -57823378.84237729 8.542717554198646e-08
# final: N=20000 steps=25 arithmetic_dtype=double max_relative_energy_drift=8.542717554198646e-08 tolerance=0.001 status=OK

--- Performance Profiling Report ---
File Read       : 8.112788e-04 s
File Write      : 5.599351e-03 s
Total Run       : 6.507275e-01 s

--- Step Statistics (25 steps) ---
Total Step      		 Median; 4.696732e-01 s 		 Trimmed Mean: 4.695157e-01 s 		 Standard Deviation: 2.925062e-04 s
First Drift     		 Median; 2.120156e-05 s 		 Trimmed Mean: 2.124271e-05 s 		 Standard Deviation: 8.025067e-08 s
Compute Force   		 Median; 4.695456e-01 s 		 Trimmed Mean: 4.693972e-01 s 		 Standard Deviation: 2.918464e-04 s
Kick            		 Median; 3.741123e-05 s 		 Trimmed Mean: 3.751691e-05 s 		 Standard Deviation: 5.683726e-07 s
Second Drift    		 Median; 3.294088e-05 s 		 Trimmed Mean: 3.297277e-05 s 		 Standard Deviation: 3.918429e-07 s
