mkdir -p ./bins
mkdir -p ./profilings
./generate_initial_conditions --model 0 --n 20000 --seed 42 --output ./bins/test-kernel.bin
for i in 1; do \
	./main --input ./bins/test-kernel.bin --nsteps 25 --dt 1e-4 --eps 0.05 --energy-every 25 --output ./bins/n.out --kernel "n" --profiler 1 --papi 1 --profiler-path ./profilings/n.txt ; \
	./main --input ./bins/test-kernel.bin --nsteps 25 --dt 1e-4 --eps 0.05 --energy-every 25 --output ./bins/r.out --kernel "r" --profiler 1 --papi 1 --profiler-path ./profilings/r.txt ; \
	./main --input ./bins/test-kernel.bin --nsteps 25 --dt 1e-4 --eps 0.05 --energy-every 25 --output ./bins/t.out --kernel "t" --profiler 1 --papi 1 --profiler-path ./profilings/t.txt ; \
	./main --input ./bins/test-kernel.bin --nsteps 25 --dt 1e-4 --eps 0.05 --energy-every 25 --output ./bins/b.out --kernel "b" --profiler 1 --papi 1 --profiler-path ./profilings/b.txt ; \
	./main --input ./bins/test-kernel.bin --nsteps 25 --dt 1e-4 --eps 0.05 --energy-every 25 --output ./bins/rt.out --kernel "rt" --profiler 1 --papi 1 --profiler-path ./profilings/rt.txt ; \
	./main --input ./bins/test-kernel.bin --nsteps 25 --dt 1e-4 --eps 0.05 --energy-every 25 --output ./bins/bt.out --kernel "bt" --profiler 1 --papi 1 --profiler-path ./profilings/bt.txt ; \
	./main --input ./bins/test-kernel.bin --nsteps 25 --dt 1e-4 --eps 0.05 --energy-every 25 --output ./bins/br.out --kernel "br" --profiler 1 --papi 1 --profiler-path ./profilings/br.txt ; \
	./main --input ./bins/test-kernel.bin --nsteps 25 --dt 1e-4 --eps 0.05 --energy-every 25 --output ./bins/brt.out --kernel "brt" --profiler 1 --papi 1 --profiler-path ./profilings/brt.txt ; \
done
# Direct N-body DKD
# arithmetic_dtype=double binary_storage=float32 format=nbody-f32-v1
# N=20000 nsteps=25 dt=0.0001 eps=0.050000000000000003 G=1 mass=1
Acceleration Kernel: n
# Step 	 Time 			 Kinetic 			 Potential 			 Total 			 Relative Energy Drift
0 	 0 	 58759436.184000514 	 -116582810.08669029 	 -57823373.902689777 	 0
25 0.0025000000000000001 58622235.411547296 -116445614.25392817 -57823378.842380874 8.5427237519159795e-08
# final: N=20000 steps=25 arithmetic_dtype=double max_relative_energy_drift=8.5427237519159795e-08 tolerance=0.001 status=OK

--- Performance Profiling Report ---
File Read       : 5.888371e-04 s
File Write      : 1.594960e-02 s
Total Run       : 6.512048e-01 s

--- Step Statistics (25 steps) ---
Total Step      		 Median; 3.081557e-01 s 		 Trimmed Mean: 3.082209e-01 s 		 Standard Deviation: 2.124549e-04 s
First Drift     		 Median; 2.155080e-05 s 		 Trimmed Mean: 2.160318e-05 s 		 Standard Deviation: 1.528280e-07 s
Compute Force   		 Median; 3.080438e-01 s 		 Trimmed Mean: 3.081120e-01 s 		 Standard Deviation: 2.108080e-04 s
Kick            		 Median; 3.710017e-05 s 		 Trimmed Mean: 3.728248e-05 s 		 Standard Deviation: 4.736321e-07 s
Second Drift    		 Median; 2.192985e-05 s 		 Trimmed Mean: 2.275163e-05 s 		 Standard Deviation: 2.023047e-06 s
# Direct N-body DKD
# arithmetic_dtype=double binary_storage=float32 format=nbody-f32-v1
# N=20000 nsteps=25 dt=0.0001 eps=0.050000000000000003 G=1 mass=1
Acceleration Kernel: r
# Step 	 Time 			 Kinetic 			 Potential 			 Total 			 Relative Energy Drift
0 	 0 	 58759436.184000514 	 -116582810.08669029 	 -57823373.902689777 	 0
25 0.0025000000000000001 58622235.411503732 -116445614.25388102 -57823378.84237729 8.542717554198646e-08
# final: N=20000 steps=25 arithmetic_dtype=double max_relative_energy_drift=8.542717554198646e-08 tolerance=0.001 status=OK

--- Performance Profiling Report ---
File Read       : 5.543499e-03 s
File Write      : 3.626212e-01 s
Total Run       : 6.509140e-01 s

--- Step Statistics (25 steps) ---
Total Step      		 Median; 3.079906e-01 s 		 Trimmed Mean: 3.080103e-01 s 		 Standard Deviation: 1.166370e-04 s
First Drift     		 Median; 2.141949e-05 s 		 Trimmed Mean: 2.144326e-05 s 		 Standard Deviation: 8.559564e-08 s
Compute Force   		 Median; 3.078834e-01 s 		 Trimmed Mean: 3.079011e-01 s 		 Standard Deviation: 1.184730e-04 s
Kick            		 Median; 3.741961e-05 s 		 Trimmed Mean: 3.742742e-05 s 		 Standard Deviation: 5.906056e-07 s
Second Drift    		 Median; 2.184045e-05 s 		 Trimmed Mean: 2.190111e-05 s 		 Standard Deviation: 1.534043e-07 s
# Direct N-body DKD
# arithmetic_dtype=double binary_storage=float32 format=nbody-f32-v1
# N=20000 nsteps=25 dt=0.0001 eps=0.050000000000000003 G=1 mass=1
Acceleration Kernel: t
# Step 	 Time 			 Kinetic 			 Potential 			 Total 			 Relative Energy Drift
0 	 0 	 58759436.184000514 	 -116582810.08669029 	 -57823373.902689777 	 0
25 0.0025000000000000001 58622235.411547296 -116445614.25392817 -57823378.842380874 8.5427237519159795e-08
# final: N=20000 steps=25 arithmetic_dtype=double max_relative_energy_drift=8.5427237519159795e-08 tolerance=0.001 status=OK

--- Performance Profiling Report ---
File Read       : 2.969721e-01 s
File Write      : 1.244028e-02 s
Total Run       : 6.513497e-01 s

--- Step Statistics (25 steps) ---
Total Step      		 Median; 4.014885e-01 s 		 Trimmed Mean: 4.015730e-01 s 		 Standard Deviation: 1.889365e-04 s
First Drift     		 Median; 2.134964e-05 s 		 Trimmed Mean: 2.136587e-05 s 		 Standard Deviation: 7.342223e-08 s
Compute Force   		 Median; 4.013681e-01 s 		 Trimmed Mean: 4.014467e-01 s 		 Standard Deviation: 1.856098e-04 s
Kick            		 Median; 4.297029e-05 s 		 Trimmed Mean: 4.301065e-05 s 		 Standard Deviation: 4.859130e-07 s
Second Drift    		 Median; 3.359932e-05 s 		 Trimmed Mean: 3.348176e-05 s 		 Standard Deviation: 5.330372e-07 s
# Direct N-body DKD
# arithmetic_dtype=double binary_storage=float32 format=nbody-f32-v1
# N=20000 nsteps=25 dt=0.0001 eps=0.050000000000000003 G=1 mass=1
Acceleration Kernel: b
# Step 	 Time 			 Kinetic 			 Potential 			 Total 			 Relative Energy Drift
0 	 0 	 58759436.184000514 	 -116582810.08669029 	 -57823373.902689777 	 0
25 0.0025000000000000001 58622235.411547296 -116445614.25392817 -57823378.842380874 8.5427237519159795e-08
# final: N=20000 steps=25 arithmetic_dtype=double max_relative_energy_drift=8.5427237519159795e-08 tolerance=0.001 status=OK

--- Performance Profiling Report ---
File Read       : 7.194925e-02 s
File Write      : 2.858644e-02 s
Total Run       : 6.503733e-01 s

--- Step Statistics (25 steps) ---
Total Step      		 Median; 6.381048e-01 s 		 Trimmed Mean: 6.386367e-01 s 		 Standard Deviation: 2.520520e-03 s
First Drift     		 Median; 2.143998e-05 s 		 Trimmed Mean: 2.147062e-05 s 		 Standard Deviation: 9.674486e-08 s
Compute Force   		 Median; 6.379975e-01 s 		 Trimmed Mean: 6.385253e-01 s 		 Standard Deviation: 2.522104e-03 s
Kick            		 Median; 3.800076e-05 s 		 Trimmed Mean: 3.781467e-05 s 		 Standard Deviation: 6.906212e-07 s
Second Drift    		 Median; 2.214964e-05 s 		 Trimmed Mean: 2.219342e-05 s 		 Standard Deviation: 2.277307e-07 s
# Direct N-body DKD
# arithmetic_dtype=double binary_storage=float32 format=nbody-f32-v1
# N=20000 nsteps=25 dt=0.0001 eps=0.050000000000000003 G=1 mass=1
Acceleration Kernel: rt
# Step 	 Time 			 Kinetic 			 Potential 			 Total 			 Relative Energy Drift
0 	 0 	 58759436.184000514 	 -116582810.08669029 	 -57823373.902689777 	 0
25 0.0025000000000000001 58622235.411503732 -116445614.25388102 -57823378.84237729 8.542717554198646e-08
# final: N=20000 steps=25 arithmetic_dtype=double max_relative_energy_drift=8.542717554198646e-08 tolerance=0.001 status=OK

--- Performance Profiling Report ---
File Read       : 5.828517e-02 s
File Write      : 1.161711e-01 s
Total Run       : 6.506192e-01 s

--- Step Statistics (25 steps) ---
Total Step      		 Median; 4.523837e-01 s 		 Trimmed Mean: 4.523956e-01 s 		 Standard Deviation: 1.349999e-04 s
First Drift     		 Median; 2.139993e-05 s 		 Trimmed Mean: 2.145080e-05 s 		 Standard Deviation: 1.555210e-07 s
Compute Force   		 Median; 4.522644e-01 s 		 Trimmed Mean: 4.522693e-01 s 		 Standard Deviation: 1.312611e-04 s
Kick            		 Median; 4.297029e-05 s 		 Trimmed Mean: 4.291561e-05 s 		 Standard Deviation: 4.059873e-07 s
Second Drift    		 Median; 3.389176e-05 s 		 Trimmed Mean: 3.392382e-05 s 		 Standard Deviation: 6.053205e-07 s
# Direct N-body DKD
# arithmetic_dtype=double binary_storage=float32 format=nbody-f32-v1
# N=20000 nsteps=25 dt=0.0001 eps=0.050000000000000003 G=1 mass=1
Acceleration Kernel: bt
# Step 	 Time 			 Kinetic 			 Potential 			 Total 			 Relative Energy Drift
0 	 0 	 58759436.184000514 	 -116582810.08669029 	 -57823373.902689777 	 0
25 0.0025000000000000001 58622235.411547296 -116445614.25392817 -57823378.842380874 8.5427237519159795e-08
# final: N=20000 steps=25 arithmetic_dtype=double max_relative_energy_drift=8.5427237519159795e-08 tolerance=0.001 status=OK

--- Performance Profiling Report ---
File Read       : 8.064592e-04 s
File Write      : 2.970784e-01 s
Total Run       : 6.510931e-01 s

--- Step Statistics (25 steps) ---
Total Step      		 Median; 4.010423e-01 s 		 Trimmed Mean: 4.010604e-01 s 		 Standard Deviation: 3.007953e-04 s
First Drift     		 Median; 2.143998e-05 s 		 Trimmed Mean: 2.178878e-05 s 		 Standard Deviation: 1.393674e-06 s
Compute Force   		 Median; 4.009234e-01 s 		 Trimmed Mean: 4.009385e-01 s 		 Standard Deviation: 2.992563e-04 s
Kick            		 Median; 3.733113e-05 s 		 Trimmed Mean: 3.738386e-05 s 		 Standard Deviation: 4.804740e-07 s
Second Drift    		 Median; 3.264006e-05 s 		 Trimmed Mean: 3.274552e-05 s 		 Standard Deviation: 4.567775e-07 s
# Direct N-body DKD
# arithmetic_dtype=double binary_storage=float32 format=nbody-f32-v1
# N=20000 nsteps=25 dt=0.0001 eps=0.050000000000000003 G=1 mass=1
Acceleration Kernel: br
# Step 	 Time 			 Kinetic 			 Potential 			 Total 			 Relative Energy Drift
0 	 0 	 58759436.184000514 	 -116582810.08669029 	 -57823373.902689777 	 0
25 0.0025000000000000001 58622235.411503732 -116445614.25388102 -57823378.84237729 8.542717554198646e-08
# final: N=20000 steps=25 arithmetic_dtype=double max_relative_energy_drift=8.542717554198646e-08 tolerance=0.001 status=OK

--- Performance Profiling Report ---
File Read       : 2.810631e-03 s
File Write      : 4.127876e-03 s
Total Run       : 6.509001e-01 s

--- Step Statistics (25 steps) ---
Total Step      		 Median; 7.425900e-01 s 		 Trimmed Mean: 7.435497e-01 s 		 Standard Deviation: 3.414083e-03 s
First Drift     		 Median; 2.139155e-05 s 		 Trimmed Mean: 2.142410e-05 s 		 Standard Deviation: 9.173881e-08 s
Compute Force   		 Median; 7.424755e-01 s 		 Trimmed Mean: 7.434410e-01 s 		 Standard Deviation: 3.414079e-03 s
Kick            		 Median; 3.718026e-05 s 		 Trimmed Mean: 3.723711e-05 s 		 Standard Deviation: 5.067006e-07 s
Second Drift    		 Median; 2.217013e-05 s 		 Trimmed Mean: 2.212964e-05 s 		 Standard Deviation: 1.541797e-07 s
# Direct N-body DKD
# arithmetic_dtype=double binary_storage=float32 format=nbody-f32-v1
# N=20000 nsteps=25 dt=0.0001 eps=0.050000000000000003 G=1 mass=1
Acceleration Kernel: brt
# Step 	 Time 			 Kinetic 			 Potential 			 Total 			 Relative Energy Drift
0 	 0 	 58759436.184000514 	 -116582810.08669029 	 -57823373.902689777 	 0
25 0.0025000000000000001 58622235.411503732 -116445614.25388102 -57823378.84237729 8.542717554198646e-08
# final: N=20000 steps=25 arithmetic_dtype=double max_relative_energy_drift=8.542717554198646e-08 tolerance=0.001 status=OK

--- Performance Profiling Report ---
File Read       : 1.175653e-03 s
File Write      : 7.608312e-03 s
Total Run       : 6.507948e-01 s

--- Step Statistics (25 steps) ---
Total Step      		 Median; 4.698604e-01 s 		 Trimmed Mean: 4.699551e-01 s 		 Standard Deviation: 3.446469e-04 s
First Drift     		 Median; 2.143066e-05 s 		 Trimmed Mean: 2.146060e-05 s 		 Standard Deviation: 8.322129e-08 s
Compute Force   		 Median; 4.697363e-01 s 		 Trimmed Mean: 4.698379e-01 s 		 Standard Deviation: 3.460363e-04 s
Kick            		 Median; 3.794022e-05 s 		 Trimmed Mean: 3.787751e-05 s 		 Standard Deviation: 5.263208e-07 s
Second Drift    		 Median; 3.323983e-05 s 		 Trimmed Mean: 3.320697e-05 s 		 Standard Deviation: 5.588702e-07 s
