mkdir -p ./bins
mkdir -p ./profilings
./generate_initial_conditions --model 0 --n 20000 --seed 42 --output ./bins/test-kernel.bin
for i in 1; do \
	./main --input ./bins/test-kernel.bin --nsteps 10 --dt 1e-4 --eps 0.05 --energy-every 10 --output ./bins/n.out --kernel "n" --profiler 1 --papi 1 --profiler-path ./profilings/n.txt ; \
	./main --input ./bins/test-kernel.bin --nsteps 10 --dt 1e-4 --eps 0.05 --energy-every 10 --output ./bins/r.out --kernel "r" --profiler 1 --papi 1 --profiler-path ./profilings/r.txt ; \
	./main --input ./bins/test-kernel.bin --nsteps 10 --dt 1e-4 --eps 0.05 --energy-every 10 --output ./bins/t.out --kernel "t" --profiler 1 --papi 1 --profiler-path ./profilings/t.txt ; \
	./main --input ./bins/test-kernel.bin --nsteps 10 --dt 1e-4 --eps 0.05 --energy-every 10 --output ./bins/b.out --kernel "b" --profiler 1 --papi 1 --profiler-path ./profilings/b.txt ; \
	./main --input ./bins/test-kernel.bin --nsteps 10 --dt 1e-4 --eps 0.05 --energy-every 10 --output ./bins/rt.out --kernel "rt" --profiler 1 --papi 1 --profiler-path ./profilings/rt.txt ; \
	./main --input ./bins/test-kernel.bin --nsteps 10 --dt 1e-4 --eps 0.05 --energy-every 10 --output ./bins/bt.out --kernel "bt" --profiler 1 --papi 1 --profiler-path ./profilings/bt.txt ; \
	./main --input ./bins/test-kernel.bin --nsteps 10 --dt 1e-4 --eps 0.05 --energy-every 10 --output ./bins/br.out --kernel "br" --profiler 1 --papi 1 --profiler-path ./profilings/br.txt ; \
	./main --input ./bins/test-kernel.bin --nsteps 10 --dt 1e-4 --eps 0.05 --energy-every 10 --output ./bins/brt.out --kernel "brt" --profiler 1 --papi 1 --profiler-path ./profilings/brt.txt ; \
done
# Direct N-body DKD
# arithmetic_dtype=double binary_storage=float32 format=nbody-f32-v1
# N=20000 nsteps=10 dt=0.0001 eps=0.050000000000000003 G=1 mass=1
Acceleration Kernel: n
# Step 	 Time 			 Kinetic 			 Potential 			 Total 			 Relative Energy Drift
0 	 0 	 58759436.184000514 	 -116582810.08669029 	 -57823373.902689777 	 0
10 0.001 58708513.373754002 -116531894.50229046 -57823381.128536455 1.2496411382322409e-07
# final: N=20000 steps=10 arithmetic_dtype=double max_relative_energy_drift=1.2496411382322409e-07 tolerance=0.001 status=OK

--- Performance Profiling Report ---
File Read       : 5.974583e-04 s
File Write      : 2.187622e-03 s
Total Run       : 6.514566e-01 s

--- Step Statistics (10 steps) ---
Total Step      		 Median; 3.080053e-01 s 		 Trimmed Mean: 3.080226e-01 s 		 Standard Deviation: 5.981987e-05 s
First Drift     		 Median; 2.185581e-05 s 		 Trimmed Mean: 2.197665e-05 s 		 Standard Deviation: 4.005563e-07 s
Compute Force   		 Median; 3.079021e-01 s 		 Trimmed Mean: 3.079168e-01 s 		 Standard Deviation: 5.585874e-05 s
Kick            		 Median; 3.429549e-05 s 		 Trimmed Mean: 3.451807e-05 s 		 Standard Deviation: 1.270663e-06 s
Second Drift    		 Median; 2.415990e-05 s 		 Trimmed Mean: 2.425164e-05 s 		 Standard Deviation: 9.849642e-07 s
# Direct N-body DKD
# arithmetic_dtype=double binary_storage=float32 format=nbody-f32-v1
# N=20000 nsteps=10 dt=0.0001 eps=0.050000000000000003 G=1 mass=1
Acceleration Kernel: r
# Step 	 Time 			 Kinetic 			 Potential 			 Total 			 Relative Energy Drift
0 	 0 	 58759436.184000514 	 -116582810.08669029 	 -57823373.902689777 	 0
10 0.001 58708513.373747677 -116531894.50228278 -57823381.128535107 1.2496409050125241e-07
# final: N=20000 steps=10 arithmetic_dtype=double max_relative_energy_drift=1.2496409050125241e-07 tolerance=0.001 status=OK

--- Performance Profiling Report ---
File Read       : 6.080791e-04 s
File Write      : 2.480666e-03 s
Total Run       : 6.514173e-01 s

--- Step Statistics (10 steps) ---
Total Step      		 Median; 3.079362e-01 s 		 Trimmed Mean: 3.079360e-01 s 		 Standard Deviation: 4.473238e-05 s
First Drift     		 Median; 2.168491e-05 s 		 Trimmed Mean: 2.174615e-05 s 		 Standard Deviation: 3.061392e-07 s
Compute Force   		 Median; 3.078333e-01 s 		 Trimmed Mean: 3.078299e-01 s 		 Standard Deviation: 4.683354e-05 s
Kick            		 Median; 3.458606e-05 s 		 Trimmed Mean: 3.431819e-05 s 		 Standard Deviation: 8.981994e-07 s
Second Drift    		 Median; 2.350053e-05 s 		 Trimmed Mean: 2.358190e-05 s 		 Standard Deviation: 6.694102e-07 s
# Direct N-body DKD
# arithmetic_dtype=double binary_storage=float32 format=nbody-f32-v1
# N=20000 nsteps=10 dt=0.0001 eps=0.050000000000000003 G=1 mass=1
Acceleration Kernel: t
# Step 	 Time 			 Kinetic 			 Potential 			 Total 			 Relative Energy Drift
0 	 0 	 58759436.184000514 	 -116582810.08669029 	 -57823373.902689777 	 0
10 0.001 58708513.373754002 -116531894.50229046 -57823381.128536455 1.2496411382322409e-07
# final: N=20000 steps=10 arithmetic_dtype=double max_relative_energy_drift=1.2496411382322409e-07 tolerance=0.001 status=OK

--- Performance Profiling Report ---
File Read       : 6.203894e-04 s
File Write      : 4.355334e-03 s
Total Run       : 6.529529e-01 s

--- Step Statistics (10 steps) ---
Total Step      		 Median; 4.016618e-01 s 		 Trimmed Mean: 4.016433e-01 s 		 Standard Deviation: 1.464367e-04 s
First Drift     		 Median; 2.186047e-05 s 		 Trimmed Mean: 2.192042e-05 s 		 Standard Deviation: 3.225979e-07 s
Compute Force   		 Median; 4.015360e-01 s 		 Trimmed Mean: 4.015183e-01 s 		 Standard Deviation: 1.475735e-04 s
Kick            		 Median; 4.116539e-05 s 		 Trimmed Mean: 4.108704e-05 s 		 Standard Deviation: 3.666421e-07 s
Second Drift    		 Median; 3.690040e-05 s 		 Trimmed Mean: 3.706675e-05 s 		 Standard Deviation: 2.151375e-06 s
# Direct N-body DKD
# arithmetic_dtype=double binary_storage=float32 format=nbody-f32-v1
# N=20000 nsteps=10 dt=0.0001 eps=0.050000000000000003 G=1 mass=1
Acceleration Kernel: b
# Step 	 Time 			 Kinetic 			 Potential 			 Total 			 Relative Energy Drift
0 	 0 	 58759436.184000514 	 -116582810.08669029 	 -57823373.902689777 	 0
10 0.001 58708513.373754002 -116531894.50229046 -57823381.128536455 1.2496411382322409e-07
# final: N=20000 steps=10 arithmetic_dtype=double max_relative_energy_drift=1.2496411382322409e-07 tolerance=0.001 status=OK

--- Performance Profiling Report ---
File Read       : 6.086892e-04 s
File Write      : 2.972003e-03 s
Total Run       : 6.509491e-01 s

--- Step Statistics (10 steps) ---
Total Step      		 Median; 6.384227e-01 s 		 Trimmed Mean: 6.383846e-01 s 		 Standard Deviation: 9.131568e-05 s
First Drift     		 Median; 2.142042e-05 s 		 Trimmed Mean: 2.148037e-05 s 		 Standard Deviation: 1.481410e-07 s
Compute Force   		 Median; 6.383038e-01 s 		 Trimmed Mean: 6.382724e-01 s 		 Standard Deviation: 8.800349e-05 s
Kick            		 Median; 3.361562e-05 s 		 Trimmed Mean: 3.370212e-05 s 		 Standard Deviation: 6.003468e-07 s
Second Drift    		 Median; 2.418505e-05 s 		 Trimmed Mean: 2.397259e-05 s 		 Standard Deviation: 1.313900e-06 s
# Direct N-body DKD
# arithmetic_dtype=double binary_storage=float32 format=nbody-f32-v1
# N=20000 nsteps=10 dt=0.0001 eps=0.050000000000000003 G=1 mass=1
Acceleration Kernel: rt
# Step 	 Time 			 Kinetic 			 Potential 			 Total 			 Relative Energy Drift
0 	 0 	 58759436.184000514 	 -116582810.08669029 	 -57823373.902689777 	 0
10 0.001 58708513.373747677 -116531894.50228278 -57823381.128535107 1.2496409050125241e-07
# final: N=20000 steps=10 arithmetic_dtype=double max_relative_energy_drift=1.2496409050125241e-07 tolerance=0.001 status=OK

--- Performance Profiling Report ---
File Read       : 6.122077e-04 s
File Write      : 1.959498e-03 s
Total Run       : 6.531090e-01 s

--- Step Statistics (10 steps) ---
Total Step      		 Median; 4.524143e-01 s 		 Trimmed Mean: 4.524269e-01 s 		 Standard Deviation: 7.040288e-05 s
First Drift     		 Median; 2.150610e-05 s 		 Trimmed Mean: 2.160808e-05 s 		 Standard Deviation: 2.820997e-07 s
Compute Force   		 Median; 4.522817e-01 s 		 Trimmed Mean: 4.522955e-01 s 		 Standard Deviation: 6.588724e-05 s
Kick            		 Median; 4.035514e-05 s 		 Trimmed Mean: 4.039553e-05 s 		 Standard Deviation: 9.331565e-07 s
Second Drift    		 Median; 3.565010e-05 s 		 Trimmed Mean: 3.578910e-05 s 		 Standard Deviation: 1.119228e-06 s
# Direct N-body DKD
# arithmetic_dtype=double binary_storage=float32 format=nbody-f32-v1
# N=20000 nsteps=10 dt=0.0001 eps=0.050000000000000003 G=1 mass=1
Acceleration Kernel: bt
# Step 	 Time 			 Kinetic 			 Potential 			 Total 			 Relative Energy Drift
0 	 0 	 58759436.184000514 	 -116582810.08669029 	 -57823373.902689777 	 0
10 0.001 58708513.373754002 -116531894.50229046 -57823381.128536455 1.2496411382322409e-07
# final: N=20000 steps=10 arithmetic_dtype=double max_relative_energy_drift=1.2496411382322409e-07 tolerance=0.001 status=OK

--- Performance Profiling Report ---
File Read       : 6.255191e-04 s
File Write      : 2.557577e-03 s
Total Run       : 6.525552e-01 s

--- Step Statistics (10 steps) ---
Total Step      		 Median; 4.005029e-01 s 		 Trimmed Mean: 4.004689e-01 s 		 Standard Deviation: 3.018505e-04 s
First Drift     		 Median; 2.185488e-05 s 		 Trimmed Mean: 2.181984e-05 s 		 Standard Deviation: 3.009449e-07 s
Compute Force   		 Median; 4.003836e-01 s 		 Trimmed Mean: 4.003465e-01 s 		 Standard Deviation: 2.973913e-04 s
Kick            		 Median; 3.493484e-05 s 		 Trimmed Mean: 3.475905e-05 s 		 Standard Deviation: 4.726464e-07 s
Second Drift    		 Median; 3.433088e-05 s 		 Trimmed Mean: 3.411050e-05 s 		 Standard Deviation: 6.723031e-07 s
# Direct N-body DKD
# arithmetic_dtype=double binary_storage=float32 format=nbody-f32-v1
# N=20000 nsteps=10 dt=0.0001 eps=0.050000000000000003 G=1 mass=1
Acceleration Kernel: br
# Step 	 Time 			 Kinetic 			 Potential 			 Total 			 Relative Energy Drift
0 	 0 	 58759436.184000514 	 -116582810.08669029 	 -57823373.902689777 	 0
10 0.001 58708513.373747677 -116531894.50228278 -57823381.128535107 1.2496409050125241e-07
# final: N=20000 steps=10 arithmetic_dtype=double max_relative_energy_drift=1.2496409050125241e-07 tolerance=0.001 status=OK

--- Performance Profiling Report ---
File Read       : 6.134482e-04 s
File Write      : 2.074181e-03 s
Total Run       : 6.508864e-01 s

--- Step Statistics (10 steps) ---
Total Step      		 Median; 7.425074e-01 s 		 Trimmed Mean: 7.424023e-01 s 		 Standard Deviation: 2.459686e-04 s
First Drift     		 Median; 2.161553e-05 s 		 Trimmed Mean: 2.172380e-05 s 		 Standard Deviation: 2.573189e-07 s
Compute Force   		 Median; 7.423977e-01 s 		 Trimmed Mean: 7.422875e-01 s 		 Standard Deviation: 2.521642e-04 s
Kick            		 Median; 3.450550e-05 s 		 Trimmed Mean: 3.456557e-05 s 		 Standard Deviation: 4.137292e-07 s
Second Drift    		 Median; 2.405513e-05 s 		 Trimmed Mean: 2.373150e-05 s 		 Standard Deviation: 7.358929e-07 s
# Direct N-body DKD
# arithmetic_dtype=double binary_storage=float32 format=nbody-f32-v1
# N=20000 nsteps=10 dt=0.0001 eps=0.050000000000000003 G=1 mass=1
Acceleration Kernel: brt
# Step 	 Time 			 Kinetic 			 Potential 			 Total 			 Relative Energy Drift
0 	 0 	 58759436.184000514 	 -116582810.08669029 	 -57823373.902689777 	 0
10 0.001 58708513.373747677 -116531894.50228278 -57823381.128535107 1.2496409050125241e-07
# final: N=20000 steps=10 arithmetic_dtype=double max_relative_energy_drift=1.2496409050125241e-07 tolerance=0.001 status=OK

--- Performance Profiling Report ---
File Read       : 6.203586e-04 s
File Write      : 2.348593e-03 s
Total Run       : 6.526531e-01 s

--- Step Statistics (10 steps) ---
Total Step      		 Median; 4.700012e-01 s 		 Trimmed Mean: 4.700697e-01 s 		 Standard Deviation: 2.187204e-04 s
First Drift     		 Median; 2.150517e-05 s 		 Trimmed Mean: 2.181670e-05 s 		 Standard Deviation: 5.741179e-07 s
Compute Force   		 Median; 4.698799e-01 s 		 Trimmed Mean: 4.699458e-01 s 		 Standard Deviation: 2.058919e-04 s
Kick            		 Median; 3.586477e-05 s 		 Trimmed Mean: 3.590807e-05 s 		 Standard Deviation: 1.195844e-06 s
Second Drift    		 Median; 3.442029e-05 s 		 Trimmed Mean: 3.452436e-05 s 		 Standard Deviation: 1.008664e-06 s
