mkdir -p ./bins
mkdir -p ./profilings
./generate_initial_conditions --model 0 --n 100000 --seed 42 --output ./bins/test-kernel.bin
for i in 1; do \
	./main --input ./bins/test-kernel.bin --nsteps 10 --dt 1e-4 --eps 0.05 --energy-every 10 --output ./bins/n.out --kernel "n" --profiler 1 --papi 1 --profiler-path ./profilings/n.txt ; \
	./main --input ./bins/test-kernel.bin --nsteps 10 --dt 1e-4 --eps 0.05 --energy-every 10 --output ./bins/r.out --kernel "r" --profiler 1 --papi 1 --profiler-path ./profilings/r.txt ; \
	./main --input ./bins/test-kernel.bin --nsteps 10 --dt 1e-4 --eps 0.05 --energy-every 10 --output ./bins/t.out --kernel "t" --profiler 1 --papi 1 --profiler-path ./profilings/t.txt ; \
	./main --input ./bins/test-kernel.bin --nsteps 10 --dt 1e-4 --eps 0.05 --energy-every 10 --output ./bins/b.out --kernel "b" --profiler 1 --papi 1 --profiler-path ./profilings/b.txt ; \
	./main --input ./bins/test-kernel.bin --nsteps 10 --dt 1e-4 --eps 0.05 --energy-every 10 --output ./bins/rt.out --kernel "rt" --profiler 1 --papi 1 --profiler-path ./profilings/rt.txt ; \
	./main --input ./bins/test-kernel.bin --nsteps 10 --dt 1e-4 --eps 0.05 --energy-every 10 --output ./bins/bt.out --kernel "bt" --profiler 1 --papi 1 --profiler-path ./profilings/bt.txt ; \
	./main --input ./bins/test-kernel.bin --nsteps 10 --dt 1e-4 --eps 0.05 --energy-every 10 --output ./bins/br.out --kernel "br" --profiler 1 --papi 1 --profiler-path ./profilings/br.txt ; \
	./main --input ./bins/test-kernel.bin --nsteps 10 --dt 1e-4 --eps 0.05 --energy-every 10 --output ./bins/brt.out --kernel "brt" --profiler 1 --papi 1 --profiler-path ./profilings/brt.txt ; \
done
# Direct N-body DKD
# arithmetic_dtype=double binary_storage=float32 format=nbody-f32-v1
# N=100000 nsteps=10 dt=0.0001 eps=0.050000000000000003 G=1 mass=1
Acceleration Kernel: n
# Step 	 Time 			 Kinetic 			 Potential 			 Total 			 Relative Energy Drift
0 	 0 	 1469728487.1245484 	 -2934067449.2869787 	 -1464338962.1624303 	 0
10 0.001 1467380006.6462903 -2931718905.0463748 -1464338898.4000845 4.3543433206682826e-08
# final: N=100000 steps=10 arithmetic_dtype=double max_relative_energy_drift=4.3543433206682826e-08 tolerance=0.001 status=OK

--- Performance Profiling Report ---
File Read       : 2.687137e-03 s
File Write      : 2.837929e-03 s
Total Run       : 1.630364e+01 s

--- Step Statistics (10 steps) ---
Total Step      		 Median; 7.707329e+00 s 		 Trimmed Mean: 7.707027e+00 s 		 Standard Deviation: 8.119774e-04 s
First Drift     		 Median; 1.188167e-04 s 		 Trimmed Mean: 1.194553e-04 s 		 Standard Deviation: 1.741160e-06 s
Compute Force   		 Median; 7.706901e+00 s 		 Trimmed Mean: 7.706580e+00 s 		 Standard Deviation: 8.346677e-04 s
Kick            		 Median; 1.633768e-04 s 		 Trimmed Mean: 1.625154e-04 s 		 Standard Deviation: 3.346322e-06 s
Second Drift    		 Median; 1.213360e-04 s 		 Trimmed Mean: 1.216548e-04 s 		 Standard Deviation: 5.976683e-07 s
# Direct N-body DKD
# arithmetic_dtype=double binary_storage=float32 format=nbody-f32-v1
# N=100000 nsteps=10 dt=0.0001 eps=0.050000000000000003 G=1 mass=1
Acceleration Kernel: r
# Step 	 Time 			 Kinetic 			 Potential 			 Total 			 Relative Energy Drift
0 	 0 	 1469728487.1245484 	 -2934067449.2869787 	 -1464338962.1624303 	 0
10 0.001 1467380006.6453936 -2931718905.0454159 -1464338898.4000223 4.3543475701795474e-08
# final: N=100000 steps=10 arithmetic_dtype=double max_relative_energy_drift=4.3543475701795474e-08 tolerance=0.001 status=OK

--- Performance Profiling Report ---
File Read       : 2.895150e-03 s
File Write      : 2.841419e-03 s
Total Run       : 1.629670e+01 s

--- Step Statistics (10 steps) ---
Total Step      		 Median; 7.698322e+00 s 		 Trimmed Mean: 7.698395e+00 s 		 Standard Deviation: 4.368997e-04 s
First Drift     		 Median; 1.186864e-04 s 		 Trimmed Mean: 1.242112e-04 s 		 Standard Deviation: 1.324816e-05 s
Compute Force   		 Median; 7.697891e+00 s 		 Trimmed Mean: 7.697953e+00 s 		 Standard Deviation: 4.463890e-04 s
Kick            		 Median; 1.594764e-04 s 		 Trimmed Mean: 1.607867e-04 s 		 Standard Deviation: 2.486944e-06 s
Second Drift    		 Median; 1.212563e-04 s 		 Trimmed Mean: 1.222050e-04 s 		 Standard Deviation: 2.168874e-06 s
# Direct N-body DKD
# arithmetic_dtype=double binary_storage=float32 format=nbody-f32-v1
# N=100000 nsteps=10 dt=0.0001 eps=0.050000000000000003 G=1 mass=1
Acceleration Kernel: t
# Step 	 Time 			 Kinetic 			 Potential 			 Total 			 Relative Energy Drift
0 	 0 	 1469728487.1245484 	 -2934067449.2869787 	 -1464338962.1624303 	 0
10 0.001 1467380006.6462903 -2931718905.0463748 -1464338898.4000845 4.3543433206682826e-08
# final: N=100000 steps=10 arithmetic_dtype=double max_relative_energy_drift=4.3543433206682826e-08 tolerance=0.001 status=OK

--- Performance Profiling Report ---
File Read       : 2.843569e-03 s
File Write      : 2.880029e-03 s
Total Run       : 1.628320e+01 s

--- Step Statistics (10 steps) ---
Total Step      		 Median; 1.003705e+01 s 		 Trimmed Mean: 1.003702e+01 s 		 Standard Deviation: 3.544684e-04 s
First Drift     		 Median; 1.190212e-04 s 		 Trimmed Mean: 1.265351e-04 s 		 Standard Deviation: 1.886461e-05 s
Compute Force   		 Median; 1.003652e+01 s 		 Trimmed Mean: 1.003649e+01 s 		 Standard Deviation: 3.467474e-04 s
Kick            		 Median; 1.927922e-04 s 		 Trimmed Mean: 1.930008e-04 s 		 Standard Deviation: 1.091063e-06 s
Second Drift    		 Median; 1.656767e-04 s 		 Trimmed Mean: 1.667266e-04 s 		 Standard Deviation: 2.162978e-06 s
# Direct N-body DKD
# arithmetic_dtype=double binary_storage=float32 format=nbody-f32-v1
# N=100000 nsteps=10 dt=0.0001 eps=0.050000000000000003 G=1 mass=1
Acceleration Kernel: b
# Step 	 Time 			 Kinetic 			 Potential 			 Total 			 Relative Energy Drift
0 	 0 	 1469728487.1245484 	 -2934067449.2869787 	 -1464338962.1624303 	 0
10 0.001 1467380006.6462903 -2931718905.0463748 -1464338898.4000845 4.3543433206682826e-08
# final: N=100000 steps=10 arithmetic_dtype=double max_relative_energy_drift=4.3543433206682826e-08 tolerance=0.001 status=OK

--- Performance Profiling Report ---
File Read       : 2.873389e-03 s
File Write      : 2.963921e-03 s
Total Run       : 1.628995e+01 s

--- Step Statistics (10 steps) ---
Total Step      		 Median; 1.594083e+01 s 		 Trimmed Mean: 1.594070e+01 s 		 Standard Deviation: 6.336278e-04 s
First Drift     		 Median; 1.174463e-04 s 		 Trimmed Mean: 1.184836e-04 s 		 Standard Deviation: 1.987113e-06 s
Compute Force   		 Median; 1.594038e+01 s 		 Trimmed Mean: 1.594022e+01 s 		 Standard Deviation: 6.551851e-04 s
Kick            		 Median; 1.830165e-04 s 		 Trimmed Mean: 1.847206e-04 s 		 Standard Deviation: 8.200202e-06 s
Second Drift    		 Median; 1.222268e-04 s 		 Trimmed Mean: 1.223914e-04 s 		 Standard Deviation: 7.209082e-07 s
# Direct N-body DKD
# arithmetic_dtype=double binary_storage=float32 format=nbody-f32-v1
# N=100000 nsteps=10 dt=0.0001 eps=0.050000000000000003 G=1 mass=1
Acceleration Kernel: rt
# Step 	 Time 			 Kinetic 			 Potential 			 Total 			 Relative Energy Drift
0 	 0 	 1469728487.1245484 	 -2934067449.2869787 	 -1464338962.1624303 	 0
10 0.001 1467380006.6453936 -2931718905.0454159 -1464338898.4000223 4.3543475701795474e-08
# final: N=100000 steps=10 arithmetic_dtype=double max_relative_energy_drift=4.3543475701795474e-08 tolerance=0.001 status=OK

--- Performance Profiling Report ---
File Read       : 2.842689e-03 s
File Write      : 2.865450e-03 s
Total Run       : 1.632101e+01 s

--- Step Statistics (10 steps) ---
Total Step      		 Median; 1.149898e+01 s 		 Trimmed Mean: 1.149841e+01 s 		 Standard Deviation: 1.887966e-03 s
First Drift     		 Median; 1.203916e-04 s 		 Trimmed Mean: 1.272903e-04 s 		 Standard Deviation: 1.792198e-05 s
Compute Force   		 Median; 1.149847e+01 s 		 Trimmed Mean: 1.149789e+01 s 		 Standard Deviation: 1.892656e-03 s
Kick            		 Median; 1.924769e-04 s 		 Trimmed Mean: 1.924069e-04 s 		 Standard Deviation: 1.707673e-06 s
Second Drift    		 Median; 1.660716e-04 s 		 Trimmed Mean: 1.662506e-04 s 		 Standard Deviation: 7.700301e-07 s
# Direct N-body DKD
# arithmetic_dtype=double binary_storage=float32 format=nbody-f32-v1
# N=100000 nsteps=10 dt=0.0001 eps=0.050000000000000003 G=1 mass=1
Acceleration Kernel: bt
# Step 	 Time 			 Kinetic 			 Potential 			 Total 			 Relative Energy Drift
0 	 0 	 1469728487.1245484 	 -2934067449.2869787 	 -1464338962.1624303 	 0
10 0.001 1467380006.6462903 -2931718905.0463748 -1464338898.4000845 4.3543433206682826e-08
# final: N=100000 steps=10 arithmetic_dtype=double max_relative_energy_drift=4.3543433206682826e-08 tolerance=0.001 status=OK

--- Performance Profiling Report ---
File Read       : 2.842220e-03 s
File Write      : 2.743524e-03 s
Total Run       : 1.629659e+01 s

--- Step Statistics (10 steps) ---
Total Step      		 Median; 1.013205e+01 s 		 Trimmed Mean: 1.013218e+01 s 		 Standard Deviation: 8.866517e-04 s
First Drift     		 Median; 1.180717e-04 s 		 Trimmed Mean: 1.191914e-04 s 		 Standard Deviation: 1.955577e-06 s
Compute Force   		 Median; 1.013152e+01 s 		 Trimmed Mean: 1.013165e+01 s 		 Standard Deviation: 8.805598e-04 s
Kick            		 Median; 1.925030e-04 s 		 Trimmed Mean: 1.922903e-04 s 		 Standard Deviation: 1.033467e-06 s
Second Drift    		 Median; 1.678821e-04 s 		 Trimmed Mean: 1.685298e-04 s 		 Standard Deviation: 2.132097e-06 s
# Direct N-body DKD
# arithmetic_dtype=double binary_storage=float32 format=nbody-f32-v1
# N=100000 nsteps=10 dt=0.0001 eps=0.050000000000000003 G=1 mass=1
Acceleration Kernel: br
# Step 	 Time 			 Kinetic 			 Potential 			 Total 			 Relative Energy Drift
0 	 0 	 1469728487.1245484 	 -2934067449.2869787 	 -1464338962.1624303 	 0
10 0.001 1467380006.6453936 -2931718905.0454159 -1464338898.4000223 4.3543475701795474e-08
# final: N=100000 steps=10 arithmetic_dtype=double max_relative_energy_drift=4.3543475701795474e-08 tolerance=0.001 status=OK

--- Performance Profiling Report ---
File Read       : 2.829866e-03 s
File Write      : 2.727464e-03 s
Total Run       : 1.634194e+01 s

--- Step Statistics (10 steps) ---
Total Step      		 Median; 1.858073e+01 s 		 Trimmed Mean: 1.857886e+01 s 		 Standard Deviation: 3.544264e-02 s
First Drift     		 Median; 1.174673e-04 s 		 Trimmed Mean: 1.174569e-04 s 		 Standard Deviation: 2.205863e-07 s
Compute Force   		 Median; 1.858025e+01 s 		 Trimmed Mean: 1.857838e+01 s 		 Standard Deviation: 3.545701e-02 s
Kick            		 Median; 1.855316e-04 s 		 Trimmed Mean: 1.838586e-04 s 		 Standard Deviation: 9.042256e-06 s
Second Drift    		 Median; 1.242566e-04 s 		 Trimmed Mean: 1.241587e-04 s 		 Standard Deviation: 8.631274e-07 s
# Direct N-body DKD
# arithmetic_dtype=double binary_storage=float32 format=nbody-f32-v1
# N=100000 nsteps=10 dt=0.0001 eps=0.050000000000000003 G=1 mass=1
Acceleration Kernel: brt
# Step 	 Time 			 Kinetic 			 Potential 			 Total 			 Relative Energy Drift
0 	 0 	 1469728487.1245484 	 -2934067449.2869787 	 -1464338962.1624303 	 0
10 0.001 1467380006.6453936 -2931718905.0454159 -1464338898.4000223 4.3543475701795474e-08
# final: N=100000 steps=10 arithmetic_dtype=double max_relative_energy_drift=4.3543475701795474e-08 tolerance=0.001 status=OK

--- Performance Profiling Report ---
File Read       : 2.812197e-03 s
File Write      : 2.677525e-03 s
Total Run       : 1.632985e+01 s

--- Step Statistics (10 steps) ---
Total Step      		 Median; 1.175286e+01 s 		 Trimmed Mean: 1.176383e+01 s 		 Standard Deviation: 2.301056e-02 s
First Drift     		 Median; 1.187460e-04 s 		 Trimmed Mean: 1.273655e-04 s 		 Standard Deviation: 1.675153e-05 s
Compute Force   		 Median; 1.175233e+01 s 		 Trimmed Mean: 1.176329e+01 s 		 Standard Deviation: 2.302771e-02 s
Kick            		 Median; 1.920476e-04 s 		 Trimmed Mean: 1.925536e-04 s 		 Standard Deviation: 3.069632e-06 s
Second Drift    		 Median; 1.691971e-04 s 		 Trimmed Mean: 1.718833e-04 s 		 Standard Deviation: 6.857204e-06 s
