mkdir -p ./bins
mkdir -p ./profilings
./generate_initial_conditions --model 0 --n 20000 --seed 42 --output ./bins/test-kernel.bin
for i in 1; do \
	./main --input ./bins/test-kernel.bin --nsteps 25 --dt 1e-4 --eps 0.05 --energy-every 25 --output ./bins/n.out --kernel "n" --profiler 1 --papi 1 --profiler-path ./profilings/n.txt ; \
	./main --input ./bins/test-kernel.bin --nsteps 25 --dt 1e-4 --eps 0.05 --energy-every 25 --output ./bins/r.out --kernel "r" --profiler 1 --papi 1 --profiler-path ./profilings/r.txt ; \
	./main --input ./bins/test-kernel.bin --nsteps 25 --dt 1e-4 --eps 0.05 --energy-every 25 --output ./bins/t.out --kernel "t" --profiler 1 --papi 1 --profiler-path ./profilings/t.txt ; \
	./main --input ./bins/test-kernel.bin --nsteps 25 --dt 1e-4 --eps 0.05 --energy-every 25 --output ./bins/b.out --kernel "b" --profiler 1 --papi 1 --profiler-path ./profilings/b.txt ; \
	./main --input ./bins/test-kernel.bin --nsteps 25 --dt 1e-4 --eps 0.05 --energy-every 25 --output ./bins/rt.out --kernel "rt" --profiler 1 --papi 1 --profiler-path ./profilings/rt.txt ; \
	./main --input ./bins/test-kernel.bin --nsteps 25 --dt 1e-4 --eps 0.05 --energy-every 25 --output ./bins/bt.out --kernel "bt" --profiler 1 --papi 1 --profiler-path ./profilings/bt.txt ; \
	./main --input ./bins/test-kernel.bin --nsteps 25 --dt 1e-4 --eps 0.05 --energy-every 25 --output ./bins/br.out --kernel "br" --profiler 1 --papi 1 --profiler-path ./profilings/br.txt ; \
	./main --input ./bins/test-kernel.bin --nsteps 25 --dt 1e-4 --eps 0.05 --energy-every 25 --output ./bins/brt.out --kernel "brt" --profiler 1 --papi 1 --profiler-path ./profilings/brt.txt ; \
done
# Direct N-body DKD
# arithmetic_dtype=double binary_storage=float32 format=nbody-f32-v1
# N=20000 nsteps=25 dt=0.0001 eps=0.050000000000000003 G=1 mass=1
Acceleration Kernel: n
# Step 	 Time 			 Kinetic 			 Potential 			 Total 			 Relative Energy Drift
0 	 0 	 58759436.184000514 	 -116582810.08669029 	 -57823373.902689777 	 0
25 0.0025000000000000001 58622235.411547296 -116445614.25392817 -57823378.842380874 8.5427237519159795e-08
# final: N=20000 steps=25 arithmetic_dtype=double max_relative_energy_drift=8.5427237519159795e-08 tolerance=0.001 status=OK

--- Performance Profiling Report ---
File Read       : 5.759252e-04 s
File Write      : 2.040777e-01 s
Total Run       : 6.508104e-01 s

--- Step Statistics (25 steps) ---
Total Step      		 Median; 3.079939e-01 s 		 Trimmed Mean: 3.080219e-01 s 		 Standard Deviation: 1.326769e-04 s
First Drift     		 Median; 2.148002e-05 s 		 Trimmed Mean: 2.147967e-05 s 		 Standard Deviation: 7.964927e-08 s
Compute Force   		 Median; 3.078857e-01 s 		 Trimmed Mean: 3.079140e-01 s 		 Standard Deviation: 1.228747e-04 s
Kick            		 Median; 3.705081e-05 s 		 Trimmed Mean: 3.708238e-05 s 		 Standard Deviation: 5.605440e-07 s
Second Drift    		 Median; 2.198014e-05 s 		 Trimmed Mean: 2.201642e-05 s 		 Standard Deviation: 9.893479e-08 s
# Direct N-body DKD
# arithmetic_dtype=double binary_storage=float32 format=nbody-f32-v1
# N=20000 nsteps=25 dt=0.0001 eps=0.050000000000000003 G=1 mass=1
Acceleration Kernel: r
# Step 	 Time 			 Kinetic 			 Potential 			 Total 			 Relative Energy Drift
0 	 0 	 58759436.184000514 	 -116582810.08669029 	 -57823373.902689777 	 0
25 0.0025000000000000001 58622235.411503732 -116445614.25388102 -57823378.84237729 8.542717554198646e-08
# final: N=20000 steps=25 arithmetic_dtype=double max_relative_energy_drift=8.542717554198646e-08 tolerance=0.001 status=OK

--- Performance Profiling Report ---
File Read       : 1.082102e-03 s
File Write      : 4.348648e-02 s
Total Run       : 6.509395e-01 s

--- Step Statistics (25 steps) ---
Total Step      		 Median; 3.077528e-01 s 		 Trimmed Mean: 3.077752e-01 s 		 Standard Deviation: 8.289960e-05 s
First Drift     		 Median; 2.146047e-05 s 		 Trimmed Mean: 2.147169e-05 s 		 Standard Deviation: 7.686735e-08 s
Compute Force   		 Median; 3.076498e-01 s 		 Trimmed Mean: 3.076716e-01 s 		 Standard Deviation: 8.397507e-05 s
Kick            		 Median; 3.680028e-05 s 		 Trimmed Mean: 3.698353e-05 s 		 Standard Deviation: 5.208272e-07 s
Second Drift    		 Median; 2.198014e-05 s 		 Trimmed Mean: 2.203842e-05 s 		 Standard Deviation: 1.884682e-07 s
# Direct N-body DKD
# arithmetic_dtype=double binary_storage=float32 format=nbody-f32-v1
# N=20000 nsteps=25 dt=0.0001 eps=0.050000000000000003 G=1 mass=1
Acceleration Kernel: t
# Step 	 Time 			 Kinetic 			 Potential 			 Total 			 Relative Energy Drift
0 	 0 	 58759436.184000514 	 -116582810.08669029 	 -57823373.902689777 	 0
25 0.0025000000000000001 58622235.411547296 -116445614.25392817 -57823378.842380874 8.5427237519159795e-08
# final: N=20000 steps=25 arithmetic_dtype=double max_relative_energy_drift=8.5427237519159795e-08 tolerance=0.001 status=OK

--- Performance Profiling Report ---
File Read       : 3.145394e-03 s
File Write      : 5.076289e-01 s
Total Run       : 6.505234e-01 s

--- Step Statistics (25 steps) ---
Total Step      		 Median; 4.016725e-01 s 		 Trimmed Mean: 4.016516e-01 s 		 Standard Deviation: 2.223898e-04 s
First Drift     		 Median; 2.143998e-05 s 		 Trimmed Mean: 2.146601e-05 s 		 Standard Deviation: 7.382554e-08 s
Compute Force   		 Median; 4.015440e-01 s 		 Trimmed Mean: 4.015281e-01 s 		 Standard Deviation: 2.226339e-04 s
Kick            		 Median; 4.233979e-05 s 		 Trimmed Mean: 4.233194e-05 s 		 Standard Deviation: 4.996448e-07 s
Second Drift    		 Median; 3.395043e-05 s 		 Trimmed Mean: 3.390795e-05 s 		 Standard Deviation: 5.780117e-07 s
# Direct N-body DKD
# arithmetic_dtype=double binary_storage=float32 format=nbody-f32-v1
# N=20000 nsteps=25 dt=0.0001 eps=0.050000000000000003 G=1 mass=1
Acceleration Kernel: b
# Step 	 Time 			 Kinetic 			 Potential 			 Total 			 Relative Energy Drift
0 	 0 	 58759436.184000514 	 -116582810.08669029 	 -57823373.902689777 	 0
25 0.0025000000000000001 58622235.411547296 -116445614.25392817 -57823378.842380874 8.5427237519159795e-08
# final: N=20000 steps=25 arithmetic_dtype=double max_relative_energy_drift=8.5427237519159795e-08 tolerance=0.001 status=OK

--- Performance Profiling Report ---
File Read       : 4.564169e-03 s
File Write      : 2.013541e-01 s
Total Run       : 6.509247e-01 s

--- Step Statistics (25 steps) ---
Total Step      		 Median; 6.381512e-01 s 		 Trimmed Mean: 6.381706e-01 s 		 Standard Deviation: 1.392184e-04 s
First Drift     		 Median; 2.142973e-05 s 		 Trimmed Mean: 2.143315e-05 s 		 Standard Deviation: 5.275746e-08 s
Compute Force   		 Median; 6.380398e-01 s 		 Trimmed Mean: 6.380617e-01 s 		 Standard Deviation: 1.410106e-04 s
Kick            		 Median; 3.749039e-05 s 		 Trimmed Mean: 3.774908e-05 s 		 Standard Deviation: 1.499378e-06 s
Second Drift    		 Median; 2.215989e-05 s 		 Trimmed Mean: 2.213426e-05 s 		 Standard Deviation: 1.581013e-07 s
# Direct N-body DKD
# arithmetic_dtype=double binary_storage=float32 format=nbody-f32-v1
# N=20000 nsteps=25 dt=0.0001 eps=0.050000000000000003 G=1 mass=1
Acceleration Kernel: rt
# Step 	 Time 			 Kinetic 			 Potential 			 Total 			 Relative Energy Drift
0 	 0 	 58759436.184000514 	 -116582810.08669029 	 -57823373.902689777 	 0
25 0.0025000000000000001 58622235.411503732 -116445614.25388102 -57823378.84237729 8.542717554198646e-08
# final: N=20000 steps=25 arithmetic_dtype=double max_relative_energy_drift=8.542717554198646e-08 tolerance=0.001 status=OK

--- Performance Profiling Report ---
File Read       : 3.949952e-03 s
File Write      : 3.315856e-03 s
Total Run       : 6.514779e-01 s

--- Step Statistics (25 steps) ---
Total Step      		 Median; 4.527035e-01 s 		 Trimmed Mean: 4.526837e-01 s 		 Standard Deviation: 1.099978e-04 s
First Drift     		 Median; 2.125092e-05 s 		 Trimmed Mean: 2.145789e-05 s 		 Standard Deviation: 8.415692e-07 s
Compute Force   		 Median; 4.525855e-01 s 		 Trimmed Mean: 4.525583e-01 s 		 Standard Deviation: 1.054045e-04 s
Kick            		 Median; 4.225038e-05 s 		 Trimmed Mean: 4.227242e-05 s 		 Standard Deviation: 4.868299e-07 s
Second Drift    		 Median; 3.351085e-05 s 		 Trimmed Mean: 3.351360e-05 s 		 Standard Deviation: 3.971347e-07 s
# Direct N-body DKD
# arithmetic_dtype=double binary_storage=float32 format=nbody-f32-v1
# N=20000 nsteps=25 dt=0.0001 eps=0.050000000000000003 G=1 mass=1
Acceleration Kernel: bt
# Step 	 Time 			 Kinetic 			 Potential 			 Total 			 Relative Energy Drift
0 	 0 	 58759436.184000514 	 -116582810.08669029 	 -57823373.902689777 	 0
25 0.0025000000000000001 58622235.411547296 -116445614.25392817 -57823378.842380874 8.5427237519159795e-08
# final: N=20000 steps=25 arithmetic_dtype=double max_relative_energy_drift=8.5427237519159795e-08 tolerance=0.001 status=OK

--- Performance Profiling Report ---
File Read       : 7.279171e-04 s
File Write      : 6.305582e-02 s
Total Run       : 6.506767e-01 s

--- Step Statistics (25 steps) ---
Total Step      		 Median; 4.004026e-01 s 		 Trimmed Mean: 4.004069e-01 s 		 Standard Deviation: 3.890774e-04 s
First Drift     		 Median; 2.141017e-05 s 		 Trimmed Mean: 2.141359e-05 s 		 Standard Deviation: 5.514075e-08 s
Compute Force   		 Median; 4.002797e-01 s 		 Trimmed Mean: 4.002836e-01 s 		 Standard Deviation: 3.915460e-04 s
Kick            		 Median; 3.734976e-05 s 		 Trimmed Mean: 3.740622e-05 s 		 Standard Deviation: 4.249193e-07 s
Second Drift    		 Median; 3.343076e-05 s 		 Trimmed Mean: 3.361578e-05 s 		 Standard Deviation: 5.444296e-07 s
# Direct N-body DKD
# arithmetic_dtype=double binary_storage=float32 format=nbody-f32-v1
# N=20000 nsteps=25 dt=0.0001 eps=0.050000000000000003 G=1 mass=1
Acceleration Kernel: br
# Step 	 Time 			 Kinetic 			 Potential 			 Total 			 Relative Energy Drift
0 	 0 	 58759436.184000514 	 -116582810.08669029 	 -57823373.902689777 	 0
25 0.0025000000000000001 58622235.411503732 -116445614.25388102 -57823378.84237729 8.542717554198646e-08
# final: N=20000 steps=25 arithmetic_dtype=double max_relative_energy_drift=8.542717554198646e-08 tolerance=0.001 status=OK

--- Performance Profiling Report ---
File Read       : 3.838062e-03 s
File Write      : 2.487517e-01 s
Total Run       : 6.507552e-01 s

--- Step Statistics (25 steps) ---
Total Step      		 Median; 7.421866e-01 s 		 Trimmed Mean: 7.436523e-01 s 		 Standard Deviation: 4.239111e-03 s
First Drift     		 Median; 2.135057e-05 s 		 Trimmed Mean: 2.137407e-05 s 		 Standard Deviation: 1.036041e-07 s
Compute Force   		 Median; 7.420779e-01 s 		 Trimmed Mean: 7.435432e-01 s 		 Standard Deviation: 4.241376e-03 s
Kick            		 Median; 3.735069e-05 s 		 Trimmed Mean: 3.725113e-05 s 		 Standard Deviation: 4.902673e-07 s
Second Drift    		 Median; 2.206024e-05 s 		 Trimmed Mean: 2.206028e-05 s 		 Standard Deviation: 1.747629e-07 s
# Direct N-body DKD
# arithmetic_dtype=double binary_storage=float32 format=nbody-f32-v1
# N=20000 nsteps=25 dt=0.0001 eps=0.050000000000000003 G=1 mass=1
Acceleration Kernel: brt
# Step 	 Time 			 Kinetic 			 Potential 			 Total 			 Relative Energy Drift
0 	 0 	 58759436.184000514 	 -116582810.08669029 	 -57823373.902689777 	 0
25 0.0025000000000000001 58622235.411503732 -116445614.25388102 -57823378.84237729 8.542717554198646e-08
# final: N=20000 steps=25 arithmetic_dtype=double max_relative_energy_drift=8.542717554198646e-08 tolerance=0.001 status=OK

--- Performance Profiling Report ---
File Read       : 1.267863e-03 s
File Write      : 8.569483e-03 s
Total Run       : 6.509720e-01 s

--- Step Statistics (25 steps) ---
Total Step      		 Median; 4.696217e-01 s 		 Trimmed Mean: 4.697978e-01 s 		 Standard Deviation: 5.452827e-04 s
First Drift     		 Median; 2.152100e-05 s 		 Trimmed Mean: 2.153080e-05 s 		 Standard Deviation: 6.754229e-08 s
Compute Force   		 Median; 4.694923e-01 s 		 Trimmed Mean: 4.696799e-01 s 		 Standard Deviation: 5.472049e-04 s
Kick            		 Median; 3.727991e-05 s 		 Trimmed Mean: 3.732949e-05 s 		 Standard Deviation: 4.287761e-07 s
Second Drift    		 Median; 3.269967e-05 s 		 Trimmed Mean: 3.288429e-05 s 		 Standard Deviation: 5.647660e-07 s
