mkdir -p ./bins
mkdir -p ./profilings
./generate_initial_conditions --model 0 --n 20000 --seed 42 --output ./bins/test-kernel.bin
for i in 1; do \
	./main --input ./bins/test-kernel.bin --nsteps 10 --dt 1e-4 --eps 0.05 --energy-every 10 --output ./bins/n.out --kernel "n" --profiler 1 --papi 1 --profiler-path ./profilings/n.txt ; \
	./main --input ./bins/test-kernel.bin --nsteps 10 --dt 1e-4 --eps 0.05 --energy-every 10 --output ./bins/r.out --kernel "r" --profiler 1 --papi 1 --profiler-path ./profilings/r.txt ; \
	./main --input ./bins/test-kernel.bin --nsteps 10 --dt 1e-4 --eps 0.05 --energy-every 10 --output ./bins/t.out --kernel "t" --profiler 1 --papi 1 --profiler-path ./profilings/t.txt ; \
	./main --input ./bins/test-kernel.bin --nsteps 10 --dt 1e-4 --eps 0.05 --energy-every 10 --output ./bins/b.out --kernel "b" --profiler 1 --papi 1 --profiler-path ./profilings/b.txt ; \
	./main --input ./bins/test-kernel.bin --nsteps 10 --dt 1e-4 --eps 0.05 --energy-every 10 --output ./bins/rt.out --kernel "rt" --profiler 1 --papi 1 --profiler-path ./profilings/rt.txt ; \
	./main --input ./bins/test-kernel.bin --nsteps 10 --dt 1e-4 --eps 0.05 --energy-every 10 --output ./bins/bt.out --kernel "bt" --profiler 1 --papi 1 --profiler-path ./profilings/bt.txt ; \
	./main --input ./bins/test-kernel.bin --nsteps 10 --dt 1e-4 --eps 0.05 --energy-every 10 --output ./bins/br.out --kernel "br" --profiler 1 --papi 1 --profiler-path ./profilings/br.txt ; \
	./main --input ./bins/test-kernel.bin --nsteps 10 --dt 1e-4 --eps 0.05 --energy-every 10 --output ./bins/brt.out --kernel "brt" --profiler 1 --papi 1 --profiler-path ./profilings/brt.txt ; \
done
# Direct N-body DKD
# arithmetic_dtype=double binary_storage=float32 format=nbody-f32-v1
# N=20000 nsteps=10 dt=0.0001 eps=0.050000000000000003 G=1 mass=1
Acceleration Kernel: n
# Step 	 Time 			 Kinetic 			 Potential 			 Total 			 Relative Energy Drift
0 	 0 	 58759436.184000514 	 -116582810.08669029 	 -57823373.902689777 	 0
10 0.001 58708513.373754002 -116531894.50229046 -57823381.128536455 1.2496411382322409e-07
# final: N=20000 steps=10 arithmetic_dtype=double max_relative_energy_drift=1.2496411382322409e-07 tolerance=0.001 status=OK

--- Performance Profiling Report ---
File Read       : 5.618678e-04 s
File Write      : 2.048550e-03 s
Total Run       : 6.514458e-01 s

--- Step Statistics (10 steps) ---
Total Step      		 Median; 3.088265e-01 s 		 Trimmed Mean: 3.087660e-01 s 		 Standard Deviation: 2.250579e-04 s
First Drift     		 Median; 2.127048e-05 s 		 Trimmed Mean: 2.134312e-05 s 		 Standard Deviation: 2.376725e-07 s
Compute Force   		 Median; 3.087285e-01 s 		 Trimmed Mean: 3.086603e-01 s 		 Standard Deviation: 2.136058e-04 s
Kick            		 Median; 3.256509e-05 s 		 Trimmed Mean: 3.255671e-05 s 		 Standard Deviation: 5.057697e-07 s
Second Drift    		 Median; 2.174545e-05 s 		 Trimmed Mean: 2.172193e-05 s 		 Standard Deviation: 1.172336e-07 s
# Direct N-body DKD
# arithmetic_dtype=double binary_storage=float32 format=nbody-f32-v1
# N=20000 nsteps=10 dt=0.0001 eps=0.050000000000000003 G=1 mass=1
Acceleration Kernel: r
# Step 	 Time 			 Kinetic 			 Potential 			 Total 			 Relative Energy Drift
0 	 0 	 58759436.184000514 	 -116582810.08669029 	 -57823373.902689777 	 0
10 0.001 58708513.373747677 -116531894.50228278 -57823381.128535107 1.2496409050125241e-07
# final: N=20000 steps=10 arithmetic_dtype=double max_relative_energy_drift=1.2496409050125241e-07 tolerance=0.001 status=OK

--- Performance Profiling Report ---
File Read       : 5.972683e-04 s
File Write      : 3.812595e-03 s
Total Run       : 6.561923e-01 s

--- Step Statistics (10 steps) ---
Total Step      		 Median; 3.085946e-01 s 		 Trimmed Mean: 3.085060e-01 s 		 Standard Deviation: 3.922233e-04 s
First Drift     		 Median; 2.135057e-05 s 		 Trimmed Mean: 2.137059e-05 s 		 Standard Deviation: 8.236678e-08 s
Compute Force   		 Median; 3.084978e-01 s 		 Trimmed Mean: 3.083992e-01 s 		 Standard Deviation: 3.870345e-04 s
Kick            		 Median; 3.330037e-05 s 		 Trimmed Mean: 3.332051e-05 s 		 Standard Deviation: 1.294630e-06 s
Second Drift    		 Median; 2.171518e-05 s 		 Trimmed Mean: 2.170040e-05 s 		 Standard Deviation: 9.649636e-08 s
# Direct N-body DKD
# arithmetic_dtype=double binary_storage=float32 format=nbody-f32-v1
# N=20000 nsteps=10 dt=0.0001 eps=0.050000000000000003 G=1 mass=1
Acceleration Kernel: t
# Step 	 Time 			 Kinetic 			 Potential 			 Total 			 Relative Energy Drift
0 	 0 	 58759436.184000514 	 -116582810.08669029 	 -57823373.902689777 	 0
10 0.001 58708513.373754002 -116531894.50229046 -57823381.128536455 1.2496411382322409e-07
# final: N=20000 steps=10 arithmetic_dtype=double max_relative_energy_drift=1.2496411382322409e-07 tolerance=0.001 status=OK

--- Performance Profiling Report ---
File Read       : 5.986597e-04 s
File Write      : 2.387295e-03 s
Total Run       : 6.545615e-01 s

--- Step Statistics (10 steps) ---
Total Step      		 Median; 4.012040e-01 s 		 Trimmed Mean: 4.011390e-01 s 		 Standard Deviation: 2.554957e-04 s
First Drift     		 Median; 2.133567e-05 s 		 Trimmed Mean: 2.133404e-05 s 		 Standard Deviation: 4.372197e-08 s
Compute Force   		 Median; 4.010819e-01 s 		 Trimmed Mean: 4.010202e-01 s 		 Standard Deviation: 2.526152e-04 s
Kick            		 Median; 3.967062e-05 s 		 Trimmed Mean: 3.969832e-05 s 		 Standard Deviation: 7.769121e-07 s
Second Drift    		 Median; 3.333017e-05 s 		 Trimmed Mean: 3.350375e-05 s 		 Standard Deviation: 6.997358e-07 s
# Direct N-body DKD
# arithmetic_dtype=double binary_storage=float32 format=nbody-f32-v1
# N=20000 nsteps=10 dt=0.0001 eps=0.050000000000000003 G=1 mass=1
Acceleration Kernel: b
# Step 	 Time 			 Kinetic 			 Potential 			 Total 			 Relative Energy Drift
0 	 0 	 58759436.184000514 	 -116582810.08669029 	 -57823373.902689777 	 0
10 0.001 58708513.373754002 -116531894.50229046 -57823381.128536455 1.2496411382322409e-07
# final: N=20000 steps=10 arithmetic_dtype=double max_relative_energy_drift=1.2496411382322409e-07 tolerance=0.001 status=OK

--- Performance Profiling Report ---
File Read       : 6.045783e-04 s
File Write      : 2.694229e-03 s
Total Run       : 6.513409e-01 s

--- Step Statistics (10 steps) ---
Total Step      		 Median; 6.386043e-01 s 		 Trimmed Mean: 6.386058e-01 s 		 Standard Deviation: 4.425156e-05 s
First Drift     		 Median; 2.207002e-05 s 		 Trimmed Mean: 2.262148e-05 s 		 Standard Deviation: 1.669719e-06 s
Compute Force   		 Median; 6.384939e-01 s 		 Trimmed Mean: 6.384944e-01 s 		 Standard Deviation: 4.049583e-05 s
Kick            		 Median; 3.459537e-05 s 		 Trimmed Mean: 3.523950e-05 s 		 Standard Deviation: 1.611344e-06 s
Second Drift    		 Median; 2.388516e-05 s 		 Trimmed Mean: 2.389413e-05 s 		 Standard Deviation: 8.151268e-07 s
# Direct N-body DKD
# arithmetic_dtype=double binary_storage=float32 format=nbody-f32-v1
# N=20000 nsteps=10 dt=0.0001 eps=0.050000000000000003 G=1 mass=1
Acceleration Kernel: rt
# Step 	 Time 			 Kinetic 			 Potential 			 Total 			 Relative Energy Drift
0 	 0 	 58759436.184000514 	 -116582810.08669029 	 -57823373.902689777 	 0
10 0.001 58708513.373747677 -116531894.50228278 -57823381.128535107 1.2496409050125241e-07
# final: N=20000 steps=10 arithmetic_dtype=double max_relative_energy_drift=1.2496409050125241e-07 tolerance=0.001 status=OK

--- Performance Profiling Report ---
File Read       : 5.989093e-04 s
File Write      : 3.984798e-03 s
Total Run       : 6.534064e-01 s

--- Step Statistics (10 steps) ---
Total Step      		 Median; 4.524021e-01 s 		 Trimmed Mean: 4.524309e-01 s 		 Standard Deviation: 1.244076e-04 s
First Drift     		 Median; 2.259063e-05 s 		 Trimmed Mean: 2.254255e-05 s 		 Standard Deviation: 8.442415e-07 s
Compute Force   		 Median; 4.522745e-01 s 		 Trimmed Mean: 4.522976e-01 s 		 Standard Deviation: 1.264893e-04 s
Kick            		 Median; 4.083943e-05 s 		 Trimmed Mean: 4.099787e-05 s 		 Standard Deviation: 6.253832e-07 s
Second Drift    		 Median; 3.602542e-05 s 		 Trimmed Mean: 3.560656e-05 s 		 Standard Deviation: 1.435227e-06 s
# Direct N-body DKD
# arithmetic_dtype=double binary_storage=float32 format=nbody-f32-v1
# N=20000 nsteps=10 dt=0.0001 eps=0.050000000000000003 G=1 mass=1
Acceleration Kernel: bt
# Step 	 Time 			 Kinetic 			 Potential 			 Total 			 Relative Energy Drift
0 	 0 	 58759436.184000514 	 -116582810.08669029 	 -57823373.902689777 	 0
10 0.001 58708513.373754002 -116531894.50229046 -57823381.128536455 1.2496411382322409e-07
# final: N=20000 steps=10 arithmetic_dtype=double max_relative_energy_drift=1.2496411382322409e-07 tolerance=0.001 status=OK

--- Performance Profiling Report ---
File Read       : 5.988590e-04 s
File Write      : 4.594587e-03 s
Total Run       : 6.524718e-01 s

--- Step Statistics (10 steps) ---
Total Step      		 Median; 3.997028e-01 s 		 Trimmed Mean: 3.996857e-01 s 		 Standard Deviation: 2.466437e-04 s
First Drift     		 Median; 2.183998e-05 s 		 Trimmed Mean: 2.182531e-05 s 		 Standard Deviation: 5.403717e-07 s
Compute Force   		 Median; 3.995877e-01 s 		 Trimmed Mean: 3.995606e-01 s 		 Standard Deviation: 2.526086e-04 s
Kick            		 Median; 3.669970e-05 s 		 Trimmed Mean: 3.665441e-05 s 		 Standard Deviation: 1.247884e-06 s
Second Drift    		 Median; 3.408501e-05 s 		 Trimmed Mean: 3.425020e-05 s 		 Standard Deviation: 1.167621e-06 s
# Direct N-body DKD
# arithmetic_dtype=double binary_storage=float32 format=nbody-f32-v1
# N=20000 nsteps=10 dt=0.0001 eps=0.050000000000000003 G=1 mass=1
Acceleration Kernel: br
# Step 	 Time 			 Kinetic 			 Potential 			 Total 			 Relative Energy Drift
0 	 0 	 58759436.184000514 	 -116582810.08669029 	 -57823373.902689777 	 0
10 0.001 58708513.373747677 -116531894.50228278 -57823381.128535107 1.2496409050125241e-07
# final: N=20000 steps=10 arithmetic_dtype=double max_relative_energy_drift=1.2496409050125241e-07 tolerance=0.001 status=OK

--- Performance Profiling Report ---
File Read       : 6.065387e-04 s
File Write      : 1.847598e-03 s
Total Run       : 6.508212e-01 s

--- Step Statistics (10 steps) ---
Total Step      		 Median; 7.426852e-01 s 		 Trimmed Mean: 7.427570e-01 s 		 Standard Deviation: 2.238755e-04 s
First Drift     		 Median; 2.187537e-05 s 		 Trimmed Mean: 2.248283e-05 s 		 Standard Deviation: 1.252395e-06 s
Compute Force   		 Median; 7.425775e-01 s 		 Trimmed Mean: 7.426428e-01 s 		 Standard Deviation: 2.327572e-04 s
Kick            		 Median; 3.393507e-05 s 		 Trimmed Mean: 3.398547e-05 s 		 Standard Deviation: 7.928821e-07 s
Second Drift    		 Median; 2.424978e-05 s 		 Trimmed Mean: 2.400519e-05 s 		 Standard Deviation: 1.127308e-06 s
# Direct N-body DKD
# arithmetic_dtype=double binary_storage=float32 format=nbody-f32-v1
# N=20000 nsteps=10 dt=0.0001 eps=0.050000000000000003 G=1 mass=1
Acceleration Kernel: brt
# Step 	 Time 			 Kinetic 			 Potential 			 Total 			 Relative Energy Drift
0 	 0 	 58759436.184000514 	 -116582810.08669029 	 -57823373.902689777 	 0
10 0.001 58708513.373747677 -116531894.50228278 -57823381.128535107 1.2496409050125241e-07
# final: N=20000 steps=10 arithmetic_dtype=double max_relative_energy_drift=1.2496409050125241e-07 tolerance=0.001 status=OK

--- Performance Profiling Report ---
File Read       : 6.223889e-04 s
File Write      : 1.457311e-03 s
Total Run       : 6.527076e-01 s

--- Step Statistics (10 steps) ---
Total Step      		 Median; 4.699011e-01 s 		 Trimmed Mean: 4.698547e-01 s 		 Standard Deviation: 1.316873e-04 s
First Drift     		 Median; 2.173055e-05 s 		 Trimmed Mean: 2.187397e-05 s 		 Standard Deviation: 5.391252e-07 s
Compute Force   		 Median; 4.697808e-01 s 		 Trimmed Mean: 4.697299e-01 s 		 Standard Deviation: 1.266384e-04 s
Kick            		 Median; 3.518071e-05 s 		 Trimmed Mean: 3.492180e-05 s 		 Standard Deviation: 5.576760e-07 s
Second Drift    		 Median; 3.411109e-05 s 		 Trimmed Mean: 3.411958e-05 s 		 Standard Deviation: 4.789212e-07 s
