mkdir -p ./bins
mkdir -p ./profilings
./generate_initial_conditions --model 0 --n 20000 --seed 42 --output ./bins/test-mau.bin
for i in 1; do \
	./main --input ./bins/test-mau.bin --nsteps 25 --dt 1e-4 --eps 0.05 --energy-every 25 --output ./bins/m2.out --kernel "m2" --profiler 1 --papi 1 --profiler-path ./profilings/m2.txt; \
	./main --input ./bins/test-mau.bin --nsteps 25 --dt 1e-4 --eps 0.05 --energy-every 25 --output ./bins/m4.out --kernel "m4" --profiler 1 --papi 1 --profiler-path ./profilings/m4.txt; \
	./main --input ./bins/test-mau.bin --nsteps 25 --dt 1e-4 --eps 0.05 --energy-every 25 --output ./bins/m8.out --kernel "m8" --profiler 1 --papi 1 --profiler-path ./profilings/m8.txt; \
	./main --input ./bins/test-mau.bin --nsteps 25 --dt 1e-4 --eps 0.05 --energy-every 25 --output ./bins/m16.out --kernel "m16" --profiler 1 --papi 1 --profiler-path ./profilings/m16.txt; \
	./main --input ./bins/test-mau.bin --nsteps 25 --dt 1e-4 --eps 0.05 --energy-every 25 --output ./bins/rm2.out --kernel "rm2" --profiler 1 --papi 1 --profiler-path ./profilings/rm2.txt; \
	./main --input ./bins/test-mau.bin --nsteps 25 --dt 1e-4 --eps 0.05 --energy-every 25 --output ./bins/rm4.out --kernel "rm4" --profiler 1 --papi 1 --profiler-path ./profilings/rm4.txt; \
	./main --input ./bins/test-mau.bin --nsteps 25 --dt 1e-4 --eps 0.05 --energy-every 25 --output ./bins/rm8.out --kernel "rm8" --profiler 1 --papi 1 --profiler-path ./profilings/rm8.txt; \
	./main --input ./bins/test-mau.bin --nsteps 25 --dt 1e-4 --eps 0.05 --energy-every 25 --output ./bins/rm16.out --kernel "rm16" --profiler 1 --papi 1 --profiler-path ./profilings/rm16.txt; \
	./main --input ./bins/test-mau.bin --nsteps 25 --dt 1e-4 --eps 0.05 --energy-every 25 --output ./bins/brm2.out --kernel "brm2" --profiler 1 --papi 1 --profiler-path ./profilings/brm2.txt; \
	./main --input ./bins/test-mau.bin --nsteps 25 --dt 1e-4 --eps 0.05 --energy-every 25 --output ./bins/brm4.out --kernel "brm4" --profiler 1 --papi 1 --profiler-path ./profilings/brm4.txt; \
	./main --input ./bins/test-mau.bin --nsteps 25 --dt 1e-4 --eps 0.05 --energy-every 25 --output ./bins/brm8.out --kernel "brm8" --profiler 1 --papi 1 --profiler-path ./profilings/brm8.txt; \
	./main --input ./bins/test-mau.bin --nsteps 25 --dt 1e-4 --eps 0.05 --energy-every 25 --output ./bins/brm16.out --kernel "brm16" --profiler 1 --papi 1 --profiler-path ./profilings/brm16.txt; \
done
# Direct N-body DKD
# arithmetic_dtype=double binary_storage=float32 format=nbody-f32-v1
# N=20000 nsteps=25 dt=0.0001 eps=0.050000000000000003 G=1 mass=1
Acceleration Kernel: m2
# Step 	 Time 			 Kinetic 			 Potential 			 Total 			 Relative Energy Drift
0 	 0 	 58759436.184000514 	 -116582810.08669029 	 -57823373.902689777 	 0
25 0.0025000000000000001 58622235.411547296 -116445614.25392817 -57823378.842380874 8.5427237519159795e-08
# final: N=20000 steps=25 arithmetic_dtype=double max_relative_energy_drift=8.5427237519159795e-08 tolerance=0.001 status=OK

--- Performance Profiling Report ---
File Read       : 5.692840e-04 s
File Write      : 2.009556e-03 s
Total Run       : 6.511139e-01 s

--- Step Statistics (25 steps) ---
Total Step      		 Median; 7.782908e-01 s 		 Trimmed Mean: 7.784238e-01 s 		 Standard Deviation: 7.265435e-04 s
First Drift     		 Median; 2.133008e-05 s 		 Trimmed Mean: 2.137212e-05 s 		 Standard Deviation: 9.758033e-08 s
Compute Force   		 Median; 7.781247e-01 s 		 Trimmed Mean: 7.783127e-01 s 		 Standard Deviation: 7.292349e-04 s
Kick            		 Median; 3.728922e-05 s 		 Trimmed Mean: 3.730000e-05 s 		 Standard Deviation: 4.258445e-07 s
Second Drift    		 Median; 2.187956e-05 s 		 Trimmed Mean: 2.200866e-05 s 		 Standard Deviation: 6.107838e-07 s
# Direct N-body DKD
# arithmetic_dtype=double binary_storage=float32 format=nbody-f32-v1
# N=20000 nsteps=25 dt=0.0001 eps=0.050000000000000003 G=1 mass=1
Acceleration Kernel: m4
# Step 	 Time 			 Kinetic 			 Potential 			 Total 			 Relative Energy Drift
0 	 0 	 58759436.184000514 	 -116582810.08669029 	 -57823373.902689777 	 0
25 0.0025000000000000001 58622235.411547296 -116445614.25392817 -57823378.842380874 8.5427237519159795e-08
# final: N=20000 steps=25 arithmetic_dtype=double max_relative_energy_drift=8.5427237519159795e-08 tolerance=0.001 status=OK

--- Performance Profiling Report ---
File Read       : 8.093659e-04 s
File Write      : 5.023575e-03 s
Total Run       : 6.513764e-01 s

--- Step Statistics (25 steps) ---
Total Step      		 Median; 7.415217e-01 s 		 Trimmed Mean: 7.415630e-01 s 		 Standard Deviation: 8.387511e-04 s
First Drift     		 Median; 2.142973e-05 s 		 Trimmed Mean: 2.143155e-05 s 		 Standard Deviation: 3.260513e-08 s
Compute Force   		 Median; 7.414120e-01 s 		 Trimmed Mean: 7.414491e-01 s 		 Standard Deviation: 8.392370e-04 s
Kick            		 Median; 3.737956e-05 s 		 Trimmed Mean: 3.733220e-05 s 		 Standard Deviation: 6.159380e-07 s
Second Drift    		 Median; 2.183020e-05 s 		 Trimmed Mean: 2.285820e-05 s 		 Standard Deviation: 3.185482e-06 s
# Direct N-body DKD
# arithmetic_dtype=double binary_storage=float32 format=nbody-f32-v1
# N=20000 nsteps=25 dt=0.0001 eps=0.050000000000000003 G=1 mass=1
Acceleration Kernel: m8
# Step 	 Time 			 Kinetic 			 Potential 			 Total 			 Relative Energy Drift
0 	 0 	 58759436.184000514 	 -116582810.08669029 	 -57823373.902689777 	 0
25 0.0025000000000000001 58622235.411547296 -116445614.25392817 -57823378.842380874 8.5427237519159795e-08
# final: N=20000 steps=25 arithmetic_dtype=double max_relative_energy_drift=8.5427237519159795e-08 tolerance=0.001 status=OK

--- Performance Profiling Report ---
File Read       : 7.280046e-04 s
File Write      : 3.370715e-03 s
Total Run       : 6.511684e-01 s

--- Step Statistics (25 steps) ---
Total Step      		 Median; 7.684100e-01 s 		 Trimmed Mean: 7.683576e-01 s 		 Standard Deviation: 6.495476e-04 s
First Drift     		 Median; 2.122018e-05 s 		 Trimmed Mean: 2.125540e-05 s 		 Standard Deviation: 1.269464e-07 s
Compute Force   		 Median; 7.683000e-01 s 		 Trimmed Mean: 7.682439e-01 s 		 Standard Deviation: 6.599315e-04 s
Kick            		 Median; 3.777072e-05 s 		 Trimmed Mean: 3.914061e-05 s 		 Standard Deviation: 2.782653e-06 s
Second Drift    		 Median; 2.179015e-05 s 		 Trimmed Mean: 2.226579e-05 s 		 Standard Deviation: 1.092127e-06 s
# Direct N-body DKD
# arithmetic_dtype=double binary_storage=float32 format=nbody-f32-v1
# N=20000 nsteps=25 dt=0.0001 eps=0.050000000000000003 G=1 mass=1
Acceleration Kernel: m16
# Step 	 Time 			 Kinetic 			 Potential 			 Total 			 Relative Energy Drift
0 	 0 	 58759436.184000514 	 -116582810.08669029 	 -57823373.902689777 	 0
25 0.0025000000000000001 58622235.411547296 -116445614.25392817 -57823378.842380874 8.5427237519159795e-08
# final: N=20000 steps=25 arithmetic_dtype=double max_relative_energy_drift=8.5427237519159795e-08 tolerance=0.001 status=OK

--- Performance Profiling Report ---
File Read       : 1.777532e-03 s
File Write      : 3.643415e-02 s
Total Run       : 6.513089e-01 s

--- Step Statistics (25 steps) ---
Total Step      		 Median; 8.130594e-01 s 		 Trimmed Mean: 8.131145e-01 s 		 Standard Deviation: 7.382526e-04 s
First Drift     		 Median; 2.134964e-05 s 		 Trimmed Mean: 2.137181e-05 s 		 Standard Deviation: 9.165825e-08 s
Compute Force   		 Median; 8.129506e-01 s 		 Trimmed Mean: 8.129993e-01 s 		 Standard Deviation: 7.424478e-04 s
Kick            		 Median; 3.728084e-05 s 		 Trimmed Mean: 3.885358e-05 s 		 Standard Deviation: 3.040501e-06 s
Second Drift    		 Median; 2.180040e-05 s 		 Trimmed Mean: 2.238784e-05 s 		 Standard Deviation: 1.560474e-06 s
# Direct N-body DKD
# arithmetic_dtype=double binary_storage=float32 format=nbody-f32-v1
# N=20000 nsteps=25 dt=0.0001 eps=0.050000000000000003 G=1 mass=1
Acceleration Kernel: rm2
# Step 	 Time 			 Kinetic 			 Potential 			 Total 			 Relative Energy Drift
0 	 0 	 58759436.184000514 	 -116582810.08669029 	 -57823373.902689777 	 0
25 0.0025000000000000001 58622235.411503732 -116445614.25388102 -57823378.84237729 8.542717554198646e-08
# final: N=20000 steps=25 arithmetic_dtype=double max_relative_energy_drift=8.542717554198646e-08 tolerance=0.001 status=OK

--- Performance Profiling Report ---
File Read       : 3.398875e-03 s
File Write      : 1.009294e-02 s
Total Run       : 6.510517e-01 s

--- Step Statistics (25 steps) ---
Total Step      		 Median; 7.546193e-01 s 		 Trimmed Mean: 7.543230e-01 s 		 Standard Deviation: 7.202136e-04 s
First Drift     		 Median; 2.130959e-05 s 		 Trimmed Mean: 2.131012e-05 s 		 Standard Deviation: 9.912668e-08 s
Compute Force   		 Median; 7.545082e-01 s 		 Trimmed Mean: 7.542119e-01 s 		 Standard Deviation: 7.236256e-04 s
Kick            		 Median; 3.775954e-05 s 		 Trimmed Mean: 3.906796e-05 s 		 Standard Deviation: 2.703534e-06 s
Second Drift    		 Median; 2.182089e-05 s 		 Trimmed Mean: 2.183681e-05 s 		 Standard Deviation: 8.770690e-08 s
# Direct N-body DKD
# arithmetic_dtype=double binary_storage=float32 format=nbody-f32-v1
# N=20000 nsteps=25 dt=0.0001 eps=0.050000000000000003 G=1 mass=1
Acceleration Kernel: rm4
# Step 	 Time 			 Kinetic 			 Potential 			 Total 			 Relative Energy Drift
0 	 0 	 58759436.184000514 	 -116582810.08669029 	 -57823373.902689777 	 0
25 0.0025000000000000001 58622235.411503732 -116445614.25388102 -57823378.84237729 8.542717554198646e-08
# final: N=20000 steps=25 arithmetic_dtype=double max_relative_energy_drift=8.542717554198646e-08 tolerance=0.001 status=OK

--- Performance Profiling Report ---
File Read       : 1.854683e-03 s
File Write      : 4.196664e-01 s
Total Run       : 6.509741e-01 s

--- Step Statistics (25 steps) ---
Total Step      		 Median; 8.857809e-01 s 		 Trimmed Mean: 8.858459e-01 s 		 Standard Deviation: 5.398997e-04 s
First Drift     		 Median; 2.129003e-05 s 		 Trimmed Mean: 2.131611e-05 s 		 Standard Deviation: 5.968013e-08 s
Compute Force   		 Median; 8.856833e-01 s 		 Trimmed Mean: 8.857345e-01 s 		 Standard Deviation: 5.369875e-04 s
Kick            		 Median; 3.676023e-05 s 		 Trimmed Mean: 3.675305e-05 s 		 Standard Deviation: 7.781480e-07 s
Second Drift    		 Median; 2.181064e-05 s 		 Trimmed Mean: 2.188320e-05 s 		 Standard Deviation: 1.566603e-07 s
# Direct N-body DKD
# arithmetic_dtype=double binary_storage=float32 format=nbody-f32-v1
# N=20000 nsteps=25 dt=0.0001 eps=0.050000000000000003 G=1 mass=1
Acceleration Kernel: rm8
# Step 	 Time 			 Kinetic 			 Potential 			 Total 			 Relative Energy Drift
0 	 0 	 58759436.184000514 	 -116582810.08669029 	 -57823373.902689777 	 0
25 0.0025000000000000001 58622235.411503732 -116445614.25388102 -57823378.84237729 8.542717554198646e-08
# final: N=20000 steps=25 arithmetic_dtype=double max_relative_energy_drift=8.542717554198646e-08 tolerance=0.001 status=OK

--- Performance Profiling Report ---
File Read       : 3.901959e-03 s
File Write      : 1.411603e-02 s
Total Run       : 6.515508e-01 s

--- Step Statistics (25 steps) ---
Total Step      		 Median; 9.912240e-01 s 		 Trimmed Mean: 9.912745e-01 s 		 Standard Deviation: 5.764032e-04 s
First Drift     		 Median; 2.126023e-05 s 		 Trimmed Mean: 2.154123e-05 s 		 Standard Deviation: 1.206717e-06 s
Compute Force   		 Median; 9.911217e-01 s 		 Trimmed Mean: 9.911623e-01 s 		 Standard Deviation: 5.820293e-04 s
Kick            		 Median; 3.733113e-05 s 		 Trimmed Mean: 3.777839e-05 s 		 Standard Deviation: 1.977809e-06 s
Second Drift    		 Median; 2.185069e-05 s 		 Trimmed Mean: 2.185832e-05 s 		 Standard Deviation: 5.414396e-08 s
# Direct N-body DKD
# arithmetic_dtype=double binary_storage=float32 format=nbody-f32-v1
# N=20000 nsteps=25 dt=0.0001 eps=0.050000000000000003 G=1 mass=1
Acceleration Kernel: rm16
# Step 	 Time 			 Kinetic 			 Potential 			 Total 			 Relative Energy Drift
0 	 0 	 58759436.184000514 	 -116582810.08669029 	 -57823373.902689777 	 0
25 0.0025000000000000001 58622235.411503732 -116445614.25388102 -57823378.84237729 8.542717554198646e-08
# final: N=20000 steps=25 arithmetic_dtype=double max_relative_energy_drift=8.542717554198646e-08 tolerance=0.001 status=OK

--- Performance Profiling Report ---
File Read       : 7.355567e-04 s
File Write      : 1.089794e-01 s
Total Run       : 6.517932e-01 s

--- Step Statistics (25 steps) ---
Total Step      		 Median; 9.856041e-01 s 		 Trimmed Mean: 9.854112e-01 s 		 Standard Deviation: 5.277123e-04 s
First Drift     		 Median; 2.111029e-05 s 		 Trimmed Mean: 2.114532e-05 s 		 Standard Deviation: 8.819743e-08 s
Compute Force   		 Median; 9.854865e-01 s 		 Trimmed Mean: 9.852949e-01 s 		 Standard Deviation: 5.267865e-04 s
Kick            		 Median; 4.407018e-05 s 		 Trimmed Mean: 4.382596e-05 s 		 Standard Deviation: 1.027820e-06 s
Second Drift    		 Median; 2.176967e-05 s 		 Trimmed Mean: 2.180013e-05 s 		 Standard Deviation: 7.574074e-08 s
# Direct N-body DKD
# arithmetic_dtype=double binary_storage=float32 format=nbody-f32-v1
# N=20000 nsteps=25 dt=0.0001 eps=0.050000000000000003 G=1 mass=1
Acceleration Kernel: brm2
# Step 	 Time 			 Kinetic 			 Potential 			 Total 			 Relative Energy Drift
0 	 0 	 58759436.184000514 	 -116582810.08669029 	 -57823373.902689777 	 0
25 0.0025000000000000001 58622235.411503732 -116445614.25388102 -57823378.84237729 8.542717554198646e-08
# final: N=20000 steps=25 arithmetic_dtype=double max_relative_energy_drift=8.542717554198646e-08 tolerance=0.001 status=OK

--- Performance Profiling Report ---
File Read       : 1.268089e-03 s
File Write      : 2.990186e-01 s
Total Run       : 6.511182e-01 s

--- Step Statistics (25 steps) ---
Total Step      		 Median; 7.855866e-01 s 		 Trimmed Mean: 7.855256e-01 s 		 Standard Deviation: 4.946463e-04 s
First Drift     		 Median; 2.119038e-05 s 		 Trimmed Mean: 2.122972e-05 s 		 Standard Deviation: 9.923093e-08 s
Compute Force   		 Median; 7.854850e-01 s 		 Trimmed Mean: 7.854150e-01 s 		 Standard Deviation: 4.964190e-04 s
Kick            		 Median; 3.740005e-05 s 		 Trimmed Mean: 3.735034e-05 s 		 Standard Deviation: 4.738726e-07 s
Second Drift    		 Median; 2.221018e-05 s 		 Trimmed Mean: 2.217648e-05 s 		 Standard Deviation: 2.290402e-07 s
# Direct N-body DKD
# arithmetic_dtype=double binary_storage=float32 format=nbody-f32-v1
# N=20000 nsteps=25 dt=0.0001 eps=0.050000000000000003 G=1 mass=1
Acceleration Kernel: brm4
# Step 	 Time 			 Kinetic 			 Potential 			 Total 			 Relative Energy Drift
0 	 0 	 58759436.184000514 	 -116582810.08669029 	 -57823373.902689777 	 0
25 0.0025000000000000001 58622235.411503732 -116445614.25388102 -57823378.84237729 8.542717554198646e-08
# final: N=20000 steps=25 arithmetic_dtype=double max_relative_energy_drift=8.542717554198646e-08 tolerance=0.001 status=OK

--- Performance Profiling Report ---
File Read       : 9.541065e-04 s
File Write      : 4.112373e-01 s
Total Run       : 6.513598e-01 s

--- Step Statistics (25 steps) ---
Total Step      		 Median; 4.557620e-01 s 		 Trimmed Mean: 4.558403e-01 s 		 Standard Deviation: 2.860433e-04 s
First Drift     		 Median; 2.129003e-05 s 		 Trimmed Mean: 2.130879e-05 s 		 Standard Deviation: 6.276739e-08 s
Compute Force   		 Median; 4.556548e-01 s 		 Trimmed Mean: 4.557290e-01 s 		 Standard Deviation: 2.773470e-04 s
Kick            		 Median; 3.699958e-05 s 		 Trimmed Mean: 3.781693e-05 s 		 Standard Deviation: 2.075850e-06 s
Second Drift    		 Median; 2.199039e-05 s 		 Trimmed Mean: 2.201208e-05 s 		 Standard Deviation: 1.234821e-07 s
# Direct N-body DKD
# arithmetic_dtype=double binary_storage=float32 format=nbody-f32-v1
# N=20000 nsteps=25 dt=0.0001 eps=0.050000000000000003 G=1 mass=1
Acceleration Kernel: brm8
# Step 	 Time 			 Kinetic 			 Potential 			 Total 			 Relative Energy Drift
0 	 0 	 58759436.184000514 	 -116582810.08669029 	 -57823373.902689777 	 0
25 0.0025000000000000001 58622235.411503732 -116445614.25388102 -57823378.84237729 8.542717554198646e-08
# final: N=20000 steps=25 arithmetic_dtype=double max_relative_energy_drift=8.542717554198646e-08 tolerance=0.001 status=OK

--- Performance Profiling Report ---
File Read       : 2.311027e-03 s
File Write      : 8.542302e-03 s
Total Run       : 6.519204e-01 s

--- Step Statistics (25 steps) ---
Total Step      		 Median; 1.000483e+00 s 		 Trimmed Mean: 1.000273e+00 s 		 Standard Deviation: 5.015788e-04 s
First Drift     		 Median; 2.112985e-05 s 		 Trimmed Mean: 2.113441e-05 s 		 Standard Deviation: 9.207919e-08 s
Compute Force   		 Median; 1.000378e+00 s 		 Trimmed Mean: 1.000161e+00 s 		 Standard Deviation: 5.113643e-04 s
Kick            		 Median; 3.840029e-05 s 		 Trimmed Mean: 3.991649e-05 s 		 Standard Deviation: 2.713393e-06 s
Second Drift    		 Median; 2.213102e-05 s 		 Trimmed Mean: 2.212264e-05 s 		 Standard Deviation: 1.761885e-07 s
# Direct N-body DKD
# arithmetic_dtype=double binary_storage=float32 format=nbody-f32-v1
# N=20000 nsteps=25 dt=0.0001 eps=0.050000000000000003 G=1 mass=1
Acceleration Kernel: brm16
# Step 	 Time 			 Kinetic 			 Potential 			 Total 			 Relative Energy Drift
0 	 0 	 58759436.184000514 	 -116582810.08669029 	 -57823373.902689777 	 0
25 0.0025000000000000001 58622235.411503732 -116445614.25388102 -57823378.84237729 8.542717554198646e-08
# final: N=20000 steps=25 arithmetic_dtype=double max_relative_energy_drift=8.542717554198646e-08 tolerance=0.001 status=OK

--- Performance Profiling Report ---
File Read       : 2.061175e-03 s
File Write      : 3.014656e-02 s
Total Run       : 6.512046e-01 s

--- Step Statistics (25 steps) ---
Total Step      		 Median; 1.012309e+00 s 		 Trimmed Mean: 1.012220e+00 s 		 Standard Deviation: 4.913477e-04 s
First Drift     		 Median; 2.120994e-05 s 		 Trimmed Mean: 2.121584e-05 s 		 Standard Deviation: 4.653537e-08 s
Compute Force   		 Median; 1.012197e+00 s 		 Trimmed Mean: 1.012108e+00 s 		 Standard Deviation: 4.917962e-04 s
Kick            		 Median; 3.872067e-05 s 		 Trimmed Mean: 4.029261e-05 s 		 Standard Deviation: 2.493513e-06 s
Second Drift    		 Median; 2.218969e-05 s 		 Trimmed Mean: 2.219062e-05 s 		 Standard Deviation: 2.379780e-07 s
