mkdir -p ./bins
mkdir -p ./profilings
./generate_initial_conditions --model 0 --n 20000 --seed 42 --output ./bins/test-mau.bin
for i in 1; do \
	./main --input ./bins/test-mau.bin --nsteps 10 --dt 1e-4 --eps 0.05 --energy-every 10 --output ./bins/m2.out --kernel "m2" --profiler 1 --papi 1 --profiler-path ./profilings/m2.txt; \
	./main --input ./bins/test-mau.bin --nsteps 10 --dt 1e-4 --eps 0.05 --energy-every 10 --output ./bins/m4.out --kernel "m4" --profiler 1 --papi 1 --profiler-path ./profilings/m4.txt; \
	./main --input ./bins/test-mau.bin --nsteps 10 --dt 1e-4 --eps 0.05 --energy-every 10 --output ./bins/m8.out --kernel "m8" --profiler 1 --papi 1 --profiler-path ./profilings/m8.txt; \
	./main --input ./bins/test-mau.bin --nsteps 10 --dt 1e-4 --eps 0.05 --energy-every 10 --output ./bins/m16.out --kernel "m16" --profiler 1 --papi 1 --profiler-path ./profilings/m16.txt; \
	./main --input ./bins/test-mau.bin --nsteps 10 --dt 1e-4 --eps 0.05 --energy-every 10 --output ./bins/rm2.out --kernel "rm2" --profiler 1 --papi 1 --profiler-path ./profilings/rm2.txt; \
	./main --input ./bins/test-mau.bin --nsteps 10 --dt 1e-4 --eps 0.05 --energy-every 10 --output ./bins/rm4.out --kernel "rm4" --profiler 1 --papi 1 --profiler-path ./profilings/rm4.txt; \
	./main --input ./bins/test-mau.bin --nsteps 10 --dt 1e-4 --eps 0.05 --energy-every 10 --output ./bins/rm8.out --kernel "rm8" --profiler 1 --papi 1 --profiler-path ./profilings/rm8.txt; \
	./main --input ./bins/test-mau.bin --nsteps 10 --dt 1e-4 --eps 0.05 --energy-every 10 --output ./bins/rm16.out --kernel "rm16" --profiler 1 --papi 1 --profiler-path ./profilings/rm16.txt; \
	./main --input ./bins/test-mau.bin --nsteps 10 --dt 1e-4 --eps 0.05 --energy-every 10 --output ./bins/brm2.out --kernel "brm2" --profiler 1 --papi 1 --profiler-path ./profilings/brm2.txt; \
	./main --input ./bins/test-mau.bin --nsteps 10 --dt 1e-4 --eps 0.05 --energy-every 10 --output ./bins/brm4.out --kernel "brm4" --profiler 1 --papi 1 --profiler-path ./profilings/brm4.txt; \
	./main --input ./bins/test-mau.bin --nsteps 10 --dt 1e-4 --eps 0.05 --energy-every 10 --output ./bins/brm8.out --kernel "brm8" --profiler 1 --papi 1 --profiler-path ./profilings/brm8.txt; \
	./main --input ./bins/test-mau.bin --nsteps 10 --dt 1e-4 --eps 0.05 --energy-every 10 --output ./bins/brm16.out --kernel "brm16" --profiler 1 --papi 1 --profiler-path ./profilings/brm16.txt; \
done
# Direct N-body DKD
# arithmetic_dtype=double binary_storage=float32 format=nbody-f32-v1
# N=20000 nsteps=10 dt=0.0001 eps=0.050000000000000003 G=1 mass=1
Acceleration Kernel: m2
# Step 	 Time 			 Kinetic 			 Potential 			 Total 			 Relative Energy Drift
0 	 0 	 58759436.184000514 	 -116582810.08669029 	 -57823373.902689777 	 0
10 0.001 58708513.373754002 -116531894.50229046 -57823381.128536455 1.2496411382322409e-07
# final: N=20000 steps=10 arithmetic_dtype=double max_relative_energy_drift=1.2496411382322409e-07 tolerance=0.001 status=OK

--- Performance Profiling Report ---
File Read       : 9.952253e-04 s
File Write      : 1.507722e-03 s
Total Run       : 6.633300e-01 s

--- Step Statistics (10 steps) ---
Total Step      		 Median; 7.861065e-01 s 		 Trimmed Mean: 7.862984e-01 s 		 Standard Deviation: 4.378848e-04 s
First Drift     		 Median; 2.431031e-05 s 		 Trimmed Mean: 2.434407e-05 s 		 Standard Deviation: 1.270062e-06 s
Compute Force   		 Median; 7.859783e-01 s 		 Trimmed Mean: 7.861786e-01 s 		 Standard Deviation: 4.392109e-04 s
Kick            		 Median; 3.553508e-05 s 		 Trimmed Mean: 3.621425e-05 s 		 Standard Deviation: 2.171742e-06 s
Second Drift    		 Median; 2.877600e-05 s 		 Trimmed Mean: 2.840650e-05 s 		 Standard Deviation: 1.804810e-06 s
# Direct N-body DKD
# arithmetic_dtype=double binary_storage=float32 format=nbody-f32-v1
# N=20000 nsteps=10 dt=0.0001 eps=0.050000000000000003 G=1 mass=1
Acceleration Kernel: m4
# Step 	 Time 			 Kinetic 			 Potential 			 Total 			 Relative Energy Drift
0 	 0 	 58759436.184000514 	 -116582810.08669029 	 -57823373.902689777 	 0
10 0.001 58708513.373754002 -116531894.50229046 -57823381.128536455 1.2496411382322409e-07
# final: N=20000 steps=10 arithmetic_dtype=double max_relative_energy_drift=1.2496411382322409e-07 tolerance=0.001 status=OK

--- Performance Profiling Report ---
File Read       : 7.703304e-04 s
File Write      : 3.289888e-03 s
Total Run       : 6.630774e-01 s

--- Step Statistics (10 steps) ---
Total Step      		 Median; 7.548130e-01 s 		 Trimmed Mean: 7.549778e-01 s 		 Standard Deviation: 3.471038e-04 s
First Drift     		 Median; 2.189493e-05 s 		 Trimmed Mean: 2.191262e-05 s 		 Standard Deviation: 4.913775e-08 s
Compute Force   		 Median; 7.547019e-01 s 		 Trimmed Mean: 7.548619e-01 s 		 Standard Deviation: 3.520047e-04 s
Kick            		 Median; 3.469037e-05 s 		 Trimmed Mean: 3.459328e-05 s 		 Standard Deviation: 9.023769e-07 s
Second Drift    		 Median; 2.230983e-05 s 		 Trimmed Mean: 2.230762e-05 s 		 Standard Deviation: 7.035175e-08 s
# Direct N-body DKD
# arithmetic_dtype=double binary_storage=float32 format=nbody-f32-v1
# N=20000 nsteps=10 dt=0.0001 eps=0.050000000000000003 G=1 mass=1
Acceleration Kernel: m8
# Step 	 Time 			 Kinetic 			 Potential 			 Total 			 Relative Energy Drift
0 	 0 	 58759436.184000514 	 -116582810.08669029 	 -57823373.902689777 	 0
10 0.001 58708513.373754002 -116531894.50229046 -57823381.128536455 1.2496411382322409e-07
# final: N=20000 steps=10 arithmetic_dtype=double max_relative_energy_drift=1.2496411382322409e-07 tolerance=0.001 status=OK

--- Performance Profiling Report ---
File Read       : 6.120587e-04 s
File Write      : 2.179082e-03 s
Total Run       : 6.629910e-01 s

--- Step Statistics (10 steps) ---
Total Step      		 Median; 7.815062e-01 s 		 Trimmed Mean: 7.815159e-01 s 		 Standard Deviation: 1.721768e-04 s
First Drift     		 Median; 2.164487e-05 s 		 Trimmed Mean: 2.164405e-05 s 		 Standard Deviation: 9.684348e-08 s
Compute Force   		 Median; 7.813975e-01 s 		 Trimmed Mean: 7.814016e-01 s 		 Standard Deviation: 1.804690e-04 s
Kick            		 Median; 3.583077e-05 s 		 Trimmed Mean: 3.574695e-05 s 		 Standard Deviation: 7.562401e-07 s
Second Drift    		 Median; 2.224045e-05 s 		 Trimmed Mean: 2.227421e-05 s 		 Standard Deviation: 8.900680e-08 s
# Direct N-body DKD
# arithmetic_dtype=double binary_storage=float32 format=nbody-f32-v1
# N=20000 nsteps=10 dt=0.0001 eps=0.050000000000000003 G=1 mass=1
Acceleration Kernel: m16
# Step 	 Time 			 Kinetic 			 Potential 			 Total 			 Relative Energy Drift
0 	 0 	 58759436.184000514 	 -116582810.08669029 	 -57823373.902689777 	 0
10 0.001 58708513.373754002 -116531894.50229046 -57823381.128536455 1.2496411382322409e-07
# final: N=20000 steps=10 arithmetic_dtype=double max_relative_energy_drift=1.2496411382322409e-07 tolerance=0.001 status=OK

--- Performance Profiling Report ---
File Read       : 6.162785e-04 s
File Write      : 2.042079e-03 s
Total Run       : 6.625943e-01 s

--- Step Statistics (10 steps) ---
Total Step      		 Median; 8.245336e-01 s 		 Trimmed Mean: 8.244967e-01 s 		 Standard Deviation: 3.204260e-04 s
First Drift     		 Median; 2.181530e-05 s 		 Trimmed Mean: 2.184534e-05 s 		 Standard Deviation: 1.143364e-07 s
Compute Force   		 Median; 8.244199e-01 s 		 Trimmed Mean: 8.243831e-01 s 		 Standard Deviation: 3.232799e-04 s
Kick            		 Median; 3.564591e-05 s 		 Trimmed Mean: 3.719784e-05 s 		 Standard Deviation: 2.787698e-06 s
Second Drift    		 Median; 2.258597e-05 s 		 Trimmed Mean: 2.262811e-05 s 		 Standard Deviation: 1.252566e-07 s
# Direct N-body DKD
# arithmetic_dtype=double binary_storage=float32 format=nbody-f32-v1
# N=20000 nsteps=10 dt=0.0001 eps=0.050000000000000003 G=1 mass=1
Acceleration Kernel: rm2
# Step 	 Time 			 Kinetic 			 Potential 			 Total 			 Relative Energy Drift
0 	 0 	 58759436.184000514 	 -116582810.08669029 	 -57823373.902689777 	 0
10 0.001 58708513.373747677 -116531894.50228278 -57823381.128535107 1.2496409050125241e-07
# final: N=20000 steps=10 arithmetic_dtype=double max_relative_energy_drift=1.2496409050125241e-07 tolerance=0.001 status=OK

--- Performance Profiling Report ---
File Read       : 6.384589e-04 s
File Write      : 2.006230e-03 s
Total Run       : 6.665051e-01 s

--- Step Statistics (10 steps) ---
Total Step      		 Median; 7.660996e-01 s 		 Trimmed Mean: 7.660629e-01 s 		 Standard Deviation: 1.569909e-04 s
First Drift     		 Median; 2.347026e-05 s 		 Trimmed Mean: 2.336560e-05 s 		 Standard Deviation: 3.913965e-07 s
Compute Force   		 Median; 7.659698e-01 s 		 Trimmed Mean: 7.659344e-01 s 		 Standard Deviation: 1.553120e-04 s
Kick            		 Median; 4.274584e-05 s 		 Trimmed Mean: 4.251080e-05 s 		 Standard Deviation: 9.921081e-07 s
Second Drift    		 Median; 2.944004e-05 s 		 Trimmed Mean: 2.944667e-05 s 		 Standard Deviation: 1.381927e-06 s
# Direct N-body DKD
# arithmetic_dtype=double binary_storage=float32 format=nbody-f32-v1
# N=20000 nsteps=10 dt=0.0001 eps=0.050000000000000003 G=1 mass=1
Acceleration Kernel: rm4
# Step 	 Time 			 Kinetic 			 Potential 			 Total 			 Relative Energy Drift
0 	 0 	 58759436.184000514 	 -116582810.08669029 	 -57823373.902689777 	 0
10 0.001 58708513.373747677 -116531894.50228278 -57823381.128535107 1.2496409050125241e-07
# final: N=20000 steps=10 arithmetic_dtype=double max_relative_energy_drift=1.2496409050125241e-07 tolerance=0.001 status=OK

--- Performance Profiling Report ---
File Read       : 6.256886e-04 s
File Write      : 2.612928e-03 s
Total Run       : 6.654025e-01 s

--- Step Statistics (10 steps) ---
Total Step      		 Median; 8.993968e-01 s 		 Trimmed Mean: 8.994212e-01 s 		 Standard Deviation: 3.964349e-04 s
First Drift     		 Median; 2.417527e-05 s 		 Trimmed Mean: 2.416270e-05 s 		 Standard Deviation: 6.389577e-07 s
Compute Force   		 Median; 8.992700e-01 s 		 Trimmed Mean: 8.992931e-01 s 		 Standard Deviation: 3.860214e-04 s
Kick            		 Median; 3.698049e-05 s 		 Trimmed Mean: 3.672286e-05 s 		 Standard Deviation: 6.447025e-07 s
Second Drift    		 Median; 3.186567e-05 s 		 Trimmed Mean: 3.143551e-05 s 		 Standard Deviation: 1.752776e-06 s
# Direct N-body DKD
# arithmetic_dtype=double binary_storage=float32 format=nbody-f32-v1
# N=20000 nsteps=10 dt=0.0001 eps=0.050000000000000003 G=1 mass=1
Acceleration Kernel: rm8
# Step 	 Time 			 Kinetic 			 Potential 			 Total 			 Relative Energy Drift
0 	 0 	 58759436.184000514 	 -116582810.08669029 	 -57823373.902689777 	 0
10 0.001 58708513.373747677 -116531894.50228278 -57823381.128535107 1.2496409050125241e-07
# final: N=20000 steps=10 arithmetic_dtype=double max_relative_energy_drift=1.2496409050125241e-07 tolerance=0.001 status=OK

--- Performance Profiling Report ---
File Read       : 6.257882e-04 s
File Write      : 2.556407e-03 s
Total Run       : 6.628828e-01 s

--- Step Statistics (10 steps) ---
Total Step      		 Median; 1.006691e+00 s 		 Trimmed Mean: 1.006791e+00 s 		 Standard Deviation: 2.851679e-04 s
First Drift     		 Median; 2.328074e-05 s 		 Trimmed Mean: 2.454047e-05 s 		 Standard Deviation: 2.160117e-06 s
Compute Force   		 Median; 1.006567e+00 s 		 Trimmed Mean: 1.006668e+00 s 		 Standard Deviation: 2.838304e-04 s
Kick            		 Median; 3.521517e-05 s 		 Trimmed Mean: 3.523671e-05 s 		 Standard Deviation: 6.043965e-07 s
Second Drift    		 Median; 2.775993e-05 s 		 Trimmed Mean: 2.790394e-05 s 		 Standard Deviation: 5.203714e-07 s
# Direct N-body DKD
# arithmetic_dtype=double binary_storage=float32 format=nbody-f32-v1
# N=20000 nsteps=10 dt=0.0001 eps=0.050000000000000003 G=1 mass=1
Acceleration Kernel: rm16
# Step 	 Time 			 Kinetic 			 Potential 			 Total 			 Relative Energy Drift
0 	 0 	 58759436.184000514 	 -116582810.08669029 	 -57823373.902689777 	 0
10 0.001 58708513.373747677 -116531894.50228278 -57823381.128535107 1.2496409050125241e-07
# final: N=20000 steps=10 arithmetic_dtype=double max_relative_energy_drift=1.2496409050125241e-07 tolerance=0.001 status=OK

--- Performance Profiling Report ---
File Read       : 6.248392e-04 s
File Write      : 3.968138e-03 s
Total Run       : 6.651647e-01 s

--- Step Statistics (10 steps) ---
Total Step      		 Median; 1.000745e+00 s 		 Trimmed Mean: 1.000768e+00 s 		 Standard Deviation: 2.708597e-04 s
First Drift     		 Median; 2.171053e-05 s 		 Trimmed Mean: 2.184510e-05 s 		 Standard Deviation: 3.699036e-07 s
Compute Force   		 Median; 1.000623e+00 s 		 Trimmed Mean: 1.000650e+00 s 		 Standard Deviation: 2.616480e-04 s
Kick            		 Median; 4.201615e-05 s 		 Trimmed Mean: 4.169869e-05 s 		 Standard Deviation: 1.437367e-06 s
Second Drift    		 Median; 2.255477e-05 s 		 Trimmed Mean: 2.322148e-05 s 		 Standard Deviation: 1.804558e-06 s
# Direct N-body DKD
# arithmetic_dtype=double binary_storage=float32 format=nbody-f32-v1
# N=20000 nsteps=10 dt=0.0001 eps=0.050000000000000003 G=1 mass=1
Acceleration Kernel: brm2
# Step 	 Time 			 Kinetic 			 Potential 			 Total 			 Relative Energy Drift
0 	 0 	 58759436.184000514 	 -116582810.08669029 	 -57823373.902689777 	 0
10 0.001 58708513.373747677 -116531894.50228278 -57823381.128535107 1.2496409050125241e-07
# final: N=20000 steps=10 arithmetic_dtype=double max_relative_energy_drift=1.2496409050125241e-07 tolerance=0.001 status=OK

--- Performance Profiling Report ---
File Read       : 6.340388e-04 s
File Write      : 2.031920e-03 s
Total Run       : 6.656717e-01 s

--- Step Statistics (10 steps) ---
Total Step      		 Median; 7.974221e-01 s 		 Trimmed Mean: 7.975215e-01 s 		 Standard Deviation: 4.467796e-04 s
First Drift     		 Median; 2.163043e-05 s 		 Trimmed Mean: 2.168526e-05 s 		 Standard Deviation: 1.339599e-07 s
Compute Force   		 Median; 7.972836e-01 s 		 Trimmed Mean: 7.974060e-01 s 		 Standard Deviation: 4.518086e-04 s
Kick            		 Median; 3.541075e-05 s 		 Trimmed Mean: 3.534288e-05 s 		 Standard Deviation: 7.687166e-07 s
Second Drift    		 Median; 2.259528e-05 s 		 Trimmed Mean: 2.361543e-05 s 		 Standard Deviation: 2.808059e-06 s
# Direct N-body DKD
# arithmetic_dtype=double binary_storage=float32 format=nbody-f32-v1
# N=20000 nsteps=10 dt=0.0001 eps=0.050000000000000003 G=1 mass=1
Acceleration Kernel: brm4
# Step 	 Time 			 Kinetic 			 Potential 			 Total 			 Relative Energy Drift
0 	 0 	 58759436.184000514 	 -116582810.08669029 	 -57823373.902689777 	 0
10 0.001 58708513.373747677 -116531894.50228278 -57823381.128535107 1.2496409050125241e-07
# final: N=20000 steps=10 arithmetic_dtype=double max_relative_energy_drift=1.2496409050125241e-07 tolerance=0.001 status=OK

--- Performance Profiling Report ---
File Read       : 6.301692e-04 s
File Write      : 2.809471e-03 s
Total Run       : 6.659030e-01 s

--- Step Statistics (10 steps) ---
Total Step      		 Median; 4.674719e-01 s 		 Trimmed Mean: 4.676457e-01 s 		 Standard Deviation: 4.454713e-04 s
First Drift     		 Median; 2.181996e-05 s 		 Trimmed Mean: 2.183393e-05 s 		 Standard Deviation: 1.108782e-07 s
Compute Force   		 Median; 4.673601e-01 s 		 Trimmed Mean: 4.675308e-01 s 		 Standard Deviation: 4.327764e-04 s
Kick            		 Median; 3.568595e-05 s 		 Trimmed Mean: 3.586197e-05 s 		 Standard Deviation: 9.681908e-07 s
Second Drift    		 Median; 2.276991e-05 s 		 Trimmed Mean: 2.326991e-05 s 		 Standard Deviation: 1.140128e-06 s
# Direct N-body DKD
# arithmetic_dtype=double binary_storage=float32 format=nbody-f32-v1
# N=20000 nsteps=10 dt=0.0001 eps=0.050000000000000003 G=1 mass=1
Acceleration Kernel: brm8
# Step 	 Time 			 Kinetic 			 Potential 			 Total 			 Relative Energy Drift
0 	 0 	 58759436.184000514 	 -116582810.08669029 	 -57823373.902689777 	 0
10 0.001 58708513.373747677 -116531894.50228278 -57823381.128535107 1.2496409050125241e-07
# final: N=20000 steps=10 arithmetic_dtype=double max_relative_energy_drift=1.2496409050125241e-07 tolerance=0.001 status=OK

--- Performance Profiling Report ---
File Read       : 6.308695e-04 s
File Write      : 3.316808e-03 s
Total Run       : 6.659796e-01 s

--- Step Statistics (10 steps) ---
Total Step      		 Median; 1.019597e+00 s 		 Trimmed Mean: 1.019484e+00 s 		 Standard Deviation: 1.087218e-03 s
First Drift     		 Median; 2.301531e-05 s 		 Trimmed Mean: 2.299296e-05 s 		 Standard Deviation: 3.117090e-07 s
Compute Force   		 Median; 1.019477e+00 s 		 Trimmed Mean: 1.019357e+00 s 		 Standard Deviation: 1.097678e-03 s
Kick            		 Median; 3.699632e-05 s 		 Trimmed Mean: 3.831682e-05 s 		 Standard Deviation: 3.124138e-06 s
Second Drift    		 Median; 2.872013e-05 s 		 Trimmed Mean: 2.879393e-05 s 		 Standard Deviation: 1.283746e-06 s
# Direct N-body DKD
# arithmetic_dtype=double binary_storage=float32 format=nbody-f32-v1
# N=20000 nsteps=10 dt=0.0001 eps=0.050000000000000003 G=1 mass=1
Acceleration Kernel: brm16
# Step 	 Time 			 Kinetic 			 Potential 			 Total 			 Relative Energy Drift
0 	 0 	 58759436.184000514 	 -116582810.08669029 	 -57823373.902689777 	 0
10 0.001 58708513.373747677 -116531894.50228278 -57823381.128535107 1.2496409050125241e-07
# final: N=20000 steps=10 arithmetic_dtype=double max_relative_energy_drift=1.2496409050125241e-07 tolerance=0.001 status=OK

--- Performance Profiling Report ---
File Read       : 6.476790e-04 s
File Write      : 2.246512e-03 s
Total Run       : 6.696893e-01 s

--- Step Statistics (10 steps) ---
Total Step      		 Median; 1.031069e+00 s 		 Trimmed Mean: 1.031066e+00 s 		 Standard Deviation: 1.759875e-04 s
First Drift     		 Median; 2.421066e-05 s 		 Trimmed Mean: 2.397550e-05 s 		 Standard Deviation: 1.237794e-06 s
Compute Force   		 Median; 1.030926e+00 s 		 Trimmed Mean: 1.030942e+00 s 		 Standard Deviation: 1.744394e-04 s
Kick            		 Median; 3.616000e-05 s 		 Trimmed Mean: 3.622554e-05 s 		 Standard Deviation: 7.802330e-07 s
Second Drift    		 Median; 2.987450e-05 s 		 Trimmed Mean: 2.827018e-05 s 		 Standard Deviation: 3.480356e-06 s
