mkdir -p ./bins
mkdir -p ./profilings
./generate_initial_conditions --model 0 --n 20000 --seed 42 --output ./bins/test-mau.bin
for i in 1; do \
	./main --input ./bins/test-mau.bin --nsteps 10 --dt 1e-4 --eps 0.05 --energy-every 10 --output ./bins/m2.out --kernel "m2" --profiler 1 --papi 1 --profiler-path ./profilings/m2.txt; \
	./main --input ./bins/test-mau.bin --nsteps 10 --dt 1e-4 --eps 0.05 --energy-every 10 --output ./bins/m4.out --kernel "m4" --profiler 1 --papi 1 --profiler-path ./profilings/m4.txt; \
	./main --input ./bins/test-mau.bin --nsteps 10 --dt 1e-4 --eps 0.05 --energy-every 10 --output ./bins/m8.out --kernel "m8" --profiler 1 --papi 1 --profiler-path ./profilings/m8.txt; \
	./main --input ./bins/test-mau.bin --nsteps 10 --dt 1e-4 --eps 0.05 --energy-every 10 --output ./bins/m16.out --kernel "m16" --profiler 1 --papi 1 --profiler-path ./profilings/m16.txt; \
	./main --input ./bins/test-mau.bin --nsteps 10 --dt 1e-4 --eps 0.05 --energy-every 10 --output ./bins/rm2.out --kernel "rm2" --profiler 1 --papi 1 --profiler-path ./profilings/rm2.txt; \
	./main --input ./bins/test-mau.bin --nsteps 10 --dt 1e-4 --eps 0.05 --energy-every 10 --output ./bins/rm4.out --kernel "rm4" --profiler 1 --papi 1 --profiler-path ./profilings/rm4.txt; \
	./main --input ./bins/test-mau.bin --nsteps 10 --dt 1e-4 --eps 0.05 --energy-every 10 --output ./bins/rm8.out --kernel "rm8" --profiler 1 --papi 1 --profiler-path ./profilings/rm8.txt; \
	./main --input ./bins/test-mau.bin --nsteps 10 --dt 1e-4 --eps 0.05 --energy-every 10 --output ./bins/rm16.out --kernel "rm16" --profiler 1 --papi 1 --profiler-path ./profilings/rm16.txt; \
	./main --input ./bins/test-mau.bin --nsteps 10 --dt 1e-4 --eps 0.05 --energy-every 10 --output ./bins/brm2.out --kernel "brm2" --profiler 1 --papi 1 --profiler-path ./profilings/brm2.txt; \
	./main --input ./bins/test-mau.bin --nsteps 10 --dt 1e-4 --eps 0.05 --energy-every 10 --output ./bins/brm4.out --kernel "brm4" --profiler 1 --papi 1 --profiler-path ./profilings/brm4.txt; \
	./main --input ./bins/test-mau.bin --nsteps 10 --dt 1e-4 --eps 0.05 --energy-every 10 --output ./bins/brm8.out --kernel "brm8" --profiler 1 --papi 1 --profiler-path ./profilings/brm8.txt; \
	./main --input ./bins/test-mau.bin --nsteps 10 --dt 1e-4 --eps 0.05 --energy-every 10 --output ./bins/brm16.out --kernel "brm16" --profiler 1 --papi 1 --profiler-path ./profilings/brm16.txt; \
done
# Direct N-body DKD
# arithmetic_dtype=double binary_storage=float32 format=nbody-f32-v1
# N=20000 nsteps=10 dt=0.0001 eps=0.050000000000000003 G=1 mass=1
Acceleration Kernel: m2
# Step 	 Time 			 Kinetic 			 Potential 			 Total 			 Relative Energy Drift
0 	 0 	 58759436.184000514 	 -116582810.08669029 	 -57823373.902689777 	 0
10 0.001 58708513.373754002 -116531894.50229046 -57823381.128536455 1.2496411382322409e-07
# final: N=20000 steps=10 arithmetic_dtype=double max_relative_energy_drift=1.2496411382322409e-07 tolerance=0.001 status=OK

--- Performance Profiling Report ---
File Read       : 7.650508e-04 s
File Write      : 2.723850e-03 s
Total Run       : 6.518167e-01 s

--- Step Statistics (10 steps) ---
Total Step      		 Median; 7.722938e-01 s 		 Trimmed Mean: 7.725085e-01 s 		 Standard Deviation: 4.353587e-04 s
First Drift     		 Median; 2.179993e-05 s 		 Trimmed Mean: 2.192531e-05 s 		 Standard Deviation: 3.033044e-07 s
Compute Force   		 Median; 7.721824e-01 s 		 Trimmed Mean: 7.724018e-01 s 		 Standard Deviation: 4.358182e-04 s
Kick            		 Median; 3.440119e-05 s 		 Trimmed Mean: 3.427686e-05 s 		 Standard Deviation: 7.452636e-07 s
Second Drift    		 Median; 2.300506e-05 s 		 Trimmed Mean: 2.318888e-05 s 		 Standard Deviation: 8.126676e-07 s
# Direct N-body DKD
# arithmetic_dtype=double binary_storage=float32 format=nbody-f32-v1
# N=20000 nsteps=10 dt=0.0001 eps=0.050000000000000003 G=1 mass=1
Acceleration Kernel: m4
# Step 	 Time 			 Kinetic 			 Potential 			 Total 			 Relative Energy Drift
0 	 0 	 58759436.184000514 	 -116582810.08669029 	 -57823373.902689777 	 0
10 0.001 58708513.373754002 -116531894.50229046 -57823381.128536455 1.2496411382322409e-07
# final: N=20000 steps=10 arithmetic_dtype=double max_relative_energy_drift=1.2496411382322409e-07 tolerance=0.001 status=OK

--- Performance Profiling Report ---
File Read       : 6.308602e-04 s
File Write      : 2.353094e-03 s
Total Run       : 6.511078e-01 s

--- Step Statistics (10 steps) ---
Total Step      		 Median; 7.423164e-01 s 		 Trimmed Mean: 7.421625e-01 s 		 Standard Deviation: 7.802943e-04 s
First Drift     		 Median; 2.163602e-05 s 		 Trimmed Mean: 2.170436e-05 s 		 Standard Deviation: 3.368539e-07 s
Compute Force   		 Median; 7.422038e-01 s 		 Trimmed Mean: 7.420545e-01 s 		 Standard Deviation: 7.819880e-04 s
Kick            		 Median; 3.370596e-05 s 		 Trimmed Mean: 3.367325e-05 s 		 Standard Deviation: 3.199432e-07 s
Second Drift    		 Median; 2.408586e-05 s 		 Trimmed Mean: 2.387771e-05 s 		 Standard Deviation: 1.680441e-06 s
# Direct N-body DKD
# arithmetic_dtype=double binary_storage=float32 format=nbody-f32-v1
# N=20000 nsteps=10 dt=0.0001 eps=0.050000000000000003 G=1 mass=1
Acceleration Kernel: m8
# Step 	 Time 			 Kinetic 			 Potential 			 Total 			 Relative Energy Drift
0 	 0 	 58759436.184000514 	 -116582810.08669029 	 -57823373.902689777 	 0
10 0.001 58708513.373754002 -116531894.50229046 -57823381.128536455 1.2496411382322409e-07
# final: N=20000 steps=10 arithmetic_dtype=double max_relative_energy_drift=1.2496411382322409e-07 tolerance=0.001 status=OK

--- Performance Profiling Report ---
File Read       : 6.152885e-04 s
File Write      : 3.133317e-03 s
Total Run       : 6.533292e-01 s

--- Step Statistics (10 steps) ---
Total Step      		 Median; 7.683972e-01 s 		 Trimmed Mean: 7.684175e-01 s 		 Standard Deviation: 2.172936e-04 s
First Drift     		 Median; 2.137991e-05 s 		 Trimmed Mean: 2.194289e-05 s 		 Standard Deviation: 1.523035e-06 s
Compute Force   		 Median; 7.682742e-01 s 		 Trimmed Mean: 7.683093e-01 s 		 Standard Deviation: 2.178656e-04 s
Kick            		 Median; 3.429037e-05 s 		 Trimmed Mean: 3.423169e-05 s 		 Standard Deviation: 7.966478e-07 s
Second Drift    		 Median; 2.190005e-05 s 		 Trimmed Mean: 2.193288e-05 s 		 Standard Deviation: 1.503039e-07 s
# Direct N-body DKD
# arithmetic_dtype=double binary_storage=float32 format=nbody-f32-v1
# N=20000 nsteps=10 dt=0.0001 eps=0.050000000000000003 G=1 mass=1
Acceleration Kernel: m16
# Step 	 Time 			 Kinetic 			 Potential 			 Total 			 Relative Energy Drift
0 	 0 	 58759436.184000514 	 -116582810.08669029 	 -57823373.902689777 	 0
10 0.001 58708513.373754002 -116531894.50229046 -57823381.128536455 1.2496411382322409e-07
# final: N=20000 steps=10 arithmetic_dtype=double max_relative_energy_drift=1.2496411382322409e-07 tolerance=0.001 status=OK

--- Performance Profiling Report ---
File Read       : 6.125988e-04 s
File Write      : 2.323954e-03 s
Total Run       : 6.532716e-01 s

--- Step Statistics (10 steps) ---
Total Step      		 Median; 8.102676e-01 s 		 Trimmed Mean: 8.103672e-01 s 		 Standard Deviation: 3.536786e-04 s
First Drift     		 Median; 2.128072e-05 s 		 Trimmed Mean: 2.129772e-05 s 		 Standard Deviation: 5.995965e-08 s
Compute Force   		 Median; 8.101496e-01 s 		 Trimmed Mean: 8.102486e-01 s 		 Standard Deviation: 3.507059e-04 s
Kick            		 Median; 3.754534e-05 s 		 Trimmed Mean: 3.733544e-05 s 		 Standard Deviation: 2.842672e-06 s
Second Drift    		 Median; 2.196478e-05 s 		 Trimmed Mean: 2.194906e-05 s 		 Standard Deviation: 1.053362e-07 s
# Direct N-body DKD
# arithmetic_dtype=double binary_storage=float32 format=nbody-f32-v1
# N=20000 nsteps=10 dt=0.0001 eps=0.050000000000000003 G=1 mass=1
Acceleration Kernel: rm2
# Step 	 Time 			 Kinetic 			 Potential 			 Total 			 Relative Energy Drift
0 	 0 	 58759436.184000514 	 -116582810.08669029 	 -57823373.902689777 	 0
10 0.001 58708513.373747677 -116531894.50228278 -57823381.128535107 1.2496409050125241e-07
# final: N=20000 steps=10 arithmetic_dtype=double max_relative_energy_drift=1.2496409050125241e-07 tolerance=0.001 status=OK

--- Performance Profiling Report ---
File Read       : 6.655203e-04 s
File Write      : 2.111320e-03 s
Total Run       : 6.513329e-01 s

--- Step Statistics (10 steps) ---
Total Step      		 Median; 7.527962e-01 s 		 Trimmed Mean: 7.527328e-01 s 		 Standard Deviation: 2.766582e-04 s
First Drift     		 Median; 2.135057e-05 s 		 Trimmed Mean: 2.189667e-05 s 		 Standard Deviation: 1.286110e-06 s
Compute Force   		 Median; 7.526914e-01 s 		 Trimmed Mean: 7.526233e-01 s 		 Standard Deviation: 2.694603e-04 s
Kick            		 Median; 3.408035e-05 s 		 Trimmed Mean: 3.412261e-05 s 		 Standard Deviation: 6.081937e-07 s
Second Drift    		 Median; 2.186513e-05 s 		 Trimmed Mean: 2.182170e-05 s 		 Standard Deviation: 8.582510e-08 s
# Direct N-body DKD
# arithmetic_dtype=double binary_storage=float32 format=nbody-f32-v1
# N=20000 nsteps=10 dt=0.0001 eps=0.050000000000000003 G=1 mass=1
Acceleration Kernel: rm4
# Step 	 Time 			 Kinetic 			 Potential 			 Total 			 Relative Energy Drift
0 	 0 	 58759436.184000514 	 -116582810.08669029 	 -57823373.902689777 	 0
10 0.001 58708513.373747677 -116531894.50228278 -57823381.128535107 1.2496409050125241e-07
# final: N=20000 steps=10 arithmetic_dtype=double max_relative_energy_drift=1.2496409050125241e-07 tolerance=0.001 status=OK

--- Performance Profiling Report ---
File Read       : 6.246883e-04 s
File Write      : 2.754120e-03 s
Total Run       : 6.512928e-01 s

--- Step Statistics (10 steps) ---
Total Step      		 Median; 8.858897e-01 s 		 Trimmed Mean: 8.857427e-01 s 		 Standard Deviation: 4.215423e-04 s
First Drift     		 Median; 2.155546e-05 s 		 Trimmed Mean: 2.186897e-05 s 		 Standard Deviation: 7.168486e-07 s
Compute Force   		 Median; 8.857641e-01 s 		 Trimmed Mean: 8.856233e-01 s 		 Standard Deviation: 4.184034e-04 s
Kick            		 Median; 3.449060e-05 s 		 Trimmed Mean: 3.450201e-05 s 		 Standard Deviation: 1.202314e-06 s
Second Drift    		 Median; 2.467958e-05 s 		 Trimmed Mean: 2.578902e-05 s 		 Standard Deviation: 3.469263e-06 s
# Direct N-body DKD
# arithmetic_dtype=double binary_storage=float32 format=nbody-f32-v1
# N=20000 nsteps=10 dt=0.0001 eps=0.050000000000000003 G=1 mass=1
Acceleration Kernel: rm8
# Step 	 Time 			 Kinetic 			 Potential 			 Total 			 Relative Energy Drift
0 	 0 	 58759436.184000514 	 -116582810.08669029 	 -57823373.902689777 	 0
10 0.001 58708513.373747677 -116531894.50228278 -57823381.128535107 1.2496409050125241e-07
# final: N=20000 steps=10 arithmetic_dtype=double max_relative_energy_drift=1.2496409050125241e-07 tolerance=0.001 status=OK

--- Performance Profiling Report ---
File Read       : 6.152894e-04 s
File Write      : 2.561387e-03 s
Total Run       : 6.512259e-01 s

--- Step Statistics (10 steps) ---
Total Step      		 Median; 9.885138e-01 s 		 Trimmed Mean: 9.886870e-01 s 		 Standard Deviation: 3.318479e-04 s
First Drift     		 Median; 2.258504e-05 s 		 Trimmed Mean: 2.250017e-05 s 		 Standard Deviation: 7.413072e-07 s
Compute Force   		 Median; 9.884024e-01 s 		 Trimmed Mean: 9.885664e-01 s 		 Standard Deviation: 3.265672e-04 s
Kick            		 Median; 3.388524e-05 s 		 Trimmed Mean: 3.437547e-05 s 		 Standard Deviation: 1.293951e-06 s
Second Drift    		 Median; 2.615014e-05 s 		 Trimmed Mean: 2.543570e-05 s 		 Standard Deviation: 1.805141e-06 s
# Direct N-body DKD
# arithmetic_dtype=double binary_storage=float32 format=nbody-f32-v1
# N=20000 nsteps=10 dt=0.0001 eps=0.050000000000000003 G=1 mass=1
Acceleration Kernel: rm16
# Step 	 Time 			 Kinetic 			 Potential 			 Total 			 Relative Energy Drift
0 	 0 	 58759436.184000514 	 -116582810.08669029 	 -57823373.902689777 	 0
10 0.001 58708513.373747677 -116531894.50228278 -57823381.128535107 1.2496409050125241e-07
# final: N=20000 steps=10 arithmetic_dtype=double max_relative_energy_drift=1.2496409050125241e-07 tolerance=0.001 status=OK

--- Performance Profiling Report ---
File Read       : 6.244490e-04 s
File Write      : 2.630868e-03 s
Total Run       : 6.517236e-01 s

--- Step Statistics (10 steps) ---
Total Step      		 Median; 9.833120e-01 s 		 Trimmed Mean: 9.835636e-01 s 		 Standard Deviation: 5.422320e-04 s
First Drift     		 Median; 2.233032e-05 s 		 Trimmed Mean: 2.232776e-05 s 		 Standard Deviation: 6.302998e-07 s
Compute Force   		 Median; 9.831862e-01 s 		 Trimmed Mean: 9.834474e-01 s 		 Standard Deviation: 5.451294e-04 s
Kick            		 Median; 3.548525e-05 s 		 Trimmed Mean: 3.667537e-05 s 		 Standard Deviation: 2.968108e-06 s
Second Drift    		 Median; 2.498599e-05 s 		 Trimmed Mean: 2.543686e-05 s 		 Standard Deviation: 2.323753e-06 s
# Direct N-body DKD
# arithmetic_dtype=double binary_storage=float32 format=nbody-f32-v1
# N=20000 nsteps=10 dt=0.0001 eps=0.050000000000000003 G=1 mass=1
Acceleration Kernel: brm2
# Step 	 Time 			 Kinetic 			 Potential 			 Total 			 Relative Energy Drift
0 	 0 	 58759436.184000514 	 -116582810.08669029 	 -57823373.902689777 	 0
10 0.001 58708513.373747677 -116531894.50228278 -57823381.128535107 1.2496409050125241e-07
# final: N=20000 steps=10 arithmetic_dtype=double max_relative_energy_drift=1.2496409050125241e-07 tolerance=0.001 status=OK

--- Performance Profiling Report ---
File Read       : 6.446987e-04 s
File Write      : 3.708124e-03 s
Total Run       : 6.524380e-01 s

--- Step Statistics (10 steps) ---
Total Step      		 Median; 7.832205e-01 s 		 Trimmed Mean: 7.833091e-01 s 		 Standard Deviation: 2.981355e-04 s
First Drift     		 Median; 2.235500e-05 s 		 Trimmed Mean: 2.223928e-05 s 		 Standard Deviation: 4.209964e-07 s
Compute Force   		 Median; 7.830995e-01 s 		 Trimmed Mean: 7.831926e-01 s 		 Standard Deviation: 2.972774e-04 s
Kick            		 Median; 3.472995e-05 s 		 Trimmed Mean: 3.450934e-05 s 		 Standard Deviation: 6.557191e-07 s
Second Drift    		 Median; 2.532499e-05 s 		 Trimmed Mean: 2.519786e-05 s 		 Standard Deviation: 9.797454e-07 s
# Direct N-body DKD
# arithmetic_dtype=double binary_storage=float32 format=nbody-f32-v1
# N=20000 nsteps=10 dt=0.0001 eps=0.050000000000000003 G=1 mass=1
Acceleration Kernel: brm4
# Step 	 Time 			 Kinetic 			 Potential 			 Total 			 Relative Energy Drift
0 	 0 	 58759436.184000514 	 -116582810.08669029 	 -57823373.902689777 	 0
10 0.001 58708513.373747677 -116531894.50228278 -57823381.128535107 1.2496409050125241e-07
# final: N=20000 steps=10 arithmetic_dtype=double max_relative_energy_drift=1.2496409050125241e-07 tolerance=0.001 status=OK

--- Performance Profiling Report ---
File Read       : 6.360384e-04 s
File Write      : 3.202457e-03 s
Total Run       : 6.539521e-01 s

--- Step Statistics (10 steps) ---
Total Step      		 Median; 4.573325e-01 s 		 Trimmed Mean: 4.573651e-01 s 		 Standard Deviation: 8.946946e-05 s
First Drift     		 Median; 2.173055e-05 s 		 Trimmed Mean: 2.165546e-05 s 		 Standard Deviation: 2.847175e-07 s
Compute Force   		 Median; 4.572275e-01 s 		 Trimmed Mean: 4.572534e-01 s 		 Standard Deviation: 7.628434e-05 s
Kick            		 Median; 3.428105e-05 s 		 Trimmed Mean: 3.470958e-05 s 		 Standard Deviation: 1.387443e-06 s
Second Drift    		 Median; 2.268003e-05 s 		 Trimmed Mean: 2.284255e-05 s 		 Standard Deviation: 5.934087e-07 s
# Direct N-body DKD
# arithmetic_dtype=double binary_storage=float32 format=nbody-f32-v1
# N=20000 nsteps=10 dt=0.0001 eps=0.050000000000000003 G=1 mass=1
Acceleration Kernel: brm8
# Step 	 Time 			 Kinetic 			 Potential 			 Total 			 Relative Energy Drift
0 	 0 	 58759436.184000514 	 -116582810.08669029 	 -57823373.902689777 	 0
10 0.001 58708513.373747677 -116531894.50228278 -57823381.128535107 1.2496409050125241e-07
# final: N=20000 steps=10 arithmetic_dtype=double max_relative_energy_drift=1.2496409050125241e-07 tolerance=0.001 status=OK

--- Performance Profiling Report ---
File Read       : 6.199488e-04 s
File Write      : 2.960763e-03 s
Total Run       : 6.525080e-01 s

--- Step Statistics (10 steps) ---
Total Step      		 Median; 9.958385e-01 s 		 Trimmed Mean: 9.958734e-01 s 		 Standard Deviation: 2.195689e-04 s
First Drift     		 Median; 2.112007e-05 s 		 Trimmed Mean: 2.116628e-05 s 		 Standard Deviation: 1.280953e-07 s
Compute Force   		 Median; 9.957278e-01 s 		 Trimmed Mean: 9.957596e-01 s 		 Standard Deviation: 2.173263e-04 s
Kick            		 Median; 3.592577e-05 s 		 Trimmed Mean: 3.594067e-05 s 		 Standard Deviation: 1.473757e-06 s
Second Drift    		 Median; 2.237456e-05 s 		 Trimmed Mean: 2.240401e-05 s 		 Standard Deviation: 2.577116e-07 s
# Direct N-body DKD
# arithmetic_dtype=double binary_storage=float32 format=nbody-f32-v1
# N=20000 nsteps=10 dt=0.0001 eps=0.050000000000000003 G=1 mass=1
Acceleration Kernel: brm16
# Step 	 Time 			 Kinetic 			 Potential 			 Total 			 Relative Energy Drift
0 	 0 	 58759436.184000514 	 -116582810.08669029 	 -57823373.902689777 	 0
10 0.001 58708513.373747677 -116531894.50228278 -57823381.128535107 1.2496409050125241e-07
# final: N=20000 steps=10 arithmetic_dtype=double max_relative_energy_drift=1.2496409050125241e-07 tolerance=0.001 status=OK

--- Performance Profiling Report ---
File Read       : 6.308090e-04 s
File Write      : 3.462210e-03 s
Total Run       : 6.539208e-01 s

--- Step Statistics (10 steps) ---
Total Step      		 Median; 1.008635e+00 s 		 Trimmed Mean: 1.008710e+00 s 		 Standard Deviation: 2.121181e-04 s
First Drift     		 Median; 2.124486e-05 s 		 Trimmed Mean: 2.129783e-05 s 		 Standard Deviation: 1.382943e-07 s
Compute Force   		 Median; 1.008530e+00 s 		 Trimmed Mean: 1.008596e+00 s 		 Standard Deviation: 2.073218e-04 s
Kick            		 Median; 3.515091e-05 s 		 Trimmed Mean: 3.511424e-05 s 		 Standard Deviation: 7.384410e-07 s
Second Drift    		 Median; 2.287095e-05 s 		 Trimmed Mean: 2.399960e-05 s 		 Standard Deviation: 2.253468e-06 s
