mkdir -p ./bins
mkdir -p ./profilings
./generate_initial_conditions --model 0 --n 20000 --seed 42 --output ./bins/test-mau.bin
for i in 1; do \
	./main --input ./bins/test-mau.bin --nsteps 25 --dt 1e-4 --eps 0.05 --energy-every 25 --output ./bins/m2.out --kernel "m2" --profiler 1 --papi 1 --profiler-path ./profilings/m2.txt; \
	./main --input ./bins/test-mau.bin --nsteps 25 --dt 1e-4 --eps 0.05 --energy-every 25 --output ./bins/m4.out --kernel "m4" --profiler 1 --papi 1 --profiler-path ./profilings/m4.txt; \
	./main --input ./bins/test-mau.bin --nsteps 25 --dt 1e-4 --eps 0.05 --energy-every 25 --output ./bins/m8.out --kernel "m8" --profiler 1 --papi 1 --profiler-path ./profilings/m8.txt; \
	./main --input ./bins/test-mau.bin --nsteps 25 --dt 1e-4 --eps 0.05 --energy-every 25 --output ./bins/m16.out --kernel "m16" --profiler 1 --papi 1 --profiler-path ./profilings/m16.txt; \
	./main --input ./bins/test-mau.bin --nsteps 25 --dt 1e-4 --eps 0.05 --energy-every 25 --output ./bins/rm2.out --kernel "rm2" --profiler 1 --papi 1 --profiler-path ./profilings/rm2.txt; \
	./main --input ./bins/test-mau.bin --nsteps 25 --dt 1e-4 --eps 0.05 --energy-every 25 --output ./bins/rm4.out --kernel "rm4" --profiler 1 --papi 1 --profiler-path ./profilings/rm4.txt; \
	./main --input ./bins/test-mau.bin --nsteps 25 --dt 1e-4 --eps 0.05 --energy-every 25 --output ./bins/rm8.out --kernel "rm8" --profiler 1 --papi 1 --profiler-path ./profilings/rm8.txt; \
	./main --input ./bins/test-mau.bin --nsteps 25 --dt 1e-4 --eps 0.05 --energy-every 25 --output ./bins/rm16.out --kernel "rm16" --profiler 1 --papi 1 --profiler-path ./profilings/rm16.txt; \
	./main --input ./bins/test-mau.bin --nsteps 25 --dt 1e-4 --eps 0.05 --energy-every 25 --output ./bins/brm2.out --kernel "brm2" --profiler 1 --papi 1 --profiler-path ./profilings/brm2.txt; \
	./main --input ./bins/test-mau.bin --nsteps 25 --dt 1e-4 --eps 0.05 --energy-every 25 --output ./bins/brm4.out --kernel "brm4" --profiler 1 --papi 1 --profiler-path ./profilings/brm4.txt; \
	./main --input ./bins/test-mau.bin --nsteps 25 --dt 1e-4 --eps 0.05 --energy-every 25 --output ./bins/brm8.out --kernel "brm8" --profiler 1 --papi 1 --profiler-path ./profilings/brm8.txt; \
	./main --input ./bins/test-mau.bin --nsteps 25 --dt 1e-4 --eps 0.05 --energy-every 25 --output ./bins/brm16.out --kernel "brm16" --profiler 1 --papi 1 --profiler-path ./profilings/brm16.txt; \
done
# Direct N-body DKD
# arithmetic_dtype=double binary_storage=float32 format=nbody-f32-v1
# N=20000 nsteps=25 dt=0.0001 eps=0.050000000000000003 G=1 mass=1
Acceleration Kernel: m2
# Step 	 Time 			 Kinetic 			 Potential 			 Total 			 Relative Energy Drift
0 	 0 	 58759436.184000514 	 -116582810.08669029 	 -57823373.902689777 	 0
25 0.0025000000000000001 58622235.411547296 -116445614.25392817 -57823378.842380874 8.5427237519159795e-08
# final: N=20000 steps=25 arithmetic_dtype=double max_relative_energy_drift=8.5427237519159795e-08 tolerance=0.001 status=OK

--- Performance Profiling Report ---
File Read       : 5.811565e-04 s
File Write      : 3.580322e-02 s
Total Run       : 6.529219e-01 s

--- Step Statistics (25 steps) ---
Total Step      		 Median; 7.796449e-01 s 		 Trimmed Mean: 7.796603e-01 s 		 Standard Deviation: 3.806303e-04 s
First Drift     		 Median; 2.128072e-05 s 		 Trimmed Mean: 2.129136e-05 s 		 Standard Deviation: 8.279152e-08 s
Compute Force   		 Median; 7.795386e-01 s 		 Trimmed Mean: 7.795499e-01 s 		 Standard Deviation: 3.796715e-04 s
Kick            		 Median; 3.814045e-05 s 		 Trimmed Mean: 3.805734e-05 s 		 Standard Deviation: 5.179784e-07 s
Second Drift    		 Median; 2.182089e-05 s 		 Trimmed Mean: 2.184838e-05 s 		 Standard Deviation: 1.043899e-07 s
# Direct N-body DKD
# arithmetic_dtype=double binary_storage=float32 format=nbody-f32-v1
# N=20000 nsteps=25 dt=0.0001 eps=0.050000000000000003 G=1 mass=1
Acceleration Kernel: m4
# Step 	 Time 			 Kinetic 			 Potential 			 Total 			 Relative Energy Drift
0 	 0 	 58759436.184000514 	 -116582810.08669029 	 -57823373.902689777 	 0
25 0.0025000000000000001 58622235.411547296 -116445614.25392817 -57823378.842380874 8.5427237519159795e-08
# final: N=20000 steps=25 arithmetic_dtype=double max_relative_energy_drift=8.5427237519159795e-08 tolerance=0.001 status=OK

--- Performance Profiling Report ---
File Read       : 2.339468e-02 s
File Write      : 5.057406e-02 s
Total Run       : 6.521487e-01 s

--- Step Statistics (25 steps) ---
Total Step      		 Median; 7.418662e-01 s 		 Trimmed Mean: 7.419445e-01 s 		 Standard Deviation: 6.383301e-04 s
First Drift     		 Median; 2.131052e-05 s 		 Trimmed Mean: 2.154100e-05 s 		 Standard Deviation: 9.188770e-07 s
Compute Force   		 Median; 7.417486e-01 s 		 Trimmed Mean: 7.418331e-01 s 		 Standard Deviation: 6.395190e-04 s
Kick            		 Median; 3.762916e-05 s 		 Trimmed Mean: 3.791507e-05 s 		 Standard Deviation: 1.218290e-06 s
Second Drift    		 Median; 2.187956e-05 s 		 Trimmed Mean: 2.186705e-05 s 		 Standard Deviation: 1.129646e-07 s
# Direct N-body DKD
# arithmetic_dtype=double binary_storage=float32 format=nbody-f32-v1
# N=20000 nsteps=25 dt=0.0001 eps=0.050000000000000003 G=1 mass=1
Acceleration Kernel: m8
# Step 	 Time 			 Kinetic 			 Potential 			 Total 			 Relative Energy Drift
0 	 0 	 58759436.184000514 	 -116582810.08669029 	 -57823373.902689777 	 0
25 0.0025000000000000001 58622235.411547296 -116445614.25392817 -57823378.842380874 8.5427237519159795e-08
# final: N=20000 steps=25 arithmetic_dtype=double max_relative_energy_drift=8.5427237519159795e-08 tolerance=0.001 status=OK

--- Performance Profiling Report ---
File Read       : 5.508829e-03 s
File Write      : 2.303407e-01 s
Total Run       : 6.523023e-01 s

--- Step Statistics (25 steps) ---
Total Step      		 Median; 7.682774e-01 s 		 Trimmed Mean: 7.681083e-01 s 		 Standard Deviation: 6.460187e-04 s
First Drift     		 Median; 2.131984e-05 s 		 Trimmed Mean: 2.132214e-05 s 		 Standard Deviation: 8.111276e-08 s
Compute Force   		 Median; 7.681619e-01 s 		 Trimmed Mean: 7.679980e-01 s 		 Standard Deviation: 6.522699e-04 s
Kick            		 Median; 3.783032e-05 s 		 Trimmed Mean: 3.789139e-05 s 		 Standard Deviation: 5.047959e-07 s
Second Drift    		 Median; 2.182089e-05 s 		 Trimmed Mean: 2.184213e-05 s 		 Standard Deviation: 7.100576e-08 s
# Direct N-body DKD
# arithmetic_dtype=double binary_storage=float32 format=nbody-f32-v1
# N=20000 nsteps=25 dt=0.0001 eps=0.050000000000000003 G=1 mass=1
Acceleration Kernel: m16
# Step 	 Time 			 Kinetic 			 Potential 			 Total 			 Relative Energy Drift
0 	 0 	 58759436.184000514 	 -116582810.08669029 	 -57823373.902689777 	 0
25 0.0025000000000000001 58622235.411547296 -116445614.25392817 -57823378.842380874 8.5427237519159795e-08
# final: N=20000 steps=25 arithmetic_dtype=double max_relative_energy_drift=8.5427237519159795e-08 tolerance=0.001 status=OK

--- Performance Profiling Report ---
File Read       : 1.376225e-03 s
File Write      : 5.316422e-01 s
Total Run       : 6.520051e-01 s

--- Step Statistics (25 steps) ---
Total Step      		 Median; 8.137137e-01 s 		 Trimmed Mean: 8.134672e-01 s 		 Standard Deviation: 6.998329e-04 s
First Drift     		 Median; 2.134964e-05 s 		 Trimmed Mean: 2.136356e-05 s 		 Standard Deviation: 5.154024e-08 s
Compute Force   		 Median; 8.136047e-01 s 		 Trimmed Mean: 8.133555e-01 s 		 Standard Deviation: 7.043501e-04 s
Kick            		 Median; 3.750995e-05 s 		 Trimmed Mean: 3.873131e-05 s 		 Standard Deviation: 2.381303e-06 s
Second Drift    		 Median; 2.188981e-05 s 		 Trimmed Mean: 2.188994e-05 s 		 Standard Deviation: 7.061301e-08 s
# Direct N-body DKD
# arithmetic_dtype=double binary_storage=float32 format=nbody-f32-v1
# N=20000 nsteps=25 dt=0.0001 eps=0.050000000000000003 G=1 mass=1
Acceleration Kernel: rm2
# Step 	 Time 			 Kinetic 			 Potential 			 Total 			 Relative Energy Drift
0 	 0 	 58759436.184000514 	 -116582810.08669029 	 -57823373.902689777 	 0
25 0.0025000000000000001 58622235.411503732 -116445614.25388102 -57823378.84237729 8.542717554198646e-08
# final: N=20000 steps=25 arithmetic_dtype=double max_relative_energy_drift=8.542717554198646e-08 tolerance=0.001 status=OK

--- Performance Profiling Report ---
File Read       : 3.465647e-03 s
File Write      : 2.521466e-01 s
Total Run       : 6.512008e-01 s

--- Step Statistics (25 steps) ---
Total Step      		 Median; 7.539281e-01 s 		 Trimmed Mean: 7.539076e-01 s 		 Standard Deviation: 4.046877e-04 s
First Drift     		 Median; 2.113078e-05 s 		 Trimmed Mean: 2.115167e-05 s 		 Standard Deviation: 5.166758e-08 s
Compute Force   		 Median; 7.538195e-01 s 		 Trimmed Mean: 7.537974e-01 s 		 Standard Deviation: 4.097914e-04 s
Kick            		 Median; 3.673043e-05 s 		 Trimmed Mean: 3.683501e-05 s 		 Standard Deviation: 6.291456e-07 s
Second Drift    		 Median; 2.179015e-05 s 		 Trimmed Mean: 2.178257e-05 s 		 Standard Deviation: 6.924330e-08 s
# Direct N-body DKD
# arithmetic_dtype=double binary_storage=float32 format=nbody-f32-v1
# N=20000 nsteps=25 dt=0.0001 eps=0.050000000000000003 G=1 mass=1
Acceleration Kernel: rm4
# Step 	 Time 			 Kinetic 			 Potential 			 Total 			 Relative Energy Drift
0 	 0 	 58759436.184000514 	 -116582810.08669029 	 -57823373.902689777 	 0
25 0.0025000000000000001 58622235.411503732 -116445614.25388102 -57823378.84237729 8.542717554198646e-08
# final: N=20000 steps=25 arithmetic_dtype=double max_relative_energy_drift=8.542717554198646e-08 tolerance=0.001 status=OK

--- Performance Profiling Report ---
File Read       : 1.806323e-02 s
File Write      : 1.108407e-02 s
Total Run       : 6.510243e-01 s

--- Step Statistics (25 steps) ---
Total Step      		 Median; 8.859445e-01 s 		 Trimmed Mean: 8.858364e-01 s 		 Standard Deviation: 6.256024e-04 s
First Drift     		 Median; 2.147071e-05 s 		 Trimmed Mean: 2.150708e-05 s 		 Standard Deviation: 9.123181e-08 s
Compute Force   		 Median; 8.858325e-01 s 		 Trimmed Mean: 8.857250e-01 s 		 Standard Deviation: 6.287576e-04 s
Kick            		 Median; 3.798958e-05 s 		 Trimmed Mean: 3.787361e-05 s 		 Standard Deviation: 6.010980e-07 s
Second Drift    		 Median; 2.190936e-05 s 		 Trimmed Mean: 2.192919e-05 s 		 Standard Deviation: 1.130956e-07 s
# Direct N-body DKD
# arithmetic_dtype=double binary_storage=float32 format=nbody-f32-v1
# N=20000 nsteps=25 dt=0.0001 eps=0.050000000000000003 G=1 mass=1
Acceleration Kernel: rm8
# Step 	 Time 			 Kinetic 			 Potential 			 Total 			 Relative Energy Drift
0 	 0 	 58759436.184000514 	 -116582810.08669029 	 -57823373.902689777 	 0
25 0.0025000000000000001 58622235.411503732 -116445614.25388102 -57823378.84237729 8.542717554198646e-08
# final: N=20000 steps=25 arithmetic_dtype=double max_relative_energy_drift=8.542717554198646e-08 tolerance=0.001 status=OK

--- Performance Profiling Report ---
File Read       : 8.573374e-03 s
File Write      : 4.741342e-01 s
Total Run       : 6.518270e-01 s

--- Step Statistics (25 steps) ---
Total Step      		 Median; 9.993692e-01 s 		 Trimmed Mean: 9.991980e-01 s 		 Standard Deviation: 4.237010e-04 s
First Drift     		 Median; 2.121925e-05 s 		 Trimmed Mean: 2.125593e-05 s 		 Standard Deviation: 1.171996e-07 s
Compute Force   		 Median; 9.992587e-01 s 		 Trimmed Mean: 9.990854e-01 s 		 Standard Deviation: 4.230218e-04 s
Kick            		 Median; 3.779028e-05 s 		 Trimmed Mean: 3.802816e-05 s 		 Standard Deviation: 1.254271e-06 s
Second Drift    		 Median; 2.181996e-05 s 		 Trimmed Mean: 2.181490e-05 s 		 Standard Deviation: 5.976144e-08 s
# Direct N-body DKD
# arithmetic_dtype=double binary_storage=float32 format=nbody-f32-v1
# N=20000 nsteps=25 dt=0.0001 eps=0.050000000000000003 G=1 mass=1
Acceleration Kernel: rm16
# Step 	 Time 			 Kinetic 			 Potential 			 Total 			 Relative Energy Drift
0 	 0 	 58759436.184000514 	 -116582810.08669029 	 -57823373.902689777 	 0
25 0.0025000000000000001 58622235.411503732 -116445614.25388102 -57823378.84237729 8.542717554198646e-08
# final: N=20000 steps=25 arithmetic_dtype=double max_relative_energy_drift=8.542717554198646e-08 tolerance=0.001 status=OK

--- Performance Profiling Report ---
File Read       : 1.434736e-03 s
File Write      : 6.576862e-03 s
Total Run       : 6.511169e-01 s

--- Step Statistics (25 steps) ---
Total Step      		 Median; 9.874021e-01 s 		 Trimmed Mean: 9.873088e-01 s 		 Standard Deviation: 6.854258e-04 s
First Drift     		 Median; 2.133008e-05 s 		 Trimmed Mean: 2.169472e-05 s 		 Standard Deviation: 1.475649e-06 s
Compute Force   		 Median; 9.872889e-01 s 		 Trimmed Mean: 9.871914e-01 s 		 Standard Deviation: 6.954498e-04 s
Kick            		 Median; 4.359987e-05 s 		 Trimmed Mean: 4.346088e-05 s 		 Standard Deviation: 7.580916e-07 s
Second Drift    		 Median; 2.190098e-05 s 		 Trimmed Mean: 2.214437e-05 s 		 Standard Deviation: 1.040570e-06 s
# Direct N-body DKD
# arithmetic_dtype=double binary_storage=float32 format=nbody-f32-v1
# N=20000 nsteps=25 dt=0.0001 eps=0.050000000000000003 G=1 mass=1
Acceleration Kernel: brm2
# Step 	 Time 			 Kinetic 			 Potential 			 Total 			 Relative Energy Drift
0 	 0 	 58759436.184000514 	 -116582810.08669029 	 -57823373.902689777 	 0
25 0.0025000000000000001 58622235.411503732 -116445614.25388102 -57823378.84237729 8.542717554198646e-08
# final: N=20000 steps=25 arithmetic_dtype=double max_relative_energy_drift=8.542717554198646e-08 tolerance=0.001 status=OK

--- Performance Profiling Report ---
File Read       : 9.471624e-02 s
File Write      : 2.864096e-02 s
Total Run       : 6.518930e-01 s

--- Step Statistics (25 steps) ---
Total Step      		 Median; 7.856028e-01 s 		 Trimmed Mean: 7.855755e-01 s 		 Standard Deviation: 3.506666e-04 s
First Drift     		 Median; 2.124999e-05 s 		 Trimmed Mean: 2.126706e-05 s 		 Standard Deviation: 8.694276e-08 s
Compute Force   		 Median; 7.854921e-01 s 		 Trimmed Mean: 7.854639e-01 s 		 Standard Deviation: 3.495660e-04 s
Kick            		 Median; 3.706012e-05 s 		 Trimmed Mean: 3.717512e-05 s 		 Standard Deviation: 5.638681e-07 s
Second Drift    		 Median; 2.211984e-05 s 		 Trimmed Mean: 2.209678e-05 s 		 Standard Deviation: 2.190778e-07 s
# Direct N-body DKD
# arithmetic_dtype=double binary_storage=float32 format=nbody-f32-v1
# N=20000 nsteps=25 dt=0.0001 eps=0.050000000000000003 G=1 mass=1
Acceleration Kernel: brm4
# Step 	 Time 			 Kinetic 			 Potential 			 Total 			 Relative Energy Drift
0 	 0 	 58759436.184000514 	 -116582810.08669029 	 -57823373.902689777 	 0
25 0.0025000000000000001 58622235.411503732 -116445614.25388102 -57823378.84237729 8.542717554198646e-08
# final: N=20000 steps=25 arithmetic_dtype=double max_relative_energy_drift=8.542717554198646e-08 tolerance=0.001 status=OK

--- Performance Profiling Report ---
File Read       : 1.211055e-01 s
File Write      : 6.168292e-01 s
Total Run       : 6.513720e-01 s

--- Step Statistics (25 steps) ---
Total Step      		 Median; 4.556243e-01 s 		 Trimmed Mean: 4.558832e-01 s 		 Standard Deviation: 4.254572e-04 s
First Drift     		 Median; 2.129003e-05 s 		 Trimmed Mean: 2.130600e-05 s 		 Standard Deviation: 8.750671e-08 s
Compute Force   		 Median; 4.555125e-01 s 		 Trimmed Mean: 4.557697e-01 s 		 Standard Deviation: 4.212317e-04 s
Kick            		 Median; 3.694091e-05 s 		 Trimmed Mean: 3.700774e-05 s 		 Standard Deviation: 7.138288e-07 s
Second Drift    		 Median; 2.206024e-05 s 		 Trimmed Mean: 2.248164e-05 s 		 Standard Deviation: 1.420865e-06 s
# Direct N-body DKD
# arithmetic_dtype=double binary_storage=float32 format=nbody-f32-v1
# N=20000 nsteps=25 dt=0.0001 eps=0.050000000000000003 G=1 mass=1
Acceleration Kernel: brm8
# Step 	 Time 			 Kinetic 			 Potential 			 Total 			 Relative Energy Drift
0 	 0 	 58759436.184000514 	 -116582810.08669029 	 -57823373.902689777 	 0
25 0.0025000000000000001 58622235.411503732 -116445614.25388102 -57823378.84237729 8.542717554198646e-08
# final: N=20000 steps=25 arithmetic_dtype=double max_relative_energy_drift=8.542717554198646e-08 tolerance=0.001 status=OK

--- Performance Profiling Report ---
File Read       : 2.005252e-03 s
File Write      : 1.282123e-01 s
Total Run       : 6.508451e-01 s

--- Step Statistics (25 steps) ---
Total Step      		 Median; 9.988778e-01 s 		 Trimmed Mean: 9.986674e-01 s 		 Standard Deviation: 7.865944e-04 s
First Drift     		 Median; 2.128072e-05 s 		 Trimmed Mean: 2.129988e-05 s 		 Standard Deviation: 5.943711e-08 s
Compute Force   		 Median; 9.987773e-01 s 		 Trimmed Mean: 9.985551e-01 s 		 Standard Deviation: 7.922167e-04 s
Kick            		 Median; 3.675930e-05 s 		 Trimmed Mean: 3.676972e-05 s 		 Standard Deviation: 3.038496e-07 s
Second Drift    		 Median; 2.215989e-05 s 		 Trimmed Mean: 2.215452e-05 s 		 Standard Deviation: 2.169466e-07 s
# Direct N-body DKD
# arithmetic_dtype=double binary_storage=float32 format=nbody-f32-v1
# N=20000 nsteps=25 dt=0.0001 eps=0.050000000000000003 G=1 mass=1
Acceleration Kernel: brm16
# Step 	 Time 			 Kinetic 			 Potential 			 Total 			 Relative Energy Drift
0 	 0 	 58759436.184000514 	 -116582810.08669029 	 -57823373.902689777 	 0
25 0.0025000000000000001 58622235.411503732 -116445614.25388102 -57823378.84237729 8.542717554198646e-08
# final: N=20000 steps=25 arithmetic_dtype=double max_relative_energy_drift=8.542717554198646e-08 tolerance=0.001 status=OK

--- Performance Profiling Report ---
File Read       : 9.748737e-03 s
File Write      : 5.356279e-01 s
Total Run       : 6.514013e-01 s

--- Step Statistics (25 steps) ---
Total Step      		 Median; 1.012489e+00 s 		 Trimmed Mean: 1.012698e+00 s 		 Standard Deviation: 4.480819e-04 s
First Drift     		 Median; 2.126954e-05 s 		 Trimmed Mean: 2.128453e-05 s 		 Standard Deviation: 8.378843e-08 s
Compute Force   		 Median; 1.012382e+00 s 		 Trimmed Mean: 1.012590e+00 s 		 Standard Deviation: 4.453653e-04 s
Kick            		 Median; 3.680959e-05 s 		 Trimmed Mean: 3.676454e-05 s 		 Standard Deviation: 1.000219e-06 s
Second Drift    		 Median; 2.222136e-05 s 		 Trimmed Mean: 2.222167e-05 s 		 Standard Deviation: 1.522050e-07 s
