mkdir -p ./bins
mkdir -p ./profilings
./generate_initial_conditions --model 0 --n 20000 --seed 42 --output ./bins/test-mau.bin
for i in 1; do \
	./main --input ./bins/test-mau.bin --nsteps 25 --dt 1e-4 --eps 0.05 --energy-every 25 --output ./bins/m2.out --kernel "m2" --profiler 1 --papi 1 --profiler-path ./profilings/m2.txt; \
	./main --input ./bins/test-mau.bin --nsteps 25 --dt 1e-4 --eps 0.05 --energy-every 25 --output ./bins/m4.out --kernel "m4" --profiler 1 --papi 1 --profiler-path ./profilings/m4.txt; \
	./main --input ./bins/test-mau.bin --nsteps 25 --dt 1e-4 --eps 0.05 --energy-every 25 --output ./bins/m8.out --kernel "m8" --profiler 1 --papi 1 --profiler-path ./profilings/m8.txt; \
	./main --input ./bins/test-mau.bin --nsteps 25 --dt 1e-4 --eps 0.05 --energy-every 25 --output ./bins/m16.out --kernel "m16" --profiler 1 --papi 1 --profiler-path ./profilings/m16.txt; \
	./main --input ./bins/test-mau.bin --nsteps 25 --dt 1e-4 --eps 0.05 --energy-every 25 --output ./bins/rm2.out --kernel "rm2" --profiler 1 --papi 1 --profiler-path ./profilings/rm2.txt; \
	./main --input ./bins/test-mau.bin --nsteps 25 --dt 1e-4 --eps 0.05 --energy-every 25 --output ./bins/rm4.out --kernel "rm4" --profiler 1 --papi 1 --profiler-path ./profilings/rm4.txt; \
	./main --input ./bins/test-mau.bin --nsteps 25 --dt 1e-4 --eps 0.05 --energy-every 25 --output ./bins/rm8.out --kernel "rm8" --profiler 1 --papi 1 --profiler-path ./profilings/rm8.txt; \
	./main --input ./bins/test-mau.bin --nsteps 25 --dt 1e-4 --eps 0.05 --energy-every 25 --output ./bins/rm16.out --kernel "rm16" --profiler 1 --papi 1 --profiler-path ./profilings/rm16.txt; \
	./main --input ./bins/test-mau.bin --nsteps 25 --dt 1e-4 --eps 0.05 --energy-every 25 --output ./bins/brm2.out --kernel "brm2" --profiler 1 --papi 1 --profiler-path ./profilings/brm2.txt; \
	./main --input ./bins/test-mau.bin --nsteps 25 --dt 1e-4 --eps 0.05 --energy-every 25 --output ./bins/brm4.out --kernel "brm4" --profiler 1 --papi 1 --profiler-path ./profilings/brm4.txt; \
	./main --input ./bins/test-mau.bin --nsteps 25 --dt 1e-4 --eps 0.05 --energy-every 25 --output ./bins/brm8.out --kernel "brm8" --profiler 1 --papi 1 --profiler-path ./profilings/brm8.txt; \
	./main --input ./bins/test-mau.bin --nsteps 25 --dt 1e-4 --eps 0.05 --energy-every 25 --output ./bins/brm16.out --kernel "brm16" --profiler 1 --papi 1 --profiler-path ./profilings/brm16.txt; \
done
# Direct N-body DKD
# arithmetic_dtype=double binary_storage=float32 format=nbody-f32-v1
# N=20000 nsteps=25 dt=0.0001 eps=0.050000000000000003 G=1 mass=1
Acceleration Kernel: m2
# Step 	 Time 			 Kinetic 			 Potential 			 Total 			 Relative Energy Drift
0 	 0 	 58759436.184000514 	 -116582810.08669029 	 -57823373.902689777 	 0
25 0.0025000000000000001 58622235.411547296 -116445614.25392817 -57823378.842380874 8.5427237519159795e-08
# final: N=20000 steps=25 arithmetic_dtype=double max_relative_energy_drift=8.5427237519159795e-08 tolerance=0.001 status=OK

--- Performance Profiling Report ---
File Read       : 6.701574e-04 s
File Write      : 1.133501e-01 s
Total Run       : 6.511721e-01 s

--- Step Statistics (25 steps) ---
Total Step      		 Median; 7.783330e-01 s 		 Trimmed Mean: 7.783287e-01 s 		 Standard Deviation: 1.531015e-04 s
First Drift     		 Median; 2.158992e-05 s 		 Trimmed Mean: 2.162566e-05 s 		 Standard Deviation: 9.764473e-08 s
Compute Force   		 Median; 7.782334e-01 s 		 Trimmed Mean: 7.782231e-01 s 		 Standard Deviation: 1.530034e-04 s
Kick            		 Median; 3.705081e-05 s 		 Trimmed Mean: 3.703839e-05 s 		 Standard Deviation: 5.034550e-07 s
Second Drift    		 Median; 2.196990e-05 s 		 Trimmed Mean: 2.205190e-05 s 		 Standard Deviation: 1.747906e-07 s
# Direct N-body DKD
# arithmetic_dtype=double binary_storage=float32 format=nbody-f32-v1
# N=20000 nsteps=25 dt=0.0001 eps=0.050000000000000003 G=1 mass=1
Acceleration Kernel: m4
# Step 	 Time 			 Kinetic 			 Potential 			 Total 			 Relative Energy Drift
0 	 0 	 58759436.184000514 	 -116582810.08669029 	 -57823373.902689777 	 0
25 0.0025000000000000001 58622235.411547296 -116445614.25392817 -57823378.842380874 8.5427237519159795e-08
# final: N=20000 steps=25 arithmetic_dtype=double max_relative_energy_drift=8.5427237519159795e-08 tolerance=0.001 status=OK

--- Performance Profiling Report ---
File Read       : 5.932171e-04 s
File Write      : 1.440532e-02 s
Total Run       : 6.509928e-01 s

--- Step Statistics (25 steps) ---
Total Step      		 Median; 7.414631e-01 s 		 Trimmed Mean: 7.413269e-01 s 		 Standard Deviation: 1.407723e-03 s
First Drift     		 Median; 2.154056e-05 s 		 Trimmed Mean: 2.155222e-05 s 		 Standard Deviation: 5.779464e-08 s
Compute Force   		 Median; 7.413525e-01 s 		 Trimmed Mean: 7.412163e-01 s 		 Standard Deviation: 1.404902e-03 s
Kick            		 Median; 3.737118e-05 s 		 Trimmed Mean: 3.751868e-05 s 		 Standard Deviation: 4.570696e-07 s
Second Drift    		 Median; 2.209004e-05 s 		 Trimmed Mean: 2.209691e-05 s 		 Standard Deviation: 9.587539e-08 s
# Direct N-body DKD
# arithmetic_dtype=double binary_storage=float32 format=nbody-f32-v1
# N=20000 nsteps=25 dt=0.0001 eps=0.050000000000000003 G=1 mass=1
Acceleration Kernel: m8
# Step 	 Time 			 Kinetic 			 Potential 			 Total 			 Relative Energy Drift
0 	 0 	 58759436.184000514 	 -116582810.08669029 	 -57823373.902689777 	 0
25 0.0025000000000000001 58622235.411547296 -116445614.25392817 -57823378.842380874 8.5427237519159795e-08
# final: N=20000 steps=25 arithmetic_dtype=double max_relative_energy_drift=8.5427237519159795e-08 tolerance=0.001 status=OK

--- Performance Profiling Report ---
File Read       : 5.918862e-04 s
File Write      : 2.326065e-03 s
Total Run       : 6.508608e-01 s

--- Step Statistics (25 steps) ---
Total Step      		 Median; 7.664106e-01 s 		 Trimmed Mean: 7.664663e-01 s 		 Standard Deviation: 1.938817e-04 s
First Drift     		 Median; 2.145953e-05 s 		 Trimmed Mean: 2.151204e-05 s 		 Standard Deviation: 1.545695e-07 s
Compute Force   		 Median; 7.663041e-01 s 		 Trimmed Mean: 7.663613e-01 s 		 Standard Deviation: 1.934386e-04 s
Kick            		 Median; 3.746990e-05 s 		 Trimmed Mean: 3.772202e-05 s 		 Standard Deviation: 1.622012e-06 s
Second Drift    		 Median; 2.204999e-05 s 		 Trimmed Mean: 2.206064e-05 s 		 Standard Deviation: 1.312268e-07 s
# Direct N-body DKD
# arithmetic_dtype=double binary_storage=float32 format=nbody-f32-v1
# N=20000 nsteps=25 dt=0.0001 eps=0.050000000000000003 G=1 mass=1
Acceleration Kernel: m16
# Step 	 Time 			 Kinetic 			 Potential 			 Total 			 Relative Energy Drift
0 	 0 	 58759436.184000514 	 -116582810.08669029 	 -57823373.902689777 	 0
25 0.0025000000000000001 58622235.411547296 -116445614.25392817 -57823378.842380874 8.5427237519159795e-08
# final: N=20000 steps=25 arithmetic_dtype=double max_relative_energy_drift=8.5427237519159795e-08 tolerance=0.001 status=OK

--- Performance Profiling Report ---
File Read       : 6.135358e-04 s
File Write      : 2.439265e-03 s
Total Run       : 6.508139e-01 s

--- Step Statistics (25 steps) ---
Total Step      		 Median; 8.125355e-01 s 		 Trimmed Mean: 8.124961e-01 s 		 Standard Deviation: 3.288928e-04 s
First Drift     		 Median; 2.153032e-05 s 		 Trimmed Mean: 2.156677e-05 s 		 Standard Deviation: 1.011876e-07 s
Compute Force   		 Median; 8.124239e-01 s 		 Trimmed Mean: 8.123861e-01 s 		 Standard Deviation: 3.262900e-04 s
Kick            		 Median; 3.750063e-05 s 		 Trimmed Mean: 3.886187e-05 s 		 Standard Deviation: 2.615080e-06 s
Second Drift    		 Median; 2.207048e-05 s 		 Trimmed Mean: 2.208986e-05 s 		 Standard Deviation: 1.190802e-07 s
# Direct N-body DKD
# arithmetic_dtype=double binary_storage=float32 format=nbody-f32-v1
# N=20000 nsteps=25 dt=0.0001 eps=0.050000000000000003 G=1 mass=1
Acceleration Kernel: rm2
# Step 	 Time 			 Kinetic 			 Potential 			 Total 			 Relative Energy Drift
0 	 0 	 58759436.184000514 	 -116582810.08669029 	 -57823373.902689777 	 0
25 0.0025000000000000001 58622235.411503732 -116445614.25388102 -57823378.84237729 8.542717554198646e-08
# final: N=20000 steps=25 arithmetic_dtype=double max_relative_energy_drift=8.542717554198646e-08 tolerance=0.001 status=OK

--- Performance Profiling Report ---
File Read       : 6.191172e-04 s
File Write      : 4.153362e-01 s
Total Run       : 6.509738e-01 s

--- Step Statistics (25 steps) ---
Total Step      		 Median; 7.530910e-01 s 		 Trimmed Mean: 7.530952e-01 s 		 Standard Deviation: 2.979919e-04 s
First Drift     		 Median; 2.132077e-05 s 		 Trimmed Mean: 2.162460e-05 s 		 Standard Deviation: 1.247587e-06 s
Compute Force   		 Median; 7.529739e-01 s 		 Trimmed Mean: 7.529837e-01 s 		 Standard Deviation: 3.018846e-04 s
Kick            		 Median; 3.705081e-05 s 		 Trimmed Mean: 3.778473e-05 s 		 Standard Deviation: 1.868120e-06 s
Second Drift    		 Median; 2.188981e-05 s 		 Trimmed Mean: 2.191163e-05 s 		 Standard Deviation: 5.613346e-08 s
# Direct N-body DKD
# arithmetic_dtype=double binary_storage=float32 format=nbody-f32-v1
# N=20000 nsteps=25 dt=0.0001 eps=0.050000000000000003 G=1 mass=1
Acceleration Kernel: rm4
# Step 	 Time 			 Kinetic 			 Potential 			 Total 			 Relative Energy Drift
0 	 0 	 58759436.184000514 	 -116582810.08669029 	 -57823373.902689777 	 0
25 0.0025000000000000001 58622235.411503732 -116445614.25388102 -57823378.84237729 8.542717554198646e-08
# final: N=20000 steps=25 arithmetic_dtype=double max_relative_energy_drift=8.542717554198646e-08 tolerance=0.001 status=OK

--- Performance Profiling Report ---
File Read       : 5.911775e-04 s
File Write      : 1.580672e-02 s
Total Run       : 6.509587e-01 s

--- Step Statistics (25 steps) ---
Total Step      		 Median; 8.857348e-01 s 		 Trimmed Mean: 8.857225e-01 s 		 Standard Deviation: 1.204607e-04 s
First Drift     		 Median; 2.138037e-05 s 		 Trimmed Mean: 2.142131e-05 s 		 Standard Deviation: 7.480317e-08 s
Compute Force   		 Median; 8.856331e-01 s 		 Trimmed Mean: 8.856159e-01 s 		 Standard Deviation: 1.200187e-04 s
Kick            		 Median; 3.772043e-05 s 		 Trimmed Mean: 3.760259e-05 s 		 Standard Deviation: 5.829023e-07 s
Second Drift    		 Median; 2.213940e-05 s 		 Trimmed Mean: 2.215984e-05 s 		 Standard Deviation: 9.799897e-08 s
# Direct N-body DKD
# arithmetic_dtype=double binary_storage=float32 format=nbody-f32-v1
# N=20000 nsteps=25 dt=0.0001 eps=0.050000000000000003 G=1 mass=1
Acceleration Kernel: rm8
# Step 	 Time 			 Kinetic 			 Potential 			 Total 			 Relative Energy Drift
0 	 0 	 58759436.184000514 	 -116582810.08669029 	 -57823373.902689777 	 0
25 0.0025000000000000001 58622235.411503732 -116445614.25388102 -57823378.84237729 8.542717554198646e-08
# final: N=20000 steps=25 arithmetic_dtype=double max_relative_energy_drift=8.542717554198646e-08 tolerance=0.001 status=OK

--- Performance Profiling Report ---
File Read       : 6.183768e-04 s
File Write      : 2.296909e-01 s
Total Run       : 6.509402e-01 s

--- Step Statistics (25 steps) ---
Total Step      		 Median; 9.894434e-01 s 		 Trimmed Mean: 9.894324e-01 s 		 Standard Deviation: 9.430144e-05 s
First Drift     		 Median; 2.134033e-05 s 		 Trimmed Mean: 2.136294e-05 s 		 Standard Deviation: 7.125865e-08 s
Compute Force   		 Median; 9.893380e-01 s 		 Trimmed Mean: 9.893248e-01 s 		 Standard Deviation: 9.490686e-05 s
Kick            		 Median; 3.749132e-05 s 		 Trimmed Mean: 3.739655e-05 s 		 Standard Deviation: 4.138867e-07 s
Second Drift    		 Median; 2.203975e-05 s 		 Trimmed Mean: 2.204724e-05 s 		 Standard Deviation: 6.997974e-08 s
# Direct N-body DKD
# arithmetic_dtype=double binary_storage=float32 format=nbody-f32-v1
# N=20000 nsteps=25 dt=0.0001 eps=0.050000000000000003 G=1 mass=1
Acceleration Kernel: rm16
# Step 	 Time 			 Kinetic 			 Potential 			 Total 			 Relative Energy Drift
0 	 0 	 58759436.184000514 	 -116582810.08669029 	 -57823373.902689777 	 0
25 0.0025000000000000001 58622235.411503732 -116445614.25388102 -57823378.84237729 8.542717554198646e-08
# final: N=20000 steps=25 arithmetic_dtype=double max_relative_energy_drift=8.542717554198646e-08 tolerance=0.001 status=OK

--- Performance Profiling Report ---
File Read       : 6.692372e-04 s
File Write      : 3.384251e-01 s
Total Run       : 6.508771e-01 s

--- Step Statistics (25 steps) ---
Total Step      		 Median; 9.874508e-01 s 		 Trimmed Mean: 9.874266e-01 s 		 Standard Deviation: 1.941723e-04 s
First Drift     		 Median; 2.134964e-05 s 		 Trimmed Mean: 2.136215e-05 s 		 Standard Deviation: 6.768642e-08 s
Compute Force   		 Median; 9.873438e-01 s 		 Trimmed Mean: 9.873137e-01 s 		 Standard Deviation: 1.932354e-04 s
Kick            		 Median; 4.391093e-05 s 		 Trimmed Mean: 4.338526e-05 s 		 Standard Deviation: 1.680909e-06 s
Second Drift    		 Median; 2.196990e-05 s 		 Trimmed Mean: 2.196520e-05 s 		 Standard Deviation: 1.071692e-07 s
# Direct N-body DKD
# arithmetic_dtype=double binary_storage=float32 format=nbody-f32-v1
# N=20000 nsteps=25 dt=0.0001 eps=0.050000000000000003 G=1 mass=1
Acceleration Kernel: brm2
# Step 	 Time 			 Kinetic 			 Potential 			 Total 			 Relative Energy Drift
0 	 0 	 58759436.184000514 	 -116582810.08669029 	 -57823373.902689777 	 0
25 0.0025000000000000001 58622235.411503732 -116445614.25388102 -57823378.84237729 8.542717554198646e-08
# final: N=20000 steps=25 arithmetic_dtype=double max_relative_energy_drift=8.542717554198646e-08 tolerance=0.001 status=OK

--- Performance Profiling Report ---
File Read       : 6.142873e-04 s
File Write      : 9.665308e-02 s
Total Run       : 6.520673e-01 s

--- Step Statistics (25 steps) ---
Total Step      		 Median; 7.834763e-01 s 		 Trimmed Mean: 7.835663e-01 s 		 Standard Deviation: 2.182933e-04 s
First Drift     		 Median; 2.135988e-05 s 		 Trimmed Mean: 2.142738e-05 s 		 Standard Deviation: 1.684292e-07 s
Compute Force   		 Median; 7.833677e-01 s 		 Trimmed Mean: 7.834563e-01 s 		 Standard Deviation: 2.197619e-04 s
Kick            		 Median; 3.752019e-05 s 		 Trimmed Mean: 3.747261e-05 s 		 Standard Deviation: 5.144171e-07 s
Second Drift    		 Median; 2.241973e-05 s 		 Trimmed Mean: 2.240665e-05 s 		 Standard Deviation: 2.079095e-07 s
# Direct N-body DKD
# arithmetic_dtype=double binary_storage=float32 format=nbody-f32-v1
# N=20000 nsteps=25 dt=0.0001 eps=0.050000000000000003 G=1 mass=1
Acceleration Kernel: brm4
# Step 	 Time 			 Kinetic 			 Potential 			 Total 			 Relative Energy Drift
0 	 0 	 58759436.184000514 	 -116582810.08669029 	 -57823373.902689777 	 0
25 0.0025000000000000001 58622235.411503732 -116445614.25388102 -57823378.84237729 8.542717554198646e-08
# final: N=20000 steps=25 arithmetic_dtype=double max_relative_energy_drift=8.542717554198646e-08 tolerance=0.001 status=OK

--- Performance Profiling Report ---
File Read       : 6.320467e-04 s
File Write      : 4.660370e-01 s
Total Run       : 6.511381e-01 s

--- Step Statistics (25 steps) ---
Total Step      		 Median; 4.559313e-01 s 		 Trimmed Mean: 4.559479e-01 s 		 Standard Deviation: 1.252314e-04 s
First Drift     		 Median; 2.157129e-05 s 		 Trimmed Mean: 2.158469e-05 s 		 Standard Deviation: 6.844126e-08 s
Compute Force   		 Median; 4.558015e-01 s 		 Trimmed Mean: 4.558389e-01 s 		 Standard Deviation: 1.279466e-04 s
Kick            		 Median; 3.710110e-05 s 		 Trimmed Mean: 3.707400e-05 s 		 Standard Deviation: 6.501118e-07 s
Second Drift    		 Median; 2.221018e-05 s 		 Trimmed Mean: 2.248980e-05 s 		 Standard Deviation: 1.061202e-06 s
# Direct N-body DKD
# arithmetic_dtype=double binary_storage=float32 format=nbody-f32-v1
# N=20000 nsteps=25 dt=0.0001 eps=0.050000000000000003 G=1 mass=1
Acceleration Kernel: brm8
# Step 	 Time 			 Kinetic 			 Potential 			 Total 			 Relative Energy Drift
0 	 0 	 58759436.184000514 	 -116582810.08669029 	 -57823373.902689777 	 0
25 0.0025000000000000001 58622235.411503732 -116445614.25388102 -57823378.84237729 8.542717554198646e-08
# final: N=20000 steps=25 arithmetic_dtype=double max_relative_energy_drift=8.542717554198646e-08 tolerance=0.001 status=OK

--- Performance Profiling Report ---
File Read       : 5.967962e-04 s
File Write      : 4.405481e-01 s
Total Run       : 6.511397e-01 s

--- Step Statistics (25 steps) ---
Total Step      		 Median; 9.943002e-01 s 		 Trimmed Mean: 9.944348e-01 s 		 Standard Deviation: 4.852854e-04 s
First Drift     		 Median; 2.134964e-05 s 		 Trimmed Mean: 2.135465e-05 s 		 Standard Deviation: 4.724021e-08 s
Compute Force   		 Median; 9.942008e-01 s 		 Trimmed Mean: 9.943215e-01 s 		 Standard Deviation: 4.887895e-04 s
Kick            		 Median; 3.728922e-05 s 		 Trimmed Mean: 3.738985e-05 s 		 Standard Deviation: 1.094133e-06 s
Second Drift    		 Median; 2.236944e-05 s 		 Trimmed Mean: 2.242696e-05 s 		 Standard Deviation: 2.772037e-07 s
# Direct N-body DKD
# arithmetic_dtype=double binary_storage=float32 format=nbody-f32-v1
# N=20000 nsteps=25 dt=0.0001 eps=0.050000000000000003 G=1 mass=1
Acceleration Kernel: brm16
# Step 	 Time 			 Kinetic 			 Potential 			 Total 			 Relative Energy Drift
0 	 0 	 58759436.184000514 	 -116582810.08669029 	 -57823373.902689777 	 0
25 0.0025000000000000001 58622235.411503732 -116445614.25388102 -57823378.84237729 8.542717554198646e-08
# final: N=20000 steps=25 arithmetic_dtype=double max_relative_energy_drift=8.542717554198646e-08 tolerance=0.001 status=OK

--- Performance Profiling Report ---
File Read       : 1.378254e-03 s
File Write      : 1.242658e-02 s
Total Run       : 6.510035e-01 s

--- Step Statistics (25 steps) ---
Total Step      		 Median; 1.010515e+00 s 		 Trimmed Mean: 1.010663e+00 s 		 Standard Deviation: 5.078864e-04 s
First Drift     		 Median; 2.149027e-05 s 		 Trimmed Mean: 2.200706e-05 s 		 Standard Deviation: 1.508718e-06 s
Compute Force   		 Median; 1.010410e+00 s 		 Trimmed Mean: 1.010549e+00 s 		 Standard Deviation: 5.129622e-04 s
Kick            		 Median; 4.275050e-05 s 		 Trimmed Mean: 4.157420e-05 s 		 Standard Deviation: 2.704301e-06 s
Second Drift    		 Median; 2.242066e-05 s 		 Trimmed Mean: 2.247015e-05 s 		 Standard Deviation: 2.577675e-07 s
