cc -std=c11 -I/u/dssc/enricosavorgnan/opt/papi/include -DNBODY_USE_DOUBLE -O3 -march=native -Wall -Wextra -Wpedantic -flto -D_POSIX_C_SOURCE=199309L -DBLOCK_SIZE=128 -DUSE_PAPI -c main.c -o main.o
cc -std=c11 -I/u/dssc/enricosavorgnan/opt/papi/include -DNBODY_USE_DOUBLE -O3 -march=native -Wall -Wextra -Wpedantic -flto -D_POSIX_C_SOURCE=199309L -DBLOCK_SIZE=128 -DUSE_PAPI -c integration.c -o integration.o
cc -std=c11 -I/u/dssc/enricosavorgnan/opt/papi/include -DNBODY_USE_DOUBLE -O3 -march=native -Wall -Wextra -Wpedantic -flto -D_POSIX_C_SOURCE=199309L -DBLOCK_SIZE=128 -DUSE_PAPI -c particles.c -o particles.o
cc -std=c11 -I/u/dssc/enricosavorgnan/opt/papi/include -DNBODY_USE_DOUBLE -O3 -march=native -Wall -Wextra -Wpedantic -flto -D_POSIX_C_SOURCE=199309L -DBLOCK_SIZE=128 -DUSE_PAPI -c profiling.c -o profiling.o
cc -std=c11 -I/u/dssc/enricosavorgnan/opt/papi/include -DNBODY_USE_DOUBLE -O3 -march=native -Wall -Wextra -Wpedantic -flto -D_POSIX_C_SOURCE=199309L -DBLOCK_SIZE=128 -DUSE_PAPI -c utils.c -o utils.o
cc -std=c11 -O3 -march=native -Wall -Wextra -Wpedantic -flto -D_POSIX_C_SOURCE=199309L -DBLOCK_SIZE=128 -DUSE_PAPI -L/u/dssc/enricosavorgnan/opt/papi/lib -Wl,-rpath,/u/dssc/enricosavorgnan/opt/papi/lib -o main main.o integration.o particles.o profiling.o utils.o -lm -lpapi
mkdir -p ./bins
mkdir -p ./profilings
./generate_initial_conditions --model 0 --n 20000 --seed 42 --output ./bins/test-mau.bin
for i in 1; do \
	./main --input ./bins/test-mau.bin --nsteps 25 --dt 1e-4 --eps 0.05 --energy-every 25 --output ./bins/m2.out --kernel "m2" --profiler 1 --papi 1 --profiler-path ./profilings/m2.txt; \
	./main --input ./bins/test-mau.bin --nsteps 25 --dt 1e-4 --eps 0.05 --energy-every 25 --output ./bins/m4.out --kernel "m4" --profiler 1 --papi 1 --profiler-path ./profilings/m4.txt; \
	./main --input ./bins/test-mau.bin --nsteps 25 --dt 1e-4 --eps 0.05 --energy-every 25 --output ./bins/m8.out --kernel "m8" --profiler 1 --papi 1 --profiler-path ./profilings/m8.txt; \
	./main --input ./bins/test-mau.bin --nsteps 25 --dt 1e-4 --eps 0.05 --energy-every 25 --output ./bins/m16.out --kernel "m16" --profiler 1 --papi 1 --profiler-path ./profilings/m16.txt; \
	./main --input ./bins/test-mau.bin --nsteps 25 --dt 1e-4 --eps 0.05 --energy-every 25 --output ./bins/rm2.out --kernel "rm2" --profiler 1 --papi 1 --profiler-path ./profilings/rm2.txt; \
	./main --input ./bins/test-mau.bin --nsteps 25 --dt 1e-4 --eps 0.05 --energy-every 25 --output ./bins/rm4.out --kernel "rm4" --profiler 1 --papi 1 --profiler-path ./profilings/rm4.txt; \
	./main --input ./bins/test-mau.bin --nsteps 25 --dt 1e-4 --eps 0.05 --energy-every 25 --output ./bins/rm8.out --kernel "rm8" --profiler 1 --papi 1 --profiler-path ./profilings/rm8.txt; \
	./main --input ./bins/test-mau.bin --nsteps 25 --dt 1e-4 --eps 0.05 --energy-every 25 --output ./bins/rm16.out --kernel "rm16" --profiler 1 --papi 1 --profiler-path ./profilings/rm16.txt; \
	./main --input ./bins/test-mau.bin --nsteps 25 --dt 1e-4 --eps 0.05 --energy-every 25 --output ./bins/brm2.out --kernel "brm2" --profiler 1 --papi 1 --profiler-path ./profilings/brm2.txt; \
	./main --input ./bins/test-mau.bin --nsteps 25 --dt 1e-4 --eps 0.05 --energy-every 25 --output ./bins/brm4.out --kernel "brm4" --profiler 1 --papi 1 --profiler-path ./profilings/brm4.txt; \
	./main --input ./bins/test-mau.bin --nsteps 25 --dt 1e-4 --eps 0.05 --energy-every 25 --output ./bins/brm8.out --kernel "brm8" --profiler 1 --papi 1 --profiler-path ./profilings/brm8.txt; \
	./main --input ./bins/test-mau.bin --nsteps 25 --dt 1e-4 --eps 0.05 --energy-every 25 --output ./bins/brm16.out --kernel "brm16" --profiler 1 --papi 1 --profiler-path ./profilings/brm16.txt; \
done
# Direct N-body DKD
# arithmetic_dtype=double binary_storage=float32 format=nbody-f32-v1
# N=20000 nsteps=25 dt=0.0001 eps=0.050000000000000003 G=1 mass=1
Acceleration Kernel: m2
# Step 	 Time 			 Kinetic 			 Potential 			 Total 			 Relative Energy Drift
0 	 0 	 58759436.184000514 	 -116582810.08669029 	 -57823373.902689777 	 0
25 0.0025000000000000001 58622235.411547296 -116445614.25392817 -57823378.842380874 8.5427237519159795e-08
# final: N=20000 steps=25 arithmetic_dtype=double max_relative_energy_drift=8.5427237519159795e-08 tolerance=0.001 status=OK

--- Performance Profiling Report ---
File Read       : 5.536359e-04 s
File Write      : 5.478527e-01 s
Total Run       : 6.511316e-01 s

--- Step Statistics (25 steps) ---
Total Step      		 Median; 7.774554e-01 s 		 Trimmed Mean: 7.774649e-01 s 		 Standard Deviation: 1.546974e-04 s
First Drift     		 Median; 2.150051e-05 s 		 Trimmed Mean: 2.158890e-05 s 		 Standard Deviation: 2.504686e-07 s
Compute Force   		 Median; 7.773478e-01 s 		 Trimmed Mean: 7.773575e-01 s 		 Standard Deviation: 1.513206e-04 s
Kick            		 Median; 3.637001e-05 s 		 Trimmed Mean: 3.640793e-05 s 		 Standard Deviation: 4.710848e-07 s
Second Drift    		 Median; 2.202019e-05 s 		 Trimmed Mean: 2.206130e-05 s 		 Standard Deviation: 9.430687e-08 s
# Direct N-body DKD
# arithmetic_dtype=double binary_storage=float32 format=nbody-f32-v1
# N=20000 nsteps=25 dt=0.0001 eps=0.050000000000000003 G=1 mass=1
Acceleration Kernel: m4
# Step 	 Time 			 Kinetic 			 Potential 			 Total 			 Relative Energy Drift
0 	 0 	 58759436.184000514 	 -116582810.08669029 	 -57823373.902689777 	 0
25 0.0025000000000000001 58622235.411547296 -116445614.25392817 -57823378.842380874 8.5427237519159795e-08
# final: N=20000 steps=25 arithmetic_dtype=double max_relative_energy_drift=8.5427237519159795e-08 tolerance=0.001 status=OK

--- Performance Profiling Report ---
File Read       : 7.399376e-04 s
File Write      : 9.435482e-03 s
Total Run       : 6.509040e-01 s

--- Step Statistics (25 steps) ---
Total Step      		 Median; 7.423188e-01 s 		 Trimmed Mean: 7.414075e-01 s 		 Standard Deviation: 1.857147e-03 s
First Drift     		 Median; 2.163090e-05 s 		 Trimmed Mean: 2.162841e-05 s 		 Standard Deviation: 6.531432e-08 s
Compute Force   		 Median; 7.422002e-01 s 		 Trimmed Mean: 7.412962e-01 s 		 Standard Deviation: 1.859819e-03 s
Kick            		 Median; 3.714114e-05 s 		 Trimmed Mean: 3.713893e-05 s 		 Standard Deviation: 4.213525e-07 s
Second Drift    		 Median; 2.207048e-05 s 		 Trimmed Mean: 2.208969e-05 s 		 Standard Deviation: 7.868303e-08 s
# Direct N-body DKD
# arithmetic_dtype=double binary_storage=float32 format=nbody-f32-v1
# N=20000 nsteps=25 dt=0.0001 eps=0.050000000000000003 G=1 mass=1
Acceleration Kernel: m8
# Step 	 Time 			 Kinetic 			 Potential 			 Total 			 Relative Energy Drift
0 	 0 	 58759436.184000514 	 -116582810.08669029 	 -57823373.902689777 	 0
25 0.0025000000000000001 58622235.411547296 -116445614.25392817 -57823378.842380874 8.5427237519159795e-08
# final: N=20000 steps=25 arithmetic_dtype=double max_relative_energy_drift=8.5427237519159795e-08 tolerance=0.001 status=OK

--- Performance Profiling Report ---
File Read       : 4.071514e-03 s
File Write      : 4.136626e-03 s
Total Run       : 6.507763e-01 s

--- Step Statistics (25 steps) ---
Total Step      		 Median; 7.664227e-01 s 		 Trimmed Mean: 7.664345e-01 s 		 Standard Deviation: 4.539755e-05 s
First Drift     		 Median; 2.161972e-05 s 		 Trimmed Mean: 2.183291e-05 s 		 Standard Deviation: 9.015352e-07 s
Compute Force   		 Median; 7.663169e-01 s 		 Trimmed Mean: 7.663269e-01 s 		 Standard Deviation: 4.360694e-05 s
Kick            		 Median; 3.701914e-05 s 		 Trimmed Mean: 3.701506e-05 s 		 Standard Deviation: 4.776171e-07 s
Second Drift    		 Median; 2.203975e-05 s 		 Trimmed Mean: 2.205097e-05 s 		 Standard Deviation: 5.598383e-08 s
# Direct N-body DKD
# arithmetic_dtype=double binary_storage=float32 format=nbody-f32-v1
# N=20000 nsteps=25 dt=0.0001 eps=0.050000000000000003 G=1 mass=1
Acceleration Kernel: m16
# Step 	 Time 			 Kinetic 			 Potential 			 Total 			 Relative Energy Drift
0 	 0 	 58759436.184000514 	 -116582810.08669029 	 -57823373.902689777 	 0
25 0.0025000000000000001 58622235.411547296 -116445614.25392817 -57823378.842380874 8.5427237519159795e-08
# final: N=20000 steps=25 arithmetic_dtype=double max_relative_energy_drift=8.5427237519159795e-08 tolerance=0.001 status=OK

--- Performance Profiling Report ---
File Read       : 4.480719e-03 s
File Write      : 5.338823e-02 s
Total Run       : 6.510404e-01 s

--- Step Statistics (25 steps) ---
Total Step      		 Median; 8.131811e-01 s 		 Trimmed Mean: 8.131796e-01 s 		 Standard Deviation: 8.642207e-05 s
First Drift     		 Median; 2.171099e-05 s 		 Trimmed Mean: 2.170279e-05 s 		 Standard Deviation: 8.843321e-08 s
Compute Force   		 Median; 8.130712e-01 s 		 Trimmed Mean: 8.130711e-01 s 		 Standard Deviation: 8.648682e-05 s
Kick            		 Median; 3.723055e-05 s 		 Trimmed Mean: 3.870900e-05 s 		 Standard Deviation: 2.831760e-06 s
Second Drift    		 Median; 2.204999e-05 s 		 Trimmed Mean: 2.207164e-05 s 		 Standard Deviation: 1.024083e-07 s
# Direct N-body DKD
# arithmetic_dtype=double binary_storage=float32 format=nbody-f32-v1
# N=20000 nsteps=25 dt=0.0001 eps=0.050000000000000003 G=1 mass=1
Acceleration Kernel: rm2
# Step 	 Time 			 Kinetic 			 Potential 			 Total 			 Relative Energy Drift
0 	 0 	 58759436.184000514 	 -116582810.08669029 	 -57823373.902689777 	 0
25 0.0025000000000000001 58622235.411503732 -116445614.25388102 -57823378.84237729 8.542717554198646e-08
# final: N=20000 steps=25 arithmetic_dtype=double max_relative_energy_drift=8.542717554198646e-08 tolerance=0.001 status=OK

--- Performance Profiling Report ---
File Read       : 7.310575e-04 s
File Write      : 3.061483e-03 s
Total Run       : 6.518083e-01 s

--- Step Statistics (25 steps) ---
Total Step      		 Median; 7.524801e-01 s 		 Trimmed Mean: 7.525811e-01 s 		 Standard Deviation: 2.746504e-04 s
First Drift     		 Median; 2.146140e-05 s 		 Trimmed Mean: 2.147736e-05 s 		 Standard Deviation: 1.309627e-07 s
Compute Force   		 Median; 7.523728e-01 s 		 Trimmed Mean: 7.524704e-01 s 		 Standard Deviation: 2.756889e-04 s
Kick            		 Median; 3.764033e-05 s 		 Trimmed Mean: 3.773103e-05 s 		 Standard Deviation: 6.219151e-07 s
Second Drift    		 Median; 2.217013e-05 s 		 Trimmed Mean: 2.220690e-05 s 		 Standard Deviation: 1.608060e-07 s
# Direct N-body DKD
# arithmetic_dtype=double binary_storage=float32 format=nbody-f32-v1
# N=20000 nsteps=25 dt=0.0001 eps=0.050000000000000003 G=1 mass=1
Acceleration Kernel: rm4
# Step 	 Time 			 Kinetic 			 Potential 			 Total 			 Relative Energy Drift
0 	 0 	 58759436.184000514 	 -116582810.08669029 	 -57823373.902689777 	 0
25 0.0025000000000000001 58622235.411503732 -116445614.25388102 -57823378.84237729 8.542717554198646e-08
# final: N=20000 steps=25 arithmetic_dtype=double max_relative_energy_drift=8.542717554198646e-08 tolerance=0.001 status=OK

--- Performance Profiling Report ---
File Read       : 8.477587e-04 s
File Write      : 2.819230e-03 s
Total Run       : 6.513034e-01 s

--- Step Statistics (25 steps) ---
Total Step      		 Median; 8.845810e-01 s 		 Trimmed Mean: 8.846168e-01 s 		 Standard Deviation: 5.827005e-04 s
First Drift     		 Median; 2.157968e-05 s 		 Trimmed Mean: 2.158739e-05 s 		 Standard Deviation: 8.096726e-08 s
Compute Force   		 Median; 8.844810e-01 s 		 Trimmed Mean: 8.845077e-01 s 		 Standard Deviation: 5.821690e-04 s
Kick            		 Median; 3.780983e-05 s 		 Trimmed Mean: 3.792359e-05 s 		 Standard Deviation: 5.688815e-07 s
Second Drift    		 Median; 2.209004e-05 s 		 Trimmed Mean: 2.212202e-05 s 		 Standard Deviation: 9.865211e-08 s
# Direct N-body DKD
# arithmetic_dtype=double binary_storage=float32 format=nbody-f32-v1
# N=20000 nsteps=25 dt=0.0001 eps=0.050000000000000003 G=1 mass=1
Acceleration Kernel: rm8
# Step 	 Time 			 Kinetic 			 Potential 			 Total 			 Relative Energy Drift
0 	 0 	 58759436.184000514 	 -116582810.08669029 	 -57823373.902689777 	 0
25 0.0025000000000000001 58622235.411503732 -116445614.25388102 -57823378.84237729 8.542717554198646e-08
# final: N=20000 steps=25 arithmetic_dtype=double max_relative_energy_drift=8.542717554198646e-08 tolerance=0.001 status=OK

--- Performance Profiling Report ---
File Read       : 8.141594e-04 s
File Write      : 6.251547e-03 s
Total Run       : 6.511420e-01 s

--- Step Statistics (25 steps) ---
Total Step      		 Median; 9.892145e-01 s 		 Trimmed Mean: 9.892472e-01 s 		 Standard Deviation: 1.293051e-04 s
First Drift     		 Median; 2.154056e-05 s 		 Trimmed Mean: 2.155125e-05 s 		 Standard Deviation: 8.377646e-08 s
Compute Force   		 Median; 9.891005e-01 s 		 Trimmed Mean: 9.891362e-01 s 		 Standard Deviation: 1.281648e-04 s
Kick            		 Median; 3.759935e-05 s 		 Trimmed Mean: 3.777600e-05 s 		 Standard Deviation: 1.050382e-06 s
Second Drift    		 Median; 2.213009e-05 s 		 Trimmed Mean: 2.224029e-05 s 		 Standard Deviation: 2.126285e-07 s
# Direct N-body DKD
# arithmetic_dtype=double binary_storage=float32 format=nbody-f32-v1
# N=20000 nsteps=25 dt=0.0001 eps=0.050000000000000003 G=1 mass=1
Acceleration Kernel: rm16
# Step 	 Time 			 Kinetic 			 Potential 			 Total 			 Relative Energy Drift
0 	 0 	 58759436.184000514 	 -116582810.08669029 	 -57823373.902689777 	 0
25 0.0025000000000000001 58622235.411503732 -116445614.25388102 -57823378.84237729 8.542717554198646e-08
# final: N=20000 steps=25 arithmetic_dtype=double max_relative_energy_drift=8.542717554198646e-08 tolerance=0.001 status=OK

--- Performance Profiling Report ---
File Read       : 2.109273e-03 s
File Write      : 1.174023e-03 s
Total Run       : 6.507393e-01 s

--- Step Statistics (25 steps) ---
Total Step      		 Median; 9.834052e-01 s 		 Trimmed Mean: 9.833962e-01 s 		 Standard Deviation: 1.360291e-04 s
First Drift     		 Median; 2.164952e-05 s 		 Trimmed Mean: 2.165897e-05 s 		 Standard Deviation: 6.802164e-08 s
Compute Force   		 Median; 9.832885e-01 s 		 Trimmed Mean: 9.832821e-01 s 		 Standard Deviation: 1.356833e-04 s
Kick            		 Median; 4.393142e-05 s 		 Trimmed Mean: 4.334526e-05 s 		 Standard Deviation: 2.180151e-06 s
Second Drift    		 Median; 2.215058e-05 s 		 Trimmed Mean: 2.219932e-05 s 		 Standard Deviation: 1.214338e-07 s
# Direct N-body DKD
# arithmetic_dtype=double binary_storage=float32 format=nbody-f32-v1
# N=20000 nsteps=25 dt=0.0001 eps=0.050000000000000003 G=1 mass=1
Acceleration Kernel: brm2
# Step 	 Time 			 Kinetic 			 Potential 			 Total 			 Relative Energy Drift
0 	 0 	 58759436.184000514 	 -116582810.08669029 	 -57823373.902689777 	 0
25 0.0025000000000000001 58622235.411503732 -116445614.25388102 -57823378.84237729 8.542717554198646e-08
# final: N=20000 steps=25 arithmetic_dtype=double max_relative_energy_drift=8.542717554198646e-08 tolerance=0.001 status=OK

--- Performance Profiling Report ---
File Read       : 6.104363e-04 s
File Write      : 1.014721e-03 s
Total Run       : 6.510021e-01 s

--- Step Statistics (25 steps) ---
Total Step      		 Median; 7.832820e-01 s 		 Trimmed Mean: 7.832825e-01 s 		 Standard Deviation: 1.704517e-04 s
First Drift     		 Median; 2.157036e-05 s 		 Trimmed Mean: 2.200161e-05 s 		 Standard Deviation: 1.309222e-06 s
Compute Force   		 Median; 7.831792e-01 s 		 Trimmed Mean: 7.831732e-01 s 		 Standard Deviation: 1.696937e-04 s
Kick            		 Median; 3.736001e-05 s 		 Trimmed Mean: 3.732422e-05 s 		 Standard Deviation: 6.016048e-07 s
Second Drift    		 Median; 2.241042e-05 s 		 Trimmed Mean: 2.251109e-05 s 		 Standard Deviation: 2.175142e-07 s
# Direct N-body DKD
# arithmetic_dtype=double binary_storage=float32 format=nbody-f32-v1
# N=20000 nsteps=25 dt=0.0001 eps=0.050000000000000003 G=1 mass=1
Acceleration Kernel: brm4
# Step 	 Time 			 Kinetic 			 Potential 			 Total 			 Relative Energy Drift
0 	 0 	 58759436.184000514 	 -116582810.08669029 	 -57823373.902689777 	 0
25 0.0025000000000000001 58622235.411503732 -116445614.25388102 -57823378.84237729 8.542717554198646e-08
# final: N=20000 steps=25 arithmetic_dtype=double max_relative_energy_drift=8.542717554198646e-08 tolerance=0.001 status=OK

--- Performance Profiling Report ---
File Read       : 6.064270e-04 s
File Write      : 9.911414e-04 s
Total Run       : 6.510450e-01 s

--- Step Statistics (25 steps) ---
Total Step      		 Median; 4.554510e-01 s 		 Trimmed Mean: 4.554682e-01 s 		 Standard Deviation: 9.572768e-05 s
First Drift     		 Median; 2.166070e-05 s 		 Trimmed Mean: 2.166975e-05 s 		 Standard Deviation: 6.578175e-08 s
Compute Force   		 Median; 4.553441e-01 s 		 Trimmed Mean: 4.553596e-01 s 		 Standard Deviation: 9.230880e-05 s
Kick            		 Median; 3.658049e-05 s 		 Trimmed Mean: 3.671766e-05 s 		 Standard Deviation: 5.658881e-07 s
Second Drift    		 Median; 2.224091e-05 s 		 Trimmed Mean: 2.234646e-05 s 		 Standard Deviation: 2.362901e-07 s
# Direct N-body DKD
# arithmetic_dtype=double binary_storage=float32 format=nbody-f32-v1
# N=20000 nsteps=25 dt=0.0001 eps=0.050000000000000003 G=1 mass=1
Acceleration Kernel: brm8
# Step 	 Time 			 Kinetic 			 Potential 			 Total 			 Relative Energy Drift
0 	 0 	 58759436.184000514 	 -116582810.08669029 	 -57823373.902689777 	 0
25 0.0025000000000000001 58622235.411503732 -116445614.25388102 -57823378.84237729 8.542717554198646e-08
# final: N=20000 steps=25 arithmetic_dtype=double max_relative_energy_drift=8.542717554198646e-08 tolerance=0.001 status=OK

--- Performance Profiling Report ---
File Read       : 5.678562e-04 s
File Write      : 3.317546e-03 s
Total Run       : 6.507226e-01 s

--- Step Statistics (25 steps) ---
Total Step      		 Median; 9.958841e-01 s 		 Trimmed Mean: 9.958368e-01 s 		 Standard Deviation: 1.649718e-04 s
First Drift     		 Median; 2.156012e-05 s 		 Trimmed Mean: 2.151923e-05 s 		 Standard Deviation: 1.155437e-07 s
Compute Force   		 Median; 9.957453e-01 s 		 Trimmed Mean: 9.957232e-01 s 		 Standard Deviation: 1.663881e-04 s
Kick            		 Median; 3.774092e-05 s 		 Trimmed Mean: 3.991613e-05 s 		 Standard Deviation: 3.413094e-06 s
Second Drift    		 Median; 2.232008e-05 s 		 Trimmed Mean: 2.237551e-05 s 		 Standard Deviation: 2.925467e-07 s
# Direct N-body DKD
# arithmetic_dtype=double binary_storage=float32 format=nbody-f32-v1
# N=20000 nsteps=25 dt=0.0001 eps=0.050000000000000003 G=1 mass=1
Acceleration Kernel: brm16
# Step 	 Time 			 Kinetic 			 Potential 			 Total 			 Relative Energy Drift
0 	 0 	 58759436.184000514 	 -116582810.08669029 	 -57823373.902689777 	 0
25 0.0025000000000000001 58622235.411503732 -116445614.25388102 -57823378.84237729 8.542717554198646e-08
# final: N=20000 steps=25 arithmetic_dtype=double max_relative_energy_drift=8.542717554198646e-08 tolerance=0.001 status=OK

--- Performance Profiling Report ---
File Read       : 4.204715e-03 s
File Write      : 9.020204e-04 s
Total Run       : 6.508257e-01 s

--- Step Statistics (25 steps) ---
Total Step      		 Median; 1.011402e+00 s 		 Trimmed Mean: 1.011458e+00 s 		 Standard Deviation: 2.347613e-04 s
First Drift     		 Median; 2.168119e-05 s 		 Trimmed Mean: 2.168358e-05 s 		 Standard Deviation: 7.826096e-08 s
Compute Force   		 Median; 1.011297e+00 s 		 Trimmed Mean: 1.011350e+00 s 		 Standard Deviation: 2.328967e-04 s
Kick            		 Median; 3.703963e-05 s 		 Trimmed Mean: 3.715143e-05 s 		 Standard Deviation: 4.509240e-07 s
Second Drift    		 Median; 2.249144e-05 s 		 Trimmed Mean: 2.247862e-05 s 		 Standard Deviation: 2.727289e-07 s
