mkdir -p ./bins/
mkdir -p ./profilings/
./generate_initial_conditions --model 0 --n 100000 --seed 42 --output ./bins/test-aos.bin
for i in 1; do \
	./main --input ./bins/test-aos.bin --nsteps 10 --dt 1e-4 --eps 0.05 --energy-every 10 --output ./bins/n-aos.out --layout "aos" --kernel "n" --profiler 1  --profiler-path ./profilings/n-aos.txt --papi 1; \
	./main --input ./bins/test-aos.bin --nsteps 10 --dt 1e-4 --eps 0.05 --energy-every 10 --output ./bins/n-soa.out --layout "soa" --kernel "n" --profiler 1  --profiler-path ./profilings/n-soa.txt --papi 1; \
	./main --input ./bins/test-aos.bin --nsteps 10 --dt 1e-4 --eps 0.05 --energy-every 10 --output ./bins/r-aos.out --layout "aos" --kernel "t" --profiler 1  --profiler-path ./profilings/t-aos.txt --papi 1; \
	./main --input ./bins/test-aos.bin --nsteps 10 --dt 1e-4 --eps 0.05 --energy-every 10 --output ./bins/r-soa.out --layout "soa" --kernel "t" --profiler 1  --profiler-path ./profilings/t-soa.txt --papi 1; \
done
# Direct N-body DKD
# arithmetic_dtype=double binary_storage=float32 format=nbody-f32-v1
# N=100000 nsteps=10 dt=0.0001 eps=0.050000000000000003 G=1 mass=1
Acceleration Kernel: n
# Step 	 Time 			 Kinetic 			 Potential 			 Total 			 Relative Energy Drift
0 	 0 	 1469728487.1245484 	 -2934067449.2869787 	 -1464338962.1624303 	 0
10 0.001 1467380006.6462903 -2931718905.0463748 -1464338898.4000845 4.3543433206682826e-08
# final: N=100000 steps=10 arithmetic_dtype=double max_relative_energy_drift=4.3543433206682826e-08 tolerance=0.001 status=OK

--- Performance Profiling Report ---
File Read       : 4.184428e-03 s
File Write      : 4.412465e-03 s
Total Run       : 1.691515e+01 s

--- Step Statistics (10 steps) ---
Total Step      		 Median; 3.612068e+01 s 		 Trimmed Mean: 3.611985e+01 s 		 Standard Deviation: 2.442972e-03 s
First Drift     		 Median; 8.720579e-05 s 		 Trimmed Mean: 8.760369e-05 s 		 Standard Deviation: 1.288578e-06 s
Compute Force   		 Median; 3.612036e+01 s 		 Trimmed Mean: 3.611951e+01 s 		 Standard Deviation: 2.423579e-03 s
Kick            		 Median; 8.903118e-05 s 		 Trimmed Mean: 8.954899e-05 s 		 Standard Deviation: 1.835411e-06 s
Second Drift    		 Median; 8.742092e-05 s 		 Trimmed Mean: 8.808868e-05 s 		 Standard Deviation: 1.932081e-06 s
# Direct N-body DKD
# arithmetic_dtype=double binary_storage=float32 format=nbody-f32-v1
# N=100000 nsteps=10 dt=0.0001 eps=0.050000000000000003 G=1 mass=1
Acceleration Kernel: n
# Step 	 Time 			 Kinetic 			 Potential 			 Total 			 Relative Energy Drift
0 	 0 	 1469728487.1245484 	 -2934067449.2869787 	 -1464338962.1624303 	 0
10 0.001 1467380006.6462903 -2931718905.0463748 -1464338898.4000845 4.3543433206682826e-08
# final: N=100000 steps=10 arithmetic_dtype=double max_relative_energy_drift=4.3543433206682826e-08 tolerance=0.001 status=OK

--- Performance Profiling Report ---
File Read       : 3.420023e-03 s
File Write      : 3.916300e-03 s
Total Run       : 1.696075e+01 s

--- Step Statistics (10 steps) ---
Total Step      		 Median; 1.729824e+01 s 		 Trimmed Mean: 1.729833e+01 s 		 Standard Deviation: 1.971920e-03 s
First Drift     		 Median; 1.684921e-04 s 		 Trimmed Mean: 1.703283e-04 s 		 Standard Deviation: 3.837476e-06 s
Compute Force   		 Median; 1.729764e+01 s 		 Trimmed Mean: 1.729771e+01 s 		 Standard Deviation: 1.946172e-03 s
Kick            		 Median; 1.956383e-04 s 		 Trimmed Mean: 1.978577e-04 s 		 Standard Deviation: 6.154963e-06 s
Second Drift    		 Median; 1.868722e-04 s 		 Trimmed Mean: 1.869325e-04 s 		 Standard Deviation: 7.475799e-06 s
# Direct N-body DKD
# arithmetic_dtype=double binary_storage=float32 format=nbody-f32-v1
# N=100000 nsteps=10 dt=0.0001 eps=0.050000000000000003 G=1 mass=1
Acceleration Kernel: t
# Step 	 Time 			 Kinetic 			 Potential 			 Total 			 Relative Energy Drift
0 	 0 	 1469728487.1245484 	 -2934067449.2869787 	 -1464338962.1624303 	 0
10 0.001 1467380006.6462903 -2931718905.0463748 -1464338898.4000845 4.3543433206682826e-08
# final: N=100000 steps=10 arithmetic_dtype=double max_relative_energy_drift=4.3543433206682826e-08 tolerance=0.001 status=OK

--- Performance Profiling Report ---
File Read       : 4.518958e-03 s
File Write      : 4.316335e-03 s
Total Run       : 1.690388e+01 s

--- Step Statistics (10 steps) ---
Total Step      		 Median; 1.934108e+01 s 		 Trimmed Mean: 1.934133e+01 s 		 Standard Deviation: 2.456766e-03 s
First Drift     		 Median; 9.480631e-05 s 		 Trimmed Mean: 9.564904e-05 s 		 Standard Deviation: 4.259936e-06 s
Compute Force   		 Median; 1.934060e+01 s 		 Trimmed Mean: 1.934080e+01 s 		 Standard Deviation: 2.377519e-03 s
Kick            		 Median; 2.142778e-04 s 		 Trimmed Mean: 2.290781e-04 s 		 Standard Deviation: 3.731341e-05 s
Second Drift    		 Median; 1.322264e-04 s 		 Trimmed Mean: 1.329790e-04 s 		 Standard Deviation: 1.296294e-05 s
# Direct N-body DKD
# arithmetic_dtype=double binary_storage=float32 format=nbody-f32-v1
# N=100000 nsteps=10 dt=0.0001 eps=0.050000000000000003 G=1 mass=1
Acceleration Kernel: t
# Step 	 Time 			 Kinetic 			 Potential 			 Total 			 Relative Energy Drift
0 	 0 	 1469728487.1245484 	 -2934067449.2869787 	 -1464338962.1624303 	 0
10 0.001 1467380006.6462903 -2931718905.0463748 -1464338898.4000845 4.3543433206682826e-08
# final: N=100000 steps=10 arithmetic_dtype=double max_relative_energy_drift=4.3543433206682826e-08 tolerance=0.001 status=OK

--- Performance Profiling Report ---
File Read       : 3.444684e-03 s
File Write      : 4.433526e-03 s
Total Run       : 1.689269e+01 s

--- Step Statistics (10 steps) ---
Total Step      		 Median; 1.039620e+01 s 		 Trimmed Mean: 1.039623e+01 s 		 Standard Deviation: 1.779022e-03 s
First Drift     		 Median; 2.339128e-04 s 		 Trimmed Mean: 2.301707e-04 s 		 Standard Deviation: 2.388536e-05 s
Compute Force   		 Median; 1.039545e+01 s 		 Trimmed Mean: 1.039547e+01 s 		 Standard Deviation: 1.759045e-03 s
Kick            		 Median; 2.320078e-04 s 		 Trimmed Mean: 2.354155e-04 s 		 Standard Deviation: 8.076636e-06 s
Second Drift    		 Median; 2.461681e-04 s 		 Trimmed Mean: 2.441907e-04 s 		 Standard Deviation: 5.840525e-06 s
