mkdir -p ./bins/
mkdir -p ./profilings/
./generate_initial_conditions --model 0 --n 20000 --seed 42 --output ./bins/test-aos.bin
for i in 1; do \
	./main --input ./bins/test-aos.bin --nsteps 25 --dt 1e-4 --eps 0.05 --energy-every 25 --output ./bins/n-aos.out --layout "aos" --kernel "n" --profiler 1  --profiler-path ./profilings/n-aos.txt --papi 1; \
	./main --input ./bins/test-aos.bin --nsteps 25 --dt 1e-4 --eps 0.05 --energy-every 25 --output ./bins/n-soa.out --layout "soa" --kernel "n" --profiler 1  --profiler-path ./profilings/n-soa.txt --papi 1; \
	./main --input ./bins/test-aos.bin --nsteps 25 --dt 1e-4 --eps 0.05 --energy-every 25 --output ./bins/r-aos.out --layout "aos" --kernel "t" --profiler 1  --profiler-path ./profilings/t-aos.txt --papi 1; \
	./main --input ./bins/test-aos.bin --nsteps 25 --dt 1e-4 --eps 0.05 --energy-every 25 --output ./bins/r-soa.out --layout "soa" --kernel "t" --profiler 1  --profiler-path ./profilings/t-soa.txt --papi 1; \
done
# Direct N-body DKD
# arithmetic_dtype=double binary_storage=float32 format=nbody-f32-v1
# N=20000 nsteps=25 dt=0.0001 eps=0.050000000000000003 G=1 mass=1
Acceleration Kernel: n
# Step 	 Time 			 Kinetic 			 Potential 			 Total 			 Relative Energy Drift
0 	 0 	 58759436.184000514 	 -116582810.08669029 	 -57823373.902689777 	 0
25 0.0025000000000000001 58622235.411547296 -116445614.25392817 -57823378.842380874 8.5427237519159795e-08
# final: N=20000 steps=25 arithmetic_dtype=double max_relative_energy_drift=8.5427237519159795e-08 tolerance=0.001 status=OK

--- Performance Profiling Report ---
File Read       : 8.407785e-04 s
File Write      : 3.569254e-01 s
Total Run       : 6.527639e-01 s

--- Step Statistics (25 steps) ---
Total Step      		 Median; 1.366543e+00 s 		 Trimmed Mean: 1.366762e+00 s 		 Standard Deviation: 5.521499e-04 s
First Drift     		 Median; 1.774076e-05 s 		 Trimmed Mean: 1.784631e-05 s 		 Standard Deviation: 3.075778e-07 s
Compute Force   		 Median; 1.366465e+00 s 		 Trimmed Mean: 1.366683e+00 s 		 Standard Deviation: 5.505737e-04 s
Kick            		 Median; 1.733005e-05 s 		 Trimmed Mean: 1.735843e-05 s 		 Standard Deviation: 1.619060e-07 s
Second Drift    		 Median; 1.775939e-05 s 		 Trimmed Mean: 1.781877e-05 s 		 Standard Deviation: 2.246298e-07 s
# Direct N-body DKD
# arithmetic_dtype=double binary_storage=float32 format=nbody-f32-v1
# N=20000 nsteps=25 dt=0.0001 eps=0.050000000000000003 G=1 mass=1
Acceleration Kernel: n
# Step 	 Time 			 Kinetic 			 Potential 			 Total 			 Relative Energy Drift
0 	 0 	 58759436.184000514 	 -116582810.08669029 	 -57823373.902689777 	 0
25 0.0025000000000000001 58622235.411547296 -116445614.25392817 -57823378.842380874 8.5427237519159795e-08
# final: N=20000 steps=25 arithmetic_dtype=double max_relative_energy_drift=8.5427237519159795e-08 tolerance=0.001 status=OK

--- Performance Profiling Report ---
File Read       : 2.352576e-03 s
File Write      : 2.903171e-03 s
Total Run       : 6.499325e-01 s

--- Step Statistics (25 steps) ---
Total Step      		 Median; 1.397881e+00 s 		 Trimmed Mean: 1.398004e+00 s 		 Standard Deviation: 3.722384e-04 s
First Drift     		 Median; 2.162997e-05 s 		 Trimmed Mean: 2.163214e-05 s 		 Standard Deviation: 5.718953e-08 s
Compute Force   		 Median; 1.397769e+00 s 		 Trimmed Mean: 1.397890e+00 s 		 Standard Deviation: 3.709584e-04 s
Kick            		 Median; 4.278962e-05 s 		 Trimmed Mean: 4.272021e-05 s 		 Standard Deviation: 8.530491e-07 s
Second Drift    		 Median; 2.224091e-05 s 		 Trimmed Mean: 2.227790e-05 s 		 Standard Deviation: 1.596467e-07 s
# Direct N-body DKD
# arithmetic_dtype=double binary_storage=float32 format=nbody-f32-v1
# N=20000 nsteps=25 dt=0.0001 eps=0.050000000000000003 G=1 mass=1
Acceleration Kernel: t
# Step 	 Time 			 Kinetic 			 Potential 			 Total 			 Relative Energy Drift
0 	 0 	 58759436.184000514 	 -116582810.08669029 	 -57823373.902689777 	 0
25 0.0025000000000000001 58622235.411547296 -116445614.25392817 -57823378.842380874 8.5427237519159795e-08
# final: N=20000 steps=25 arithmetic_dtype=double max_relative_energy_drift=8.5427237519159795e-08 tolerance=0.001 status=OK

--- Performance Profiling Report ---
File Read       : 1.086592e-03 s
File Write      : 8.259479e-03 s
Total Run       : 6.518631e-01 s

--- Step Statistics (25 steps) ---
Total Step      		 Median; 7.459656e-01 s 		 Trimmed Mean: 7.460538e-01 s 		 Standard Deviation: 3.761667e-04 s
First Drift     		 Median; 1.840107e-05 s 		 Trimmed Mean: 1.839735e-05 s 		 Standard Deviation: 9.414105e-08 s
Compute Force   		 Median; 7.458733e-01 s 		 Trimmed Mean: 7.459543e-01 s 		 Standard Deviation: 3.710013e-04 s
Kick            		 Median; 3.525056e-05 s 		 Trimmed Mean: 3.545962e-05 s 		 Standard Deviation: 8.560273e-07 s
Second Drift    		 Median; 1.834985e-05 s 		 Trimmed Mean: 1.835459e-05 s 		 Standard Deviation: 7.002306e-08 s
# Direct N-body DKD
# arithmetic_dtype=double binary_storage=float32 format=nbody-f32-v1
# N=20000 nsteps=25 dt=0.0001 eps=0.050000000000000003 G=1 mass=1
Acceleration Kernel: t
# Step 	 Time 			 Kinetic 			 Potential 			 Total 			 Relative Energy Drift
0 	 0 	 58759436.184000514 	 -116582810.08669029 	 -57823373.902689777 	 0
25 0.0025000000000000001 58622235.411547296 -116445614.25392817 -57823378.842380874 8.5427237519159795e-08
# final: N=20000 steps=25 arithmetic_dtype=double max_relative_energy_drift=8.5427237519159795e-08 tolerance=0.001 status=OK

--- Performance Profiling Report ---
File Read       : 2.324665e-03 s
File Write      : 4.761711e-03 s
Total Run       : 6.516943e-01 s

--- Step Statistics (25 steps) ---
Total Step      		 Median; 5.543330e-01 s 		 Trimmed Mean: 5.542074e-01 s 		 Standard Deviation: 2.942885e-04 s
First Drift     		 Median; 2.151076e-05 s 		 Trimmed Mean: 2.154198e-05 s 		 Standard Deviation: 8.724214e-08 s
Compute Force   		 Median; 5.542114e-01 s 		 Trimmed Mean: 5.540821e-01 s 		 Standard Deviation: 2.975921e-04 s
Kick            		 Median; 4.404038e-05 s 		 Trimmed Mean: 4.389292e-05 s 		 Standard Deviation: 7.143886e-07 s
Second Drift    		 Median; 3.341027e-05 s 		 Trimmed Mean: 3.358238e-05 s 		 Standard Deviation: 5.655866e-07 s
