mkdir -p ./bins/
mkdir -p ./profilings/
./generate_initial_conditions --model 0 --n 100000 --seed 42 --output ./bins/test-aos.bin
for i in 1; do \
	./main --input ./bins/test-aos.bin --nsteps 10 --dt 1e-4 --eps 0.05 --energy-every 10 --output ./bins/n-aos.out --layout "aos" --kernel "n" --profiler 1  --profiler-path ./profilings/n-aos.txt --papi 1; \
	./main --input ./bins/test-aos.bin --nsteps 10 --dt 1e-4 --eps 0.05 --energy-every 10 --output ./bins/n-soa.out --layout "soa" --kernel "n" --profiler 1  --profiler-path ./profilings/n-soa.txt --papi 1; \
	./main --input ./bins/test-aos.bin --nsteps 10 --dt 1e-4 --eps 0.05 --energy-every 10 --output ./bins/r-aos.out --layout "aos" --kernel "t" --profiler 1  --profiler-path ./profilings/t-aos.txt --papi 1; \
	./main --input ./bins/test-aos.bin --nsteps 10 --dt 1e-4 --eps 0.05 --energy-every 10 --output ./bins/r-soa.out --layout "soa" --kernel "t" --profiler 1  --profiler-path ./profilings/t-soa.txt --papi 1; \
done
# Direct N-body DKD
# arithmetic_dtype=double binary_storage=float32 format=nbody-f32-v1
# N=100000 nsteps=10 dt=0.0001 eps=0.050000000000000003 G=1 mass=1
Acceleration Kernel: n
# Step 	 Time 			 Kinetic 			 Potential 			 Total 			 Relative Energy Drift
0 	 0 	 1469728487.1245484 	 -2934067449.2869787 	 -1464338962.1624303 	 0
10 0.001 1467380006.6462903 -2931718905.0463748 -1464338898.4000845 4.3543433206682826e-08
# final: N=100000 steps=10 arithmetic_dtype=double max_relative_energy_drift=4.3543433206682826e-08 tolerance=0.001 status=OK

--- Performance Profiling Report ---
File Read       : 4.079035e-03 s
File Write      : 4.672610e-03 s
Total Run       : 1.688177e+01 s

--- Step Statistics (10 steps) ---
Total Step      		 Median; 3.608475e+01 s 		 Trimmed Mean: 3.608463e+01 s 		 Standard Deviation: 1.844734e-03 s
First Drift     		 Median; 8.734083e-05 s 		 Trimmed Mean: 8.835574e-05 s 		 Standard Deviation: 2.134997e-06 s
Compute Force   		 Median; 3.608441e+01 s 		 Trimmed Mean: 3.608428e+01 s 		 Standard Deviation: 1.883576e-03 s
Kick            		 Median; 1.134858e-04 s 		 Trimmed Mean: 1.120685e-04 s 		 Standard Deviation: 8.672080e-06 s
Second Drift    		 Median; 8.618645e-05 s 		 Trimmed Mean: 8.613116e-05 s 		 Standard Deviation: 1.472138e-06 s
# Direct N-body DKD
# arithmetic_dtype=double binary_storage=float32 format=nbody-f32-v1
# N=100000 nsteps=10 dt=0.0001 eps=0.050000000000000003 G=1 mass=1
Acceleration Kernel: n
# Step 	 Time 			 Kinetic 			 Potential 			 Total 			 Relative Energy Drift
0 	 0 	 1469728487.1245484 	 -2934067449.2869787 	 -1464338962.1624303 	 0
10 0.001 1467380006.6462903 -2931718905.0463748 -1464338898.4000845 4.3543433206682826e-08
# final: N=100000 steps=10 arithmetic_dtype=double max_relative_energy_drift=4.3543433206682826e-08 tolerance=0.001 status=OK

--- Performance Profiling Report ---
File Read       : 3.534310e-03 s
File Write      : 4.913271e-03 s
Total Run       : 1.688022e+01 s

--- Step Statistics (10 steps) ---
Total Step      		 Median; 1.726351e+01 s 		 Trimmed Mean: 1.726346e+01 s 		 Standard Deviation: 1.469016e-03 s
First Drift     		 Median; 1.719608e-04 s 		 Trimmed Mean: 1.713363e-04 s 		 Standard Deviation: 3.827256e-06 s
Compute Force   		 Median; 1.726287e+01 s 		 Trimmed Mean: 1.726280e+01 s 		 Standard Deviation: 1.446886e-03 s
Kick            		 Median; 2.436023e-04 s 		 Trimmed Mean: 2.428708e-04 s 		 Standard Deviation: 3.415687e-06 s
Second Drift    		 Median; 1.953421e-04 s 		 Trimmed Mean: 1.958407e-04 s 		 Standard Deviation: 6.698875e-06 s
# Direct N-body DKD
# arithmetic_dtype=double binary_storage=float32 format=nbody-f32-v1
# N=100000 nsteps=10 dt=0.0001 eps=0.050000000000000003 G=1 mass=1
Acceleration Kernel: t
# Step 	 Time 			 Kinetic 			 Potential 			 Total 			 Relative Energy Drift
0 	 0 	 1469728487.1245484 	 -2934067449.2869787 	 -1464338962.1624303 	 0
10 0.001 1467380006.6462903 -2931718905.0463748 -1464338898.4000845 4.3543433206682826e-08
# final: N=100000 steps=10 arithmetic_dtype=double max_relative_energy_drift=4.3543433206682826e-08 tolerance=0.001 status=OK

--- Performance Profiling Report ---
File Read       : 4.363288e-03 s
File Write      : 3.986556e-03 s
Total Run       : 1.687302e+01 s

--- Step Statistics (10 steps) ---
Total Step      		 Median; 1.930711e+01 s 		 Trimmed Mean: 1.930951e+01 s 		 Standard Deviation: 5.311100e-03 s
First Drift     		 Median; 9.857025e-05 s 		 Trimmed Mean: 1.166122e-04 s 		 Standard Deviation: 2.788095e-05 s
Compute Force   		 Median; 1.930661e+01 s 		 Trimmed Mean: 1.930898e+01 s 		 Standard Deviation: 5.290373e-03 s
Kick            		 Median; 2.279570e-04 s 		 Trimmed Mean: 2.238733e-04 s 		 Standard Deviation: 1.382083e-05 s
Second Drift    		 Median; 1.382804e-04 s 		 Trimmed Mean: 1.528389e-04 s 		 Standard Deviation: 3.468974e-05 s
# Direct N-body DKD
# arithmetic_dtype=double binary_storage=float32 format=nbody-f32-v1
# N=100000 nsteps=10 dt=0.0001 eps=0.050000000000000003 G=1 mass=1
Acceleration Kernel: t
# Step 	 Time 			 Kinetic 			 Potential 			 Total 			 Relative Energy Drift
0 	 0 	 1469728487.1245484 	 -2934067449.2869787 	 -1464338962.1624303 	 0
10 0.001 1467380006.6462903 -2931718905.0463748 -1464338898.4000845 4.3543433206682826e-08
# final: N=100000 steps=10 arithmetic_dtype=double max_relative_energy_drift=4.3543433206682826e-08 tolerance=0.001 status=OK

--- Performance Profiling Report ---
File Read       : 3.630792e-03 s
File Write      : 4.041096e-03 s
Total Run       : 1.694119e+01 s

--- Step Statistics (10 steps) ---
Total Step      		 Median; 1.044147e+01 s 		 Trimmed Mean: 1.044072e+01 s 		 Standard Deviation: 1.435426e-02 s
First Drift     		 Median; 1.744875e-04 s 		 Trimmed Mean: 1.799711e-04 s 		 Standard Deviation: 1.556452e-05 s
Compute Force   		 Median; 1.044077e+01 s 		 Trimmed Mean: 1.044004e+01 s 		 Standard Deviation: 1.435466e-02 s
Kick            		 Median; 2.360283e-04 s 		 Trimmed Mean: 2.377973e-04 s 		 Standard Deviation: 2.700457e-06 s
Second Drift    		 Median; 2.130028e-04 s 		 Trimmed Mean: 2.130105e-04 s 		 Standard Deviation: 2.179029e-06 s
