cc -std=c11 -I/u/dssc/enricosavorgnan/opt/papi/include -DNBODY_USE_DOUBLE -O3 -march=native -Wall -Wextra -Wpedantic -flto -ffast-math -D_POSIX_C_SOURCE=199309L -DBLOCK_SIZE=128 -DUSE_PAPI -c main.c -o main.o
cc -std=c11 -I/u/dssc/enricosavorgnan/opt/papi/include -DNBODY_USE_DOUBLE -O3 -march=native -Wall -Wextra -Wpedantic -flto -ffast-math -D_POSIX_C_SOURCE=199309L -DBLOCK_SIZE=128 -DUSE_PAPI -c integration.c -o integration.o
cc -std=c11 -I/u/dssc/enricosavorgnan/opt/papi/include -DNBODY_USE_DOUBLE -O3 -march=native -Wall -Wextra -Wpedantic -flto -ffast-math -D_POSIX_C_SOURCE=199309L -DBLOCK_SIZE=128 -DUSE_PAPI -c particles.c -o particles.o
cc -std=c11 -I/u/dssc/enricosavorgnan/opt/papi/include -DNBODY_USE_DOUBLE -O3 -march=native -Wall -Wextra -Wpedantic -flto -ffast-math -D_POSIX_C_SOURCE=199309L -DBLOCK_SIZE=128 -DUSE_PAPI -c profiling.c -o profiling.o
cc -std=c11 -I/u/dssc/enricosavorgnan/opt/papi/include -DNBODY_USE_DOUBLE -O3 -march=native -Wall -Wextra -Wpedantic -flto -ffast-math -D_POSIX_C_SOURCE=199309L -DBLOCK_SIZE=128 -DUSE_PAPI -c utils.c -o utils.o
cc -std=c11 -O3 -march=native -Wall -Wextra -Wpedantic -flto -ffast-math -D_POSIX_C_SOURCE=199309L -DBLOCK_SIZE=128 -DUSE_PAPI -L/u/dssc/enricosavorgnan/opt/papi/lib -Wl,-rpath,/u/dssc/enricosavorgnan/opt/papi/lib -o main main.o integration.o particles.o profiling.o utils.o -lm -lpapi
cc -std=c11 -I/u/dssc/enricosavorgnan/opt/papi/include -DNBODY_USE_DOUBLE -O3 -march=native -Wall -Wextra -Wpedantic -flto -ffast-math -D_POSIX_C_SOURCE=199309L -DBLOCK_SIZE=128 -DUSE_PAPI -L/u/dssc/enricosavorgnan/opt/papi/lib -Wl,-rpath,/u/dssc/enricosavorgnan/opt/papi/lib -o generate_initial_conditions generate_initial_conditions.c -lm -lpapi
mkdir -p ./bins/
mkdir -p ./profilings/
./generate_initial_conditions --model 0 --n 100000 --seed 42 --output ./bins/test-aos.bin
for i in 1; do \
	./main --input ./bins/test-aos.bin --nsteps 10 --dt 1e-4 --eps 0.05 --energy-every 10 --output ./bins/n-aos.out --layout "aos" --kernel "n" --profiler 1  --profiler-path ./profilings/n-aos.txt --papi 1; \
	./main --input ./bins/test-aos.bin --nsteps 10 --dt 1e-4 --eps 0.05 --energy-every 10 --output ./bins/n-soa.out --layout "soa" --kernel "n" --profiler 1  --profiler-path ./profilings/n-soa.txt --papi 1; \
	./main --input ./bins/test-aos.bin --nsteps 10 --dt 1e-4 --eps 0.05 --energy-every 10 --output ./bins/r-aos.out --layout "aos" --kernel "t" --profiler 1  --profiler-path ./profilings/t-aos.txt --papi 1; \
	./main --input ./bins/test-aos.bin --nsteps 10 --dt 1e-4 --eps 0.05 --energy-every 10 --output ./bins/r-soa.out --layout "soa" --kernel "t" --profiler 1  --profiler-path ./profilings/t-soa.txt --papi 1; \
done
# Direct N-body DKD
# arithmetic_dtype=double binary_storage=float32 format=nbody-f32-v1
# N=100000 nsteps=10 dt=0.0001 eps=0.050000000000000003 G=1 mass=1
Acceleration Kernel: n
# Step 	 Time 			 Kinetic 			 Potential 			 Total 			 Relative Energy Drift
0 	 0 	 1469728487.124548 	 -2934067449.2881598 	 -1464338962.1636119 	 0
10 0.001 1467380006.6466022 -2931718905.0478668 -1464338898.4012647 4.3543434183546839e-08
# final: N=100000 steps=10 arithmetic_dtype=double max_relative_energy_drift=4.3543434183546839e-08 tolerance=0.001 status=OK

--- Performance Profiling Report ---
File Read       : 3.702645e-03 s
File Write      : 2.841839e-03 s
Total Run       : 1.628562e+01 s

--- Step Statistics (10 steps) ---
Total Step      		 Median; 3.388899e+01 s 		 Trimmed Mean: 3.389016e+01 s 		 Standard Deviation: 2.725269e-03 s
First Drift     		 Median; 8.481042e-05 s 		 Trimmed Mean: 8.581160e-05 s 		 Standard Deviation: 2.051969e-06 s
Compute Force   		 Median; 3.388871e+01 s 		 Trimmed Mean: 3.388987e+01 s 		 Standard Deviation: 2.727158e-03 s
Kick            		 Median; 8.345069e-05 s 		 Trimmed Mean: 8.342939e-05 s 		 Standard Deviation: 3.820642e-07 s
Second Drift    		 Median; 8.449610e-05 s 		 Trimmed Mean: 8.459052e-05 s 		 Standard Deviation: 4.351430e-07 s
# Direct N-body DKD
# arithmetic_dtype=double binary_storage=float32 format=nbody-f32-v1
# N=100000 nsteps=10 dt=0.0001 eps=0.050000000000000003 G=1 mass=1
Acceleration Kernel: n
# Step 	 Time 			 Kinetic 			 Potential 			 Total 			 Relative Energy Drift
0 	 0 	 1469728487.124548 	 -2934067449.2881598 	 -1464338962.1636119 	 0
10 0.001 1467380006.6466022 -2931718905.0478668 -1464338898.4012647 4.3543434183546839e-08
# final: N=100000 steps=10 arithmetic_dtype=double max_relative_energy_drift=4.3543434183546839e-08 tolerance=0.001 status=OK

--- Performance Profiling Report ---
File Read       : 2.920169e-03 s
File Write      : 2.832298e-03 s
Total Run       : 1.612359e+01 s

--- Step Statistics (10 steps) ---
Total Step      		 Median; 7.646515e+00 s 		 Trimmed Mean: 7.646559e+00 s 		 Standard Deviation: 8.560386e-04 s
First Drift     		 Median; 8.772081e-05 s 		 Trimmed Mean: 8.780824e-05 s 		 Standard Deviation: 2.576879e-07 s
Compute Force   		 Median; 7.646190e+00 s 		 Trimmed Mean: 7.646229e+00 s 		 Standard Deviation: 8.542043e-04 s
Kick            		 Median; 1.278110e-04 s 		 Trimmed Mean: 1.274823e-04 s 		 Standard Deviation: 1.406909e-06 s
Second Drift    		 Median; 8.818461e-05 s 		 Trimmed Mean: 8.815527e-05 s 		 Standard Deviation: 4.385437e-07 s
# Direct N-body DKD
# arithmetic_dtype=double binary_storage=float32 format=nbody-f32-v1
# N=100000 nsteps=10 dt=0.0001 eps=0.050000000000000003 G=1 mass=1
Acceleration Kernel: t
# Step 	 Time 			 Kinetic 			 Potential 			 Total 			 Relative Energy Drift
0 	 0 	 1469728487.124548 	 -2934067449.2881598 	 -1464338962.1636119 	 0
10 0.001 1467380006.6466022 -2931718905.0478668 -1464338898.4012647 4.3543434183546839e-08
# final: N=100000 steps=10 arithmetic_dtype=double max_relative_energy_drift=4.3543434183546839e-08 tolerance=0.001 status=OK

--- Performance Profiling Report ---
File Read       : 3.959425e-03 s
File Write      : 2.911022e-03 s
Total Run       : 1.627206e+01 s

--- Step Statistics (10 steps) ---
Total Step      		 Median; 1.721122e+01 s 		 Trimmed Mean: 1.733914e+01 s 		 Standard Deviation: 1.773128e-01 s
First Drift     		 Median; 8.607563e-05 s 		 Trimmed Mean: 8.701975e-05 s 		 Standard Deviation: 2.754016e-06 s
Compute Force   		 Median; 1.721085e+01 s 		 Trimmed Mean: 1.733875e+01 s 		 Standard Deviation: 1.773205e-01 s
Kick            		 Median; 1.812023e-04 s 		 Trimmed Mean: 1.801593e-04 s 		 Standard Deviation: 3.283779e-06 s
Second Drift    		 Median; 8.603511e-05 s 		 Trimmed Mean: 8.598040e-05 s 		 Standard Deviation: 7.822267e-07 s
# Direct N-body DKD
# arithmetic_dtype=double binary_storage=float32 format=nbody-f32-v1
# N=100000 nsteps=10 dt=0.0001 eps=0.050000000000000003 G=1 mass=1
Acceleration Kernel: t
# Step 	 Time 			 Kinetic 			 Potential 			 Total 			 Relative Energy Drift
0 	 0 	 1469728487.124548 	 -2934067449.2881598 	 -1464338962.1636119 	 0
10 0.001 1467380006.6466022 -2931718905.0478668 -1464338898.4012647 4.3543434183546839e-08
# final: N=100000 steps=10 arithmetic_dtype=double max_relative_energy_drift=4.3543434183546839e-08 tolerance=0.001 status=OK

--- Performance Profiling Report ---
File Read       : 2.848732e-03 s
File Write      : 2.739871e-03 s
Total Run       : 1.653403e+01 s

--- Step Statistics (10 steps) ---
Total Step      		 Median; 4.470596e+00 s 		 Trimmed Mean: 4.469819e+00 s 		 Standard Deviation: 3.294696e-03 s
First Drift     		 Median; 8.965563e-05 s 		 Trimmed Mean: 8.975947e-05 s 		 Standard Deviation: 4.078659e-07 s
Compute Force   		 Median; 4.470220e+00 s 		 Trimmed Mean: 4.469431e+00 s 		 Standard Deviation: 3.318669e-03 s
Kick            		 Median; 1.297011e-04 s 		 Trimmed Mean: 1.292297e-04 s 		 Standard Deviation: 4.009044e-06 s
Second Drift    		 Median; 1.308662e-04 s 		 Trimmed Mean: 1.315559e-04 s 		 Standard Deviation: 2.617445e-06 s
