mkdir -p ./bins/
mkdir -p ./profilings/
./generate_initial_conditions --model 0 --n 20000 --seed 42 --output ./bins/test-aos.bin
for i in 1; do \
	./main --input ./bins/test-aos.bin --nsteps 25 --dt 1e-4 --eps 0.05 --energy-every 25 --output ./bins/n-aos.out --layout "aos" --kernel "n" --profiler 1  --profiler-path ./profilings/n-aos.txt --papi 1; \
	./main --input ./bins/test-aos.bin --nsteps 25 --dt 1e-4 --eps 0.05 --energy-every 25 --output ./bins/n-soa.out --layout "soa" --kernel "n" --profiler 1  --profiler-path ./profilings/n-soa.txt --papi 1; \
	./main --input ./bins/test-aos.bin --nsteps 25 --dt 1e-4 --eps 0.05 --energy-every 25 --output ./bins/r-aos.out --layout "aos" --kernel "t" --profiler 1  --profiler-path ./profilings/t-aos.txt --papi 1; \
	./main --input ./bins/test-aos.bin --nsteps 25 --dt 1e-4 --eps 0.05 --energy-every 25 --output ./bins/r-soa.out --layout "soa" --kernel "t" --profiler 1  --profiler-path ./profilings/t-soa.txt --papi 1; \
done
# Direct N-body DKD
# arithmetic_dtype=double binary_storage=float32 format=nbody-f32-v1
# N=20000 nsteps=25 dt=0.0001 eps=0.050000000000000003 G=1 mass=1
Acceleration Kernel: n
# Step 	 Time 			 Kinetic 			 Potential 			 Total 			 Relative Energy Drift
0 	 0 	 58759436.184000514 	 -116582810.08669029 	 -57823373.902689777 	 0
25 0.0025000000000000001 58622235.411547296 -116445614.25392817 -57823378.842380874 8.5427237519159795e-08
# final: N=20000 steps=25 arithmetic_dtype=double max_relative_energy_drift=8.5427237519159795e-08 tolerance=0.001 status=OK

--- Performance Profiling Report ---
File Read       : 8.686688e-04 s
File Write      : 2.883320e-03 s
Total Run       : 6.511551e-01 s

--- Step Statistics (25 steps) ---
Total Step      		 Median; 1.363587e+00 s 		 Trimmed Mean: 1.363622e+00 s 		 Standard Deviation: 3.938416e-04 s
First Drift     		 Median; 1.753960e-05 s 		 Trimmed Mean: 1.774263e-05 s 		 Standard Deviation: 3.410924e-07 s
Compute Force   		 Median; 1.363494e+00 s 		 Trimmed Mean: 1.363538e+00 s 		 Standard Deviation: 3.896239e-04 s
Kick            		 Median; 1.725927e-05 s 		 Trimmed Mean: 1.724051e-05 s 		 Standard Deviation: 2.722618e-07 s
Second Drift    		 Median; 1.764949e-05 s 		 Trimmed Mean: 1.775394e-05 s 		 Standard Deviation: 2.888042e-07 s
# Direct N-body DKD
# arithmetic_dtype=double binary_storage=float32 format=nbody-f32-v1
# N=20000 nsteps=25 dt=0.0001 eps=0.050000000000000003 G=1 mass=1
Acceleration Kernel: n
# Step 	 Time 			 Kinetic 			 Potential 			 Total 			 Relative Energy Drift
0 	 0 	 58759436.184000514 	 -116582810.08669029 	 -57823373.902689777 	 0
25 0.0025000000000000001 58622235.411547296 -116445614.25392817 -57823378.842380874 8.5427237519159795e-08
# final: N=20000 steps=25 arithmetic_dtype=double max_relative_energy_drift=8.5427237519159795e-08 tolerance=0.001 status=OK

--- Performance Profiling Report ---
File Read       : 7.916782e-04 s
File Write      : 7.437481e-03 s
Total Run       : 6.501969e-01 s

--- Step Statistics (25 steps) ---
Total Step      		 Median; 1.396356e+00 s 		 Trimmed Mean: 1.396480e+00 s 		 Standard Deviation: 3.910402e-04 s
First Drift     		 Median; 2.156012e-05 s 		 Trimmed Mean: 2.158775e-05 s 		 Standard Deviation: 6.993419e-08 s
Compute Force   		 Median; 1.396251e+00 s 		 Trimmed Mean: 1.396364e+00 s 		 Standard Deviation: 3.816249e-04 s
Kick            		 Median; 4.255958e-05 s 		 Trimmed Mean: 4.273866e-05 s 		 Standard Deviation: 5.775284e-07 s
Second Drift    		 Median; 2.184976e-05 s 		 Trimmed Mean: 2.193801e-05 s 		 Standard Deviation: 1.788102e-07 s
# Direct N-body DKD
# arithmetic_dtype=double binary_storage=float32 format=nbody-f32-v1
# N=20000 nsteps=25 dt=0.0001 eps=0.050000000000000003 G=1 mass=1
Acceleration Kernel: t
# Step 	 Time 			 Kinetic 			 Potential 			 Total 			 Relative Energy Drift
0 	 0 	 58759436.184000514 	 -116582810.08669029 	 -57823373.902689777 	 0
25 0.0025000000000000001 58622235.411547296 -116445614.25392817 -57823378.842380874 8.5427237519159795e-08
# final: N=20000 steps=25 arithmetic_dtype=double max_relative_energy_drift=8.5427237519159795e-08 tolerance=0.001 status=OK

--- Performance Profiling Report ---
File Read       : 2.421916e-03 s
File Write      : 6.543149e-01 s
Total Run       : 6.524107e-01 s

--- Step Statistics (25 steps) ---
Total Step      		 Median; 7.488718e-01 s 		 Trimmed Mean: 7.488698e-01 s 		 Standard Deviation: 3.332697e-04 s
First Drift     		 Median; 1.838990e-05 s 		 Trimmed Mean: 1.865643e-05 s 		 Standard Deviation: 1.128079e-06 s
Compute Force   		 Median; 7.487770e-01 s 		 Trimmed Mean: 7.487723e-01 s 		 Standard Deviation: 3.350320e-04 s
Kick            		 Median; 3.589038e-05 s 		 Trimmed Mean: 3.582270e-05 s 		 Standard Deviation: 5.089355e-07 s
Second Drift    		 Median; 1.833960e-05 s 		 Trimmed Mean: 1.833308e-05 s 		 Standard Deviation: 6.823306e-08 s
# Direct N-body DKD
# arithmetic_dtype=double binary_storage=float32 format=nbody-f32-v1
# N=20000 nsteps=25 dt=0.0001 eps=0.050000000000000003 G=1 mass=1
Acceleration Kernel: t
# Step 	 Time 			 Kinetic 			 Potential 			 Total 			 Relative Energy Drift
0 	 0 	 58759436.184000514 	 -116582810.08669029 	 -57823373.902689777 	 0
25 0.0025000000000000001 58622235.411547296 -116445614.25392817 -57823378.842380874 8.5427237519159795e-08
# final: N=20000 steps=25 arithmetic_dtype=double max_relative_energy_drift=8.5427237519159795e-08 tolerance=0.001 status=OK

--- Performance Profiling Report ---
File Read       : 8.014590e-04 s
File Write      : 3.666709e-01 s
Total Run       : 6.477402e-01 s

--- Step Statistics (25 steps) ---
Total Step      		 Median; 5.527156e-01 s 		 Trimmed Mean: 5.527268e-01 s 		 Standard Deviation: 1.249261e-04 s
First Drift     		 Median; 2.157036e-05 s 		 Trimmed Mean: 2.158198e-05 s 		 Standard Deviation: 6.138164e-08 s
Compute Force   		 Median; 5.525881e-01 s 		 Trimmed Mean: 5.526030e-01 s 		 Standard Deviation: 1.230386e-04 s
Kick            		 Median; 4.277937e-05 s 		 Trimmed Mean: 4.221481e-05 s 		 Standard Deviation: 2.407335e-06 s
Second Drift    		 Median; 3.247056e-05 s 		 Trimmed Mean: 3.266414e-05 s 		 Standard Deviation: 5.115661e-07 s
