cc -std=c11 -I/u/dssc/enricosavorgnan/opt/papi/include -DNBODY_USE_DOUBLE -O3 -march=native -Wall -Wextra -Wpedantic -flto -D_POSIX_C_SOURCE=199309L -DBLOCK_SIZE=128 -DUSE_PAPI -c main.c -o main.o
cc -std=c11 -I/u/dssc/enricosavorgnan/opt/papi/include -DNBODY_USE_DOUBLE -O3 -march=native -Wall -Wextra -Wpedantic -flto -D_POSIX_C_SOURCE=199309L -DBLOCK_SIZE=128 -DUSE_PAPI -c integration.c -o integration.o
cc -std=c11 -I/u/dssc/enricosavorgnan/opt/papi/include -DNBODY_USE_DOUBLE -O3 -march=native -Wall -Wextra -Wpedantic -flto -D_POSIX_C_SOURCE=199309L -DBLOCK_SIZE=128 -DUSE_PAPI -c particles.c -o particles.o
cc -std=c11 -I/u/dssc/enricosavorgnan/opt/papi/include -DNBODY_USE_DOUBLE -O3 -march=native -Wall -Wextra -Wpedantic -flto -D_POSIX_C_SOURCE=199309L -DBLOCK_SIZE=128 -DUSE_PAPI -c profiling.c -o profiling.o
cc -std=c11 -I/u/dssc/enricosavorgnan/opt/papi/include -DNBODY_USE_DOUBLE -O3 -march=native -Wall -Wextra -Wpedantic -flto -D_POSIX_C_SOURCE=199309L -DBLOCK_SIZE=128 -DUSE_PAPI -c utils.c -o utils.o
cc -std=c11 -O3 -march=native -Wall -Wextra -Wpedantic -flto -D_POSIX_C_SOURCE=199309L -DBLOCK_SIZE=128 -DUSE_PAPI -L/u/dssc/enricosavorgnan/opt/papi/lib -Wl,-rpath,/u/dssc/enricosavorgnan/opt/papi/lib -o main main.o integration.o particles.o profiling.o utils.o -lm -lpapi
cc -std=c11 -I/u/dssc/enricosavorgnan/opt/papi/include -DNBODY_USE_DOUBLE -O3 -march=native -Wall -Wextra -Wpedantic -flto -D_POSIX_C_SOURCE=199309L -DBLOCK_SIZE=128 -DUSE_PAPI -L/u/dssc/enricosavorgnan/opt/papi/lib -Wl,-rpath,/u/dssc/enricosavorgnan/opt/papi/lib -o generate_initial_conditions generate_initial_conditions.c -lm -lpapi
mkdir -p ./bins/
mkdir -p ./profilings/
./generate_initial_conditions --model 0 --n 100000 --seed 42 --output ./bins/test-aos.bin
for i in 1; do \
	./main --input ./bins/test-aos.bin --nsteps 10 --dt 1e-4 --eps 0.05 --energy-every 10 --output ./bins/n-aos.out --layout "aos" --kernel "n" --profiler 1  --profiler-path ./profilings/n-aos.txt --papi 1; \
	./main --input ./bins/test-aos.bin --nsteps 10 --dt 1e-4 --eps 0.05 --energy-every 10 --output ./bins/n-soa.out --layout "soa" --kernel "n" --profiler 1  --profiler-path ./profilings/n-soa.txt --papi 1; \
	./main --input ./bins/test-aos.bin --nsteps 10 --dt 1e-4 --eps 0.05 --energy-every 10 --output ./bins/r-aos.out --layout "aos" --kernel "t" --profiler 1  --profiler-path ./profilings/t-aos.txt --papi 1; \
	./main --input ./bins/test-aos.bin --nsteps 10 --dt 1e-4 --eps 0.05 --energy-every 10 --output ./bins/r-soa.out --layout "soa" --kernel "t" --profiler 1  --profiler-path ./profilings/t-soa.txt --papi 1; \
done
# Direct N-body DKD
# arithmetic_dtype=double binary_storage=float32 format=nbody-f32-v1
# N=100000 nsteps=10 dt=0.0001 eps=0.050000000000000003 G=1 mass=1
Acceleration Kernel: n
# Step 	 Time 			 Kinetic 			 Potential 			 Total 			 Relative Energy Drift
0 	 0 	 1469728487.1245484 	 -2934067449.2869787 	 -1464338962.1624303 	 0
10 0.001 1467380006.6462903 -2931718905.0463748 -1464338898.4000845 4.3543433206682826e-08
# final: N=100000 steps=10 arithmetic_dtype=double max_relative_energy_drift=4.3543433206682826e-08 tolerance=0.001 status=OK

--- Performance Profiling Report ---
File Read       : 3.719097e-03 s
File Write      : 3.141070e-03 s
Total Run       : 1.635292e+01 s

--- Step Statistics (10 steps) ---
Total Step      		 Median; 3.490390e+01 s 		 Trimmed Mean: 3.490369e+01 s 		 Standard Deviation: 9.268545e-04 s
First Drift     		 Median; 1.145015e-04 s 		 Trimmed Mean: 1.133560e-04 s 		 Standard Deviation: 4.410221e-06 s
Compute Force   		 Median; 3.490350e+01 s 		 Trimmed Mean: 3.490331e+01 s 		 Standard Deviation: 9.260654e-04 s
Kick            		 Median; 1.199567e-04 s 		 Trimmed Mean: 1.206269e-04 s 		 Standard Deviation: 2.939581e-06 s
Second Drift    		 Median; 1.123566e-04 s 		 Trimmed Mean: 1.118917e-04 s 		 Standard Deviation: 3.724664e-06 s
# Direct N-body DKD
# arithmetic_dtype=double binary_storage=float32 format=nbody-f32-v1
# N=100000 nsteps=10 dt=0.0001 eps=0.050000000000000003 G=1 mass=1
Acceleration Kernel: n
# Step 	 Time 			 Kinetic 			 Potential 			 Total 			 Relative Energy Drift
0 	 0 	 1469728487.1245484 	 -2934067449.2869787 	 -1464338962.1624303 	 0
10 0.001 1467380006.6462903 -2931718905.0463748 -1464338898.4000845 4.3543433206682826e-08
# final: N=100000 steps=10 arithmetic_dtype=double max_relative_energy_drift=4.3543433206682826e-08 tolerance=0.001 status=OK

--- Performance Profiling Report ---
File Read       : 3.074319e-03 s
File Write      : 2.947868e-03 s
Total Run       : 1.630569e+01 s

--- Step Statistics (10 steps) ---
Total Step      		 Median; 1.668758e+01 s 		 Trimmed Mean: 1.668787e+01 s 		 Standard Deviation: 1.142323e-03 s
First Drift     		 Median; 1.640520e-04 s 		 Trimmed Mean: 1.645334e-04 s 		 Standard Deviation: 1.871416e-06 s
Compute Force   		 Median; 1.668701e+01 s 		 Trimmed Mean: 1.668730e+01 s 		 Standard Deviation: 1.139302e-03 s
Kick            		 Median; 1.887865e-04 s 		 Trimmed Mean: 1.894798e-04 s 		 Standard Deviation: 3.991434e-06 s
Second Drift    		 Median; 1.742220e-04 s 		 Trimmed Mean: 1.744422e-04 s 		 Standard Deviation: 4.602935e-06 s
# Direct N-body DKD
# arithmetic_dtype=double binary_storage=float32 format=nbody-f32-v1
# N=100000 nsteps=10 dt=0.0001 eps=0.050000000000000003 G=1 mass=1
Acceleration Kernel: t
# Step 	 Time 			 Kinetic 			 Potential 			 Total 			 Relative Energy Drift
0 	 0 	 1469728487.1245484 	 -2934067449.2869787 	 -1464338962.1624303 	 0
10 0.001 1467380006.6462903 -2931718905.0463748 -1464338898.4000845 4.3543433206682826e-08
# final: N=100000 steps=10 arithmetic_dtype=double max_relative_energy_drift=4.3543433206682826e-08 tolerance=0.001 status=OK

--- Performance Profiling Report ---
File Read       : 3.836408e-03 s
File Write      : 2.964438e-03 s
Total Run       : 1.633015e+01 s

--- Step Statistics (10 steps) ---
Total Step      		 Median; 1.871175e+01 s 		 Trimmed Mean: 1.870788e+01 s 		 Standard Deviation: 7.099263e-03 s
First Drift     		 Median; 1.593330e-04 s 		 Trimmed Mean: 1.569798e-04 s 		 Standard Deviation: 6.487584e-06 s
Compute Force   		 Median; 1.871120e+01 s 		 Trimmed Mean: 1.870733e+01 s 		 Standard Deviation: 7.083339e-03 s
Kick            		 Median; 1.815930e-04 s 		 Trimmed Mean: 1.847188e-04 s 		 Standard Deviation: 8.040748e-06 s
Second Drift    		 Median; 1.553018e-04 s 		 Trimmed Mean: 1.554858e-04 s 		 Standard Deviation: 6.403858e-06 s
# Direct N-body DKD
# arithmetic_dtype=double binary_storage=float32 format=nbody-f32-v1
# N=100000 nsteps=10 dt=0.0001 eps=0.050000000000000003 G=1 mass=1
Acceleration Kernel: t
# Step 	 Time 			 Kinetic 			 Potential 			 Total 			 Relative Energy Drift
0 	 0 	 1469728487.1245484 	 -2934067449.2869787 	 -1464338962.1624303 	 0
10 0.001 1467380006.6462903 -2931718905.0463748 -1464338898.4000845 4.3543433206682826e-08
# final: N=100000 steps=10 arithmetic_dtype=double max_relative_energy_drift=4.3543433206682826e-08 tolerance=0.001 status=OK

--- Performance Profiling Report ---
File Read       : 3.384124e-03 s
File Write      : 3.597356e-03 s
Total Run       : 1.630753e+01 s

--- Step Statistics (10 steps) ---
Total Step      		 Median; 1.009804e+01 s 		 Trimmed Mean: 1.009806e+01 s 		 Standard Deviation: 7.710502e-04 s
First Drift     		 Median; 1.704865e-04 s 		 Trimmed Mean: 1.701220e-04 s 		 Standard Deviation: 3.682313e-06 s
Compute Force   		 Median; 1.009740e+01 s 		 Trimmed Mean: 1.009740e+01 s 		 Standard Deviation: 7.568370e-04 s
Kick            		 Median; 2.354034e-04 s 		 Trimmed Mean: 2.370782e-04 s 		 Standard Deviation: 7.397176e-06 s
Second Drift    		 Median; 2.095778e-04 s 		 Trimmed Mean: 2.079863e-04 s 		 Standard Deviation: 5.053877e-06 s
