rm -f main generate_initial_conditions *.o *.bin
rm -r ./bins/
cc -std=c11 -I/u/dssc/enricosavorgnan/opt/papi/include -DNBODY_USE_DOUBLE -O3 -march=native -Wall -Wextra -Wpedantic -flto -D_POSIX_C_SOURCE=199309L -DBLOCK_SIZE=128 -DN_RSQRT_LOOP=3 -DUSE_PAPI -L/u/dssc/enricosavorgnan/opt/papi/lib -Wl,-rpath,/u/dssc/enricosavorgnan/opt/papi/lib -o generate_initial_conditions generate_initial_conditions.c -lm -lpapi
mkdir -p ./bins/test-rsqrt/
mkdir -p ./profilings/test-rsqrt/
./generate_initial_conditions --model 0 --n 100000 --seed 42 --output ./bins/test-rsqrt.bin
for i in 1; do \
	make clean all N_RSQRT_LOOP=$i; \
	for j in 1; do \
		./main --input ./bins/test-rsqrt.bin --nsteps 10 --dt 1e-4 --eps 0.05 --energy-every 10 --output ./bins/test-rsqrt/n_$i.out --kernel n  --profiler 1 --papi 1 --profiler-path ./profilings/test-rsqrt/n_$i.txt; \
		./main --input ./bins/test-rsqrt.bin --nsteps 10 --dt 1e-4 --eps 0.05 --energy-every 10 --output ./bins/test-rsqrt/r_$i.out --kernel r  --profiler 1 --papi 1 --profiler-path ./profilings/test-rsqrt/r_$i.txt; \
		./main --input ./bins/test-rsqrt.bin --nsteps 10 --dt 1e-4 --eps 0.05 --energy-every 10 --output ./bins/test-rsqrt/rt_$i.out --kernel rt --profiler 1 --papi 1 --profiler-path ./profilings/test-rsqrt/rt_$i.txt; \
	done \
done
make[1]: Entering directory '/orfeo/cephfs/scratch/dssc/enricosavorgnan/2026-nbody/experiments/rsqrt-impact'
rm -f main generate_initial_conditions *.o *.bin
cc -std=c11 -I/u/dssc/enricosavorgnan/opt/papi/include -DNBODY_USE_DOUBLE -O3 -march=native -Wall -Wextra -Wpedantic -flto -D_POSIX_C_SOURCE=199309L -DBLOCK_SIZE=128 -DN_RSQRT_LOOP=1 -DUSE_PAPI -c main.c -o main.o
cc -std=c11 -I/u/dssc/enricosavorgnan/opt/papi/include -DNBODY_USE_DOUBLE -O3 -march=native -Wall -Wextra -Wpedantic -flto -D_POSIX_C_SOURCE=199309L -DBLOCK_SIZE=128 -DN_RSQRT_LOOP=1 -DUSE_PAPI -c integration.c -o integration.o
cc -std=c11 -I/u/dssc/enricosavorgnan/opt/papi/include -DNBODY_USE_DOUBLE -O3 -march=native -Wall -Wextra -Wpedantic -flto -D_POSIX_C_SOURCE=199309L -DBLOCK_SIZE=128 -DN_RSQRT_LOOP=1 -DUSE_PAPI -c particles.c -o particles.o
cc -std=c11 -I/u/dssc/enricosavorgnan/opt/papi/include -DNBODY_USE_DOUBLE -O3 -march=native -Wall -Wextra -Wpedantic -flto -D_POSIX_C_SOURCE=199309L -DBLOCK_SIZE=128 -DN_RSQRT_LOOP=1 -DUSE_PAPI -c profiling.c -o profiling.o
cc -std=c11 -I/u/dssc/enricosavorgnan/opt/papi/include -DNBODY_USE_DOUBLE -O3 -march=native -Wall -Wextra -Wpedantic -flto -D_POSIX_C_SOURCE=199309L -DBLOCK_SIZE=128 -DN_RSQRT_LOOP=1 -DUSE_PAPI -c utils.c -o utils.o
cc -std=c11 -O3 -march=native -Wall -Wextra -Wpedantic -flto -D_POSIX_C_SOURCE=199309L -DBLOCK_SIZE=128 -DN_RSQRT_LOOP=1 -DUSE_PAPI -L/u/dssc/enricosavorgnan/opt/papi/lib -Wl,-rpath,/u/dssc/enricosavorgnan/opt/papi/lib -o main main.o integration.o particles.o profiling.o utils.o -lm -lpapi
cc -std=c11 -I/u/dssc/enricosavorgnan/opt/papi/include -DNBODY_USE_DOUBLE -O3 -march=native -Wall -Wextra -Wpedantic -flto -D_POSIX_C_SOURCE=199309L -DBLOCK_SIZE=128 -DN_RSQRT_LOOP=1 -DUSE_PAPI -L/u/dssc/enricosavorgnan/opt/papi/lib -Wl,-rpath,/u/dssc/enricosavorgnan/opt/papi/lib -o generate_initial_conditions generate_initial_conditions.c -lm -lpapi
make[1]: Leaving directory '/orfeo/cephfs/scratch/dssc/enricosavorgnan/2026-nbody/experiments/rsqrt-impact'
# Direct N-body DKD
# arithmetic_dtype=double binary_storage=float32 format=nbody-f32-v1
# N=100000 nsteps=10 dt=0.0001 eps=0.050000000000000003 G=1 mass=1
Acceleration Kernel: n
# Step 	 Time 			 Kinetic 			 Potential 			 Total 			 Relative Energy Drift
0 	 0 	 1469728487.1245484 	 -2934067449.2869787 	 -1464338962.1624303 	 0
10 0.001 1467380006.6462903 -2931718905.0463748 -1464338898.4000845 4.3543433206682826e-08
# final: N=100000 steps=10 arithmetic_dtype=double max_relative_energy_drift=4.3543433206682826e-08 tolerance=0.001 status=OK

--- Performance Profiling Report ---
File Read       : 2.797413e-03 s
File Write      : 6.461857e-03 s
Total Run       : 1.630612e+01 s

--- Step Statistics (10 steps) ---
Total Step      		 Median; 7.713333e+00 s 		 Trimmed Mean: 7.713262e+00 s 		 Standard Deviation: 8.700456e-04 s
First Drift     		 Median; 1.179059e-04 s 		 Trimmed Mean: 1.179974e-04 s 		 Standard Deviation: 2.277968e-07 s
Compute Force   		 Median; 7.712906e+00 s 		 Trimmed Mean: 7.712824e+00 s 		 Standard Deviation: 8.437390e-04 s
Kick            		 Median; 1.465771e-04 s 		 Trimmed Mean: 1.468267e-04 s 		 Standard Deviation: 2.975957e-06 s
Second Drift    		 Median; 1.191264e-04 s 		 Trimmed Mean: 1.203871e-04 s 		 Standard Deviation: 2.120828e-06 s
# Direct N-body DKD
# arithmetic_dtype=double binary_storage=float32 format=nbody-f32-v1
# N=100000 nsteps=10 dt=0.0001 eps=0.050000000000000003 G=1 mass=1
Acceleration Kernel: r
# Step 	 Time 			 Kinetic 			 Potential 			 Total 			 Relative Energy Drift
0 	 0 	 1469728487.1245484 	 -2934067449.2869787 	 -1464338962.1624303 	 0
10 0.001 1467284903.1161692 -2931616931.368227 -1464332028.2520578 4.735181233077451e-06
# final: N=100000 steps=10 arithmetic_dtype=double max_relative_energy_drift=4.735181233077451e-06 tolerance=0.001 status=OK

--- Performance Profiling Report ---
File Read       : 2.953785e-03 s
File Write      : 2.787262e-03 s
Total Run       : 1.632103e+01 s

--- Step Statistics (10 steps) ---
Total Step      		 Median; 5.204941e+00 s 		 Trimmed Mean: 5.205051e+00 s 		 Standard Deviation: 3.286539e-04 s
First Drift     		 Median; 1.182915e-04 s 		 Trimmed Mean: 1.189791e-04 s 		 Standard Deviation: 2.035046e-06 s
Compute Force   		 Median; 5.204514e+00 s 		 Trimmed Mean: 5.204615e+00 s 		 Standard Deviation: 3.290085e-04 s
Kick            		 Median; 1.627365e-04 s 		 Trimmed Mean: 1.641758e-04 s 		 Standard Deviation: 5.304342e-06 s
Second Drift    		 Median; 1.188414e-04 s 		 Trimmed Mean: 1.188290e-04 s 		 Standard Deviation: 2.997372e-07 s
# Direct N-body DKD
# arithmetic_dtype=double binary_storage=float32 format=nbody-f32-v1
# N=100000 nsteps=10 dt=0.0001 eps=0.050000000000000003 G=1 mass=1
Acceleration Kernel: rt
# Step 	 Time 			 Kinetic 			 Potential 			 Total 			 Relative Energy Drift
0 	 0 	 1469728487.1245484 	 -2934067449.2869787 	 -1464338962.1624303 	 0
10 0.001 1467284903.1161692 -2931616931.368227 -1464332028.2520578 4.735181233077451e-06
# final: N=100000 steps=10 arithmetic_dtype=double max_relative_energy_drift=4.735181233077451e-06 tolerance=0.001 status=OK

--- Performance Profiling Report ---
File Read       : 2.942636e-03 s
File Write      : 2.869864e-03 s
Total Run       : 1.632404e+01 s

--- Step Statistics (10 steps) ---
Total Step      		 Median; 8.595571e+00 s 		 Trimmed Mean: 8.595385e+00 s 		 Standard Deviation: 5.918071e-04 s
First Drift     		 Median; 1.195213e-04 s 		 Trimmed Mean: 1.216584e-04 s 		 Standard Deviation: 2.985150e-06 s
Compute Force   		 Median; 8.595071e+00 s 		 Trimmed Mean: 8.594860e+00 s 		 Standard Deviation: 5.768499e-04 s
Kick            		 Median; 1.884722e-04 s 		 Trimmed Mean: 1.886509e-04 s 		 Standard Deviation: 1.953571e-06 s
Second Drift    		 Median; 1.608124e-04 s 		 Trimmed Mean: 1.619521e-04 s 		 Standard Deviation: 2.169108e-06 s
