rm -f main generate_initial_conditions *.o *.bin
rm -r ./bins/
rm -r ./profilings/
cc -std=c11 -I/u/dssc/enricosavorgnan/opt/papi/include -DNBODY_USE_DOUBLE -O3 -march=native -Wall -Wextra -Wpedantic -flto -D_POSIX_C_SOURCE=199309L -DBLOCK_SIZE=128 -DN_RSQRT_LOOP=3 -DUSE_PAPI -L/u/dssc/enricosavorgnan/opt/papi/lib -Wl,-rpath,/u/dssc/enricosavorgnan/opt/papi/lib -o generate_initial_conditions generate_initial_conditions.c -lm -lpapi
mkdir -p ./bins/test-rsqrt/
mkdir -p ./profilings/test-rsqrt/
./generate_initial_conditions --model 0 --n 20000 --seed 42 --output ./bins/test-rsqrt.bin
for i in 1 2 3 4; do \
	make clean all N_RSQRT_LOOP=$i; \
	for j in 1 2 3 4 5; do \
		./main --input ./bins/test-rsqrt.bin --nsteps 10 --dt 1e-4 --eps 0.05 --energy-every 10 --output ./bins/test-rsqrt/n_$i.out --kernel n  --profiler 1 --papi 1 --profiler-path ./profilings/test-rsqrt/n_$i.txt; \
		./main --input ./bins/test-rsqrt.bin --nsteps 10 --dt 1e-4 --eps 0.05 --energy-every 10 --output ./bins/test-rsqrt/r_$i.out --kernel r  --profiler 1 --papi 1 --profiler-path ./profilings/test-rsqrt/r_$i.txt; \
		./main --input ./bins/test-rsqrt.bin --nsteps 10 --dt 1e-4 --eps 0.05 --energy-every 10 --output ./bins/test-rsqrt/rt_$i.out --kernel rt --profiler 1 --papi 1 --profiler-path ./profilings/test-rsqrt/rt_$i.txt; \
	done \
done
make[1]: Entering directory '/orfeo/cephfs/scratch/dssc/enricosavorgnan/2026-nbody/experiments/rsqrt-impact'
rm -f main generate_initial_conditions *.o *.bin
cc -std=c11 -I/u/dssc/enricosavorgnan/opt/papi/include -DNBODY_USE_DOUBLE -O3 -march=native -Wall -Wextra -Wpedantic -flto -D_POSIX_C_SOURCE=199309L -DBLOCK_SIZE=128 -DN_RSQRT_LOOP=1 -DUSE_PAPI -c main.c -o main.o
cc -std=c11 -I/u/dssc/enricosavorgnan/opt/papi/include -DNBODY_USE_DOUBLE -O3 -march=native -Wall -Wextra -Wpedantic -flto -D_POSIX_C_SOURCE=199309L -DBLOCK_SIZE=128 -DN_RSQRT_LOOP=1 -DUSE_PAPI -c integration.c -o integration.o
cc -std=c11 -I/u/dssc/enricosavorgnan/opt/papi/include -DNBODY_USE_DOUBLE -O3 -march=native -Wall -Wextra -Wpedantic -flto -D_POSIX_C_SOURCE=199309L -DBLOCK_SIZE=128 -DN_RSQRT_LOOP=1 -DUSE_PAPI -c particles.c -o particles.o
cc -std=c11 -I/u/dssc/enricosavorgnan/opt/papi/include -DNBODY_USE_DOUBLE -O3 -march=native -Wall -Wextra -Wpedantic -flto -D_POSIX_C_SOURCE=199309L -DBLOCK_SIZE=128 -DN_RSQRT_LOOP=1 -DUSE_PAPI -c profiling.c -o profiling.o
cc -std=c11 -I/u/dssc/enricosavorgnan/opt/papi/include -DNBODY_USE_DOUBLE -O3 -march=native -Wall -Wextra -Wpedantic -flto -D_POSIX_C_SOURCE=199309L -DBLOCK_SIZE=128 -DN_RSQRT_LOOP=1 -DUSE_PAPI -c utils.c -o utils.o
cc -std=c11 -O3 -march=native -Wall -Wextra -Wpedantic -flto -D_POSIX_C_SOURCE=199309L -DBLOCK_SIZE=128 -DN_RSQRT_LOOP=1 -DUSE_PAPI -L/u/dssc/enricosavorgnan/opt/papi/lib -Wl,-rpath,/u/dssc/enricosavorgnan/opt/papi/lib -o main main.o integration.o particles.o profiling.o utils.o -lm -lpapi
cc -std=c11 -I/u/dssc/enricosavorgnan/opt/papi/include -DNBODY_USE_DOUBLE -O3 -march=native -Wall -Wextra -Wpedantic -flto -D_POSIX_C_SOURCE=199309L -DBLOCK_SIZE=128 -DN_RSQRT_LOOP=1 -DUSE_PAPI -L/u/dssc/enricosavorgnan/opt/papi/lib -Wl,-rpath,/u/dssc/enricosavorgnan/opt/papi/lib -o generate_initial_conditions generate_initial_conditions.c -lm -lpapi
make[1]: Leaving directory '/orfeo/cephfs/scratch/dssc/enricosavorgnan/2026-nbody/experiments/rsqrt-impact'
# Direct N-body DKD
# arithmetic_dtype=double binary_storage=float32 format=nbody-f32-v1
# N=20000 nsteps=10 dt=0.0001 eps=0.050000000000000003 G=1 mass=1
Acceleration Kernel: n
# Step 	 Time 			 Kinetic 			 Potential 			 Total 			 Relative Energy Drift
0 	 0 	 58759436.184000514 	 -116582810.08669029 	 -57823373.902689777 	 0
10 0.001 58708513.373754002 -116531894.50229046 -57823381.128536455 1.2496411382322409e-07
# final: N=20000 steps=10 arithmetic_dtype=double max_relative_energy_drift=1.2496411382322409e-07 tolerance=0.001 status=OK

--- Performance Profiling Report ---
File Read       : 5.956087e-04 s
File Write      : 9.613140e-04 s
Total Run       : 6.508047e-01 s

--- Step Statistics (10 steps) ---
Total Step      		 Median; 3.079518e-01 s 		 Trimmed Mean: 3.079686e-01 s 		 Standard Deviation: 7.743107e-05 s
First Drift     		 Median; 2.130074e-05 s 		 Trimmed Mean: 2.144638e-05 s 		 Standard Deviation: 3.079586e-07 s
Compute Force   		 Median; 3.078503e-01 s 		 Trimmed Mean: 3.078666e-01 s 		 Standard Deviation: 7.934101e-05 s
Kick            		 Median; 3.377488e-05 s 		 Trimmed Mean: 3.384147e-05 s 		 Standard Deviation: 4.761600e-07 s
Second Drift    		 Median; 2.154056e-05 s 		 Trimmed Mean: 2.162415e-05 s 		 Standard Deviation: 1.299243e-07 s
# Direct N-body DKD
# arithmetic_dtype=double binary_storage=float32 format=nbody-f32-v1
# N=20000 nsteps=10 dt=0.0001 eps=0.050000000000000003 G=1 mass=1
Acceleration Kernel: r
# Step 	 Time 			 Kinetic 			 Potential 			 Total 			 Relative Energy Drift
0 	 0 	 58759436.184000514 	 -116582810.08669029 	 -57823373.902689777 	 0
10 0.001 58707842.660087168 -116531078.93245316 -57823236.272365987 2.3801849408100973e-06
# final: N=20000 steps=10 arithmetic_dtype=double max_relative_energy_drift=2.3801849408100973e-06 tolerance=0.001 status=OK

--- Performance Profiling Report ---
File Read       : 6.137490e-04 s
File Write      : 1.121366e-03 s
Total Run       : 6.516289e-01 s

--- Step Statistics (10 steps) ---
Total Step      		 Median; 2.076336e-01 s 		 Trimmed Mean: 2.076485e-01 s 		 Standard Deviation: 4.275337e-05 s
First Drift     		 Median; 2.145022e-05 s 		 Trimmed Mean: 2.145907e-05 s 		 Standard Deviation: 9.926234e-08 s
Compute Force   		 Median; 2.075293e-01 s 		 Trimmed Mean: 2.075437e-01 s 		 Standard Deviation: 4.590916e-05 s
Kick            		 Median; 3.451016e-05 s 		 Trimmed Mean: 3.453181e-05 s 		 Standard Deviation: 5.802575e-07 s
Second Drift    		 Median; 2.296548e-05 s 		 Trimmed Mean: 2.383196e-05 s 		 Standard Deviation: 2.390128e-06 s
# Direct N-body DKD
# arithmetic_dtype=double binary_storage=float32 format=nbody-f32-v1
# N=20000 nsteps=10 dt=0.0001 eps=0.050000000000000003 G=1 mass=1
Acceleration Kernel: rt
# Step 	 Time 			 Kinetic 			 Potential 			 Total 			 Relative Energy Drift
0 	 0 	 58759436.184000514 	 -116582810.08669029 	 -57823373.902689777 	 0
10 0.001 58707842.660087168 -116531078.93245316 -57823236.272365987 2.3801849408100973e-06
# final: N=20000 steps=10 arithmetic_dtype=double max_relative_energy_drift=2.3801849408100973e-06 tolerance=0.001 status=OK

--- Performance Profiling Report ---
File Read       : 6.075390e-04 s
File Write      : 1.198267e-03 s
Total Run       : 6.532069e-01 s

--- Step Statistics (10 steps) ---
Total Step      		 Median; 3.341748e-01 s 		 Trimmed Mean: 3.347546e-01 s 		 Standard Deviation: 1.211406e-03 s
First Drift     		 Median; 2.177572e-05 s 		 Trimmed Mean: 2.190890e-05 s 		 Standard Deviation: 4.968492e-07 s
Compute Force   		 Median; 3.340468e-01 s 		 Trimmed Mean: 3.346216e-01 s 		 Standard Deviation: 1.213496e-03 s
Kick            		 Median; 4.085526e-05 s 		 Trimmed Mean: 4.100904e-05 s 		 Standard Deviation: 9.116415e-07 s
Second Drift    		 Median; 3.655581e-05 s 		 Trimmed Mean: 3.653811e-05 s 		 Standard Deviation: 2.194171e-06 s
# Direct N-body DKD
# arithmetic_dtype=double binary_storage=float32 format=nbody-f32-v1
# N=20000 nsteps=10 dt=0.0001 eps=0.050000000000000003 G=1 mass=1
Acceleration Kernel: n
# Step 	 Time 			 Kinetic 			 Potential 			 Total 			 Relative Energy Drift
0 	 0 	 58759436.184000514 	 -116582810.08669029 	 -57823373.902689777 	 0
10 0.001 58708513.373754002 -116531894.50229046 -57823381.128536455 1.2496411382322409e-07
# final: N=20000 steps=10 arithmetic_dtype=double max_relative_energy_drift=1.2496411382322409e-07 tolerance=0.001 status=OK

--- Performance Profiling Report ---
File Read       : 6.076293e-04 s
File Write      : 1.944409e-03 s
Total Run       : 6.677695e-01 s

--- Step Statistics (10 steps) ---
Total Step      		 Median; 3.134782e-01 s 		 Trimmed Mean: 3.130623e-01 s 		 Standard Deviation: 7.868353e-04 s
First Drift     		 Median; 2.249470e-05 s 		 Trimmed Mean: 2.250774e-05 s 		 Standard Deviation: 4.890295e-07 s
Compute Force   		 Median; 3.133621e-01 s 		 Trimmed Mean: 3.129472e-01 s 		 Standard Deviation: 7.853991e-04 s
Kick            		 Median; 3.522076e-05 s 		 Trimmed Mean: 3.493309e-05 s 		 Standard Deviation: 8.664162e-07 s
Second Drift    		 Median; 2.813525e-05 s 		 Trimmed Mean: 2.708798e-05 s 		 Standard Deviation: 2.709155e-06 s
# Direct N-body DKD
# arithmetic_dtype=double binary_storage=float32 format=nbody-f32-v1
# N=20000 nsteps=10 dt=0.0001 eps=0.050000000000000003 G=1 mass=1
Acceleration Kernel: r
# Step 	 Time 			 Kinetic 			 Potential 			 Total 			 Relative Energy Drift
0 	 0 	 58759436.184000514 	 -116582810.08669029 	 -57823373.902689777 	 0
10 0.001 58707842.660087168 -116531078.93245316 -57823236.272365987 2.3801849408100973e-06
# final: N=20000 steps=10 arithmetic_dtype=double max_relative_energy_drift=2.3801849408100973e-06 tolerance=0.001 status=OK

--- Performance Profiling Report ---
File Read       : 6.453302e-04 s
File Write      : 1.883918e-03 s
Total Run       : 6.624521e-01 s

--- Step Statistics (10 steps) ---
Total Step      		 Median; 2.113254e-01 s 		 Trimmed Mean: 2.113250e-01 s 		 Standard Deviation: 6.166659e-05 s
First Drift     		 Median; 2.341531e-05 s 		 Trimmed Mean: 2.364127e-05 s 		 Standard Deviation: 7.887156e-07 s
Compute Force   		 Median; 2.112009e-01 s 		 Trimmed Mean: 2.112060e-01 s 		 Standard Deviation: 5.476204e-05 s
Kick            		 Median; 3.508106e-05 s 		 Trimmed Mean: 3.521913e-05 s 		 Standard Deviation: 6.524640e-07 s
Second Drift    		 Median; 2.792105e-05 s 		 Trimmed Mean: 2.810394e-05 s 		 Standard Deviation: 1.628121e-06 s
# Direct N-body DKD
# arithmetic_dtype=double binary_storage=float32 format=nbody-f32-v1
# N=20000 nsteps=10 dt=0.0001 eps=0.050000000000000003 G=1 mass=1
Acceleration Kernel: rt
# Step 	 Time 			 Kinetic 			 Potential 			 Total 			 Relative Energy Drift
0 	 0 	 58759436.184000514 	 -116582810.08669029 	 -57823373.902689777 	 0
10 0.001 58707842.660087168 -116531078.93245316 -57823236.272365987 2.3801849408100973e-06
# final: N=20000 steps=10 arithmetic_dtype=double max_relative_energy_drift=2.3801849408100973e-06 tolerance=0.001 status=OK

--- Performance Profiling Report ---
File Read       : 6.369492e-04 s
File Write      : 2.732490e-03 s
Total Run       : 6.635198e-01 s

--- Step Statistics (10 steps) ---
Total Step      		 Median; 3.384800e-01 s 		 Trimmed Mean: 3.384891e-01 s 		 Standard Deviation: 4.242507e-05 s
First Drift     		 Median; 2.511032e-05 s 		 Trimmed Mean: 2.624909e-05 s 		 Standard Deviation: 2.691158e-06 s
Compute Force   		 Median; 3.383459e-01 s 		 Trimmed Mean: 3.383541e-01 s 		 Standard Deviation: 3.439956e-05 s
Kick            		 Median; 4.073512e-05 s 		 Trimmed Mean: 4.082907e-05 s 		 Standard Deviation: 1.632842e-06 s
Second Drift    		 Median; 3.696652e-05 s 		 Trimmed Mean: 3.733300e-05 s 		 Standard Deviation: 1.316844e-06 s
# Direct N-body DKD
# arithmetic_dtype=double binary_storage=float32 format=nbody-f32-v1
# N=20000 nsteps=10 dt=0.0001 eps=0.050000000000000003 G=1 mass=1
Acceleration Kernel: n
# Step 	 Time 			 Kinetic 			 Potential 			 Total 			 Relative Energy Drift
0 	 0 	 58759436.184000514 	 -116582810.08669029 	 -57823373.902689777 	 0
10 0.001 58708513.373754002 -116531894.50229046 -57823381.128536455 1.2496411382322409e-07
# final: N=20000 steps=10 arithmetic_dtype=double max_relative_energy_drift=1.2496411382322409e-07 tolerance=0.001 status=OK

--- Performance Profiling Report ---
File Read       : 6.381497e-04 s
File Write      : 2.200781e-03 s
Total Run       : 6.624624e-01 s

--- Step Statistics (10 steps) ---
Total Step      		 Median; 3.133981e-01 s 		 Trimmed Mean: 3.134481e-01 s 		 Standard Deviation: 1.244481e-04 s
First Drift     		 Median; 2.512569e-05 s 		 Trimmed Mean: 2.587668e-05 s 		 Standard Deviation: 2.209660e-06 s
Compute Force   		 Median; 3.132779e-01 s 		 Trimmed Mean: 3.133160e-01 s 		 Standard Deviation: 1.132772e-04 s
Kick            		 Median; 3.594579e-05 s 		 Trimmed Mean: 3.608456e-05 s 		 Standard Deviation: 1.147087e-06 s
Second Drift    		 Median; 3.089057e-05 s 		 Trimmed Mean: 3.191934e-05 s 		 Standard Deviation: 3.087954e-06 s
# Direct N-body DKD
# arithmetic_dtype=double binary_storage=float32 format=nbody-f32-v1
# N=20000 nsteps=10 dt=0.0001 eps=0.050000000000000003 G=1 mass=1
Acceleration Kernel: r
# Step 	 Time 			 Kinetic 			 Potential 			 Total 			 Relative Energy Drift
0 	 0 	 58759436.184000514 	 -116582810.08669029 	 -57823373.902689777 	 0
10 0.001 58707842.660087168 -116531078.93245316 -57823236.272365987 2.3801849408100973e-06
# final: N=20000 steps=10 arithmetic_dtype=double max_relative_energy_drift=2.3801849408100973e-06 tolerance=0.001 status=OK

--- Performance Profiling Report ---
File Read       : 6.578900e-04 s
File Write      : 2.884313e-03 s
Total Run       : 6.642521e-01 s

--- Step Statistics (10 steps) ---
Total Step      		 Median; 2.113126e-01 s 		 Trimmed Mean: 2.113250e-01 s 		 Standard Deviation: 6.468137e-05 s
First Drift     		 Median; 2.168538e-05 s 		 Trimmed Mean: 2.225663e-05 s 		 Standard Deviation: 1.537015e-06 s
Compute Force   		 Median; 2.112085e-01 s 		 Trimmed Mean: 2.112198e-01 s 		 Standard Deviation: 6.282794e-05 s
Kick            		 Median; 3.472157e-05 s 		 Trimmed Mean: 3.478327e-05 s 		 Standard Deviation: 3.748266e-07 s
Second Drift    		 Median; 2.209051e-05 s 		 Trimmed Mean: 2.207782e-05 s 		 Standard Deviation: 8.009839e-08 s
# Direct N-body DKD
# arithmetic_dtype=double binary_storage=float32 format=nbody-f32-v1
# N=20000 nsteps=10 dt=0.0001 eps=0.050000000000000003 G=1 mass=1
Acceleration Kernel: rt
# Step 	 Time 			 Kinetic 			 Potential 			 Total 			 Relative Energy Drift
0 	 0 	 58759436.184000514 	 -116582810.08669029 	 -57823373.902689777 	 0
10 0.001 58707842.660087168 -116531078.93245316 -57823236.272365987 2.3801849408100973e-06
# final: N=20000 steps=10 arithmetic_dtype=double max_relative_energy_drift=2.3801849408100973e-06 tolerance=0.001 status=OK

--- Performance Profiling Report ---
File Read       : 7.717106e-04 s
File Write      : 3.466291e-03 s
Total Run       : 6.624222e-01 s

--- Step Statistics (10 steps) ---
Total Step      		 Median; 3.385395e-01 s 		 Trimmed Mean: 3.385428e-01 s 		 Standard Deviation: 6.988933e-05 s
First Drift     		 Median; 2.518017e-05 s 		 Trimmed Mean: 2.528273e-05 s 		 Standard Deviation: 9.514503e-07 s
Compute Force   		 Median; 3.384087e-01 s 		 Trimmed Mean: 3.384086e-01 s 		 Standard Deviation: 6.881964e-05 s
Kick            		 Median; 4.178518e-05 s 		 Trimmed Mean: 4.165270e-05 s 		 Standard Deviation: 4.918716e-07 s
Second Drift    		 Median; 3.693579e-05 s 		 Trimmed Mean: 3.678934e-05 s 		 Standard Deviation: 9.557349e-07 s
# Direct N-body DKD
# arithmetic_dtype=double binary_storage=float32 format=nbody-f32-v1
# N=20000 nsteps=10 dt=0.0001 eps=0.050000000000000003 G=1 mass=1
Acceleration Kernel: n
# Step 	 Time 			 Kinetic 			 Potential 			 Total 			 Relative Energy Drift
0 	 0 	 58759436.184000514 	 -116582810.08669029 	 -57823373.902689777 	 0
10 0.001 58708513.373754002 -116531894.50229046 -57823381.128536455 1.2496411382322409e-07
# final: N=20000 steps=10 arithmetic_dtype=double max_relative_energy_drift=1.2496411382322409e-07 tolerance=0.001 status=OK

--- Performance Profiling Report ---
File Read       : 6.346786e-04 s
File Write      : 2.733120e-03 s
Total Run       : 6.649055e-01 s

--- Step Statistics (10 steps) ---
Total Step      		 Median; 3.133933e-01 s 		 Trimmed Mean: 3.134437e-01 s 		 Standard Deviation: 1.175507e-04 s
First Drift     		 Median; 2.169516e-05 s 		 Trimmed Mean: 2.172275e-05 s 		 Standard Deviation: 9.077522e-08 s
Compute Force   		 Median; 3.132911e-01 s 		 Trimmed Mean: 3.133376e-01 s 		 Standard Deviation: 1.157771e-04 s
Kick            		 Median; 3.467500e-05 s 		 Trimmed Mean: 3.465184e-05 s 		 Standard Deviation: 5.636065e-07 s
Second Drift    		 Median; 2.198992e-05 s 		 Trimmed Mean: 2.204161e-05 s 		 Standard Deviation: 1.400286e-07 s
# Direct N-body DKD
# arithmetic_dtype=double binary_storage=float32 format=nbody-f32-v1
# N=20000 nsteps=10 dt=0.0001 eps=0.050000000000000003 G=1 mass=1
Acceleration Kernel: r
# Step 	 Time 			 Kinetic 			 Potential 			 Total 			 Relative Energy Drift
0 	 0 	 58759436.184000514 	 -116582810.08669029 	 -57823373.902689777 	 0
10 0.001 58707842.660087168 -116531078.93245316 -57823236.272365987 2.3801849408100973e-06
# final: N=20000 steps=10 arithmetic_dtype=double max_relative_energy_drift=2.3801849408100973e-06 tolerance=0.001 status=OK

--- Performance Profiling Report ---
File Read       : 8.370532e-04 s
File Write      : 5.092084e-03 s
Total Run       : 6.632842e-01 s

--- Step Statistics (10 steps) ---
Total Step      		 Median; 2.113973e-01 s 		 Trimmed Mean: 2.114007e-01 s 		 Standard Deviation: 8.182703e-05 s
First Drift     		 Median; 2.331613e-05 s 		 Trimmed Mean: 2.340076e-05 s 		 Standard Deviation: 6.411226e-07 s
Compute Force   		 Median; 2.112811e-01 s 		 Trimmed Mean: 2.112811e-01 s 		 Standard Deviation: 7.549751e-05 s
Kick            		 Median; 3.661588e-05 s 		 Trimmed Mean: 3.655569e-05 s 		 Standard Deviation: 8.073221e-07 s
Second Drift    		 Median; 3.217487e-05 s 		 Trimmed Mean: 3.245543e-05 s 		 Standard Deviation: 2.544739e-06 s
# Direct N-body DKD
# arithmetic_dtype=double binary_storage=float32 format=nbody-f32-v1
# N=20000 nsteps=10 dt=0.0001 eps=0.050000000000000003 G=1 mass=1
Acceleration Kernel: rt
# Step 	 Time 			 Kinetic 			 Potential 			 Total 			 Relative Energy Drift
0 	 0 	 58759436.184000514 	 -116582810.08669029 	 -57823373.902689777 	 0
10 0.001 58707842.660087168 -116531078.93245316 -57823236.272365987 2.3801849408100973e-06
# final: N=20000 steps=10 arithmetic_dtype=double max_relative_energy_drift=2.3801849408100973e-06 tolerance=0.001 status=OK

--- Performance Profiling Report ---
File Read       : 6.332882e-04 s
File Write      : 2.443106e-03 s
Total Run       : 6.645153e-01 s

--- Step Statistics (10 steps) ---
Total Step      		 Median; 3.414201e-01 s 		 Trimmed Mean: 3.414280e-01 s 		 Standard Deviation: 4.199667e-05 s
First Drift     		 Median; 2.285605e-05 s 		 Trimmed Mean: 2.300274e-05 s 		 Standard Deviation: 5.968343e-07 s
Compute Force   		 Median; 3.412905e-01 s 		 Trimmed Mean: 3.412943e-01 s 		 Standard Deviation: 3.952096e-05 s
Kick            		 Median; 4.172046e-05 s 		 Trimmed Mean: 4.187156e-05 s 		 Standard Deviation: 1.424760e-06 s
Second Drift    		 Median; 3.653066e-05 s 		 Trimmed Mean: 3.643299e-05 s 		 Standard Deviation: 1.070016e-06 s
# Direct N-body DKD
# arithmetic_dtype=double binary_storage=float32 format=nbody-f32-v1
# N=20000 nsteps=10 dt=0.0001 eps=0.050000000000000003 G=1 mass=1
Acceleration Kernel: n
# Step 	 Time 			 Kinetic 			 Potential 			 Total 			 Relative Energy Drift
0 	 0 	 58759436.184000514 	 -116582810.08669029 	 -57823373.902689777 	 0
10 0.001 58708513.373754002 -116531894.50229046 -57823381.128536455 1.2496411382322409e-07
# final: N=20000 steps=10 arithmetic_dtype=double max_relative_energy_drift=1.2496411382322409e-07 tolerance=0.001 status=OK

--- Performance Profiling Report ---
File Read       : 7.792218e-04 s
File Write      : 3.383659e-03 s
Total Run       : 6.637276e-01 s

--- Step Statistics (10 steps) ---
Total Step      		 Median; 3.134206e-01 s 		 Trimmed Mean: 3.134526e-01 s 		 Standard Deviation: 1.236310e-04 s
First Drift     		 Median; 2.248026e-05 s 		 Trimmed Mean: 2.255046e-05 s 		 Standard Deviation: 2.995512e-07 s
Compute Force   		 Median; 3.132999e-01 s 		 Trimmed Mean: 3.133278e-01 s 		 Standard Deviation: 1.060851e-04 s
Kick            		 Median; 3.550015e-05 s 		 Trimmed Mean: 3.538793e-05 s 		 Standard Deviation: 5.320966e-07 s
Second Drift    		 Median; 3.086030e-05 s 		 Trimmed Mean: 3.172655e-05 s 		 Standard Deviation: 3.702896e-06 s
# Direct N-body DKD
# arithmetic_dtype=double binary_storage=float32 format=nbody-f32-v1
# N=20000 nsteps=10 dt=0.0001 eps=0.050000000000000003 G=1 mass=1
Acceleration Kernel: r
# Step 	 Time 			 Kinetic 			 Potential 			 Total 			 Relative Energy Drift
0 	 0 	 58759436.184000514 	 -116582810.08669029 	 -57823373.902689777 	 0
10 0.001 58707842.660087168 -116531078.93245316 -57823236.272365987 2.3801849408100973e-06
# final: N=20000 steps=10 arithmetic_dtype=double max_relative_energy_drift=2.3801849408100973e-06 tolerance=0.001 status=OK

--- Performance Profiling Report ---
File Read       : 7.782010e-04 s
File Write      : 3.149197e-03 s
Total Run       : 6.624148e-01 s

--- Step Statistics (10 steps) ---
Total Step      		 Median; 2.113081e-01 s 		 Trimmed Mean: 2.113146e-01 s 		 Standard Deviation: 4.749142e-05 s
First Drift     		 Median; 2.343021e-05 s 		 Trimmed Mean: 2.481777e-05 s 		 Standard Deviation: 2.436054e-06 s
Compute Force   		 Median; 2.111933e-01 s 		 Trimmed Mean: 2.111975e-01 s 		 Standard Deviation: 4.527688e-05 s
Kick            		 Median; 3.611529e-05 s 		 Trimmed Mean: 3.617187e-05 s 		 Standard Deviation: 7.755766e-07 s
Second Drift    		 Median; 3.050081e-05 s 		 Trimmed Mean: 3.012910e-05 s 		 Standard Deviation: 1.158050e-06 s
# Direct N-body DKD
# arithmetic_dtype=double binary_storage=float32 format=nbody-f32-v1
# N=20000 nsteps=10 dt=0.0001 eps=0.050000000000000003 G=1 mass=1
Acceleration Kernel: rt
# Step 	 Time 			 Kinetic 			 Potential 			 Total 			 Relative Energy Drift
0 	 0 	 58759436.184000514 	 -116582810.08669029 	 -57823373.902689777 	 0
10 0.001 58707842.660087168 -116531078.93245316 -57823236.272365987 2.3801849408100973e-06
# final: N=20000 steps=10 arithmetic_dtype=double max_relative_energy_drift=2.3801849408100973e-06 tolerance=0.001 status=OK

--- Performance Profiling Report ---
File Read       : 6.301496e-04 s
File Write      : 2.653020e-03 s
Total Run       : 6.639510e-01 s

--- Step Statistics (10 steps) ---
Total Step      		 Median; 3.385404e-01 s 		 Trimmed Mean: 3.385488e-01 s 		 Standard Deviation: 5.430094e-05 s
First Drift     		 Median; 2.172543e-05 s 		 Trimmed Mean: 2.174685e-05 s 		 Standard Deviation: 2.176691e-07 s
Compute Force   		 Median; 3.384159e-01 s 		 Trimmed Mean: 3.384210e-01 s 		 Standard Deviation: 5.524162e-05 s
Kick            		 Median; 4.275143e-05 s 		 Trimmed Mean: 4.284584e-05 s 		 Standard Deviation: 1.905212e-06 s
Second Drift    		 Median; 3.559468e-05 s 		 Trimmed Mean: 3.619061e-05 s 		 Standard Deviation: 2.063928e-06 s
make[1]: Entering directory '/orfeo/cephfs/scratch/dssc/enricosavorgnan/2026-nbody/experiments/rsqrt-impact'
rm -f main generate_initial_conditions *.o *.bin
cc -std=c11 -I/u/dssc/enricosavorgnan/opt/papi/include -DNBODY_USE_DOUBLE -O3 -march=native -Wall -Wextra -Wpedantic -flto -D_POSIX_C_SOURCE=199309L -DBLOCK_SIZE=128 -DN_RSQRT_LOOP=2 -DUSE_PAPI -c main.c -o main.o
cc -std=c11 -I/u/dssc/enricosavorgnan/opt/papi/include -DNBODY_USE_DOUBLE -O3 -march=native -Wall -Wextra -Wpedantic -flto -D_POSIX_C_SOURCE=199309L -DBLOCK_SIZE=128 -DN_RSQRT_LOOP=2 -DUSE_PAPI -c integration.c -o integration.o
cc -std=c11 -I/u/dssc/enricosavorgnan/opt/papi/include -DNBODY_USE_DOUBLE -O3 -march=native -Wall -Wextra -Wpedantic -flto -D_POSIX_C_SOURCE=199309L -DBLOCK_SIZE=128 -DN_RSQRT_LOOP=2 -DUSE_PAPI -c particles.c -o particles.o
cc -std=c11 -I/u/dssc/enricosavorgnan/opt/papi/include -DNBODY_USE_DOUBLE -O3 -march=native -Wall -Wextra -Wpedantic -flto -D_POSIX_C_SOURCE=199309L -DBLOCK_SIZE=128 -DN_RSQRT_LOOP=2 -DUSE_PAPI -c profiling.c -o profiling.o
cc -std=c11 -I/u/dssc/enricosavorgnan/opt/papi/include -DNBODY_USE_DOUBLE -O3 -march=native -Wall -Wextra -Wpedantic -flto -D_POSIX_C_SOURCE=199309L -DBLOCK_SIZE=128 -DN_RSQRT_LOOP=2 -DUSE_PAPI -c utils.c -o utils.o
cc -std=c11 -O3 -march=native -Wall -Wextra -Wpedantic -flto -D_POSIX_C_SOURCE=199309L -DBLOCK_SIZE=128 -DN_RSQRT_LOOP=2 -DUSE_PAPI -L/u/dssc/enricosavorgnan/opt/papi/lib -Wl,-rpath,/u/dssc/enricosavorgnan/opt/papi/lib -o main main.o integration.o particles.o profiling.o utils.o -lm -lpapi
cc -std=c11 -I/u/dssc/enricosavorgnan/opt/papi/include -DNBODY_USE_DOUBLE -O3 -march=native -Wall -Wextra -Wpedantic -flto -D_POSIX_C_SOURCE=199309L -DBLOCK_SIZE=128 -DN_RSQRT_LOOP=2 -DUSE_PAPI -L/u/dssc/enricosavorgnan/opt/papi/lib -Wl,-rpath,/u/dssc/enricosavorgnan/opt/papi/lib -o generate_initial_conditions generate_initial_conditions.c -lm -lpapi
make[1]: Leaving directory '/orfeo/cephfs/scratch/dssc/enricosavorgnan/2026-nbody/experiments/rsqrt-impact'
# Direct N-body DKD
# arithmetic_dtype=double binary_storage=float32 format=nbody-f32-v1
# N=20000 nsteps=10 dt=0.0001 eps=0.050000000000000003 G=1 mass=1
Acceleration Kernel: n
# Step 	 Time 			 Kinetic 			 Potential 			 Total 			 Relative Energy Drift
0 	 0 	 58759436.184000514 	 -116582810.08669029 	 -57823373.902689777 	 0
10 0.001 58708513.373754002 -116531894.50229046 -57823381.128536455 1.2496411382322409e-07
# final: N=20000 steps=10 arithmetic_dtype=double max_relative_energy_drift=1.2496411382322409e-07 tolerance=0.001 status=OK

--- Performance Profiling Report ---
File Read       : 6.050589e-04 s
File Write      : 1.319380e-03 s
Total Run       : 6.627131e-01 s

--- Step Statistics (10 steps) ---
Total Step      		 Median; 3.137940e-01 s 		 Trimmed Mean: 3.137810e-01 s 		 Standard Deviation: 7.023336e-05 s
First Drift     		 Median; 2.182508e-05 s 		 Trimmed Mean: 2.183032e-05 s 		 Standard Deviation: 1.030842e-07 s
Compute Force   		 Median; 3.136737e-01 s 		 Trimmed Mean: 3.136598e-01 s 		 Standard Deviation: 6.288527e-05 s
Kick            		 Median; 3.498560e-05 s 		 Trimmed Mean: 3.524439e-05 s 		 Standard Deviation: 9.107747e-07 s
Second Drift    		 Median; 2.196990e-05 s 		 Trimmed Mean: 2.203882e-05 s 		 Standard Deviation: 2.429913e-07 s
# Direct N-body DKD
# arithmetic_dtype=double binary_storage=float32 format=nbody-f32-v1
# N=20000 nsteps=10 dt=0.0001 eps=0.050000000000000003 G=1 mass=1
Acceleration Kernel: r
# Step 	 Time 			 Kinetic 			 Potential 			 Total 			 Relative Energy Drift
0 	 0 	 58759436.184000514 	 -116582810.08669029 	 -57823373.902689777 	 0
10 0.001 58708512.063515149 -116531892.91447839 -57823380.850963242 1.2016375033270296e-07
# final: N=20000 steps=10 arithmetic_dtype=double max_relative_energy_drift=1.2016375033270296e-07 tolerance=0.001 status=OK

--- Performance Profiling Report ---
File Read       : 6.202087e-04 s
File Write      : 1.023956e-03 s
Total Run       : 6.635593e-01 s

--- Step Statistics (10 steps) ---
Total Step      		 Median; 2.626653e-01 s 		 Trimmed Mean: 2.626741e-01 s 		 Standard Deviation: 4.139909e-05 s
First Drift     		 Median; 2.286118e-05 s 		 Trimmed Mean: 2.526457e-05 s 		 Standard Deviation: 3.375403e-06 s
Compute Force   		 Median; 2.625610e-01 s 		 Trimmed Mean: 2.625616e-01 s 		 Standard Deviation: 3.999111e-05 s
Kick            		 Median; 3.420049e-05 s 		 Trimmed Mean: 3.436778e-05 s 		 Standard Deviation: 4.539826e-07 s
Second Drift    		 Median; 2.642022e-05 s 		 Trimmed Mean: 2.641324e-05 s 		 Standard Deviation: 1.149403e-06 s
# Direct N-body DKD
# arithmetic_dtype=double binary_storage=float32 format=nbody-f32-v1
# N=20000 nsteps=10 dt=0.0001 eps=0.050000000000000003 G=1 mass=1
Acceleration Kernel: rt
# Step 	 Time 			 Kinetic 			 Potential 			 Total 			 Relative Energy Drift
0 	 0 	 58759436.184000514 	 -116582810.08669029 	 -57823373.902689777 	 0
10 0.001 58708512.063515149 -116531892.91447839 -57823380.850963242 1.2016375033270296e-07
# final: N=20000 steps=10 arithmetic_dtype=double max_relative_energy_drift=1.2016375033270296e-07 tolerance=0.001 status=OK

--- Performance Profiling Report ---
File Read       : 6.251289e-04 s
File Write      : 8.474216e-04 s
Total Run       : 6.630751e-01 s

--- Step Statistics (10 steps) ---
Total Step      		 Median; 4.096952e-01 s 		 Trimmed Mean: 4.096694e-01 s 		 Standard Deviation: 1.339800e-04 s
First Drift     		 Median; 2.158014e-05 s 		 Trimmed Mean: 2.157525e-05 s 		 Standard Deviation: 8.230193e-08 s
Compute Force   		 Median; 4.095719e-01 s 		 Trimmed Mean: 4.095372e-01 s 		 Standard Deviation: 1.260947e-04 s
Kick            		 Median; 4.095025e-05 s 		 Trimmed Mean: 4.036678e-05 s 		 Standard Deviation: 2.581449e-06 s
Second Drift    		 Median; 3.447011e-05 s 		 Trimmed Mean: 3.455195e-05 s 		 Standard Deviation: 6.492473e-07 s
# Direct N-body DKD
# arithmetic_dtype=double binary_storage=float32 format=nbody-f32-v1
# N=20000 nsteps=10 dt=0.0001 eps=0.050000000000000003 G=1 mass=1
Acceleration Kernel: n
# Step 	 Time 			 Kinetic 			 Potential 			 Total 			 Relative Energy Drift
0 	 0 	 58759436.184000514 	 -116582810.08669029 	 -57823373.902689777 	 0
10 0.001 58708513.373754002 -116531894.50229046 -57823381.128536455 1.2496411382322409e-07
# final: N=20000 steps=10 arithmetic_dtype=double max_relative_energy_drift=1.2496411382322409e-07 tolerance=0.001 status=OK

--- Performance Profiling Report ---
File Read       : 6.096596e-04 s
File Write      : 2.587328e-03 s
Total Run       : 6.648511e-01 s

--- Step Statistics (10 steps) ---
Total Step      		 Median; 3.135223e-01 s 		 Trimmed Mean: 3.134995e-01 s 		 Standard Deviation: 8.290053e-05 s
First Drift     		 Median; 2.311589e-05 s 		 Trimmed Mean: 2.348155e-05 s 		 Standard Deviation: 1.036979e-06 s
Compute Force   		 Median; 3.134003e-01 s 		 Trimmed Mean: 3.133832e-01 s 		 Standard Deviation: 8.614743e-05 s
Kick            		 Median; 3.517000e-05 s 		 Trimmed Mean: 3.573915e-05 s 		 Standard Deviation: 1.729913e-06 s
Second Drift    		 Median; 2.824143e-05 s 		 Trimmed Mean: 2.851267e-05 s 		 Standard Deviation: 1.139036e-06 s
# Direct N-body DKD
# arithmetic_dtype=double binary_storage=float32 format=nbody-f32-v1
# N=20000 nsteps=10 dt=0.0001 eps=0.050000000000000003 G=1 mass=1
Acceleration Kernel: r
# Step 	 Time 			 Kinetic 			 Potential 			 Total 			 Relative Energy Drift
0 	 0 	 58759436.184000514 	 -116582810.08669029 	 -57823373.902689777 	 0
10 0.001 58708512.063515149 -116531892.91447839 -57823380.850963242 1.2016375033270296e-07
# final: N=20000 steps=10 arithmetic_dtype=double max_relative_energy_drift=1.2016375033270296e-07 tolerance=0.001 status=OK

--- Performance Profiling Report ---
File Read       : 6.234683e-04 s
File Write      : 2.304453e-03 s
Total Run       : 6.627677e-01 s

--- Step Statistics (10 steps) ---
Total Step      		 Median; 2.628102e-01 s 		 Trimmed Mean: 2.627873e-01 s 		 Standard Deviation: 6.994526e-05 s
First Drift     		 Median; 2.340553e-05 s 		 Trimmed Mean: 2.333429e-05 s 		 Standard Deviation: 5.999514e-07 s
Compute Force   		 Median; 2.626929e-01 s 		 Trimmed Mean: 2.626700e-01 s 		 Standard Deviation: 6.603386e-05 s
Kick            		 Median; 3.543496e-05 s 		 Trimmed Mean: 3.541517e-05 s 		 Standard Deviation: 7.697892e-07 s
Second Drift    		 Median; 2.837088e-05 s 		 Trimmed Mean: 2.869393e-05 s 		 Standard Deviation: 1.706200e-06 s
# Direct N-body DKD
# arithmetic_dtype=double binary_storage=float32 format=nbody-f32-v1
# N=20000 nsteps=10 dt=0.0001 eps=0.050000000000000003 G=1 mass=1
Acceleration Kernel: rt
# Step 	 Time 			 Kinetic 			 Potential 			 Total 			 Relative Energy Drift
0 	 0 	 58759436.184000514 	 -116582810.08669029 	 -57823373.902689777 	 0
10 0.001 58708512.063515149 -116531892.91447839 -57823380.850963242 1.2016375033270296e-07
# final: N=20000 steps=10 arithmetic_dtype=double max_relative_energy_drift=1.2016375033270296e-07 tolerance=0.001 status=OK

--- Performance Profiling Report ---
File Read       : 6.229086e-04 s
File Write      : 2.202053e-03 s
Total Run       : 6.625462e-01 s

--- Step Statistics (10 steps) ---
Total Step      		 Median; 4.098732e-01 s 		 Trimmed Mean: 4.099074e-01 s 		 Standard Deviation: 1.533569e-04 s
First Drift     		 Median; 2.363557e-05 s 		 Trimmed Mean: 2.415176e-05 s 		 Standard Deviation: 1.701014e-06 s
Compute Force   		 Median; 4.097452e-01 s 		 Trimmed Mean: 4.097699e-01 s 		 Standard Deviation: 1.455498e-04 s
Kick            		 Median; 4.136097e-05 s 		 Trimmed Mean: 4.150067e-05 s 		 Standard Deviation: 8.129825e-07 s
Second Drift    		 Median; 3.672484e-05 s 		 Trimmed Mean: 3.673905e-05 s 		 Standard Deviation: 7.126775e-07 s
# Direct N-body DKD
# arithmetic_dtype=double binary_storage=float32 format=nbody-f32-v1
# N=20000 nsteps=10 dt=0.0001 eps=0.050000000000000003 G=1 mass=1
Acceleration Kernel: n
# Step 	 Time 			 Kinetic 			 Potential 			 Total 			 Relative Energy Drift
0 	 0 	 58759436.184000514 	 -116582810.08669029 	 -57823373.902689777 	 0
10 0.001 58708513.373754002 -116531894.50229046 -57823381.128536455 1.2496411382322409e-07
# final: N=20000 steps=10 arithmetic_dtype=double max_relative_energy_drift=1.2496411382322409e-07 tolerance=0.001 status=OK

--- Performance Profiling Report ---
File Read       : 6.219586e-04 s
File Write      : 1.997098e-03 s
Total Run       : 6.644609e-01 s

--- Step Statistics (10 steps) ---
Total Step      		 Median; 3.134340e-01 s 		 Trimmed Mean: 3.134544e-01 s 		 Standard Deviation: 4.898731e-05 s
First Drift     		 Median; 2.356013e-05 s 		 Trimmed Mean: 2.350518e-05 s 		 Standard Deviation: 4.655889e-07 s
Compute Force   		 Median; 3.133167e-01 s 		 Trimmed Mean: 3.133365e-01 s 		 Standard Deviation: 4.625547e-05 s
Kick            		 Median; 3.587594e-05 s 		 Trimmed Mean: 3.600039e-05 s 		 Standard Deviation: 6.588674e-07 s
Second Drift    		 Median; 2.819579e-05 s 		 Trimmed Mean: 2.861151e-05 s 		 Standard Deviation: 1.193771e-06 s
# Direct N-body DKD
# arithmetic_dtype=double binary_storage=float32 format=nbody-f32-v1
# N=20000 nsteps=10 dt=0.0001 eps=0.050000000000000003 G=1 mass=1
Acceleration Kernel: r
# Step 	 Time 			 Kinetic 			 Potential 			 Total 			 Relative Energy Drift
0 	 0 	 58759436.184000514 	 -116582810.08669029 	 -57823373.902689777 	 0
10 0.001 58708512.063515149 -116531892.91447839 -57823380.850963242 1.2016375033270296e-07
# final: N=20000 steps=10 arithmetic_dtype=double max_relative_energy_drift=1.2016375033270296e-07 tolerance=0.001 status=OK

--- Performance Profiling Report ---
File Read       : 6.347392e-04 s
File Write      : 2.590648e-03 s
Total Run       : 6.626011e-01 s

--- Step Statistics (10 steps) ---
Total Step      		 Median; 2.626847e-01 s 		 Trimmed Mean: 2.626998e-01 s 		 Standard Deviation: 4.501229e-05 s
First Drift     		 Median; 2.266560e-05 s 		 Trimmed Mean: 2.316944e-05 s 		 Standard Deviation: 1.319012e-06 s
Compute Force   		 Median; 2.625708e-01 s 		 Trimmed Mean: 2.625823e-01 s 		 Standard Deviation: 4.587123e-05 s
Kick            		 Median; 3.519561e-05 s 		 Trimmed Mean: 3.500294e-05 s 		 Standard Deviation: 1.057627e-06 s
Second Drift    		 Median; 2.792990e-05 s 		 Trimmed Mean: 2.786412e-05 s 		 Standard Deviation: 1.524379e-06 s
# Direct N-body DKD
# arithmetic_dtype=double binary_storage=float32 format=nbody-f32-v1
# N=20000 nsteps=10 dt=0.0001 eps=0.050000000000000003 G=1 mass=1
Acceleration Kernel: rt
# Step 	 Time 			 Kinetic 			 Potential 			 Total 			 Relative Energy Drift
0 	 0 	 58759436.184000514 	 -116582810.08669029 	 -57823373.902689777 	 0
10 0.001 58708512.063515149 -116531892.91447839 -57823380.850963242 1.2016375033270296e-07
# final: N=20000 steps=10 arithmetic_dtype=double max_relative_energy_drift=1.2016375033270296e-07 tolerance=0.001 status=OK

--- Performance Profiling Report ---
File Read       : 6.331084e-04 s
File Write      : 2.450246e-03 s
Total Run       : 6.639798e-01 s

--- Step Statistics (10 steps) ---
Total Step      		 Median; 4.095189e-01 s 		 Trimmed Mean: 4.095458e-01 s 		 Standard Deviation: 1.321405e-04 s
First Drift     		 Median; 2.164068e-05 s 		 Trimmed Mean: 2.164929e-05 s 		 Standard Deviation: 7.796559e-08 s
Compute Force   		 Median; 4.093932e-01 s 		 Trimmed Mean: 4.094203e-01 s 		 Standard Deviation: 1.294538e-04 s
Kick            		 Median; 4.239054e-05 s 		 Trimmed Mean: 4.205457e-05 s 		 Standard Deviation: 7.260570e-07 s
Second Drift    		 Median; 3.518024e-05 s 		 Trimmed Mean: 3.512786e-05 s 		 Standard Deviation: 8.856647e-07 s
# Direct N-body DKD
# arithmetic_dtype=double binary_storage=float32 format=nbody-f32-v1
# N=20000 nsteps=10 dt=0.0001 eps=0.050000000000000003 G=1 mass=1
Acceleration Kernel: n
# Step 	 Time 			 Kinetic 			 Potential 			 Total 			 Relative Energy Drift
0 	 0 	 58759436.184000514 	 -116582810.08669029 	 -57823373.902689777 	 0
10 0.001 58708513.373754002 -116531894.50229046 -57823381.128536455 1.2496411382322409e-07
# final: N=20000 steps=10 arithmetic_dtype=double max_relative_energy_drift=1.2496411382322409e-07 tolerance=0.001 status=OK

--- Performance Profiling Report ---
File Read       : 6.162291e-04 s
File Write      : 3.757965e-03 s
Total Run       : 6.637095e-01 s

--- Step Statistics (10 steps) ---
Total Step      		 Median; 3.134172e-01 s 		 Trimmed Mean: 3.134331e-01 s 		 Standard Deviation: 4.648175e-05 s
First Drift     		 Median; 2.166582e-05 s 		 Trimmed Mean: 2.172182e-05 s 		 Standard Deviation: 1.292384e-07 s
Compute Force   		 Median; 3.133131e-01 s 		 Trimmed Mean: 3.133246e-01 s 		 Standard Deviation: 4.288801e-05 s
Kick            		 Median; 3.561098e-05 s 		 Trimmed Mean: 3.563066e-05 s 		 Standard Deviation: 5.108517e-07 s
Second Drift    		 Median; 2.208492e-05 s 		 Trimmed Mean: 2.206780e-05 s 		 Standard Deviation: 1.288860e-07 s
# Direct N-body DKD
# arithmetic_dtype=double binary_storage=float32 format=nbody-f32-v1
# N=20000 nsteps=10 dt=0.0001 eps=0.050000000000000003 G=1 mass=1
Acceleration Kernel: r
# Step 	 Time 			 Kinetic 			 Potential 			 Total 			 Relative Energy Drift
0 	 0 	 58759436.184000514 	 -116582810.08669029 	 -57823373.902689777 	 0
10 0.001 58708512.063515149 -116531892.91447839 -57823380.850963242 1.2016375033270296e-07
# final: N=20000 steps=10 arithmetic_dtype=double max_relative_energy_drift=1.2016375033270296e-07 tolerance=0.001 status=OK

--- Performance Profiling Report ---
File Read       : 6.178683e-04 s
File Write      : 2.924513e-03 s
Total Run       : 6.626699e-01 s

--- Step Statistics (10 steps) ---
Total Step      		 Median; 2.627390e-01 s 		 Trimmed Mean: 2.627775e-01 s 		 Standard Deviation: 9.581932e-05 s
First Drift     		 Median; 2.172962e-05 s 		 Trimmed Mean: 2.175989e-05 s 		 Standard Deviation: 9.330556e-08 s
Compute Force   		 Median; 2.626333e-01 s 		 Trimmed Mean: 2.626693e-01 s 		 Standard Deviation: 9.520936e-05 s
Kick            		 Median; 3.573019e-05 s 		 Trimmed Mean: 3.544404e-05 s 		 Standard Deviation: 1.164355e-06 s
Second Drift    		 Median; 2.199970e-05 s 		 Trimmed Mean: 2.226676e-05 s 		 Standard Deviation: 7.415414e-07 s
# Direct N-body DKD
# arithmetic_dtype=double binary_storage=float32 format=nbody-f32-v1
# N=20000 nsteps=10 dt=0.0001 eps=0.050000000000000003 G=1 mass=1
Acceleration Kernel: rt
# Step 	 Time 			 Kinetic 			 Potential 			 Total 			 Relative Energy Drift
0 	 0 	 58759436.184000514 	 -116582810.08669029 	 -57823373.902689777 	 0
10 0.001 58708512.063515149 -116531892.91447839 -57823380.850963242 1.2016375033270296e-07
# final: N=20000 steps=10 arithmetic_dtype=double max_relative_energy_drift=1.2016375033270296e-07 tolerance=0.001 status=OK

--- Performance Profiling Report ---
File Read       : 6.228089e-04 s
File Write      : 2.691139e-03 s
Total Run       : 6.624042e-01 s

--- Step Statistics (10 steps) ---
Total Step      		 Median; 4.098823e-01 s 		 Trimmed Mean: 4.097687e-01 s 		 Standard Deviation: 2.270277e-04 s
First Drift     		 Median; 2.398994e-05 s 		 Trimmed Mean: 2.426282e-05 s 		 Standard Deviation: 5.692703e-07 s
Compute Force   		 Median; 4.097501e-01 s 		 Trimmed Mean: 4.096383e-01 s 		 Standard Deviation: 2.283571e-04 s
Kick            		 Median; 4.132977e-05 s 		 Trimmed Mean: 4.120148e-05 s 		 Standard Deviation: 1.896276e-06 s
Second Drift    		 Median; 3.691018e-05 s 		 Trimmed Mean: 3.716571e-05 s 		 Standard Deviation: 1.241137e-06 s
# Direct N-body DKD
# arithmetic_dtype=double binary_storage=float32 format=nbody-f32-v1
# N=20000 nsteps=10 dt=0.0001 eps=0.050000000000000003 G=1 mass=1
Acceleration Kernel: n
# Step 	 Time 			 Kinetic 			 Potential 			 Total 			 Relative Energy Drift
0 	 0 	 58759436.184000514 	 -116582810.08669029 	 -57823373.902689777 	 0
10 0.001 58708513.373754002 -116531894.50229046 -57823381.128536455 1.2496411382322409e-07
# final: N=20000 steps=10 arithmetic_dtype=double max_relative_energy_drift=1.2496411382322409e-07 tolerance=0.001 status=OK

--- Performance Profiling Report ---
File Read       : 6.344495e-04 s
File Write      : 2.716999e-03 s
Total Run       : 6.634571e-01 s

--- Step Statistics (10 steps) ---
Total Step      		 Median; 3.134588e-01 s 		 Trimmed Mean: 3.134657e-01 s 		 Standard Deviation: 3.565264e-05 s
First Drift     		 Median; 2.302043e-05 s 		 Trimmed Mean: 2.403941e-05 s 		 Standard Deviation: 2.436484e-06 s
Compute Force   		 Median; 3.133504e-01 s 		 Trimmed Mean: 3.133531e-01 s 		 Standard Deviation: 3.933440e-05 s
Kick            		 Median; 3.614090e-05 s 		 Trimmed Mean: 3.614137e-05 s 		 Standard Deviation: 8.407055e-07 s
Second Drift    		 Median; 2.787588e-05 s 		 Trimmed Mean: 2.785330e-05 s 		 Standard Deviation: 1.488478e-06 s
# Direct N-body DKD
# arithmetic_dtype=double binary_storage=float32 format=nbody-f32-v1
# N=20000 nsteps=10 dt=0.0001 eps=0.050000000000000003 G=1 mass=1
Acceleration Kernel: r
# Step 	 Time 			 Kinetic 			 Potential 			 Total 			 Relative Energy Drift
0 	 0 	 58759436.184000514 	 -116582810.08669029 	 -57823373.902689777 	 0
10 0.001 58708512.063515149 -116531892.91447839 -57823380.850963242 1.2016375033270296e-07
# final: N=20000 steps=10 arithmetic_dtype=double max_relative_energy_drift=1.2016375033270296e-07 tolerance=0.001 status=OK

--- Performance Profiling Report ---
File Read       : 6.133290e-04 s
File Write      : 2.351524e-03 s
Total Run       : 6.652111e-01 s

--- Step Statistics (10 steps) ---
Total Step      		 Median; 2.627692e-01 s 		 Trimmed Mean: 2.627605e-01 s 		 Standard Deviation: 8.839300e-05 s
First Drift     		 Median; 2.187537e-05 s 		 Trimmed Mean: 2.188166e-05 s 		 Standard Deviation: 6.830753e-08 s
Compute Force   		 Median; 2.626507e-01 s 		 Trimmed Mean: 2.626501e-01 s 		 Standard Deviation: 8.756124e-05 s
Kick            		 Median; 3.569480e-05 s 		 Trimmed Mean: 3.577431e-05 s 		 Standard Deviation: 9.193683e-07 s
Second Drift    		 Median; 2.400065e-05 s 		 Trimmed Mean: 2.491765e-05 s 		 Standard Deviation: 3.179711e-06 s
# Direct N-body DKD
# arithmetic_dtype=double binary_storage=float32 format=nbody-f32-v1
# N=20000 nsteps=10 dt=0.0001 eps=0.050000000000000003 G=1 mass=1
Acceleration Kernel: rt
# Step 	 Time 			 Kinetic 			 Potential 			 Total 			 Relative Energy Drift
0 	 0 	 58759436.184000514 	 -116582810.08669029 	 -57823373.902689777 	 0
10 0.001 58708512.063515149 -116531892.91447839 -57823380.850963242 1.2016375033270296e-07
# final: N=20000 steps=10 arithmetic_dtype=double max_relative_energy_drift=1.2016375033270296e-07 tolerance=0.001 status=OK

--- Performance Profiling Report ---
File Read       : 6.148294e-04 s
File Write      : 1.575743e-03 s
Total Run       : 6.652100e-01 s

--- Step Statistics (10 steps) ---
Total Step      		 Median; 4.108825e-01 s 		 Trimmed Mean: 4.108986e-01 s 		 Standard Deviation: 5.439051e-05 s
First Drift     		 Median; 2.173055e-05 s 		 Trimmed Mean: 2.229423e-05 s 		 Standard Deviation: 1.450450e-06 s
Compute Force   		 Median; 4.107546e-01 s 		 Trimmed Mean: 4.107694e-01 s 		 Standard Deviation: 5.010388e-05 s
Kick            		 Median; 4.216610e-05 s 		 Trimmed Mean: 4.247692e-05 s 		 Standard Deviation: 1.499992e-06 s
Second Drift    		 Median; 3.493112e-05 s 		 Trimmed Mean: 3.523915e-05 s 		 Standard Deviation: 7.793520e-07 s
make[1]: Entering directory '/orfeo/cephfs/scratch/dssc/enricosavorgnan/2026-nbody/experiments/rsqrt-impact'
rm -f main generate_initial_conditions *.o *.bin
cc -std=c11 -I/u/dssc/enricosavorgnan/opt/papi/include -DNBODY_USE_DOUBLE -O3 -march=native -Wall -Wextra -Wpedantic -flto -D_POSIX_C_SOURCE=199309L -DBLOCK_SIZE=128 -DN_RSQRT_LOOP=3 -DUSE_PAPI -c main.c -o main.o
cc -std=c11 -I/u/dssc/enricosavorgnan/opt/papi/include -DNBODY_USE_DOUBLE -O3 -march=native -Wall -Wextra -Wpedantic -flto -D_POSIX_C_SOURCE=199309L -DBLOCK_SIZE=128 -DN_RSQRT_LOOP=3 -DUSE_PAPI -c integration.c -o integration.o
cc -std=c11 -I/u/dssc/enricosavorgnan/opt/papi/include -DNBODY_USE_DOUBLE -O3 -march=native -Wall -Wextra -Wpedantic -flto -D_POSIX_C_SOURCE=199309L -DBLOCK_SIZE=128 -DN_RSQRT_LOOP=3 -DUSE_PAPI -c particles.c -o particles.o
cc -std=c11 -I/u/dssc/enricosavorgnan/opt/papi/include -DNBODY_USE_DOUBLE -O3 -march=native -Wall -Wextra -Wpedantic -flto -D_POSIX_C_SOURCE=199309L -DBLOCK_SIZE=128 -DN_RSQRT_LOOP=3 -DUSE_PAPI -c profiling.c -o profiling.o
cc -std=c11 -I/u/dssc/enricosavorgnan/opt/papi/include -DNBODY_USE_DOUBLE -O3 -march=native -Wall -Wextra -Wpedantic -flto -D_POSIX_C_SOURCE=199309L -DBLOCK_SIZE=128 -DN_RSQRT_LOOP=3 -DUSE_PAPI -c utils.c -o utils.o
cc -std=c11 -O3 -march=native -Wall -Wextra -Wpedantic -flto -D_POSIX_C_SOURCE=199309L -DBLOCK_SIZE=128 -DN_RSQRT_LOOP=3 -DUSE_PAPI -L/u/dssc/enricosavorgnan/opt/papi/lib -Wl,-rpath,/u/dssc/enricosavorgnan/opt/papi/lib -o main main.o integration.o particles.o profiling.o utils.o -lm -lpapi
cc -std=c11 -I/u/dssc/enricosavorgnan/opt/papi/include -DNBODY_USE_DOUBLE -O3 -march=native -Wall -Wextra -Wpedantic -flto -D_POSIX_C_SOURCE=199309L -DBLOCK_SIZE=128 -DN_RSQRT_LOOP=3 -DUSE_PAPI -L/u/dssc/enricosavorgnan/opt/papi/lib -Wl,-rpath,/u/dssc/enricosavorgnan/opt/papi/lib -o generate_initial_conditions generate_initial_conditions.c -lm -lpapi
make[1]: Leaving directory '/orfeo/cephfs/scratch/dssc/enricosavorgnan/2026-nbody/experiments/rsqrt-impact'
# Direct N-body DKD
# arithmetic_dtype=double binary_storage=float32 format=nbody-f32-v1
# N=20000 nsteps=10 dt=0.0001 eps=0.050000000000000003 G=1 mass=1
Acceleration Kernel: n
# Step 	 Time 			 Kinetic 			 Potential 			 Total 			 Relative Energy Drift
0 	 0 	 58759436.184000514 	 -116582810.08669029 	 -57823373.902689777 	 0
10 0.001 58708513.373754002 -116531894.50229046 -57823381.128536455 1.2496411382322409e-07
# final: N=20000 steps=10 arithmetic_dtype=double max_relative_energy_drift=1.2496411382322409e-07 tolerance=0.001 status=OK

--- Performance Profiling Report ---
File Read       : 6.116387e-04 s
File Write      : 9.884937e-04 s
Total Run       : 6.627875e-01 s

--- Step Statistics (10 steps) ---
Total Step      		 Median; 3.135107e-01 s 		 Trimmed Mean: 3.135024e-01 s 		 Standard Deviation: 1.216077e-04 s
First Drift     		 Median; 2.167514e-05 s 		 Trimmed Mean: 2.176419e-05 s 		 Standard Deviation: 1.324562e-07 s
Compute Force   		 Median; 3.134017e-01 s 		 Trimmed Mean: 3.133949e-01 s 		 Standard Deviation: 1.207779e-04 s
Kick            		 Median; 3.487105e-05 s 		 Trimmed Mean: 3.475975e-05 s 		 Standard Deviation: 6.601468e-07 s
Second Drift    		 Median; 2.217060e-05 s 		 Trimmed Mean: 2.218259e-05 s 		 Standard Deviation: 1.833848e-07 s
# Direct N-body DKD
# arithmetic_dtype=double binary_storage=float32 format=nbody-f32-v1
# N=20000 nsteps=10 dt=0.0001 eps=0.050000000000000003 G=1 mass=1
Acceleration Kernel: r
# Step 	 Time 			 Kinetic 			 Potential 			 Total 			 Relative Energy Drift
0 	 0 	 58759436.184000514 	 -116582810.08669029 	 -57823373.902689777 	 0
10 0.001 58708513.373747677 -116531894.50228278 -57823381.128535107 1.2496409050125241e-07
# final: N=20000 steps=10 arithmetic_dtype=double max_relative_energy_drift=1.2496409050125241e-07 tolerance=0.001 status=OK

--- Performance Profiling Report ---
File Read       : 6.232690e-04 s
File Write      : 9.537237e-04 s
Total Run       : 6.641243e-01 s

--- Step Statistics (10 steps) ---
Total Step      		 Median; 3.138746e-01 s 		 Trimmed Mean: 3.139862e-01 s 		 Standard Deviation: 3.628940e-04 s
First Drift     		 Median; 2.209004e-05 s 		 Trimmed Mean: 2.269028e-05 s 		 Standard Deviation: 1.900549e-06 s
Compute Force   		 Median; 3.137661e-01 s 		 Trimmed Mean: 3.138723e-01 s 		 Standard Deviation: 3.628451e-04 s
Kick            		 Median; 3.562029e-05 s 		 Trimmed Mean: 3.533915e-05 s 		 Standard Deviation: 7.881379e-07 s
Second Drift    		 Median; 2.210028e-05 s 		 Trimmed Mean: 2.210133e-05 s 		 Standard Deviation: 1.362467e-07 s
# Direct N-body DKD
# arithmetic_dtype=double binary_storage=float32 format=nbody-f32-v1
# N=20000 nsteps=10 dt=0.0001 eps=0.050000000000000003 G=1 mass=1
Acceleration Kernel: rt
# Step 	 Time 			 Kinetic 			 Potential 			 Total 			 Relative Energy Drift
0 	 0 	 58759436.184000514 	 -116582810.08669029 	 -57823373.902689777 	 0
10 0.001 58708513.373747677 -116531894.50228278 -57823381.128535107 1.2496409050125241e-07
# final: N=20000 steps=10 arithmetic_dtype=double max_relative_energy_drift=1.2496409050125241e-07 tolerance=0.001 status=OK

--- Performance Profiling Report ---
File Read       : 6.269086e-04 s
File Write      : 9.380942e-04 s
Total Run       : 6.666840e-01 s

--- Step Statistics (10 steps) ---
Total Step      		 Median; 4.641817e-01 s 		 Trimmed Mean: 4.647027e-01 s 		 Standard Deviation: 8.132353e-04 s
First Drift     		 Median; 2.175989e-05 s 		 Trimmed Mean: 2.172391e-05 s 		 Standard Deviation: 1.490061e-07 s
Compute Force   		 Median; 4.640503e-01 s 		 Trimmed Mean: 4.645639e-01 s 		 Standard Deviation: 8.112378e-04 s
Kick            		 Median; 4.339078e-05 s 		 Trimmed Mean: 4.359928e-05 s 		 Standard Deviation: 1.255783e-06 s
Second Drift    		 Median; 3.723521e-05 s 		 Trimmed Mean: 3.767572e-05 s 		 Standard Deviation: 2.235990e-06 s
# Direct N-body DKD
# arithmetic_dtype=double binary_storage=float32 format=nbody-f32-v1
# N=20000 nsteps=10 dt=0.0001 eps=0.050000000000000003 G=1 mass=1
Acceleration Kernel: n
# Step 	 Time 			 Kinetic 			 Potential 			 Total 			 Relative Energy Drift
0 	 0 	 58759436.184000514 	 -116582810.08669029 	 -57823373.902689777 	 0
10 0.001 58708513.373754002 -116531894.50229046 -57823381.128536455 1.2496411382322409e-07
# final: N=20000 steps=10 arithmetic_dtype=double max_relative_energy_drift=1.2496411382322409e-07 tolerance=0.001 status=OK

--- Performance Profiling Report ---
File Read       : 6.312886e-04 s
File Write      : 2.423786e-03 s
Total Run       : 6.651755e-01 s

--- Step Statistics (10 steps) ---
Total Step      		 Median; 3.147689e-01 s 		 Trimmed Mean: 3.147742e-01 s 		 Standard Deviation: 5.360592e-05 s
First Drift     		 Median; 2.176082e-05 s 		 Trimmed Mean: 2.230681e-05 s 		 Standard Deviation: 1.589357e-06 s
Compute Force   		 Median; 3.146632e-01 s 		 Trimmed Mean: 3.146655e-01 s 		 Standard Deviation: 5.154865e-05 s
Kick            		 Median; 3.560493e-05 s 		 Trimmed Mean: 3.567408e-05 s 		 Standard Deviation: 8.155149e-07 s
Second Drift    		 Median; 2.210075e-05 s 		 Trimmed Mean: 2.208783e-05 s 		 Standard Deviation: 7.588270e-08 s
# Direct N-body DKD
# arithmetic_dtype=double binary_storage=float32 format=nbody-f32-v1
# N=20000 nsteps=10 dt=0.0001 eps=0.050000000000000003 G=1 mass=1
Acceleration Kernel: r
# Step 	 Time 			 Kinetic 			 Potential 			 Total 			 Relative Energy Drift
0 	 0 	 58759436.184000514 	 -116582810.08669029 	 -57823373.902689777 	 0
10 0.001 58708513.373747677 -116531894.50228278 -57823381.128535107 1.2496409050125241e-07
# final: N=20000 steps=10 arithmetic_dtype=double max_relative_energy_drift=1.2496409050125241e-07 tolerance=0.001 status=OK

--- Performance Profiling Report ---
File Read       : 7.032799e-04 s
File Write      : 2.662959e-03 s
Total Run       : 6.668874e-01 s

--- Step Statistics (10 steps) ---
Total Step      		 Median; 3.148751e-01 s 		 Trimmed Mean: 3.148484e-01 s 		 Standard Deviation: 9.476951e-05 s
First Drift     		 Median; 2.170540e-05 s 		 Trimmed Mean: 2.178282e-05 s 		 Standard Deviation: 1.377787e-07 s
Compute Force   		 Median; 3.147346e-01 s 		 Trimmed Mean: 3.147280e-01 s 		 Standard Deviation: 9.708325e-05 s
Kick            		 Median; 3.504055e-05 s 		 Trimmed Mean: 3.513799e-05 s 		 Standard Deviation: 6.653747e-07 s
Second Drift    		 Median; 2.564536e-05 s 		 Trimmed Mean: 2.621161e-05 s 		 Standard Deviation: 3.976359e-06 s
# Direct N-body DKD
# arithmetic_dtype=double binary_storage=float32 format=nbody-f32-v1
# N=20000 nsteps=10 dt=0.0001 eps=0.050000000000000003 G=1 mass=1
Acceleration Kernel: rt
# Step 	 Time 			 Kinetic 			 Potential 			 Total 			 Relative Energy Drift
0 	 0 	 58759436.184000514 	 -116582810.08669029 	 -57823373.902689777 	 0
10 0.001 58708513.373747677 -116531894.50228278 -57823381.128535107 1.2496409050125241e-07
# final: N=20000 steps=10 arithmetic_dtype=double max_relative_energy_drift=1.2496409050125241e-07 tolerance=0.001 status=OK

--- Performance Profiling Report ---
File Read       : 6.192988e-04 s
File Write      : 1.744776e-03 s
Total Run       : 6.664233e-01 s

--- Step Statistics (10 steps) ---
Total Step      		 Median; 4.657694e-01 s 		 Trimmed Mean: 4.657697e-01 s 		 Standard Deviation: 5.515869e-05 s
First Drift     		 Median; 2.188003e-05 s 		 Trimmed Mean: 2.187409e-05 s 		 Standard Deviation: 1.075299e-07 s
Compute Force   		 Median; 4.656155e-01 s 		 Trimmed Mean: 4.656358e-01 s 		 Standard Deviation: 5.465336e-05 s
Kick            		 Median; 4.273560e-05 s 		 Trimmed Mean: 4.231592e-05 s 		 Standard Deviation: 1.411344e-06 s
Second Drift    		 Median; 3.578560e-05 s 		 Trimmed Mean: 3.570027e-05 s 		 Standard Deviation: 5.438285e-07 s
# Direct N-body DKD
# arithmetic_dtype=double binary_storage=float32 format=nbody-f32-v1
# N=20000 nsteps=10 dt=0.0001 eps=0.050000000000000003 G=1 mass=1
Acceleration Kernel: n
# Step 	 Time 			 Kinetic 			 Potential 			 Total 			 Relative Energy Drift
0 	 0 	 58759436.184000514 	 -116582810.08669029 	 -57823373.902689777 	 0
10 0.001 58708513.373754002 -116531894.50229046 -57823381.128536455 1.2496411382322409e-07
# final: N=20000 steps=10 arithmetic_dtype=double max_relative_energy_drift=1.2496411382322409e-07 tolerance=0.001 status=OK

--- Performance Profiling Report ---
File Read       : 6.318996e-04 s
File Write      : 1.876839e-03 s
Total Run       : 6.674848e-01 s

--- Step Statistics (10 steps) ---
Total Step      		 Median; 3.156190e-01 s 		 Trimmed Mean: 3.156253e-01 s 		 Standard Deviation: 9.149944e-05 s
First Drift     		 Median; 2.172543e-05 s 		 Trimmed Mean: 2.175942e-05 s 		 Standard Deviation: 1.192247e-07 s
Compute Force   		 Median; 3.155104e-01 s 		 Trimmed Mean: 3.155149e-01 s 		 Standard Deviation: 8.911958e-05 s
Kick            		 Median; 3.594020e-05 s 		 Trimmed Mean: 3.621180e-05 s 		 Standard Deviation: 8.109794e-07 s
Second Drift    		 Median; 2.271589e-05 s 		 Trimmed Mean: 2.337154e-05 s 		 Standard Deviation: 1.521152e-06 s
# Direct N-body DKD
# arithmetic_dtype=double binary_storage=float32 format=nbody-f32-v1
# N=20000 nsteps=10 dt=0.0001 eps=0.050000000000000003 G=1 mass=1
Acceleration Kernel: r
# Step 	 Time 			 Kinetic 			 Potential 			 Total 			 Relative Energy Drift
0 	 0 	 58759436.184000514 	 -116582810.08669029 	 -57823373.902689777 	 0
10 0.001 58708513.373747677 -116531894.50228278 -57823381.128535107 1.2496409050125241e-07
# final: N=20000 steps=10 arithmetic_dtype=double max_relative_energy_drift=1.2496409050125241e-07 tolerance=0.001 status=OK

--- Performance Profiling Report ---
File Read       : 6.223191e-04 s
File Write      : 2.554058e-03 s
Total Run       : 6.691883e-01 s

--- Step Statistics (10 steps) ---
Total Step      		 Median; 3.156745e-01 s 		 Trimmed Mean: 3.156863e-01 s 		 Standard Deviation: 1.088641e-04 s
First Drift     		 Median; 2.173055e-05 s 		 Trimmed Mean: 2.176454e-05 s 		 Standard Deviation: 7.046888e-08 s
Compute Force   		 Median; 3.155685e-01 s 		 Trimmed Mean: 3.155730e-01 s 		 Standard Deviation: 1.015721e-04 s
Kick            		 Median; 3.691623e-05 s 		 Trimmed Mean: 3.686070e-05 s 		 Standard Deviation: 3.110563e-07 s
Second Drift    		 Median; 2.211984e-05 s 		 Trimmed Mean: 2.215267e-05 s 		 Standard Deviation: 1.152893e-07 s
# Direct N-body DKD
# arithmetic_dtype=double binary_storage=float32 format=nbody-f32-v1
# N=20000 nsteps=10 dt=0.0001 eps=0.050000000000000003 G=1 mass=1
Acceleration Kernel: rt
# Step 	 Time 			 Kinetic 			 Potential 			 Total 			 Relative Energy Drift
0 	 0 	 58759436.184000514 	 -116582810.08669029 	 -57823373.902689777 	 0
10 0.001 58708513.373747677 -116531894.50228278 -57823381.128535107 1.2496409050125241e-07
# final: N=20000 steps=10 arithmetic_dtype=double max_relative_energy_drift=1.2496409050125241e-07 tolerance=0.001 status=OK

--- Performance Profiling Report ---
File Read       : 6.287592e-04 s
File Write      : 2.299794e-03 s
Total Run       : 6.677124e-01 s

--- Step Statistics (10 steps) ---
Total Step      		 Median; 4.655456e-01 s 		 Trimmed Mean: 4.655484e-01 s 		 Standard Deviation: 9.992359e-05 s
First Drift     		 Median; 2.176082e-05 s 		 Trimmed Mean: 2.236909e-05 s 		 Standard Deviation: 1.554690e-06 s
Compute Force   		 Median; 4.654156e-01 s 		 Trimmed Mean: 4.654178e-01 s 		 Standard Deviation: 9.847821e-05 s
Kick            		 Median; 4.318496e-05 s 		 Trimmed Mean: 4.346424e-05 s 		 Standard Deviation: 1.546560e-06 s
Second Drift    		 Median; 3.846036e-05 s 		 Trimmed Mean: 3.829820e-05 s 		 Standard Deviation: 1.521920e-06 s
# Direct N-body DKD
# arithmetic_dtype=double binary_storage=float32 format=nbody-f32-v1
# N=20000 nsteps=10 dt=0.0001 eps=0.050000000000000003 G=1 mass=1
Acceleration Kernel: n
# Step 	 Time 			 Kinetic 			 Potential 			 Total 			 Relative Energy Drift
0 	 0 	 58759436.184000514 	 -116582810.08669029 	 -57823373.902689777 	 0
10 0.001 58708513.373754002 -116531894.50229046 -57823381.128536455 1.2496411382322409e-07
# final: N=20000 steps=10 arithmetic_dtype=double max_relative_energy_drift=1.2496411382322409e-07 tolerance=0.001 status=OK

--- Performance Profiling Report ---
File Read       : 6.361892e-04 s
File Write      : 2.619049e-03 s
Total Run       : 6.676962e-01 s

--- Step Statistics (10 steps) ---
Total Step      		 Median; 3.159370e-01 s 		 Trimmed Mean: 3.159160e-01 s 		 Standard Deviation: 1.098838e-04 s
First Drift     		 Median; 2.186513e-05 s 		 Trimmed Mean: 2.240937e-05 s 		 Standard Deviation: 1.429423e-06 s
Compute Force   		 Median; 3.158035e-01 s 		 Trimmed Mean: 3.157951e-01 s 		 Standard Deviation: 1.044528e-04 s
Kick            		 Median; 3.596582e-05 s 		 Trimmed Mean: 3.614312e-05 s 		 Standard Deviation: 7.404707e-07 s
Second Drift    		 Median; 2.237083e-05 s 		 Trimmed Mean: 2.232671e-05 s 		 Standard Deviation: 1.442073e-07 s
# Direct N-body DKD
# arithmetic_dtype=double binary_storage=float32 format=nbody-f32-v1
# N=20000 nsteps=10 dt=0.0001 eps=0.050000000000000003 G=1 mass=1
Acceleration Kernel: r
# Step 	 Time 			 Kinetic 			 Potential 			 Total 			 Relative Energy Drift
0 	 0 	 58759436.184000514 	 -116582810.08669029 	 -57823373.902689777 	 0
10 0.001 58708513.373747677 -116531894.50228278 -57823381.128535107 1.2496409050125241e-07
# final: N=20000 steps=10 arithmetic_dtype=double max_relative_energy_drift=1.2496409050125241e-07 tolerance=0.001 status=OK

--- Performance Profiling Report ---
File Read       : 6.252695e-04 s
File Write      : 2.426964e-03 s
Total Run       : 6.688537e-01 s

--- Step Statistics (10 steps) ---
Total Step      		 Median; 3.155927e-01 s 		 Trimmed Mean: 3.156185e-01 s 		 Standard Deviation: 1.155642e-04 s
First Drift     		 Median; 2.185488e-05 s 		 Trimmed Mean: 2.187153e-05 s 		 Standard Deviation: 1.816401e-07 s
Compute Force   		 Median; 3.154856e-01 s 		 Trimmed Mean: 3.155093e-01 s 		 Standard Deviation: 1.116346e-04 s
Kick            		 Median; 3.620982e-05 s 		 Trimmed Mean: 3.682787e-05 s 		 Standard Deviation: 2.292443e-06 s
Second Drift    		 Median; 2.212543e-05 s 		 Trimmed Mean: 2.265803e-05 s 		 Standard Deviation: 1.187303e-06 s
# Direct N-body DKD
# arithmetic_dtype=double binary_storage=float32 format=nbody-f32-v1
# N=20000 nsteps=10 dt=0.0001 eps=0.050000000000000003 G=1 mass=1
Acceleration Kernel: rt
# Step 	 Time 			 Kinetic 			 Potential 			 Total 			 Relative Energy Drift
0 	 0 	 58759436.184000514 	 -116582810.08669029 	 -57823373.902689777 	 0
10 0.001 58708513.373747677 -116531894.50228278 -57823381.128535107 1.2496409050125241e-07
# final: N=20000 steps=10 arithmetic_dtype=double max_relative_energy_drift=1.2496409050125241e-07 tolerance=0.001 status=OK

--- Performance Profiling Report ---
File Read       : 6.228490e-04 s
File Write      : 5.741093e-03 s
Total Run       : 6.674789e-01 s

--- Step Statistics (10 steps) ---
Total Step      		 Median; 4.640858e-01 s 		 Trimmed Mean: 4.641140e-01 s 		 Standard Deviation: 1.457504e-04 s
First Drift     		 Median; 2.192939e-05 s 		 Trimmed Mean: 2.240285e-05 s 		 Standard Deviation: 1.396181e-06 s
Compute Force   		 Median; 4.639563e-01 s 		 Trimmed Mean: 4.639813e-01 s 		 Standard Deviation: 1.453748e-04 s
Kick            		 Median; 4.282035e-05 s 		 Trimmed Mean: 4.347437e-05 s 		 Standard Deviation: 2.294406e-06 s
Second Drift    		 Median; 3.675558e-05 s 		 Trimmed Mean: 3.811286e-05 s 		 Standard Deviation: 3.236735e-06 s
# Direct N-body DKD
# arithmetic_dtype=double binary_storage=float32 format=nbody-f32-v1
# N=20000 nsteps=10 dt=0.0001 eps=0.050000000000000003 G=1 mass=1
Acceleration Kernel: n
# Step 	 Time 			 Kinetic 			 Potential 			 Total 			 Relative Energy Drift
0 	 0 	 58759436.184000514 	 -116582810.08669029 	 -57823373.902689777 	 0
10 0.001 58708513.373754002 -116531894.50229046 -57823381.128536455 1.2496411382322409e-07
# final: N=20000 steps=10 arithmetic_dtype=double max_relative_energy_drift=1.2496411382322409e-07 tolerance=0.001 status=OK

--- Performance Profiling Report ---
File Read       : 6.663604e-04 s
File Write      : 2.293723e-03 s
Total Run       : 6.675920e-01 s

--- Step Statistics (10 steps) ---
Total Step      		 Median; 3.156707e-01 s 		 Trimmed Mean: 3.156729e-01 s 		 Standard Deviation: 6.679577e-05 s
First Drift     		 Median; 2.178038e-05 s 		 Trimmed Mean: 2.182031e-05 s 		 Standard Deviation: 1.048751e-07 s
Compute Force   		 Median; 3.155666e-01 s 		 Trimmed Mean: 3.155674e-01 s 		 Standard Deviation: 6.484524e-05 s
Kick            		 Median; 3.510574e-05 s 		 Trimmed Mean: 3.514579e-05 s 		 Standard Deviation: 7.596964e-07 s
Second Drift    		 Median; 2.218038e-05 s 		 Trimmed Mean: 2.218294e-05 s 		 Standard Deviation: 1.371590e-07 s
# Direct N-body DKD
# arithmetic_dtype=double binary_storage=float32 format=nbody-f32-v1
# N=20000 nsteps=10 dt=0.0001 eps=0.050000000000000003 G=1 mass=1
Acceleration Kernel: r
# Step 	 Time 			 Kinetic 			 Potential 			 Total 			 Relative Energy Drift
0 	 0 	 58759436.184000514 	 -116582810.08669029 	 -57823373.902689777 	 0
10 0.001 58708513.373747677 -116531894.50228278 -57823381.128535107 1.2496409050125241e-07
# final: N=20000 steps=10 arithmetic_dtype=double max_relative_energy_drift=1.2496409050125241e-07 tolerance=0.001 status=OK

--- Performance Profiling Report ---
File Read       : 6.119693e-04 s
File Write      : 1.857528e-03 s
Total Run       : 6.691301e-01 s

--- Step Statistics (10 steps) ---
Total Step      		 Median; 3.158751e-01 s 		 Trimmed Mean: 3.158854e-01 s 		 Standard Deviation: 1.136545e-04 s
First Drift     		 Median; 2.184603e-05 s 		 Trimmed Mean: 2.195546e-05 s 		 Standard Deviation: 2.295908e-07 s
Compute Force   		 Median; 3.157719e-01 s 		 Trimmed Mean: 3.157777e-01 s 		 Standard Deviation: 1.134263e-04 s
Kick            		 Median; 3.560586e-05 s 		 Trimmed Mean: 3.539701e-05 s 		 Standard Deviation: 7.842080e-07 s
Second Drift    		 Median; 2.261484e-05 s 		 Trimmed Mean: 2.484629e-05 s 		 Standard Deviation: 3.294854e-06 s
# Direct N-body DKD
# arithmetic_dtype=double binary_storage=float32 format=nbody-f32-v1
# N=20000 nsteps=10 dt=0.0001 eps=0.050000000000000003 G=1 mass=1
Acceleration Kernel: rt
# Step 	 Time 			 Kinetic 			 Potential 			 Total 			 Relative Energy Drift
0 	 0 	 58759436.184000514 	 -116582810.08669029 	 -57823373.902689777 	 0
10 0.001 58708513.373747677 -116531894.50228278 -57823381.128535107 1.2496409050125241e-07
# final: N=20000 steps=10 arithmetic_dtype=double max_relative_energy_drift=1.2496409050125241e-07 tolerance=0.001 status=OK

--- Performance Profiling Report ---
File Read       : 6.365897e-04 s
File Write      : 1.710105e-03 s
Total Run       : 6.677150e-01 s

--- Step Statistics (10 steps) ---
Total Step      		 Median; 4.639619e-01 s 		 Trimmed Mean: 4.639742e-01 s 		 Standard Deviation: 8.811480e-05 s
First Drift     		 Median; 2.172031e-05 s 		 Trimmed Mean: 2.181495e-05 s 		 Standard Deviation: 2.046982e-07 s
Compute Force   		 Median; 4.638332e-01 s 		 Trimmed Mean: 4.638442e-01 s 		 Standard Deviation: 8.556539e-05 s
Kick            		 Median; 4.337123e-05 s 		 Trimmed Mean: 4.327425e-05 s 		 Standard Deviation: 1.191414e-06 s
Second Drift    		 Median; 3.616093e-05 s 		 Trimmed Mean: 3.658480e-05 s 		 Standard Deviation: 1.319680e-06 s
make[1]: Entering directory '/orfeo/cephfs/scratch/dssc/enricosavorgnan/2026-nbody/experiments/rsqrt-impact'
rm -f main generate_initial_conditions *.o *.bin
cc -std=c11 -I/u/dssc/enricosavorgnan/opt/papi/include -DNBODY_USE_DOUBLE -O3 -march=native -Wall -Wextra -Wpedantic -flto -D_POSIX_C_SOURCE=199309L -DBLOCK_SIZE=128 -DN_RSQRT_LOOP=4 -DUSE_PAPI -c main.c -o main.o
cc -std=c11 -I/u/dssc/enricosavorgnan/opt/papi/include -DNBODY_USE_DOUBLE -O3 -march=native -Wall -Wextra -Wpedantic -flto -D_POSIX_C_SOURCE=199309L -DBLOCK_SIZE=128 -DN_RSQRT_LOOP=4 -DUSE_PAPI -c integration.c -o integration.o
cc -std=c11 -I/u/dssc/enricosavorgnan/opt/papi/include -DNBODY_USE_DOUBLE -O3 -march=native -Wall -Wextra -Wpedantic -flto -D_POSIX_C_SOURCE=199309L -DBLOCK_SIZE=128 -DN_RSQRT_LOOP=4 -DUSE_PAPI -c particles.c -o particles.o
cc -std=c11 -I/u/dssc/enricosavorgnan/opt/papi/include -DNBODY_USE_DOUBLE -O3 -march=native -Wall -Wextra -Wpedantic -flto -D_POSIX_C_SOURCE=199309L -DBLOCK_SIZE=128 -DN_RSQRT_LOOP=4 -DUSE_PAPI -c profiling.c -o profiling.o
cc -std=c11 -I/u/dssc/enricosavorgnan/opt/papi/include -DNBODY_USE_DOUBLE -O3 -march=native -Wall -Wextra -Wpedantic -flto -D_POSIX_C_SOURCE=199309L -DBLOCK_SIZE=128 -DN_RSQRT_LOOP=4 -DUSE_PAPI -c utils.c -o utils.o
cc -std=c11 -O3 -march=native -Wall -Wextra -Wpedantic -flto -D_POSIX_C_SOURCE=199309L -DBLOCK_SIZE=128 -DN_RSQRT_LOOP=4 -DUSE_PAPI -L/u/dssc/enricosavorgnan/opt/papi/lib -Wl,-rpath,/u/dssc/enricosavorgnan/opt/papi/lib -o main main.o integration.o particles.o profiling.o utils.o -lm -lpapi
cc -std=c11 -I/u/dssc/enricosavorgnan/opt/papi/include -DNBODY_USE_DOUBLE -O3 -march=native -Wall -Wextra -Wpedantic -flto -D_POSIX_C_SOURCE=199309L -DBLOCK_SIZE=128 -DN_RSQRT_LOOP=4 -DUSE_PAPI -L/u/dssc/enricosavorgnan/opt/papi/lib -Wl,-rpath,/u/dssc/enricosavorgnan/opt/papi/lib -o generate_initial_conditions generate_initial_conditions.c -lm -lpapi
make[1]: Leaving directory '/orfeo/cephfs/scratch/dssc/enricosavorgnan/2026-nbody/experiments/rsqrt-impact'
# Direct N-body DKD
# arithmetic_dtype=double binary_storage=float32 format=nbody-f32-v1
# N=20000 nsteps=10 dt=0.0001 eps=0.050000000000000003 G=1 mass=1
Acceleration Kernel: n
# Step 	 Time 			 Kinetic 			 Potential 			 Total 			 Relative Energy Drift
0 	 0 	 58759436.184000514 	 -116582810.08669029 	 -57823373.902689777 	 0
10 0.001 58708513.373754002 -116531894.50229046 -57823381.128536455 1.2496411382322409e-07
# final: N=20000 steps=10 arithmetic_dtype=double max_relative_energy_drift=1.2496411382322409e-07 tolerance=0.001 status=OK

--- Performance Profiling Report ---
File Read       : 6.347103e-04 s
File Write      : 9.659538e-04 s
Total Run       : 6.676267e-01 s

--- Step Statistics (10 steps) ---
Total Step      		 Median; 3.157217e-01 s 		 Trimmed Mean: 3.157781e-01 s 		 Standard Deviation: 1.280261e-04 s
First Drift     		 Median; 2.203649e-05 s 		 Trimmed Mean: 2.206292e-05 s 		 Standard Deviation: 1.840019e-07 s
Compute Force   		 Median; 3.156170e-01 s 		 Trimmed Mean: 3.156635e-01 s 		 Standard Deviation: 1.184425e-04 s
Kick            		 Median; 3.635976e-05 s 		 Trimmed Mean: 3.669050e-05 s 		 Standard Deviation: 1.046933e-06 s
Second Drift    		 Median; 2.259482e-05 s 		 Trimmed Mean: 2.297747e-05 s 		 Standard Deviation: 1.120397e-06 s
# Direct N-body DKD
# arithmetic_dtype=double binary_storage=float32 format=nbody-f32-v1
# N=20000 nsteps=10 dt=0.0001 eps=0.050000000000000003 G=1 mass=1
Acceleration Kernel: r
# Step 	 Time 			 Kinetic 			 Potential 			 Total 			 Relative Energy Drift
0 	 0 	 58759436.184000514 	 -116582810.08669029 	 -57823373.902689777 	 0
10 0.001 58708513.373754002 -116531894.50229046 -57823381.128536455 1.2496411382322409e-07
# final: N=20000 steps=10 arithmetic_dtype=double max_relative_energy_drift=1.2496411382322409e-07 tolerance=0.001 status=OK

--- Performance Profiling Report ---
File Read       : 6.372500e-04 s
File Write      : 1.100877e-03 s
Total Run       : 6.686667e-01 s

--- Step Statistics (10 steps) ---
Total Step      		 Median; 3.713017e-01 s 		 Trimmed Mean: 3.713858e-01 s 		 Standard Deviation: 1.517255e-04 s
First Drift     		 Median; 2.354104e-05 s 		 Trimmed Mean: 2.421532e-05 s 		 Standard Deviation: 1.780035e-06 s
Compute Force   		 Median; 3.711820e-01 s 		 Trimmed Mean: 3.712601e-01 s 		 Standard Deviation: 1.444691e-04 s
Kick            		 Median; 3.640028e-05 s 		 Trimmed Mean: 3.668561e-05 s 		 Standard Deviation: 8.449905e-07 s
Second Drift    		 Median; 3.014039e-05 s 		 Trimmed Mean: 3.011059e-05 s 		 Standard Deviation: 1.996951e-06 s
# Direct N-body DKD
# arithmetic_dtype=double binary_storage=float32 format=nbody-f32-v1
# N=20000 nsteps=10 dt=0.0001 eps=0.050000000000000003 G=1 mass=1
Acceleration Kernel: rt
# Step 	 Time 			 Kinetic 			 Potential 			 Total 			 Relative Energy Drift
0 	 0 	 58759436.184000514 	 -116582810.08669029 	 -57823373.902689777 	 0
10 0.001 58708513.373754002 -116531894.50229046 -57823381.128536455 1.2496411382322409e-07
# final: N=20000 steps=10 arithmetic_dtype=double max_relative_energy_drift=1.2496411382322409e-07 tolerance=0.001 status=OK

--- Performance Profiling Report ---
File Read       : 6.144289e-04 s
File Write      : 8.348618e-04 s
Total Run       : 6.692108e-01 s

--- Step Statistics (10 steps) ---
Total Step      		 Median; 5.368054e-01 s 		 Trimmed Mean: 5.368155e-01 s 		 Standard Deviation: 8.465264e-05 s
First Drift     		 Median; 2.269074e-05 s 		 Trimmed Mean: 2.310786e-05 s 		 Standard Deviation: 1.026192e-06 s
Compute Force   		 Median; 5.366532e-01 s 		 Trimmed Mean: 5.366780e-01 s 		 Standard Deviation: 8.519563e-05 s
Kick            		 Median; 4.381081e-05 s 		 Trimmed Mean: 4.352443e-05 s 		 Standard Deviation: 1.202167e-06 s
Second Drift    		 Median; 3.890553e-05 s 		 Trimmed Mean: 3.895024e-05 s 		 Standard Deviation: 1.067147e-06 s
# Direct N-body DKD
# arithmetic_dtype=double binary_storage=float32 format=nbody-f32-v1
# N=20000 nsteps=10 dt=0.0001 eps=0.050000000000000003 G=1 mass=1
Acceleration Kernel: n
# Step 	 Time 			 Kinetic 			 Potential 			 Total 			 Relative Energy Drift
0 	 0 	 58759436.184000514 	 -116582810.08669029 	 -57823373.902689777 	 0
10 0.001 58708513.373754002 -116531894.50229046 -57823381.128536455 1.2496411382322409e-07
# final: N=20000 steps=10 arithmetic_dtype=double max_relative_energy_drift=1.2496411382322409e-07 tolerance=0.001 status=OK

--- Performance Profiling Report ---
File Read       : 6.370489e-04 s
File Write      : 2.206012e-03 s
Total Run       : 6.682840e-01 s

--- Step Statistics (10 steps) ---
Total Step      		 Median; 3.162211e-01 s 		 Trimmed Mean: 3.161839e-01 s 		 Standard Deviation: 2.085040e-04 s
First Drift     		 Median; 2.352055e-05 s 		 Trimmed Mean: 2.349913e-05 s 		 Standard Deviation: 1.042570e-06 s
Compute Force   		 Median; 3.160839e-01 s 		 Trimmed Mean: 3.160608e-01 s 		 Standard Deviation: 2.141170e-04 s
Kick            		 Median; 3.656512e-05 s 		 Trimmed Mean: 3.733789e-05 s 		 Standard Deviation: 2.323874e-06 s
Second Drift    		 Median; 2.897624e-05 s 		 Trimmed Mean: 2.806808e-05 s 		 Standard Deviation: 3.475129e-06 s
# Direct N-body DKD
# arithmetic_dtype=double binary_storage=float32 format=nbody-f32-v1
# N=20000 nsteps=10 dt=0.0001 eps=0.050000000000000003 G=1 mass=1
Acceleration Kernel: r
# Step 	 Time 			 Kinetic 			 Potential 			 Total 			 Relative Energy Drift
0 	 0 	 58759436.184000514 	 -116582810.08669029 	 -57823373.902689777 	 0
10 0.001 58708513.373754002 -116531894.50229046 -57823381.128536455 1.2496411382322409e-07
# final: N=20000 steps=10 arithmetic_dtype=double max_relative_energy_drift=1.2496411382322409e-07 tolerance=0.001 status=OK

--- Performance Profiling Report ---
File Read       : 6.363792e-04 s
File Write      : 2.313484e-03 s
Total Run       : 6.793253e-01 s

--- Step Statistics (10 steps) ---
Total Step      		 Median; 3.723740e-01 s 		 Trimmed Mean: 3.724048e-01 s 		 Standard Deviation: 7.881980e-05 s
First Drift     		 Median; 2.193544e-05 s 		 Trimmed Mean: 2.196408e-05 s 		 Standard Deviation: 1.248300e-07 s
Compute Force   		 Median; 3.722609e-01 s 		 Trimmed Mean: 3.722963e-01 s 		 Standard Deviation: 8.149108e-05 s
Kick            		 Median; 3.657537e-05 s 		 Trimmed Mean: 3.682182e-05 s 		 Standard Deviation: 8.173006e-07 s
Second Drift    		 Median; 2.224976e-05 s 		 Trimmed Mean: 2.226641e-05 s 		 Standard Deviation: 8.559297e-08 s
# Direct N-body DKD
# arithmetic_dtype=double binary_storage=float32 format=nbody-f32-v1
# N=20000 nsteps=10 dt=0.0001 eps=0.050000000000000003 G=1 mass=1
Acceleration Kernel: rt
# Step 	 Time 			 Kinetic 			 Potential 			 Total 			 Relative Energy Drift
0 	 0 	 58759436.184000514 	 -116582810.08669029 	 -57823373.902689777 	 0
10 0.001 58708513.373754002 -116531894.50229046 -57823381.128536455 1.2496411382322409e-07
# final: N=20000 steps=10 arithmetic_dtype=double max_relative_energy_drift=1.2496411382322409e-07 tolerance=0.001 status=OK

--- Performance Profiling Report ---
File Read       : 6.949296e-04 s
File Write      : 1.677054e-03 s
Total Run       : 6.693576e-01 s

--- Step Statistics (10 steps) ---
Total Step      		 Median; 5.382885e-01 s 		 Trimmed Mean: 5.382212e-01 s 		 Standard Deviation: 2.643170e-04 s
First Drift     		 Median; 2.180506e-05 s 		 Trimmed Mean: 2.180249e-05 s 		 Standard Deviation: 1.078373e-07 s
Compute Force   		 Median; 5.381532e-01 s 		 Trimmed Mean: 5.380859e-01 s 		 Standard Deviation: 2.581078e-04 s
Kick            		 Median; 4.206086e-05 s 		 Trimmed Mean: 4.268694e-05 s 		 Standard Deviation: 1.472430e-06 s
Second Drift    		 Median; 3.571622e-05 s 		 Trimmed Mean: 3.586081e-05 s 		 Standard Deviation: 9.211271e-07 s
# Direct N-body DKD
# arithmetic_dtype=double binary_storage=float32 format=nbody-f32-v1
# N=20000 nsteps=10 dt=0.0001 eps=0.050000000000000003 G=1 mass=1
Acceleration Kernel: n
# Step 	 Time 			 Kinetic 			 Potential 			 Total 			 Relative Energy Drift
0 	 0 	 58759436.184000514 	 -116582810.08669029 	 -57823373.902689777 	 0
10 0.001 58708513.373754002 -116531894.50229046 -57823381.128536455 1.2496411382322409e-07
# final: N=20000 steps=10 arithmetic_dtype=double max_relative_energy_drift=1.2496411382322409e-07 tolerance=0.001 status=OK

--- Performance Profiling Report ---
File Read       : 6.567296e-04 s
File Write      : 1.844476e-03 s
Total Run       : 6.712732e-01 s

--- Step Statistics (10 steps) ---
Total Step      		 Median; 3.168147e-01 s 		 Trimmed Mean: 3.168157e-01 s 		 Standard Deviation: 1.231995e-04 s
First Drift     		 Median; 2.183998e-05 s 		 Trimmed Mean: 2.189633e-05 s 		 Standard Deviation: 1.899533e-07 s
Compute Force   		 Median; 3.167083e-01 s 		 Trimmed Mean: 3.167098e-01 s 		 Standard Deviation: 1.220054e-04 s
Kick            		 Median; 3.620563e-05 s 		 Trimmed Mean: 3.598339e-05 s 		 Standard Deviation: 8.142116e-07 s
Second Drift    		 Median; 2.222974e-05 s 		 Trimmed Mean: 2.238364e-05 s 		 Standard Deviation: 3.329321e-07 s
# Direct N-body DKD
# arithmetic_dtype=double binary_storage=float32 format=nbody-f32-v1
# N=20000 nsteps=10 dt=0.0001 eps=0.050000000000000003 G=1 mass=1
Acceleration Kernel: r
# Step 	 Time 			 Kinetic 			 Potential 			 Total 			 Relative Energy Drift
0 	 0 	 58759436.184000514 	 -116582810.08669029 	 -57823373.902689777 	 0
10 0.001 58708513.373754002 -116531894.50229046 -57823381.128536455 1.2496411382322409e-07
# final: N=20000 steps=10 arithmetic_dtype=double max_relative_energy_drift=1.2496411382322409e-07 tolerance=0.001 status=OK

--- Performance Profiling Report ---
File Read       : 6.600805e-04 s
File Write      : 2.078420e-03 s
Total Run       : 6.698387e-01 s

--- Step Statistics (10 steps) ---
Total Step      		 Median; 3.731758e-01 s 		 Trimmed Mean: 3.731697e-01 s 		 Standard Deviation: 2.767811e-05 s
First Drift     		 Median; 2.195081e-05 s 		 Trimmed Mean: 2.209318e-05 s 		 Standard Deviation: 3.288802e-07 s
Compute Force   		 Median; 3.730569e-01 s 		 Trimmed Mean: 3.730566e-01 s 		 Standard Deviation: 2.982997e-05 s
Kick            		 Median; 3.669551e-05 s 		 Trimmed Mean: 3.676047e-05 s 		 Standard Deviation: 3.834759e-07 s
Second Drift    		 Median; 2.240995e-05 s 		 Trimmed Mean: 2.242776e-05 s 		 Standard Deviation: 1.466345e-07 s
# Direct N-body DKD
# arithmetic_dtype=double binary_storage=float32 format=nbody-f32-v1
# N=20000 nsteps=10 dt=0.0001 eps=0.050000000000000003 G=1 mass=1
Acceleration Kernel: rt
# Step 	 Time 			 Kinetic 			 Potential 			 Total 			 Relative Energy Drift
0 	 0 	 58759436.184000514 	 -116582810.08669029 	 -57823373.902689777 	 0
10 0.001 58708513.373754002 -116531894.50229046 -57823381.128536455 1.2496411382322409e-07
# final: N=20000 steps=10 arithmetic_dtype=double max_relative_energy_drift=1.2496411382322409e-07 tolerance=0.001 status=OK

--- Performance Profiling Report ---
File Read       : 8.372525e-04 s
File Write      : 3.570582e-03 s
Total Run       : 6.717971e-01 s

--- Step Statistics (10 steps) ---
Total Step      		 Median; 5.408062e-01 s 		 Trimmed Mean: 5.408343e-01 s 		 Standard Deviation: 1.934033e-04 s
First Drift     		 Median; 2.455479e-05 s 		 Trimmed Mean: 2.483896e-05 s 		 Standard Deviation: 1.543992e-06 s
Compute Force   		 Median; 5.406682e-01 s 		 Trimmed Mean: 5.406852e-01 s 		 Standard Deviation: 1.898113e-04 s
Kick            		 Median; 4.416611e-05 s 		 Trimmed Mean: 4.398590e-05 s 		 Standard Deviation: 1.098341e-06 s
Second Drift    		 Median; 4.641619e-05 s 		 Trimmed Mean: 4.506344e-05 s 		 Standard Deviation: 4.228938e-06 s
# Direct N-body DKD
# arithmetic_dtype=double binary_storage=float32 format=nbody-f32-v1
# N=20000 nsteps=10 dt=0.0001 eps=0.050000000000000003 G=1 mass=1
Acceleration Kernel: n
# Step 	 Time 			 Kinetic 			 Potential 			 Total 			 Relative Energy Drift
0 	 0 	 58759436.184000514 	 -116582810.08669029 	 -57823373.902689777 	 0
10 0.001 58708513.373754002 -116531894.50229046 -57823381.128536455 1.2496411382322409e-07
# final: N=20000 steps=10 arithmetic_dtype=double max_relative_energy_drift=1.2496411382322409e-07 tolerance=0.001 status=OK

--- Performance Profiling Report ---
File Read       : 7.148404e-04 s
File Write      : 2.921573e-03 s
Total Run       : 6.706750e-01 s

--- Step Statistics (10 steps) ---
Total Step      		 Median; 3.175596e-01 s 		 Trimmed Mean: 3.175376e-01 s 		 Standard Deviation: 5.857774e-05 s
First Drift     		 Median; 2.427492e-05 s 		 Trimmed Mean: 2.428284e-05 s 		 Standard Deviation: 3.269022e-07 s
Compute Force   		 Median; 3.174119e-01 s 		 Trimmed Mean: 3.173958e-01 s 		 Standard Deviation: 6.126736e-05 s
Kick            		 Median; 3.573531e-05 s 		 Trimmed Mean: 3.603310e-05 s 		 Standard Deviation: 1.247390e-06 s
Second Drift    		 Median; 4.424574e-05 s 		 Trimmed Mean: 4.513178e-05 s 		 Standard Deviation: 9.503115e-06 s
# Direct N-body DKD
# arithmetic_dtype=double binary_storage=float32 format=nbody-f32-v1
# N=20000 nsteps=10 dt=0.0001 eps=0.050000000000000003 G=1 mass=1
Acceleration Kernel: r
# Step 	 Time 			 Kinetic 			 Potential 			 Total 			 Relative Energy Drift
0 	 0 	 58759436.184000514 	 -116582810.08669029 	 -57823373.902689777 	 0
10 0.001 58708513.373754002 -116531894.50229046 -57823381.128536455 1.2496411382322409e-07
# final: N=20000 steps=10 arithmetic_dtype=double max_relative_energy_drift=1.2496411382322409e-07 tolerance=0.001 status=OK

--- Performance Profiling Report ---
File Read       : 6.763199e-04 s
File Write      : 1.977200e-03 s
Total Run       : 6.723801e-01 s

--- Step Statistics (10 steps) ---
Total Step      		 Median; 3.732672e-01 s 		 Trimmed Mean: 3.732723e-01 s 		 Standard Deviation: 7.597325e-05 s
First Drift     		 Median; 2.515502e-05 s 		 Trimmed Mean: 2.601172e-05 s 		 Standard Deviation: 2.433111e-06 s
Compute Force   		 Median; 3.731067e-01 s 		 Trimmed Mean: 3.731291e-01 s 		 Standard Deviation: 7.921690e-05 s
Kick            		 Median; 3.712112e-05 s 		 Trimmed Mean: 3.857457e-05 s 		 Standard Deviation: 3.401872e-06 s
Second Drift    		 Median; 4.892563e-05 s 		 Trimmed Mean: 4.694448e-05 s 		 Standard Deviation: 1.331938e-05 s
# Direct N-body DKD
# arithmetic_dtype=double binary_storage=float32 format=nbody-f32-v1
# N=20000 nsteps=10 dt=0.0001 eps=0.050000000000000003 G=1 mass=1
Acceleration Kernel: rt
# Step 	 Time 			 Kinetic 			 Potential 			 Total 			 Relative Energy Drift
0 	 0 	 58759436.184000514 	 -116582810.08669029 	 -57823373.902689777 	 0
10 0.001 58708513.373754002 -116531894.50229046 -57823381.128536455 1.2496411382322409e-07
# final: N=20000 steps=10 arithmetic_dtype=double max_relative_energy_drift=1.2496411382322409e-07 tolerance=0.001 status=OK

--- Performance Profiling Report ---
File Read       : 7.885722e-04 s
File Write      : 1.649054e-03 s
Total Run       : 6.775014e-01 s

--- Step Statistics (10 steps) ---
Total Step      		 Median; 5.398001e-01 s 		 Trimmed Mean: 5.397908e-01 s 		 Standard Deviation: 6.322065e-05 s
First Drift     		 Median; 2.210075e-05 s 		 Trimmed Mean: 2.302427e-05 s 		 Standard Deviation: 2.617532e-06 s
Compute Force   		 Median; 5.396516e-01 s 		 Trimmed Mean: 5.396541e-01 s 		 Standard Deviation: 6.503771e-05 s
Kick            		 Median; 4.292047e-05 s 		 Trimmed Mean: 4.277704e-05 s 		 Standard Deviation: 6.478866e-07 s
Second Drift    		 Median; 3.583031e-05 s 		 Trimmed Mean: 3.587932e-05 s 		 Standard Deviation: 2.763959e-07 s
# Direct N-body DKD
# arithmetic_dtype=double binary_storage=float32 format=nbody-f32-v1
# N=20000 nsteps=10 dt=0.0001 eps=0.050000000000000003 G=1 mass=1
Acceleration Kernel: n
# Step 	 Time 			 Kinetic 			 Potential 			 Total 			 Relative Energy Drift
0 	 0 	 58759436.184000514 	 -116582810.08669029 	 -57823373.902689777 	 0
10 0.001 58708513.373754002 -116531894.50229046 -57823381.128536455 1.2496411382322409e-07
# final: N=20000 steps=10 arithmetic_dtype=double max_relative_energy_drift=1.2496411382322409e-07 tolerance=0.001 status=OK

--- Performance Profiling Report ---
File Read       : 6.485991e-04 s
File Write      : 2.430536e-03 s
Total Run       : 6.715659e-01 s

--- Step Statistics (10 steps) ---
Total Step      		 Median; 3.174540e-01 s 		 Trimmed Mean: 3.174829e-01 s 		 Standard Deviation: 1.459722e-04 s
First Drift     		 Median; 2.337527e-05 s 		 Trimmed Mean: 2.342428e-05 s 		 Standard Deviation: 4.783980e-07 s
Compute Force   		 Median; 3.173317e-01 s 		 Trimmed Mean: 3.173503e-01 s 		 Standard Deviation: 1.370779e-04 s
Kick            		 Median; 3.834022e-05 s 		 Trimmed Mean: 3.797177e-05 s 		 Standard Deviation: 1.624527e-06 s
Second Drift    		 Median; 3.641611e-05 s 		 Trimmed Mean: 3.593299e-05 s 		 Standard Deviation: 2.872972e-06 s
# Direct N-body DKD
# arithmetic_dtype=double binary_storage=float32 format=nbody-f32-v1
# N=20000 nsteps=10 dt=0.0001 eps=0.050000000000000003 G=1 mass=1
Acceleration Kernel: r
# Step 	 Time 			 Kinetic 			 Potential 			 Total 			 Relative Energy Drift
0 	 0 	 58759436.184000514 	 -116582810.08669029 	 -57823373.902689777 	 0
10 0.001 58708513.373754002 -116531894.50229046 -57823381.128536455 1.2496411382322409e-07
# final: N=20000 steps=10 arithmetic_dtype=double max_relative_energy_drift=1.2496411382322409e-07 tolerance=0.001 status=OK

--- Performance Profiling Report ---
File Read       : 6.385688e-04 s
File Write      : 2.183720e-03 s
Total Run       : 6.713939e-01 s

--- Step Statistics (10 steps) ---
Total Step      		 Median; 3.731864e-01 s 		 Trimmed Mean: 3.731991e-01 s 		 Standard Deviation: 6.449352e-05 s
First Drift     		 Median; 2.213009e-05 s 		 Trimmed Mean: 2.232008e-05 s 		 Standard Deviation: 3.853842e-07 s
Compute Force   		 Median; 3.730726e-01 s 		 Trimmed Mean: 3.730908e-01 s 		 Standard Deviation: 6.433606e-05 s
Kick            		 Median; 3.625546e-05 s 		 Trimmed Mean: 3.646070e-05 s 		 Standard Deviation: 8.882721e-07 s
Second Drift    		 Median; 2.237596e-05 s 		 Trimmed Mean: 2.330658e-05 s 		 Standard Deviation: 2.373543e-06 s
# Direct N-body DKD
# arithmetic_dtype=double binary_storage=float32 format=nbody-f32-v1
# N=20000 nsteps=10 dt=0.0001 eps=0.050000000000000003 G=1 mass=1
Acceleration Kernel: rt
# Step 	 Time 			 Kinetic 			 Potential 			 Total 			 Relative Energy Drift
0 	 0 	 58759436.184000514 	 -116582810.08669029 	 -57823373.902689777 	 0
10 0.001 58708513.373754002 -116531894.50229046 -57823381.128536455 1.2496411382322409e-07
# final: N=20000 steps=10 arithmetic_dtype=double max_relative_energy_drift=1.2496411382322409e-07 tolerance=0.001 status=OK

--- Performance Profiling Report ---
File Read       : 6.548390e-04 s
File Write      : 2.043879e-03 s
Total Run       : 6.711388e-01 s

--- Step Statistics (10 steps) ---
Total Step      		 Median; 5.391302e-01 s 		 Trimmed Mean: 5.390769e-01 s 		 Standard Deviation: 1.487617e-04 s
First Drift     		 Median; 2.185442e-05 s 		 Trimmed Mean: 2.193137e-05 s 		 Standard Deviation: 1.652310e-07 s
Compute Force   		 Median; 5.390032e-01 s 		 Trimmed Mean: 5.389399e-01 s 		 Standard Deviation: 1.374791e-04 s
Kick            		 Median; 4.291628e-05 s 		 Trimmed Mean: 4.280824e-05 s 		 Standard Deviation: 1.015868e-06 s
Second Drift    		 Median; 3.694044e-05 s 		 Trimmed Mean: 3.751810e-05 s 		 Standard Deviation: 1.817597e-06 s
