rm -f main generate_initial_conditions *.o *.bin
rm -r ./bins/
cc -std=c11 -I/u/dssc/enricosavorgnan/opt/papi/include -DNBODY_USE_DOUBLE -O3 -march=native -Wall -Wextra -Wpedantic -flto -D_POSIX_C_SOURCE=199309L -DBLOCK_SIZE=128 -DN_RSQRT_LOOP=3 -DUSE_PAPI -L/u/dssc/enricosavorgnan/opt/papi/lib -Wl,-rpath,/u/dssc/enricosavorgnan/opt/papi/lib -o generate_initial_conditions generate_initial_conditions.c -lm -lpapi
mkdir -p ./bins/test-rsqrt/
mkdir -p ./profilings/test-rsqrt/
./generate_initial_conditions --model 0 --n 100000 --seed 42 --output ./bins/test-rsqrt.bin
for i in 1 2 3 4; do \
	make clean all N_RSQRT_LOOP=$i; \
	for j in 1 2 3 4 5; do \
		./main --input ./bins/test-rsqrt.bin --nsteps 10 --dt 1e-4 --eps 0.05 --energy-every 10 --output ./bins/test-rsqrt/n_$i.out --kernel n  --profiler 1 --papi 1 --profiler-path ./profilings/test-rsqrt/n_$i.txt; \
		./main --input ./bins/test-rsqrt.bin --nsteps 10 --dt 1e-4 --eps 0.05 --energy-every 10 --output ./bins/test-rsqrt/r_$i.out --kernel r  --profiler 1 --papi 1 --profiler-path ./profilings/test-rsqrt/r_$i.txt; \
		./main --input ./bins/test-rsqrt.bin --nsteps 10 --dt 1e-4 --eps 0.05 --energy-every 10 --output ./bins/test-rsqrt/rt_$i.out --kernel rt --profiler 1 --papi 1 --profiler-path ./profilings/test-rsqrt/rt_$i.txt; \
	done \
done
make[1]: Entering directory '/orfeo/cephfs/scratch/dssc/enricosavorgnan/2026-nbody/experiments/rsqrt-impact'
rm -f main generate_initial_conditions *.o *.bin
cc -std=c11 -I/u/dssc/enricosavorgnan/opt/papi/include -DNBODY_USE_DOUBLE -O3 -march=native -Wall -Wextra -Wpedantic -flto -D_POSIX_C_SOURCE=199309L -DBLOCK_SIZE=128 -DN_RSQRT_LOOP=1 -DUSE_PAPI -c main.c -o main.o
cc -std=c11 -I/u/dssc/enricosavorgnan/opt/papi/include -DNBODY_USE_DOUBLE -O3 -march=native -Wall -Wextra -Wpedantic -flto -D_POSIX_C_SOURCE=199309L -DBLOCK_SIZE=128 -DN_RSQRT_LOOP=1 -DUSE_PAPI -c integration.c -o integration.o
cc -std=c11 -I/u/dssc/enricosavorgnan/opt/papi/include -DNBODY_USE_DOUBLE -O3 -march=native -Wall -Wextra -Wpedantic -flto -D_POSIX_C_SOURCE=199309L -DBLOCK_SIZE=128 -DN_RSQRT_LOOP=1 -DUSE_PAPI -c particles.c -o particles.o
cc -std=c11 -I/u/dssc/enricosavorgnan/opt/papi/include -DNBODY_USE_DOUBLE -O3 -march=native -Wall -Wextra -Wpedantic -flto -D_POSIX_C_SOURCE=199309L -DBLOCK_SIZE=128 -DN_RSQRT_LOOP=1 -DUSE_PAPI -c profiling.c -o profiling.o
cc -std=c11 -I/u/dssc/enricosavorgnan/opt/papi/include -DNBODY_USE_DOUBLE -O3 -march=native -Wall -Wextra -Wpedantic -flto -D_POSIX_C_SOURCE=199309L -DBLOCK_SIZE=128 -DN_RSQRT_LOOP=1 -DUSE_PAPI -c utils.c -o utils.o
cc -std=c11 -O3 -march=native -Wall -Wextra -Wpedantic -flto -D_POSIX_C_SOURCE=199309L -DBLOCK_SIZE=128 -DN_RSQRT_LOOP=1 -DUSE_PAPI -L/u/dssc/enricosavorgnan/opt/papi/lib -Wl,-rpath,/u/dssc/enricosavorgnan/opt/papi/lib -o main main.o integration.o particles.o profiling.o utils.o -lm -lpapi
cc -std=c11 -I/u/dssc/enricosavorgnan/opt/papi/include -DNBODY_USE_DOUBLE -O3 -march=native -Wall -Wextra -Wpedantic -flto -D_POSIX_C_SOURCE=199309L -DBLOCK_SIZE=128 -DN_RSQRT_LOOP=1 -DUSE_PAPI -L/u/dssc/enricosavorgnan/opt/papi/lib -Wl,-rpath,/u/dssc/enricosavorgnan/opt/papi/lib -o generate_initial_conditions generate_initial_conditions.c -lm -lpapi
make[1]: Leaving directory '/orfeo/cephfs/scratch/dssc/enricosavorgnan/2026-nbody/experiments/rsqrt-impact'
# Direct N-body DKD
# arithmetic_dtype=double binary_storage=float32 format=nbody-f32-v1
# N=100000 nsteps=10 dt=0.0001 eps=0.050000000000000003 G=1 mass=1
Acceleration Kernel: n
# Step 	 Time 			 Kinetic 			 Potential 			 Total 			 Relative Energy Drift
0 	 0 	 1469728487.1245484 	 -2934067449.2869787 	 -1464338962.1624303 	 0
10 0.001 1467380006.6462903 -2931718905.0463748 -1464338898.4000845 4.3543433206682826e-08
# final: N=100000 steps=10 arithmetic_dtype=double max_relative_energy_drift=4.3543433206682826e-08 tolerance=0.001 status=OK

--- Performance Profiling Report ---
File Read       : 2.828133e-03 s
File Write      : 1.032818e-02 s
Total Run       : 1.637948e+01 s

--- Step Statistics (10 steps) ---
Total Step      		 Median; 7.707929e+00 s 		 Trimmed Mean: 7.707792e+00 s 		 Standard Deviation: 6.178074e-04 s
First Drift     		 Median; 1.178565e-04 s 		 Trimmed Mean: 1.191368e-04 s 		 Standard Deviation: 2.314285e-06 s
Compute Force   		 Median; 7.707495e+00 s 		 Trimmed Mean: 7.707349e+00 s 		 Standard Deviation: 6.196009e-04 s
Kick            		 Median; 1.651570e-04 s 		 Trimmed Mean: 1.657006e-04 s 		 Standard Deviation: 1.696496e-06 s
Second Drift    		 Median; 1.193467e-04 s 		 Trimmed Mean: 1.197149e-04 s 		 Standard Deviation: 1.792683e-06 s
# Direct N-body DKD
# arithmetic_dtype=double binary_storage=float32 format=nbody-f32-v1
# N=100000 nsteps=10 dt=0.0001 eps=0.050000000000000003 G=1 mass=1
Acceleration Kernel: r
# Step 	 Time 			 Kinetic 			 Potential 			 Total 			 Relative Energy Drift
0 	 0 	 1469728487.1245484 	 -2934067449.2869787 	 -1464338962.1624303 	 0
10 0.001 1467284903.1161692 -2931616931.368227 -1464332028.2520578 4.735181233077451e-06
# final: N=100000 steps=10 arithmetic_dtype=double max_relative_energy_drift=4.735181233077451e-06 tolerance=0.001 status=OK

--- Performance Profiling Report ---
File Read       : 2.958685e-03 s
File Write      : 2.868973e-03 s
Total Run       : 1.629886e+01 s

--- Step Statistics (10 steps) ---
Total Step      		 Median; 5.200518e+00 s 		 Trimmed Mean: 5.200194e+00 s 		 Standard Deviation: 7.979343e-04 s
First Drift     		 Median; 1.176316e-04 s 		 Trimmed Mean: 1.187902e-04 s 		 Standard Deviation: 2.293415e-06 s
Compute Force   		 Median; 5.200073e+00 s 		 Trimmed Mean: 5.199754e+00 s 		 Standard Deviation: 8.014179e-04 s
Kick            		 Median; 1.675719e-04 s 		 Trimmed Mean: 1.701618e-04 s 		 Standard Deviation: 8.960335e-06 s
Second Drift    		 Median; 1.183166e-04 s 		 Trimmed Mean: 1.183925e-04 s 		 Standard Deviation: 3.662988e-07 s
# Direct N-body DKD
# arithmetic_dtype=double binary_storage=float32 format=nbody-f32-v1
# N=100000 nsteps=10 dt=0.0001 eps=0.050000000000000003 G=1 mass=1
Acceleration Kernel: rt
# Step 	 Time 			 Kinetic 			 Potential 			 Total 			 Relative Energy Drift
0 	 0 	 1469728487.1245484 	 -2934067449.2869787 	 -1464338962.1624303 	 0
10 0.001 1467284903.1161692 -2931616931.368227 -1464332028.2520578 4.735181233077451e-06
# final: N=100000 steps=10 arithmetic_dtype=double max_relative_energy_drift=4.735181233077451e-06 tolerance=0.001 status=OK

--- Performance Profiling Report ---
File Read       : 2.957145e-03 s
File Write      : 2.938985e-03 s
Total Run       : 1.628739e+01 s

--- Step Statistics (10 steps) ---
Total Step      		 Median; 8.529703e+00 s 		 Trimmed Mean: 8.529570e+00 s 		 Standard Deviation: 3.526661e-04 s
First Drift     		 Median; 1.179716e-04 s 		 Trimmed Mean: 1.184738e-04 s 		 Standard Deviation: 1.377351e-06 s
Compute Force   		 Median; 8.529196e+00 s 		 Trimmed Mean: 8.529046e+00 s 		 Standard Deviation: 3.882313e-04 s
Kick            		 Median; 1.897672e-04 s 		 Trimmed Mean: 1.892248e-04 s 		 Standard Deviation: 2.706172e-06 s
Second Drift    		 Median; 1.623160e-04 s 		 Trimmed Mean: 1.628392e-04 s 		 Standard Deviation: 1.506690e-06 s
# Direct N-body DKD
# arithmetic_dtype=double binary_storage=float32 format=nbody-f32-v1
# N=100000 nsteps=10 dt=0.0001 eps=0.050000000000000003 G=1 mass=1
Acceleration Kernel: n
# Step 	 Time 			 Kinetic 			 Potential 			 Total 			 Relative Energy Drift
0 	 0 	 1469728487.1245484 	 -2934067449.2869787 	 -1464338962.1624303 	 0
10 0.001 1467380006.6462903 -2931718905.0463748 -1464338898.4000845 4.3543433206682826e-08
# final: N=100000 steps=10 arithmetic_dtype=double max_relative_energy_drift=4.3543433206682826e-08 tolerance=0.001 status=OK

--- Performance Profiling Report ---
File Read       : 2.967895e-03 s
File Write      : 4.308891e-03 s
Total Run       : 1.629019e+01 s

--- Step Statistics (10 steps) ---
Total Step      		 Median; 7.705933e+00 s 		 Trimmed Mean: 7.704967e+00 s 		 Standard Deviation: 2.676826e-03 s
First Drift     		 Median; 1.181765e-04 s 		 Trimmed Mean: 1.181788e-04 s 		 Standard Deviation: 9.601660e-08 s
Compute Force   		 Median; 7.705483e+00 s 		 Trimmed Mean: 7.704511e+00 s 		 Standard Deviation: 2.682661e-03 s
Kick            		 Median; 1.649368e-04 s 		 Trimmed Mean: 1.647006e-04 s 		 Standard Deviation: 3.361559e-06 s
Second Drift    		 Median; 1.195222e-04 s 		 Trimmed Mean: 1.194016e-04 s 		 Standard Deviation: 3.751846e-07 s
# Direct N-body DKD
# arithmetic_dtype=double binary_storage=float32 format=nbody-f32-v1
# N=100000 nsteps=10 dt=0.0001 eps=0.050000000000000003 G=1 mass=1
Acceleration Kernel: r
# Step 	 Time 			 Kinetic 			 Potential 			 Total 			 Relative Energy Drift
0 	 0 	 1469728487.1245484 	 -2934067449.2869787 	 -1464338962.1624303 	 0
10 0.001 1467284903.1161692 -2931616931.368227 -1464332028.2520578 4.735181233077451e-06
# final: N=100000 steps=10 arithmetic_dtype=double max_relative_energy_drift=4.735181233077451e-06 tolerance=0.001 status=OK

--- Performance Profiling Report ---
File Read       : 2.796654e-03 s
File Write      : 4.407312e-03 s
Total Run       : 1.632581e+01 s

--- Step Statistics (10 steps) ---
Total Step      		 Median; 5.204277e+00 s 		 Trimmed Mean: 5.204671e+00 s 		 Standard Deviation: 1.367654e-03 s
First Drift     		 Median; 1.753317e-04 s 		 Trimmed Mean: 1.753181e-04 s 		 Standard Deviation: 2.996196e-07 s
Compute Force   		 Median; 5.203692e+00 s 		 Trimmed Mean: 5.204077e+00 s 		 Standard Deviation: 1.360763e-03 s
Kick            		 Median; 1.933076e-04 s 		 Trimmed Mean: 1.930214e-04 s 		 Standard Deviation: 1.605323e-06 s
Second Drift    		 Median; 1.766416e-04 s 		 Trimmed Mean: 1.774193e-04 s 		 Standard Deviation: 2.214390e-06 s
# Direct N-body DKD
# arithmetic_dtype=double binary_storage=float32 format=nbody-f32-v1
# N=100000 nsteps=10 dt=0.0001 eps=0.050000000000000003 G=1 mass=1
Acceleration Kernel: rt
# Step 	 Time 			 Kinetic 			 Potential 			 Total 			 Relative Energy Drift
0 	 0 	 1469728487.1245484 	 -2934067449.2869787 	 -1464338962.1624303 	 0
10 0.001 1467284903.1161692 -2931616931.368227 -1464332028.2520578 4.735181233077451e-06
# final: N=100000 steps=10 arithmetic_dtype=double max_relative_energy_drift=4.735181233077451e-06 tolerance=0.001 status=OK

--- Performance Profiling Report ---
File Read       : 2.762762e-03 s
File Write      : 3.492561e-03 s
Total Run       : 1.629250e+01 s

--- Step Statistics (10 steps) ---
Total Step      		 Median; 8.583005e+00 s 		 Trimmed Mean: 8.581555e+00 s 		 Standard Deviation: 2.694453e-03 s
First Drift     		 Median; 1.181816e-04 s 		 Trimmed Mean: 1.182414e-04 s 		 Standard Deviation: 2.931033e-07 s
Compute Force   		 Median; 8.582496e+00 s 		 Trimmed Mean: 8.581027e+00 s 		 Standard Deviation: 2.720242e-03 s
Kick            		 Median; 1.908569e-04 s 		 Trimmed Mean: 1.905632e-04 s 		 Standard Deviation: 1.352669e-06 s
Second Drift    		 Median; 1.632166e-04 s 		 Trimmed Mean: 1.636791e-04 s 		 Standard Deviation: 1.864597e-06 s
# Direct N-body DKD
# arithmetic_dtype=double binary_storage=float32 format=nbody-f32-v1
# N=100000 nsteps=10 dt=0.0001 eps=0.050000000000000003 G=1 mass=1
Acceleration Kernel: n
# Step 	 Time 			 Kinetic 			 Potential 			 Total 			 Relative Energy Drift
0 	 0 	 1469728487.1245484 	 -2934067449.2869787 	 -1464338962.1624303 	 0
10 0.001 1467380006.6462903 -2931718905.0463748 -1464338898.4000845 4.3543433206682826e-08
# final: N=100000 steps=10 arithmetic_dtype=double max_relative_energy_drift=4.3543433206682826e-08 tolerance=0.001 status=OK

--- Performance Profiling Report ---
File Read       : 2.941164e-03 s
File Write      : 4.599284e-03 s
Total Run       : 1.629240e+01 s

--- Step Statistics (10 steps) ---
Total Step      		 Median; 7.707558e+00 s 		 Trimmed Mean: 7.707334e+00 s 		 Standard Deviation: 7.186523e-04 s
First Drift     		 Median; 1.179758e-04 s 		 Trimmed Mean: 1.185897e-04 s 		 Standard Deviation: 1.806960e-06 s
Compute Force   		 Median; 7.707119e+00 s 		 Trimmed Mean: 7.706898e+00 s 		 Standard Deviation: 7.168845e-04 s
Kick            		 Median; 1.616073e-04 s 		 Trimmed Mean: 1.629082e-04 s 		 Standard Deviation: 4.274077e-06 s
Second Drift    		 Median; 1.189560e-04 s 		 Trimmed Mean: 1.189936e-04 s 		 Standard Deviation: 5.555550e-07 s
# Direct N-body DKD
# arithmetic_dtype=double binary_storage=float32 format=nbody-f32-v1
# N=100000 nsteps=10 dt=0.0001 eps=0.050000000000000003 G=1 mass=1
Acceleration Kernel: r
# Step 	 Time 			 Kinetic 			 Potential 			 Total 			 Relative Energy Drift
0 	 0 	 1469728487.1245484 	 -2934067449.2869787 	 -1464338962.1624303 	 0
10 0.001 1467284903.1161692 -2931616931.368227 -1464332028.2520578 4.735181233077451e-06
# final: N=100000 steps=10 arithmetic_dtype=double max_relative_energy_drift=4.735181233077451e-06 tolerance=0.001 status=OK

--- Performance Profiling Report ---
File Read       : 2.998835e-03 s
File Write      : 4.638215e-03 s
Total Run       : 1.628674e+01 s

--- Step Statistics (10 steps) ---
Total Step      		 Median; 5.195145e+00 s 		 Trimmed Mean: 5.195025e+00 s 		 Standard Deviation: 6.566507e-04 s
First Drift     		 Median; 1.182067e-04 s 		 Trimmed Mean: 1.190149e-04 s 		 Standard Deviation: 1.519752e-06 s
Compute Force   		 Median; 5.194685e+00 s 		 Trimmed Mean: 5.194564e+00 s 		 Standard Deviation: 6.562820e-04 s
Kick            		 Median; 1.904620e-04 s 		 Trimmed Mean: 1.899200e-04 s 		 Standard Deviation: 1.914475e-06 s
Second Drift    		 Median; 1.191660e-04 s 		 Trimmed Mean: 1.191475e-04 s 		 Standard Deviation: 3.975370e-07 s
# Direct N-body DKD
# arithmetic_dtype=double binary_storage=float32 format=nbody-f32-v1
# N=100000 nsteps=10 dt=0.0001 eps=0.050000000000000003 G=1 mass=1
Acceleration Kernel: rt
# Step 	 Time 			 Kinetic 			 Potential 			 Total 			 Relative Energy Drift
0 	 0 	 1469728487.1245484 	 -2934067449.2869787 	 -1464338962.1624303 	 0
10 0.001 1467284903.1161692 -2931616931.368227 -1464332028.2520578 4.735181233077451e-06
# final: N=100000 steps=10 arithmetic_dtype=double max_relative_energy_drift=4.735181233077451e-06 tolerance=0.001 status=OK

--- Performance Profiling Report ---
File Read       : 2.930635e-03 s
File Write      : 3.747014e-03 s
Total Run       : 1.639364e+01 s

--- Step Statistics (10 steps) ---
Total Step      		 Median; 8.541523e+00 s 		 Trimmed Mean: 8.541532e+00 s 		 Standard Deviation: 5.895889e-04 s
First Drift     		 Median; 1.182216e-04 s 		 Trimmed Mean: 1.182216e-04 s 		 Standard Deviation: 2.088448e-07 s
Compute Force   		 Median; 8.541016e+00 s 		 Trimmed Mean: 8.541023e+00 s 		 Standard Deviation: 5.879760e-04 s
Kick            		 Median; 1.897877e-04 s 		 Trimmed Mean: 1.897885e-04 s 		 Standard Deviation: 1.967744e-06 s
Second Drift    		 Median; 1.616818e-04 s 		 Trimmed Mean: 1.630671e-04 s 		 Standard Deviation: 2.123202e-06 s
# Direct N-body DKD
# arithmetic_dtype=double binary_storage=float32 format=nbody-f32-v1
# N=100000 nsteps=10 dt=0.0001 eps=0.050000000000000003 G=1 mass=1
Acceleration Kernel: n
# Step 	 Time 			 Kinetic 			 Potential 			 Total 			 Relative Energy Drift
0 	 0 	 1469728487.1245484 	 -2934067449.2869787 	 -1464338962.1624303 	 0
10 0.001 1467380006.6462903 -2931718905.0463748 -1464338898.4000845 4.3543433206682826e-08
# final: N=100000 steps=10 arithmetic_dtype=double max_relative_energy_drift=4.3543433206682826e-08 tolerance=0.001 status=OK

--- Performance Profiling Report ---
File Read       : 2.862954e-03 s
File Write      : 4.277440e-03 s
Total Run       : 1.628769e+01 s

--- Step Statistics (10 steps) ---
Total Step      		 Median; 7.701358e+00 s 		 Trimmed Mean: 7.702428e+00 s 		 Standard Deviation: 2.513709e-03 s
First Drift     		 Median; 1.183064e-04 s 		 Trimmed Mean: 1.187079e-04 s 		 Standard Deviation: 1.505863e-06 s
Compute Force   		 Median; 7.700905e+00 s 		 Trimmed Mean: 7.701969e+00 s 		 Standard Deviation: 2.502779e-03 s
Kick            		 Median; 1.622019e-04 s 		 Trimmed Mean: 1.632894e-04 s 		 Standard Deviation: 3.895612e-06 s
Second Drift    		 Median; 1.193169e-04 s 		 Trimmed Mean: 1.204137e-04 s 		 Standard Deviation: 2.282808e-06 s
# Direct N-body DKD
# arithmetic_dtype=double binary_storage=float32 format=nbody-f32-v1
# N=100000 nsteps=10 dt=0.0001 eps=0.050000000000000003 G=1 mass=1
Acceleration Kernel: r
# Step 	 Time 			 Kinetic 			 Potential 			 Total 			 Relative Energy Drift
0 	 0 	 1469728487.1245484 	 -2934067449.2869787 	 -1464338962.1624303 	 0
10 0.001 1467284903.1161692 -2931616931.368227 -1464332028.2520578 4.735181233077451e-06
# final: N=100000 steps=10 arithmetic_dtype=double max_relative_energy_drift=4.735181233077451e-06 tolerance=0.001 status=OK

--- Performance Profiling Report ---
File Read       : 3.048326e-03 s
File Write      : 4.973568e-03 s
Total Run       : 1.629258e+01 s

--- Step Statistics (10 steps) ---
Total Step      		 Median; 5.197890e+00 s 		 Trimmed Mean: 5.197736e+00 s 		 Standard Deviation: 6.154176e-04 s
First Drift     		 Median; 1.184819e-04 s 		 Trimmed Mean: 1.193640e-04 s 		 Standard Deviation: 1.748365e-06 s
Compute Force   		 Median; 5.197453e+00 s 		 Trimmed Mean: 5.197286e+00 s 		 Standard Deviation: 6.198668e-04 s
Kick            		 Median; 1.586820e-04 s 		 Trimmed Mean: 1.596645e-04 s 		 Standard Deviation: 2.571012e-06 s
Second Drift    		 Median; 1.189420e-04 s 		 Trimmed Mean: 1.189114e-04 s 		 Standard Deviation: 2.863413e-07 s
# Direct N-body DKD
# arithmetic_dtype=double binary_storage=float32 format=nbody-f32-v1
# N=100000 nsteps=10 dt=0.0001 eps=0.050000000000000003 G=1 mass=1
Acceleration Kernel: rt
# Step 	 Time 			 Kinetic 			 Potential 			 Total 			 Relative Energy Drift
0 	 0 	 1469728487.1245484 	 -2934067449.2869787 	 -1464338962.1624303 	 0
10 0.001 1467284903.1161692 -2931616931.368227 -1464332028.2520578 4.735181233077451e-06
# final: N=100000 steps=10 arithmetic_dtype=double max_relative_energy_drift=4.735181233077451e-06 tolerance=0.001 status=OK

--- Performance Profiling Report ---
File Read       : 2.786673e-03 s
File Write      : 5.663866e-03 s
Total Run       : 1.630393e+01 s

--- Step Statistics (10 steps) ---
Total Step      		 Median; 8.640956e+00 s 		 Trimmed Mean: 8.640866e+00 s 		 Standard Deviation: 4.150838e-04 s
First Drift     		 Median; 1.173420e-04 s 		 Trimmed Mean: 1.180765e-04 s 		 Standard Deviation: 1.810620e-06 s
Compute Force   		 Median; 8.640430e+00 s 		 Trimmed Mean: 8.640336e+00 s 		 Standard Deviation: 3.969913e-04 s
Kick            		 Median; 1.926175e-04 s 		 Trimmed Mean: 1.928670e-04 s 		 Standard Deviation: 1.789725e-06 s
Second Drift    		 Median; 1.660120e-04 s 		 Trimmed Mean: 1.659944e-04 s 		 Standard Deviation: 1.013709e-06 s
# Direct N-body DKD
# arithmetic_dtype=double binary_storage=float32 format=nbody-f32-v1
# N=100000 nsteps=10 dt=0.0001 eps=0.050000000000000003 G=1 mass=1
Acceleration Kernel: n
# Step 	 Time 			 Kinetic 			 Potential 			 Total 			 Relative Energy Drift
0 	 0 	 1469728487.1245484 	 -2934067449.2869787 	 -1464338962.1624303 	 0
10 0.001 1467380006.6462903 -2931718905.0463748 -1464338898.4000845 4.3543433206682826e-08
# final: N=100000 steps=10 arithmetic_dtype=double max_relative_energy_drift=4.3543433206682826e-08 tolerance=0.001 status=OK

--- Performance Profiling Report ---
File Read       : 2.965735e-03 s
File Write      : 4.060858e-03 s
Total Run       : 1.629463e+01 s

--- Step Statistics (10 steps) ---
Total Step      		 Median; 7.704369e+00 s 		 Trimmed Mean: 7.704463e+00 s 		 Standard Deviation: 3.917233e-04 s
First Drift     		 Median; 1.205867e-04 s 		 Trimmed Mean: 1.208789e-04 s 		 Standard Deviation: 2.499690e-06 s
Compute Force   		 Median; 7.703930e+00 s 		 Trimmed Mean: 7.704013e+00 s 		 Standard Deviation: 3.899214e-04 s
Kick            		 Median; 1.660115e-04 s 		 Trimmed Mean: 1.705155e-04 s 		 Standard Deviation: 1.013342e-05 s
Second Drift    		 Median; 1.194766e-04 s 		 Trimmed Mean: 1.195404e-04 s 		 Standard Deviation: 5.319970e-07 s
# Direct N-body DKD
# arithmetic_dtype=double binary_storage=float32 format=nbody-f32-v1
# N=100000 nsteps=10 dt=0.0001 eps=0.050000000000000003 G=1 mass=1
Acceleration Kernel: r
# Step 	 Time 			 Kinetic 			 Potential 			 Total 			 Relative Energy Drift
0 	 0 	 1469728487.1245484 	 -2934067449.2869787 	 -1464338962.1624303 	 0
10 0.001 1467284903.1161692 -2931616931.368227 -1464332028.2520578 4.735181233077451e-06
# final: N=100000 steps=10 arithmetic_dtype=double max_relative_energy_drift=4.735181233077451e-06 tolerance=0.001 status=OK

--- Performance Profiling Report ---
File Read       : 2.933225e-03 s
File Write      : 3.607003e-03 s
Total Run       : 1.630032e+01 s

--- Step Statistics (10 steps) ---
Total Step      		 Median; 5.197905e+00 s 		 Trimmed Mean: 5.197628e+00 s 		 Standard Deviation: 7.492669e-04 s
First Drift     		 Median; 1.181467e-04 s 		 Trimmed Mean: 1.194404e-04 s 		 Standard Deviation: 2.442831e-06 s
Compute Force   		 Median; 5.197466e+00 s 		 Trimmed Mean: 5.197196e+00 s 		 Standard Deviation: 7.526485e-04 s
Kick            		 Median; 1.595924e-04 s 		 Trimmed Mean: 1.610371e-04 s 		 Standard Deviation: 3.936930e-06 s
Second Drift    		 Median; 1.186258e-04 s 		 Trimmed Mean: 1.186298e-04 s 		 Standard Deviation: 2.045583e-07 s
# Direct N-body DKD
# arithmetic_dtype=double binary_storage=float32 format=nbody-f32-v1
# N=100000 nsteps=10 dt=0.0001 eps=0.050000000000000003 G=1 mass=1
Acceleration Kernel: rt
# Step 	 Time 			 Kinetic 			 Potential 			 Total 			 Relative Energy Drift
0 	 0 	 1469728487.1245484 	 -2934067449.2869787 	 -1464338962.1624303 	 0
10 0.001 1467284903.1161692 -2931616931.368227 -1464332028.2520578 4.735181233077451e-06
# final: N=100000 steps=10 arithmetic_dtype=double max_relative_energy_drift=4.735181233077451e-06 tolerance=0.001 status=OK

--- Performance Profiling Report ---
File Read       : 2.913845e-03 s
File Write      : 3.814475e-03 s
Total Run       : 1.629574e+01 s

--- Step Statistics (10 steps) ---
Total Step      		 Median; 8.609977e+00 s 		 Trimmed Mean: 8.609758e+00 s 		 Standard Deviation: 5.372578e-04 s
First Drift     		 Median; 1.179273e-04 s 		 Trimmed Mean: 1.194215e-04 s 		 Standard Deviation: 2.468239e-06 s
Compute Force   		 Median; 8.609458e+00 s 		 Trimmed Mean: 8.609238e+00 s 		 Standard Deviation: 5.342340e-04 s
Kick            		 Median; 1.911120e-04 s 		 Trimmed Mean: 1.914344e-04 s 		 Standard Deviation: 1.504881e-06 s
Second Drift    		 Median; 1.647719e-04 s 		 Trimmed Mean: 1.667020e-04 s 		 Standard Deviation: 3.807679e-06 s
make[1]: Entering directory '/orfeo/cephfs/scratch/dssc/enricosavorgnan/2026-nbody/experiments/rsqrt-impact'
rm -f main generate_initial_conditions *.o *.bin
cc -std=c11 -I/u/dssc/enricosavorgnan/opt/papi/include -DNBODY_USE_DOUBLE -O3 -march=native -Wall -Wextra -Wpedantic -flto -D_POSIX_C_SOURCE=199309L -DBLOCK_SIZE=128 -DN_RSQRT_LOOP=2 -DUSE_PAPI -c main.c -o main.o
cc -std=c11 -I/u/dssc/enricosavorgnan/opt/papi/include -DNBODY_USE_DOUBLE -O3 -march=native -Wall -Wextra -Wpedantic -flto -D_POSIX_C_SOURCE=199309L -DBLOCK_SIZE=128 -DN_RSQRT_LOOP=2 -DUSE_PAPI -c integration.c -o integration.o
cc -std=c11 -I/u/dssc/enricosavorgnan/opt/papi/include -DNBODY_USE_DOUBLE -O3 -march=native -Wall -Wextra -Wpedantic -flto -D_POSIX_C_SOURCE=199309L -DBLOCK_SIZE=128 -DN_RSQRT_LOOP=2 -DUSE_PAPI -c particles.c -o particles.o
cc -std=c11 -I/u/dssc/enricosavorgnan/opt/papi/include -DNBODY_USE_DOUBLE -O3 -march=native -Wall -Wextra -Wpedantic -flto -D_POSIX_C_SOURCE=199309L -DBLOCK_SIZE=128 -DN_RSQRT_LOOP=2 -DUSE_PAPI -c profiling.c -o profiling.o
cc -std=c11 -I/u/dssc/enricosavorgnan/opt/papi/include -DNBODY_USE_DOUBLE -O3 -march=native -Wall -Wextra -Wpedantic -flto -D_POSIX_C_SOURCE=199309L -DBLOCK_SIZE=128 -DN_RSQRT_LOOP=2 -DUSE_PAPI -c utils.c -o utils.o
cc -std=c11 -O3 -march=native -Wall -Wextra -Wpedantic -flto -D_POSIX_C_SOURCE=199309L -DBLOCK_SIZE=128 -DN_RSQRT_LOOP=2 -DUSE_PAPI -L/u/dssc/enricosavorgnan/opt/papi/lib -Wl,-rpath,/u/dssc/enricosavorgnan/opt/papi/lib -o main main.o integration.o particles.o profiling.o utils.o -lm -lpapi
cc -std=c11 -I/u/dssc/enricosavorgnan/opt/papi/include -DNBODY_USE_DOUBLE -O3 -march=native -Wall -Wextra -Wpedantic -flto -D_POSIX_C_SOURCE=199309L -DBLOCK_SIZE=128 -DN_RSQRT_LOOP=2 -DUSE_PAPI -L/u/dssc/enricosavorgnan/opt/papi/lib -Wl,-rpath,/u/dssc/enricosavorgnan/opt/papi/lib -o generate_initial_conditions generate_initial_conditions.c -lm -lpapi
make[1]: Leaving directory '/orfeo/cephfs/scratch/dssc/enricosavorgnan/2026-nbody/experiments/rsqrt-impact'
# Direct N-body DKD
# arithmetic_dtype=double binary_storage=float32 format=nbody-f32-v1
# N=100000 nsteps=10 dt=0.0001 eps=0.050000000000000003 G=1 mass=1
Acceleration Kernel: n
# Step 	 Time 			 Kinetic 			 Potential 			 Total 			 Relative Energy Drift
0 	 0 	 1469728487.1245484 	 -2934067449.2869787 	 -1464338962.1624303 	 0
10 0.001 1467380006.6462903 -2931718905.0463748 -1464338898.4000845 4.3543433206682826e-08
# final: N=100000 steps=10 arithmetic_dtype=double max_relative_energy_drift=4.3543433206682826e-08 tolerance=0.001 status=OK

--- Performance Profiling Report ---
File Read       : 2.992646e-03 s
File Write      : 2.696242e-03 s
Total Run       : 1.630179e+01 s

--- Step Statistics (10 steps) ---
Total Step      		 Median; 7.705282e+00 s 		 Trimmed Mean: 7.705155e+00 s 		 Standard Deviation: 6.689611e-04 s
First Drift     		 Median; 1.178761e-04 s 		 Trimmed Mean: 1.188790e-04 s 		 Standard Deviation: 2.533347e-06 s
Compute Force   		 Median; 7.704847e+00 s 		 Trimmed Mean: 7.704711e+00 s 		 Standard Deviation: 6.637673e-04 s
Kick            		 Median; 1.648720e-04 s 		 Trimmed Mean: 1.645646e-04 s 		 Standard Deviation: 4.113101e-06 s
Second Drift    		 Median; 1.189057e-04 s 		 Trimmed Mean: 1.190525e-04 s 		 Standard Deviation: 2.753964e-07 s
# Direct N-body DKD
# arithmetic_dtype=double binary_storage=float32 format=nbody-f32-v1
# N=100000 nsteps=10 dt=0.0001 eps=0.050000000000000003 G=1 mass=1
Acceleration Kernel: r
# Step 	 Time 			 Kinetic 			 Potential 			 Total 			 Relative Energy Drift
0 	 0 	 1469728487.1245484 	 -2934067449.2869787 	 -1464338962.1624303 	 0
10 0.001 1467379820.8961873 -2931718706.4954901 -1464338885.5993028 5.2285112597589623e-08
# final: N=100000 steps=10 arithmetic_dtype=double max_relative_energy_drift=5.2285112597589623e-08 tolerance=0.001 status=OK

--- Performance Profiling Report ---
File Read       : 3.001294e-03 s
File Write      : 2.906145e-03 s
Total Run       : 1.632769e+01 s

--- Step Statistics (10 steps) ---
Total Step      		 Median; 6.463570e+00 s 		 Trimmed Mean: 6.463546e+00 s 		 Standard Deviation: 5.794767e-04 s
First Drift     		 Median; 1.184614e-04 s 		 Trimmed Mean: 1.190874e-04 s 		 Standard Deviation: 1.639807e-06 s
Compute Force   		 Median; 6.463124e+00 s 		 Trimmed Mean: 6.463108e+00 s 		 Standard Deviation: 5.836398e-04 s
Kick            		 Median; 1.610522e-04 s 		 Trimmed Mean: 1.628797e-04 s 		 Standard Deviation: 4.541793e-06 s
Second Drift    		 Median; 1.196512e-04 s 		 Trimmed Mean: 1.196440e-04 s 		 Standard Deviation: 5.601260e-07 s
# Direct N-body DKD
# arithmetic_dtype=double binary_storage=float32 format=nbody-f32-v1
# N=100000 nsteps=10 dt=0.0001 eps=0.050000000000000003 G=1 mass=1
Acceleration Kernel: rt
# Step 	 Time 			 Kinetic 			 Potential 			 Total 			 Relative Energy Drift
0 	 0 	 1469728487.1245484 	 -2934067449.2869787 	 -1464338962.1624303 	 0
10 0.001 1467379820.8961873 -2931718706.4954901 -1464338885.5993028 5.2285112597589623e-08
# final: N=100000 steps=10 arithmetic_dtype=double max_relative_energy_drift=5.2285112597589623e-08 tolerance=0.001 status=OK

--- Performance Profiling Report ---
File Read       : 3.395700e-03 s
File Write      : 2.948135e-03 s
Total Run       : 1.630185e+01 s

--- Step Statistics (10 steps) ---
Total Step      		 Median; 1.021665e+01 s 		 Trimmed Mean: 1.021666e+01 s 		 Standard Deviation: 3.383189e-04 s
First Drift     		 Median; 1.216517e-04 s 		 Trimmed Mean: 1.240604e-04 s 		 Standard Deviation: 5.033709e-06 s
Compute Force   		 Median; 1.021613e+01 s 		 Trimmed Mean: 1.021612e+01 s 		 Standard Deviation: 3.237108e-04 s
Kick            		 Median; 1.907921e-04 s 		 Trimmed Mean: 1.907174e-04 s 		 Standard Deviation: 1.511779e-06 s
Second Drift    		 Median; 1.653517e-04 s 		 Trimmed Mean: 1.661917e-04 s 		 Standard Deviation: 1.823368e-06 s
# Direct N-body DKD
# arithmetic_dtype=double binary_storage=float32 format=nbody-f32-v1
# N=100000 nsteps=10 dt=0.0001 eps=0.050000000000000003 G=1 mass=1
Acceleration Kernel: n
# Step 	 Time 			 Kinetic 			 Potential 			 Total 			 Relative Energy Drift
0 	 0 	 1469728487.1245484 	 -2934067449.2869787 	 -1464338962.1624303 	 0
10 0.001 1467380006.6462903 -2931718905.0463748 -1464338898.4000845 4.3543433206682826e-08
# final: N=100000 steps=10 arithmetic_dtype=double max_relative_energy_drift=4.3543433206682826e-08 tolerance=0.001 status=OK

--- Performance Profiling Report ---
File Read       : 2.941105e-03 s
File Write      : 4.547584e-03 s
Total Run       : 1.629994e+01 s

--- Step Statistics (10 steps) ---
Total Step      		 Median; 7.705210e+00 s 		 Trimmed Mean: 7.705118e+00 s 		 Standard Deviation: 5.547317e-04 s
First Drift     		 Median; 1.177909e-04 s 		 Trimmed Mean: 1.182525e-04 s 		 Standard Deviation: 1.380168e-06 s
Compute Force   		 Median; 7.704756e+00 s 		 Trimmed Mean: 7.704678e+00 s 		 Standard Deviation: 5.563601e-04 s
Kick            		 Median; 1.679268e-04 s 		 Trimmed Mean: 1.682532e-04 s 		 Standard Deviation: 6.115079e-06 s
Second Drift    		 Median; 1.187162e-04 s 		 Trimmed Mean: 1.187176e-04 s 		 Standard Deviation: 3.337392e-07 s
# Direct N-body DKD
# arithmetic_dtype=double binary_storage=float32 format=nbody-f32-v1
# N=100000 nsteps=10 dt=0.0001 eps=0.050000000000000003 G=1 mass=1
Acceleration Kernel: r
# Step 	 Time 			 Kinetic 			 Potential 			 Total 			 Relative Energy Drift
0 	 0 	 1469728487.1245484 	 -2934067449.2869787 	 -1464338962.1624303 	 0
10 0.001 1467379820.8961873 -2931718706.4954901 -1464338885.5993028 5.2285112597589623e-08
# final: N=100000 steps=10 arithmetic_dtype=double max_relative_energy_drift=5.2285112597589623e-08 tolerance=0.001 status=OK

--- Performance Profiling Report ---
File Read       : 2.921995e-03 s
File Write      : 4.297301e-03 s
Total Run       : 1.630321e+01 s

--- Step Statistics (10 steps) ---
Total Step      		 Median; 6.463137e+00 s 		 Trimmed Mean: 6.463097e+00 s 		 Standard Deviation: 5.158582e-04 s
First Drift     		 Median; 1.176368e-04 s 		 Trimmed Mean: 1.181641e-04 s 		 Standard Deviation: 1.412557e-06 s
Compute Force   		 Median; 6.462690e+00 s 		 Trimmed Mean: 6.462661e+00 s 		 Standard Deviation: 5.160076e-04 s
Kick            		 Median; 1.637572e-04 s 		 Trimmed Mean: 1.635044e-04 s 		 Standard Deviation: 2.891366e-06 s
Second Drift    		 Median; 1.189159e-04 s 		 Trimmed Mean: 1.189279e-04 s 		 Standard Deviation: 4.289035e-07 s
# Direct N-body DKD
# arithmetic_dtype=double binary_storage=float32 format=nbody-f32-v1
# N=100000 nsteps=10 dt=0.0001 eps=0.050000000000000003 G=1 mass=1
Acceleration Kernel: rt
# Step 	 Time 			 Kinetic 			 Potential 			 Total 			 Relative Energy Drift
0 	 0 	 1469728487.1245484 	 -2934067449.2869787 	 -1464338962.1624303 	 0
10 0.001 1467379820.8961873 -2931718706.4954901 -1464338885.5993028 5.2285112597589623e-08
# final: N=100000 steps=10 arithmetic_dtype=double max_relative_energy_drift=5.2285112597589623e-08 tolerance=0.001 status=OK

--- Performance Profiling Report ---
File Read       : 2.989875e-03 s
File Write      : 6.342865e-03 s
Total Run       : 1.630521e+01 s

--- Step Statistics (10 steps) ---
Total Step      		 Median; 1.022311e+01 s 		 Trimmed Mean: 1.022304e+01 s 		 Standard Deviation: 4.243120e-04 s
First Drift     		 Median; 1.182216e-04 s 		 Trimmed Mean: 1.193951e-04 s 		 Standard Deviation: 2.220888e-06 s
Compute Force   		 Median; 1.022260e+01 s 		 Trimmed Mean: 1.022251e+01 s 		 Standard Deviation: 4.142502e-04 s
Kick            		 Median; 1.943377e-04 s 		 Trimmed Mean: 1.944199e-04 s 		 Standard Deviation: 1.561540e-06 s
Second Drift    		 Median; 1.642373e-04 s 		 Trimmed Mean: 1.641359e-04 s 		 Standard Deviation: 1.186838e-06 s
# Direct N-body DKD
# arithmetic_dtype=double binary_storage=float32 format=nbody-f32-v1
# N=100000 nsteps=10 dt=0.0001 eps=0.050000000000000003 G=1 mass=1
Acceleration Kernel: n
# Step 	 Time 			 Kinetic 			 Potential 			 Total 			 Relative Energy Drift
0 	 0 	 1469728487.1245484 	 -2934067449.2869787 	 -1464338962.1624303 	 0
10 0.001 1467380006.6462903 -2931718905.0463748 -1464338898.4000845 4.3543433206682826e-08
# final: N=100000 steps=10 arithmetic_dtype=double max_relative_energy_drift=4.3543433206682826e-08 tolerance=0.001 status=OK

--- Performance Profiling Report ---
File Read       : 2.971766e-03 s
File Write      : 4.235331e-03 s
Total Run       : 1.629874e+01 s

--- Step Statistics (10 steps) ---
Total Step      		 Median; 7.705038e+00 s 		 Trimmed Mean: 7.704850e+00 s 		 Standard Deviation: 6.251714e-04 s
First Drift     		 Median; 1.264615e-04 s 		 Trimmed Mean: 1.272802e-04 s 		 Standard Deviation: 2.152434e-06 s
Compute Force   		 Median; 7.704561e+00 s 		 Trimmed Mean: 7.704365e+00 s 		 Standard Deviation: 6.243203e-04 s
Kick            		 Median; 1.887870e-04 s 		 Trimmed Mean: 1.901533e-04 s 		 Standard Deviation: 5.407047e-06 s
Second Drift    		 Median; 1.270515e-04 s 		 Trimmed Mean: 1.276536e-04 s 		 Standard Deviation: 1.612919e-06 s
# Direct N-body DKD
# arithmetic_dtype=double binary_storage=float32 format=nbody-f32-v1
# N=100000 nsteps=10 dt=0.0001 eps=0.050000000000000003 G=1 mass=1
Acceleration Kernel: r
# Step 	 Time 			 Kinetic 			 Potential 			 Total 			 Relative Energy Drift
0 	 0 	 1469728487.1245484 	 -2934067449.2869787 	 -1464338962.1624303 	 0
10 0.001 1467379820.8961873 -2931718706.4954901 -1464338885.5993028 5.2285112597589623e-08
# final: N=100000 steps=10 arithmetic_dtype=double max_relative_energy_drift=5.2285112597589623e-08 tolerance=0.001 status=OK

--- Performance Profiling Report ---
File Read       : 2.976785e-03 s
File Write      : 3.682324e-03 s
Total Run       : 1.631151e+01 s

--- Step Statistics (10 steps) ---
Total Step      		 Median; 6.464486e+00 s 		 Trimmed Mean: 6.464346e+00 s 		 Standard Deviation: 5.702773e-04 s
First Drift     		 Median; 1.176815e-04 s 		 Trimmed Mean: 1.192349e-04 s 		 Standard Deviation: 2.149886e-06 s
Compute Force   		 Median; 6.464034e+00 s 		 Trimmed Mean: 6.463880e+00 s 		 Standard Deviation: 5.634096e-04 s
Kick            		 Median; 1.910035e-04 s 		 Trimmed Mean: 1.920626e-04 s 		 Standard Deviation: 2.657105e-06 s
Second Drift    		 Median; 1.184512e-04 s 		 Trimmed Mean: 1.184439e-04 s 		 Standard Deviation: 3.044461e-07 s
# Direct N-body DKD
# arithmetic_dtype=double binary_storage=float32 format=nbody-f32-v1
# N=100000 nsteps=10 dt=0.0001 eps=0.050000000000000003 G=1 mass=1
Acceleration Kernel: rt
# Step 	 Time 			 Kinetic 			 Potential 			 Total 			 Relative Energy Drift
0 	 0 	 1469728487.1245484 	 -2934067449.2869787 	 -1464338962.1624303 	 0
10 0.001 1467379820.8961873 -2931718706.4954901 -1464338885.5993028 5.2285112597589623e-08
# final: N=100000 steps=10 arithmetic_dtype=double max_relative_energy_drift=5.2285112597589623e-08 tolerance=0.001 status=OK

--- Performance Profiling Report ---
File Read       : 2.942106e-03 s
File Write      : 5.298223e-03 s
Total Run       : 1.634482e+01 s

--- Step Statistics (10 steps) ---
Total Step      		 Median; 1.024374e+01 s 		 Trimmed Mean: 1.024376e+01 s 		 Standard Deviation: 2.225945e-04 s
First Drift     		 Median; 1.188121e-04 s 		 Trimmed Mean: 1.195519e-04 s 		 Standard Deviation: 1.832386e-06 s
Compute Force   		 Median; 1.024322e+01 s 		 Trimmed Mean: 1.024323e+01 s 		 Standard Deviation: 2.027810e-04 s
Kick            		 Median; 1.924275e-04 s 		 Trimmed Mean: 1.916698e-04 s 		 Standard Deviation: 1.880636e-06 s
Second Drift    		 Median; 1.640818e-04 s 		 Trimmed Mean: 1.649772e-04 s 		 Standard Deviation: 2.025081e-06 s
# Direct N-body DKD
# arithmetic_dtype=double binary_storage=float32 format=nbody-f32-v1
# N=100000 nsteps=10 dt=0.0001 eps=0.050000000000000003 G=1 mass=1
Acceleration Kernel: n
# Step 	 Time 			 Kinetic 			 Potential 			 Total 			 Relative Energy Drift
0 	 0 	 1469728487.1245484 	 -2934067449.2869787 	 -1464338962.1624303 	 0
10 0.001 1467380006.6462903 -2931718905.0463748 -1464338898.4000845 4.3543433206682826e-08
# final: N=100000 steps=10 arithmetic_dtype=double max_relative_energy_drift=4.3543433206682826e-08 tolerance=0.001 status=OK

--- Performance Profiling Report ---
File Read       : 2.945876e-03 s
File Write      : 3.623183e-03 s
Total Run       : 1.630408e+01 s

--- Step Statistics (10 steps) ---
Total Step      		 Median; 7.705654e+00 s 		 Trimmed Mean: 7.705598e+00 s 		 Standard Deviation: 4.556801e-04 s
First Drift     		 Median; 1.184768e-04 s 		 Trimmed Mean: 1.197330e-04 s 		 Standard Deviation: 2.497873e-06 s
Compute Force   		 Median; 7.705206e+00 s 		 Trimmed Mean: 7.705138e+00 s 		 Standard Deviation: 4.572580e-04 s
Kick            		 Median; 1.778877e-04 s 		 Trimmed Mean: 1.802008e-04 s 		 Standard Deviation: 5.499251e-06 s
Second Drift    		 Median; 1.192768e-04 s 		 Trimmed Mean: 1.194015e-04 s 		 Standard Deviation: 3.466125e-07 s
# Direct N-body DKD
# arithmetic_dtype=double binary_storage=float32 format=nbody-f32-v1
# N=100000 nsteps=10 dt=0.0001 eps=0.050000000000000003 G=1 mass=1
Acceleration Kernel: r
# Step 	 Time 			 Kinetic 			 Potential 			 Total 			 Relative Energy Drift
0 	 0 	 1469728487.1245484 	 -2934067449.2869787 	 -1464338962.1624303 	 0
10 0.001 1467379820.8961873 -2931718706.4954901 -1464338885.5993028 5.2285112597589623e-08
# final: N=100000 steps=10 arithmetic_dtype=double max_relative_energy_drift=5.2285112597589623e-08 tolerance=0.001 status=OK

--- Performance Profiling Report ---
File Read       : 2.874806e-03 s
File Write      : 5.116271e-03 s
Total Run       : 1.630089e+01 s

--- Step Statistics (10 steps) ---
Total Step      		 Median; 6.463485e+00 s 		 Trimmed Mean: 6.463367e+00 s 		 Standard Deviation: 6.077053e-04 s
First Drift     		 Median; 1.180163e-04 s 		 Trimmed Mean: 1.180293e-04 s 		 Standard Deviation: 1.526915e-07 s
Compute Force   		 Median; 6.463039e+00 s 		 Trimmed Mean: 6.462930e+00 s 		 Standard Deviation: 6.063504e-04 s
Kick            		 Median; 1.609172e-04 s 		 Trimmed Mean: 1.608995e-04 s 		 Standard Deviation: 1.901184e-06 s
Second Drift    		 Median; 1.190170e-04 s 		 Trimmed Mean: 1.190025e-04 s 		 Standard Deviation: 1.890235e-07 s
# Direct N-body DKD
# arithmetic_dtype=double binary_storage=float32 format=nbody-f32-v1
# N=100000 nsteps=10 dt=0.0001 eps=0.050000000000000003 G=1 mass=1
Acceleration Kernel: rt
# Step 	 Time 			 Kinetic 			 Potential 			 Total 			 Relative Energy Drift
0 	 0 	 1469728487.1245484 	 -2934067449.2869787 	 -1464338962.1624303 	 0
10 0.001 1467379820.8961873 -2931718706.4954901 -1464338885.5993028 5.2285112597589623e-08
# final: N=100000 steps=10 arithmetic_dtype=double max_relative_energy_drift=5.2285112597589623e-08 tolerance=0.001 status=OK

--- Performance Profiling Report ---
File Read       : 2.923565e-03 s
File Write      : 5.884550e-03 s
Total Run       : 1.629739e+01 s

--- Step Statistics (10 steps) ---
Total Step      		 Median; 1.022665e+01 s 		 Trimmed Mean: 1.022659e+01 s 		 Standard Deviation: 4.645773e-04 s
First Drift     		 Median; 1.184870e-04 s 		 Trimmed Mean: 1.191555e-04 s 		 Standard Deviation: 1.984463e-06 s
Compute Force   		 Median; 1.022614e+01 s 		 Trimmed Mean: 1.022608e+01 s 		 Standard Deviation: 4.629761e-04 s
Kick            		 Median; 1.927977e-04 s 		 Trimmed Mean: 1.927913e-04 s 		 Standard Deviation: 1.239671e-06 s
Second Drift    		 Median; 1.640269e-04 s 		 Trimmed Mean: 1.653706e-04 s 		 Standard Deviation: 2.692267e-06 s
# Direct N-body DKD
# arithmetic_dtype=double binary_storage=float32 format=nbody-f32-v1
# N=100000 nsteps=10 dt=0.0001 eps=0.050000000000000003 G=1 mass=1
Acceleration Kernel: n
# Step 	 Time 			 Kinetic 			 Potential 			 Total 			 Relative Energy Drift
0 	 0 	 1469728487.1245484 	 -2934067449.2869787 	 -1464338962.1624303 	 0
10 0.001 1467380006.6462903 -2931718905.0463748 -1464338898.4000845 4.3543433206682826e-08
# final: N=100000 steps=10 arithmetic_dtype=double max_relative_energy_drift=4.3543433206682826e-08 tolerance=0.001 status=OK

--- Performance Profiling Report ---
File Read       : 3.037967e-03 s
File Write      : 4.018649e-03 s
Total Run       : 1.630513e+01 s

--- Step Statistics (10 steps) ---
Total Step      		 Median; 7.705323e+00 s 		 Trimmed Mean: 7.705111e+00 s 		 Standard Deviation: 7.274942e-04 s
First Drift     		 Median; 1.188661e-04 s 		 Trimmed Mean: 1.201452e-04 s 		 Standard Deviation: 2.098407e-06 s
Compute Force   		 Median; 7.704878e+00 s 		 Trimmed Mean: 7.704667e+00 s 		 Standard Deviation: 7.244324e-04 s
Kick            		 Median; 1.651519e-04 s 		 Trimmed Mean: 1.655781e-04 s 		 Standard Deviation: 4.240019e-06 s
Second Drift    		 Median; 1.200661e-04 s 		 Trimmed Mean: 1.199753e-04 s 		 Standard Deviation: 2.642401e-07 s
# Direct N-body DKD
# arithmetic_dtype=double binary_storage=float32 format=nbody-f32-v1
# N=100000 nsteps=10 dt=0.0001 eps=0.050000000000000003 G=1 mass=1
Acceleration Kernel: r
# Step 	 Time 			 Kinetic 			 Potential 			 Total 			 Relative Energy Drift
0 	 0 	 1469728487.1245484 	 -2934067449.2869787 	 -1464338962.1624303 	 0
10 0.001 1467379820.8961873 -2931718706.4954901 -1464338885.5993028 5.2285112597589623e-08
# final: N=100000 steps=10 arithmetic_dtype=double max_relative_energy_drift=5.2285112597589623e-08 tolerance=0.001 status=OK

--- Performance Profiling Report ---
File Read       : 2.952636e-03 s
File Write      : 3.668323e-03 s
Total Run       : 1.630219e+01 s

--- Step Statistics (10 steps) ---
Total Step      		 Median; 6.462960e+00 s 		 Trimmed Mean: 6.462800e+00 s 		 Standard Deviation: 7.200216e-04 s
First Drift     		 Median; 1.183916e-04 s 		 Trimmed Mean: 1.185129e-04 s 		 Standard Deviation: 3.586574e-07 s
Compute Force   		 Median; 6.462516e+00 s 		 Trimmed Mean: 6.462362e+00 s 		 Standard Deviation: 7.272612e-04 s
Kick            		 Median; 1.592576e-04 s 		 Trimmed Mean: 1.610122e-04 s 		 Standard Deviation: 3.516263e-06 s
Second Drift    		 Median; 1.194514e-04 s 		 Trimmed Mean: 1.194767e-04 s 		 Standard Deviation: 2.818618e-07 s
# Direct N-body DKD
# arithmetic_dtype=double binary_storage=float32 format=nbody-f32-v1
# N=100000 nsteps=10 dt=0.0001 eps=0.050000000000000003 G=1 mass=1
Acceleration Kernel: rt
# Step 	 Time 			 Kinetic 			 Potential 			 Total 			 Relative Energy Drift
0 	 0 	 1469728487.1245484 	 -2934067449.2869787 	 -1464338962.1624303 	 0
10 0.001 1467379820.8961873 -2931718706.4954901 -1464338885.5993028 5.2285112597589623e-08
# final: N=100000 steps=10 arithmetic_dtype=double max_relative_energy_drift=5.2285112597589623e-08 tolerance=0.001 status=OK

--- Performance Profiling Report ---
File Read       : 2.925536e-03 s
File Write      : 3.845606e-03 s
Total Run       : 1.631037e+01 s

--- Step Statistics (10 steps) ---
Total Step      		 Median; 1.025368e+01 s 		 Trimmed Mean: 1.025365e+01 s 		 Standard Deviation: 2.355305e-04 s
First Drift     		 Median; 1.187110e-04 s 		 Trimmed Mean: 1.199325e-04 s 		 Standard Deviation: 2.335926e-06 s
Compute Force   		 Median; 1.025318e+01 s 		 Trimmed Mean: 1.025313e+01 s 		 Standard Deviation: 2.415828e-04 s
Kick            		 Median; 1.942669e-04 s 		 Trimmed Mean: 1.949626e-04 s 		 Standard Deviation: 3.319164e-06 s
Second Drift    		 Median; 1.638723e-04 s 		 Trimmed Mean: 1.643081e-04 s 		 Standard Deviation: 1.519446e-06 s
make[1]: Entering directory '/orfeo/cephfs/scratch/dssc/enricosavorgnan/2026-nbody/experiments/rsqrt-impact'
rm -f main generate_initial_conditions *.o *.bin
cc -std=c11 -I/u/dssc/enricosavorgnan/opt/papi/include -DNBODY_USE_DOUBLE -O3 -march=native -Wall -Wextra -Wpedantic -flto -D_POSIX_C_SOURCE=199309L -DBLOCK_SIZE=128 -DN_RSQRT_LOOP=3 -DUSE_PAPI -c main.c -o main.o
cc -std=c11 -I/u/dssc/enricosavorgnan/opt/papi/include -DNBODY_USE_DOUBLE -O3 -march=native -Wall -Wextra -Wpedantic -flto -D_POSIX_C_SOURCE=199309L -DBLOCK_SIZE=128 -DN_RSQRT_LOOP=3 -DUSE_PAPI -c integration.c -o integration.o
cc -std=c11 -I/u/dssc/enricosavorgnan/opt/papi/include -DNBODY_USE_DOUBLE -O3 -march=native -Wall -Wextra -Wpedantic -flto -D_POSIX_C_SOURCE=199309L -DBLOCK_SIZE=128 -DN_RSQRT_LOOP=3 -DUSE_PAPI -c particles.c -o particles.o
cc -std=c11 -I/u/dssc/enricosavorgnan/opt/papi/include -DNBODY_USE_DOUBLE -O3 -march=native -Wall -Wextra -Wpedantic -flto -D_POSIX_C_SOURCE=199309L -DBLOCK_SIZE=128 -DN_RSQRT_LOOP=3 -DUSE_PAPI -c profiling.c -o profiling.o
cc -std=c11 -I/u/dssc/enricosavorgnan/opt/papi/include -DNBODY_USE_DOUBLE -O3 -march=native -Wall -Wextra -Wpedantic -flto -D_POSIX_C_SOURCE=199309L -DBLOCK_SIZE=128 -DN_RSQRT_LOOP=3 -DUSE_PAPI -c utils.c -o utils.o
cc -std=c11 -O3 -march=native -Wall -Wextra -Wpedantic -flto -D_POSIX_C_SOURCE=199309L -DBLOCK_SIZE=128 -DN_RSQRT_LOOP=3 -DUSE_PAPI -L/u/dssc/enricosavorgnan/opt/papi/lib -Wl,-rpath,/u/dssc/enricosavorgnan/opt/papi/lib -o main main.o integration.o particles.o profiling.o utils.o -lm -lpapi
cc -std=c11 -I/u/dssc/enricosavorgnan/opt/papi/include -DNBODY_USE_DOUBLE -O3 -march=native -Wall -Wextra -Wpedantic -flto -D_POSIX_C_SOURCE=199309L -DBLOCK_SIZE=128 -DN_RSQRT_LOOP=3 -DUSE_PAPI -L/u/dssc/enricosavorgnan/opt/papi/lib -Wl,-rpath,/u/dssc/enricosavorgnan/opt/papi/lib -o generate_initial_conditions generate_initial_conditions.c -lm -lpapi
make[1]: Leaving directory '/orfeo/cephfs/scratch/dssc/enricosavorgnan/2026-nbody/experiments/rsqrt-impact'
# Direct N-body DKD
# arithmetic_dtype=double binary_storage=float32 format=nbody-f32-v1
# N=100000 nsteps=10 dt=0.0001 eps=0.050000000000000003 G=1 mass=1
Acceleration Kernel: n
# Step 	 Time 			 Kinetic 			 Potential 			 Total 			 Relative Energy Drift
0 	 0 	 1469728487.1245484 	 -2934067449.2869787 	 -1464338962.1624303 	 0
10 0.001 1467380006.6462903 -2931718905.0463748 -1464338898.4000845 4.3543433206682826e-08
# final: N=100000 steps=10 arithmetic_dtype=double max_relative_energy_drift=4.3543433206682826e-08 tolerance=0.001 status=OK

--- Performance Profiling Report ---
File Read       : 3.052707e-03 s
File Write      : 2.919815e-03 s
Total Run       : 1.629535e+01 s

--- Step Statistics (10 steps) ---
Total Step      		 Median; 7.705690e+00 s 		 Trimmed Mean: 7.705483e+00 s 		 Standard Deviation: 6.933367e-04 s
First Drift     		 Median; 1.186472e-04 s 		 Trimmed Mean: 1.186531e-04 s 		 Standard Deviation: 2.137196e-07 s
Compute Force   		 Median; 7.705232e+00 s 		 Trimmed Mean: 7.705037e+00 s 		 Standard Deviation: 6.847649e-04 s
Kick            		 Median; 1.662523e-04 s 		 Trimmed Mean: 1.643394e-04 s 		 Standard Deviation: 3.771802e-06 s
Second Drift    		 Median; 1.195264e-04 s 		 Trimmed Mean: 1.197236e-04 s 		 Standard Deviation: 6.174638e-07 s
# Direct N-body DKD
# arithmetic_dtype=double binary_storage=float32 format=nbody-f32-v1
# N=100000 nsteps=10 dt=0.0001 eps=0.050000000000000003 G=1 mass=1
Acceleration Kernel: r
# Step 	 Time 			 Kinetic 			 Potential 			 Total 			 Relative Energy Drift
0 	 0 	 1469728487.1245484 	 -2934067449.2869787 	 -1464338962.1624303 	 0
10 0.001 1467380006.6453936 -2931718905.0454159 -1464338898.4000223 4.3543475701795474e-08
# final: N=100000 steps=10 arithmetic_dtype=double max_relative_energy_drift=4.3543475701795474e-08 tolerance=0.001 status=OK

--- Performance Profiling Report ---
File Read       : 2.962315e-03 s
File Write      : 2.797242e-03 s
Total Run       : 1.642357e+01 s

--- Step Statistics (10 steps) ---
Total Step      		 Median; 7.710492e+00 s 		 Trimmed Mean: 7.710365e+00 s 		 Standard Deviation: 4.629379e-04 s
First Drift     		 Median; 1.471722e-04 s 		 Trimmed Mean: 1.483958e-04 s 		 Standard Deviation: 2.312041e-06 s
Compute Force   		 Median; 7.709970e+00 s 		 Trimmed Mean: 7.709840e+00 s 		 Standard Deviation: 4.666599e-04 s
Kick            		 Median; 1.914375e-04 s 		 Trimmed Mean: 1.917446e-04 s 		 Standard Deviation: 1.912499e-06 s
Second Drift    		 Median; 1.480118e-04 s 		 Trimmed Mean: 1.483420e-04 s 		 Standard Deviation: 1.366013e-06 s
# Direct N-body DKD
# arithmetic_dtype=double binary_storage=float32 format=nbody-f32-v1
# N=100000 nsteps=10 dt=0.0001 eps=0.050000000000000003 G=1 mass=1
Acceleration Kernel: rt
# Step 	 Time 			 Kinetic 			 Potential 			 Total 			 Relative Energy Drift
0 	 0 	 1469728487.1245484 	 -2934067449.2869787 	 -1464338962.1624303 	 0
10 0.001 1467380006.6453936 -2931718905.0454159 -1464338898.4000223 4.3543475701795474e-08
# final: N=100000 steps=10 arithmetic_dtype=double max_relative_energy_drift=4.3543475701795474e-08 tolerance=0.001 status=OK

--- Performance Profiling Report ---
File Read       : 2.973355e-03 s
File Write      : 2.976307e-03 s
Total Run       : 1.630793e+01 s

--- Step Statistics (10 steps) ---
Total Step      		 Median; 1.149564e+01 s 		 Trimmed Mean: 1.149570e+01 s 		 Standard Deviation: 4.506843e-04 s
First Drift     		 Median; 1.183962e-04 s 		 Trimmed Mean: 1.183980e-04 s 		 Standard Deviation: 1.846160e-07 s
Compute Force   		 Median; 1.149512e+01 s 		 Trimmed Mean: 1.149517e+01 s 		 Standard Deviation: 4.328462e-04 s
Kick            		 Median; 1.921072e-04 s 		 Trimmed Mean: 1.921161e-04 s 		 Standard Deviation: 3.127452e-06 s
Second Drift    		 Median; 1.639416e-04 s 		 Trimmed Mean: 1.651669e-04 s 		 Standard Deviation: 2.191142e-06 s
# Direct N-body DKD
# arithmetic_dtype=double binary_storage=float32 format=nbody-f32-v1
# N=100000 nsteps=10 dt=0.0001 eps=0.050000000000000003 G=1 mass=1
Acceleration Kernel: n
# Step 	 Time 			 Kinetic 			 Potential 			 Total 			 Relative Energy Drift
0 	 0 	 1469728487.1245484 	 -2934067449.2869787 	 -1464338962.1624303 	 0
10 0.001 1467380006.6462903 -2931718905.0463748 -1464338898.4000845 4.3543433206682826e-08
# final: N=100000 steps=10 arithmetic_dtype=double max_relative_energy_drift=4.3543433206682826e-08 tolerance=0.001 status=OK

--- Performance Profiling Report ---
File Read       : 2.967445e-03 s
File Write      : 3.857345e-03 s
Total Run       : 1.629442e+01 s

--- Step Statistics (10 steps) ---
Total Step      		 Median; 7.704698e+00 s 		 Trimmed Mean: 7.704766e+00 s 		 Standard Deviation: 4.690281e-04 s
First Drift     		 Median; 1.178607e-04 s 		 Trimmed Mean: 1.184515e-04 s 		 Standard Deviation: 1.313383e-06 s
Compute Force   		 Median; 7.704259e+00 s 		 Trimmed Mean: 7.704324e+00 s 		 Standard Deviation: 4.716187e-04 s
Kick            		 Median; 1.629819e-04 s 		 Trimmed Mean: 1.634519e-04 s 		 Standard Deviation: 5.514560e-06 s
Second Drift    		 Median; 1.192312e-04 s 		 Trimmed Mean: 1.191749e-04 s 		 Standard Deviation: 2.466170e-07 s
# Direct N-body DKD
# arithmetic_dtype=double binary_storage=float32 format=nbody-f32-v1
# N=100000 nsteps=10 dt=0.0001 eps=0.050000000000000003 G=1 mass=1
Acceleration Kernel: r
# Step 	 Time 			 Kinetic 			 Potential 			 Total 			 Relative Energy Drift
0 	 0 	 1469728487.1245484 	 -2934067449.2869787 	 -1464338962.1624303 	 0
10 0.001 1467380006.6453936 -2931718905.0454159 -1464338898.4000223 4.3543475701795474e-08
# final: N=100000 steps=10 arithmetic_dtype=double max_relative_energy_drift=4.3543475701795474e-08 tolerance=0.001 status=OK

--- Performance Profiling Report ---
File Read       : 2.859594e-03 s
File Write      : 4.471485e-03 s
Total Run       : 1.630129e+01 s

--- Step Statistics (10 steps) ---
Total Step      		 Median; 7.705549e+00 s 		 Trimmed Mean: 7.705557e+00 s 		 Standard Deviation: 3.721914e-04 s
First Drift     		 Median; 1.180717e-04 s 		 Trimmed Mean: 1.182002e-04 s 		 Standard Deviation: 3.873482e-07 s
Compute Force   		 Median; 7.705097e+00 s 		 Trimmed Mean: 7.705117e+00 s 		 Standard Deviation: 3.726752e-04 s
Kick            		 Median; 1.668571e-04 s 		 Trimmed Mean: 1.653568e-04 s 		 Standard Deviation: 3.940154e-06 s
Second Drift    		 Median; 1.190919e-04 s 		 Trimmed Mean: 1.191853e-04 s 		 Standard Deviation: 3.035179e-07 s
# Direct N-body DKD
# arithmetic_dtype=double binary_storage=float32 format=nbody-f32-v1
# N=100000 nsteps=10 dt=0.0001 eps=0.050000000000000003 G=1 mass=1
Acceleration Kernel: rt
# Step 	 Time 			 Kinetic 			 Potential 			 Total 			 Relative Energy Drift
0 	 0 	 1469728487.1245484 	 -2934067449.2869787 	 -1464338962.1624303 	 0
10 0.001 1467380006.6453936 -2931718905.0454159 -1464338898.4000223 4.3543475701795474e-08
# final: N=100000 steps=10 arithmetic_dtype=double max_relative_energy_drift=4.3543475701795474e-08 tolerance=0.001 status=OK

--- Performance Profiling Report ---
File Read       : 3.050486e-03 s
File Write      : 3.793355e-03 s
Total Run       : 1.630799e+01 s

--- Step Statistics (10 steps) ---
Total Step      		 Median; 1.151328e+01 s 		 Trimmed Mean: 1.151335e+01 s 		 Standard Deviation: 4.032275e-04 s
First Drift     		 Median; 1.221960e-04 s 		 Trimmed Mean: 1.238062e-04 s 		 Standard Deviation: 2.607047e-06 s
Compute Force   		 Median; 1.151275e+01 s 		 Trimmed Mean: 1.151281e+01 s 		 Standard Deviation: 4.009908e-04 s
Kick            		 Median; 2.135728e-04 s 		 Trimmed Mean: 2.140051e-04 s 		 Standard Deviation: 1.506897e-06 s
Second Drift    		 Median; 1.636068e-04 s 		 Trimmed Mean: 1.636557e-04 s 		 Standard Deviation: 3.603307e-07 s
# Direct N-body DKD
# arithmetic_dtype=double binary_storage=float32 format=nbody-f32-v1
# N=100000 nsteps=10 dt=0.0001 eps=0.050000000000000003 G=1 mass=1
Acceleration Kernel: n
# Step 	 Time 			 Kinetic 			 Potential 			 Total 			 Relative Energy Drift
0 	 0 	 1469728487.1245484 	 -2934067449.2869787 	 -1464338962.1624303 	 0
10 0.001 1467380006.6462903 -2931718905.0463748 -1464338898.4000845 4.3543433206682826e-08
# final: N=100000 steps=10 arithmetic_dtype=double max_relative_energy_drift=4.3543433206682826e-08 tolerance=0.001 status=OK

--- Performance Profiling Report ---
File Read       : 2.928555e-03 s
File Write      : 3.909407e-03 s
Total Run       : 1.633214e+01 s

--- Step Statistics (10 steps) ---
Total Step      		 Median; 7.712246e+00 s 		 Trimmed Mean: 7.710857e+00 s 		 Standard Deviation: 4.082841e-03 s
First Drift     		 Median; 1.179012e-04 s 		 Trimmed Mean: 1.184739e-04 s 		 Standard Deviation: 1.629010e-06 s
Compute Force   		 Median; 7.711798e+00 s 		 Trimmed Mean: 7.710402e+00 s 		 Standard Deviation: 4.092872e-03 s
Kick            		 Median; 1.666620e-04 s 		 Trimmed Mean: 1.656684e-04 s 		 Standard Deviation: 3.984979e-06 s
Second Drift    		 Median; 1.190468e-04 s 		 Trimmed Mean: 1.190975e-04 s 		 Standard Deviation: 4.346733e-07 s
