rm -f main generate_initial_conditions *.o *.bin
rm -r ./bins/
rm -r ./profilings/
cc -std=c11 -I/u/dssc/enricosavorgnan/opt/papi/include -DNBODY_USE_DOUBLE -O3 -march=native -Wall -Wextra -Wpedantic -flto -D_POSIX_C_SOURCE=199309L -DBLOCK_SIZE=128 -DN_RSQRT_LOOP=3 -L/u/dssc/enricosavorgnan/opt/papi/lib -Wl,-rpath,/u/dssc/enricosavorgnan/opt/papi/lib -o generate_initial_conditions generate_initial_conditions.c -lm
mkdir -p ./bins/test-rsqrt/
mkdir -p ./profilings/test-rsqrt/
./generate_initial_conditions --model 0 --n 20000 --seed 42 --output ./bins/test-rsqrt.bin
for i in 1 2 3 4; do \
	make clean all N_RSQRT_LOOP=$i; \
	for j in 1 2 3 4 5; do \
		./main --input ./bins/test-rsqrt.bin --nsteps 25 --dt 1e-4 --eps 0.05 --energy-every 25 --output ./bins/test-rsqrt/n_$i.out --kernel n  --profiler 1 --papi 1 --profiler-path ./profilings/test-rsqrt/n_$i.txt; \
		./main --input ./bins/test-rsqrt.bin --nsteps 25 --dt 1e-4 --eps 0.05 --energy-every 25 --output ./bins/test-rsqrt/r_$i.out --kernel r  --profiler 1 --papi 1 --profiler-path ./profilings/test-rsqrt/r_$i.txt; \
		./main --input ./bins/test-rsqrt.bin --nsteps 25 --dt 1e-4 --eps 0.05 --energy-every 25 --output ./bins/test-rsqrt/rt_$i.out --kernel rt --profiler 1 --papi 1 --profiler-path ./profilings/test-rsqrt/rt_$i.txt; \
	done \
done
make[1]: Entering directory '/orfeo/cephfs/scratch/dssc/enricosavorgnan/2026-nbody/experiments/rsqrt-impact'
rm -f main generate_initial_conditions *.o *.bin
cc -std=c11 -I/u/dssc/enricosavorgnan/opt/papi/include -DNBODY_USE_DOUBLE -O3 -march=native -Wall -Wextra -Wpedantic -flto -D_POSIX_C_SOURCE=199309L -DBLOCK_SIZE=128 -DN_RSQRT_LOOP=1 -c main.c -o main.o
cc -std=c11 -I/u/dssc/enricosavorgnan/opt/papi/include -DNBODY_USE_DOUBLE -O3 -march=native -Wall -Wextra -Wpedantic -flto -D_POSIX_C_SOURCE=199309L -DBLOCK_SIZE=128 -DN_RSQRT_LOOP=1 -c integration.c -o integration.o
cc -std=c11 -I/u/dssc/enricosavorgnan/opt/papi/include -DNBODY_USE_DOUBLE -O3 -march=native -Wall -Wextra -Wpedantic -flto -D_POSIX_C_SOURCE=199309L -DBLOCK_SIZE=128 -DN_RSQRT_LOOP=1 -c particles.c -o particles.o
cc -std=c11 -I/u/dssc/enricosavorgnan/opt/papi/include -DNBODY_USE_DOUBLE -O3 -march=native -Wall -Wextra -Wpedantic -flto -D_POSIX_C_SOURCE=199309L -DBLOCK_SIZE=128 -DN_RSQRT_LOOP=1 -c profiling.c -o profiling.o
cc -std=c11 -I/u/dssc/enricosavorgnan/opt/papi/include -DNBODY_USE_DOUBLE -O3 -march=native -Wall -Wextra -Wpedantic -flto -D_POSIX_C_SOURCE=199309L -DBLOCK_SIZE=128 -DN_RSQRT_LOOP=1 -c utils.c -o utils.o
cc -std=c11 -O3 -march=native -Wall -Wextra -Wpedantic -flto -D_POSIX_C_SOURCE=199309L -DBLOCK_SIZE=128 -DN_RSQRT_LOOP=1 -L/u/dssc/enricosavorgnan/opt/papi/lib -Wl,-rpath,/u/dssc/enricosavorgnan/opt/papi/lib -o main main.o integration.o particles.o profiling.o utils.o -lm
cc -std=c11 -I/u/dssc/enricosavorgnan/opt/papi/include -DNBODY_USE_DOUBLE -O3 -march=native -Wall -Wextra -Wpedantic -flto -D_POSIX_C_SOURCE=199309L -DBLOCK_SIZE=128 -DN_RSQRT_LOOP=1 -L/u/dssc/enricosavorgnan/opt/papi/lib -Wl,-rpath,/u/dssc/enricosavorgnan/opt/papi/lib -o generate_initial_conditions generate_initial_conditions.c -lm
make[1]: Leaving directory '/orfeo/cephfs/scratch/dssc/enricosavorgnan/2026-nbody/experiments/rsqrt-impact'
# Direct N-body DKD
# arithmetic_dtype=double binary_storage=float32 format=nbody-f32-v1
# N=20000 nsteps=25 dt=0.0001 eps=0.050000000000000003 G=1 mass=1
Acceleration Kernel: n
# Step 	 Time 			 Kinetic 			 Potential 			 Total 			 Relative Energy Drift
0 	 0 	 58759436.184000514 	 -116582810.08669029 	 -57823373.902689777 	 0
25 0.0025000000000000001 58622235.411547296 -116445614.25392817 -57823378.842380874 8.5427237519159795e-08
# final: N=20000 steps=25 arithmetic_dtype=double max_relative_energy_drift=8.5427237519159795e-08 tolerance=0.001 status=OK

--- Performance Profiling Report ---
File Read       : 6.151972e-04 s
File Write      : 2.565938e-01 s
Total Run       : 6.504085e-01 s

--- Step Statistics (25 steps) ---
Total Step      		 Median; 3.078127e-01 s 		 Trimmed Mean: 3.078597e-01 s 		 Standard Deviation: 1.580850e-04 s
First Drift     		 Median; 2.272055e-05 s 		 Trimmed Mean: 2.275944e-05 s 		 Standard Deviation: 9.924592e-08 s
Compute Force   		 Median; 3.077327e-01 s 		 Trimmed Mean: 3.077787e-01 s 		 Standard Deviation: 1.576846e-04 s
Kick            		 Median; 3.314111e-05 s 		 Trimmed Mean: 3.304851e-05 s 		 Standard Deviation: 5.567704e-07 s
Second Drift    		 Median; 2.380088e-05 s 		 Trimmed Mean: 2.381099e-05 s 		 Standard Deviation: 6.881128e-08 s
# Direct N-body DKD
# arithmetic_dtype=double binary_storage=float32 format=nbody-f32-v1
# N=20000 nsteps=25 dt=0.0001 eps=0.050000000000000003 G=1 mass=1
Acceleration Kernel: r
# Step 	 Time 			 Kinetic 			 Potential 			 Total 			 Relative Energy Drift
0 	 0 	 58759436.184000514 	 -116582810.08669029 	 -57823373.902689777 	 0
25 0.0025000000000000001 58617614.945293464 -116440596.69250681 -57822981.747213341 6.781954250818578e-06
# final: N=20000 steps=25 arithmetic_dtype=double max_relative_energy_drift=6.781954250818578e-06 tolerance=0.001 status=OK

--- Performance Profiling Report ---
File Read       : 5.935663e-04 s
File Write      : 6.135757e-03 s
Total Run       : 6.505609e-01 s

--- Step Statistics (25 steps) ---
Total Step      		 Median; 2.075333e-01 s 		 Trimmed Mean: 2.075224e-01 s 		 Standard Deviation: 6.754793e-05 s
First Drift     		 Median; 2.289005e-05 s 		 Trimmed Mean: 2.307223e-05 s 		 Standard Deviation: 7.870334e-07 s
Compute Force   		 Median; 2.074522e-01 s 		 Trimmed Mean: 2.074411e-01 s 		 Standard Deviation: 6.678908e-05 s
Kick            		 Median; 3.202073e-05 s 		 Trimmed Mean: 3.235335e-05 s 		 Standard Deviation: 1.082324e-06 s
Second Drift    		 Median; 2.388004e-05 s 		 Trimmed Mean: 2.416028e-05 s 		 Standard Deviation: 1.158427e-06 s
# Direct N-body DKD
# arithmetic_dtype=double binary_storage=float32 format=nbody-f32-v1
# N=20000 nsteps=25 dt=0.0001 eps=0.050000000000000003 G=1 mass=1
Acceleration Kernel: rt
# Step 	 Time 			 Kinetic 			 Potential 			 Total 			 Relative Energy Drift
0 	 0 	 58759436.184000514 	 -116582810.08669029 	 -57823373.902689777 	 0
25 0.0025000000000000001 58617614.945293464 -116440596.69250681 -57822981.747213341 6.781954250818578e-06
# final: N=20000 steps=25 arithmetic_dtype=double max_relative_energy_drift=6.781954250818578e-06 tolerance=0.001 status=OK

--- Performance Profiling Report ---
File Read       : 5.966863e-04 s
File Write      : 2.002722e-03 s
Total Run       : 6.503169e-01 s

--- Step Statistics (25 steps) ---
Total Step      		 Median; 3.395755e-01 s 		 Trimmed Mean: 3.395564e-01 s 		 Standard Deviation: 9.020609e-05 s
First Drift     		 Median; 2.254080e-05 s 		 Trimmed Mean: 2.258040e-05 s 		 Standard Deviation: 9.396962e-08 s
Compute Force   		 Median; 3.394692e-01 s 		 Trimmed Mean: 3.394492e-01 s 		 Standard Deviation: 8.895835e-05 s
Kick            		 Median; 5.077105e-05 s 		 Trimmed Mean: 5.072249e-05 s 		 Standard Deviation: 9.663909e-07 s
Second Drift    		 Median; 3.204029e-05 s 		 Trimmed Mean: 3.196605e-05 s 		 Standard Deviation: 2.697899e-07 s
# Direct N-body DKD
# arithmetic_dtype=double binary_storage=float32 format=nbody-f32-v1
# N=20000 nsteps=25 dt=0.0001 eps=0.050000000000000003 G=1 mass=1
Acceleration Kernel: n
# Step 	 Time 			 Kinetic 			 Potential 			 Total 			 Relative Energy Drift
0 	 0 	 58759436.184000514 	 -116582810.08669029 	 -57823373.902689777 	 0
25 0.0025000000000000001 58622235.411547296 -116445614.25392817 -57823378.842380874 8.5427237519159795e-08
# final: N=20000 steps=25 arithmetic_dtype=double max_relative_energy_drift=8.5427237519159795e-08 tolerance=0.001 status=OK

--- Performance Profiling Report ---
File Read       : 5.910164e-04 s
File Write      : 3.834012e-01 s
Total Run       : 6.507179e-01 s

--- Step Statistics (25 steps) ---
Total Step      		 Median; 3.086409e-01 s 		 Trimmed Mean: 3.086483e-01 s 		 Standard Deviation: 9.096389e-05 s
First Drift     		 Median; 2.260972e-05 s 		 Trimmed Mean: 2.263172e-05 s 		 Standard Deviation: 7.188325e-08 s
Compute Force   		 Median; 3.085609e-01 s 		 Trimmed Mean: 3.085689e-01 s 		 Standard Deviation: 9.130010e-05 s
Kick            		 Median; 3.245100e-05 s 		 Trimmed Mean: 3.240470e-05 s 		 Standard Deviation: 3.446553e-07 s
Second Drift    		 Median; 2.378970e-05 s 		 Trimmed Mean: 2.380190e-05 s 		 Standard Deviation: 5.525342e-08 s
# Direct N-body DKD
# arithmetic_dtype=double binary_storage=float32 format=nbody-f32-v1
# N=20000 nsteps=25 dt=0.0001 eps=0.050000000000000003 G=1 mass=1
Acceleration Kernel: r
# Step 	 Time 			 Kinetic 			 Potential 			 Total 			 Relative Energy Drift
0 	 0 	 58759436.184000514 	 -116582810.08669029 	 -57823373.902689777 	 0
25 0.0025000000000000001 58617614.945293464 -116440596.69250681 -57822981.747213341 6.781954250818578e-06
# final: N=20000 steps=25 arithmetic_dtype=double max_relative_energy_drift=6.781954250818578e-06 tolerance=0.001 status=OK

--- Performance Profiling Report ---
File Read       : 5.986365e-04 s
File Write      : 1.869700e-02 s
Total Run       : 6.507115e-01 s

--- Step Statistics (25 steps) ---
Total Step      		 Median; 2.075583e-01 s 		 Trimmed Mean: 2.075664e-01 s 		 Standard Deviation: 4.592101e-05 s
First Drift     		 Median; 2.253056e-05 s 		 Trimmed Mean: 2.254821e-05 s 		 Standard Deviation: 7.303639e-08 s
Compute Force   		 Median; 2.074744e-01 s 		 Trimmed Mean: 2.074857e-01 s 		 Standard Deviation: 4.600880e-05 s
Kick            		 Median; 3.279001e-05 s 		 Trimmed Mean: 3.288704e-05 s 		 Standard Deviation: 5.790130e-07 s
Second Drift    		 Median; 2.358016e-05 s 		 Trimmed Mean: 2.358951e-05 s 		 Standard Deviation: 1.134859e-07 s
# Direct N-body DKD
# arithmetic_dtype=double binary_storage=float32 format=nbody-f32-v1
# N=20000 nsteps=25 dt=0.0001 eps=0.050000000000000003 G=1 mass=1
Acceleration Kernel: rt
# Step 	 Time 			 Kinetic 			 Potential 			 Total 			 Relative Energy Drift
0 	 0 	 58759436.184000514 	 -116582810.08669029 	 -57823373.902689777 	 0
25 0.0025000000000000001 58617614.945293464 -116440596.69250681 -57822981.747213341 6.781954250818578e-06
# final: N=20000 steps=25 arithmetic_dtype=double max_relative_energy_drift=6.781954250818578e-06 tolerance=0.001 status=OK

--- Performance Profiling Report ---
File Read       : 5.958360e-04 s
File Write      : 1.660813e-02 s
Total Run       : 6.507019e-01 s

--- Step Statistics (25 steps) ---
Total Step      		 Median; 3.389732e-01 s 		 Trimmed Mean: 3.389479e-01 s 		 Standard Deviation: 7.601951e-05 s
First Drift     		 Median; 2.261065e-05 s 		 Trimmed Mean: 2.263983e-05 s 		 Standard Deviation: 1.161008e-07 s
Compute Force   		 Median; 3.388798e-01 s 		 Trimmed Mean: 3.388546e-01 s 		 Standard Deviation: 7.587645e-05 s
Kick            		 Median; 3.870949e-05 s 		 Trimmed Mean: 3.883416e-05 s 		 Standard Deviation: 5.754582e-07 s
Second Drift    		 Median; 3.090128e-05 s 		 Trimmed Mean: 3.093849e-05 s 		 Standard Deviation: 2.846705e-07 s
# Direct N-body DKD
# arithmetic_dtype=double binary_storage=float32 format=nbody-f32-v1
# N=20000 nsteps=25 dt=0.0001 eps=0.050000000000000003 G=1 mass=1
Acceleration Kernel: n
# Step 	 Time 			 Kinetic 			 Potential 			 Total 			 Relative Energy Drift
0 	 0 	 58759436.184000514 	 -116582810.08669029 	 -57823373.902689777 	 0
25 0.0025000000000000001 58622235.411547296 -116445614.25392817 -57823378.842380874 8.5427237519159795e-08
# final: N=20000 steps=25 arithmetic_dtype=double max_relative_energy_drift=8.5427237519159795e-08 tolerance=0.001 status=OK

--- Performance Profiling Report ---
File Read       : 6.008465e-04 s
File Write      : 1.879374e-01 s
Total Run       : 6.510294e-01 s

--- Step Statistics (25 steps) ---
Total Step      		 Median; 3.081291e-01 s 		 Trimmed Mean: 3.081290e-01 s 		 Standard Deviation: 5.320438e-05 s
First Drift     		 Median; 2.263021e-05 s 		 Trimmed Mean: 2.264945e-05 s 		 Standard Deviation: 6.532697e-08 s
Compute Force   		 Median; 3.080476e-01 s 		 Trimmed Mean: 3.080476e-01 s 		 Standard Deviation: 5.314775e-05 s
Kick            		 Median; 3.342051e-05 s 		 Trimmed Mean: 3.361910e-05 s 		 Standard Deviation: 5.959148e-07 s
Second Drift    		 Median; 2.364069e-05 s 		 Trimmed Mean: 2.367639e-05 s 		 Standard Deviation: 8.969769e-08 s
# Direct N-body DKD
# arithmetic_dtype=double binary_storage=float32 format=nbody-f32-v1
# N=20000 nsteps=25 dt=0.0001 eps=0.050000000000000003 G=1 mass=1
Acceleration Kernel: r
# Step 	 Time 			 Kinetic 			 Potential 			 Total 			 Relative Energy Drift
0 	 0 	 58759436.184000514 	 -116582810.08669029 	 -57823373.902689777 	 0
25 0.0025000000000000001 58617614.945293464 -116440596.69250681 -57822981.747213341 6.781954250818578e-06
# final: N=20000 steps=25 arithmetic_dtype=double max_relative_energy_drift=6.781954250818578e-06 tolerance=0.001 status=OK

--- Performance Profiling Report ---
File Read       : 5.899677e-04 s
File Write      : 2.642441e-01 s
Total Run       : 6.508785e-01 s

--- Step Statistics (25 steps) ---
Total Step      		 Median; 2.076196e-01 s 		 Trimmed Mean: 2.076221e-01 s 		 Standard Deviation: 5.138514e-05 s
First Drift     		 Median; 2.257060e-05 s 		 Trimmed Mean: 2.257663e-05 s 		 Standard Deviation: 4.296466e-08 s
Compute Force   		 Median; 2.075419e-01 s 		 Trimmed Mean: 2.075430e-01 s 		 Standard Deviation: 5.125978e-05 s
Kick            		 Median; 3.213994e-05 s 		 Trimmed Mean: 3.240399e-05 s 		 Standard Deviation: 8.423280e-07 s
Second Drift    		 Median; 2.350099e-05 s 		 Trimmed Mean: 2.355137e-05 s 		 Standard Deviation: 1.170672e-07 s
# Direct N-body DKD
# arithmetic_dtype=double binary_storage=float32 format=nbody-f32-v1
# N=20000 nsteps=25 dt=0.0001 eps=0.050000000000000003 G=1 mass=1
Acceleration Kernel: rt
# Step 	 Time 			 Kinetic 			 Potential 			 Total 			 Relative Energy Drift
0 	 0 	 58759436.184000514 	 -116582810.08669029 	 -57823373.902689777 	 0
25 0.0025000000000000001 58617614.945293464 -116440596.69250681 -57822981.747213341 6.781954250818578e-06
# final: N=20000 steps=25 arithmetic_dtype=double max_relative_energy_drift=6.781954250818578e-06 tolerance=0.001 status=OK

--- Performance Profiling Report ---
File Read       : 6.107865e-04 s
File Write      : 5.420084e-01 s
Total Run       : 6.512709e-01 s

--- Step Statistics (25 steps) ---
Total Step      		 Median; 3.403100e-01 s 		 Trimmed Mean: 3.403103e-01 s 		 Standard Deviation: 3.875510e-05 s
First Drift     		 Median; 2.250075e-05 s 		 Trimmed Mean: 2.251109e-05 s 		 Standard Deviation: 8.708923e-08 s
Compute Force   		 Median; 3.402183e-01 s 		 Trimmed Mean: 3.402173e-01 s 		 Standard Deviation: 3.863701e-05 s
Kick            		 Median; 3.829133e-05 s 		 Trimmed Mean: 3.853427e-05 s 		 Standard Deviation: 6.094093e-07 s
Second Drift    		 Median; 3.102049e-05 s 		 Trimmed Mean: 3.105398e-05 s 		 Standard Deviation: 3.343937e-07 s
# Direct N-body DKD
# arithmetic_dtype=double binary_storage=float32 format=nbody-f32-v1
# N=20000 nsteps=25 dt=0.0001 eps=0.050000000000000003 G=1 mass=1
Acceleration Kernel: n
# Step 	 Time 			 Kinetic 			 Potential 			 Total 			 Relative Energy Drift
0 	 0 	 58759436.184000514 	 -116582810.08669029 	 -57823373.902689777 	 0
25 0.0025000000000000001 58622235.411547296 -116445614.25392817 -57823378.842380874 8.5427237519159795e-08
# final: N=20000 steps=25 arithmetic_dtype=double max_relative_energy_drift=8.5427237519159795e-08 tolerance=0.001 status=OK

--- Performance Profiling Report ---
File Read       : 5.931659e-04 s
File Write      : 5.188636e-03 s
Total Run       : 6.516925e-01 s

--- Step Statistics (25 steps) ---
Total Step      		 Median; 3.085810e-01 s 		 Trimmed Mean: 3.085552e-01 s 		 Standard Deviation: 7.771427e-05 s
First Drift     		 Median; 2.281088e-05 s 		 Trimmed Mean: 2.280601e-05 s 		 Standard Deviation: 8.427650e-08 s
Compute Force   		 Median; 3.085014e-01 s 		 Trimmed Mean: 3.084747e-01 s 		 Standard Deviation: 7.788319e-05 s
Kick            		 Median; 3.295951e-05 s 		 Trimmed Mean: 3.299986e-05 s 		 Standard Deviation: 4.336146e-07 s
Second Drift    		 Median; 2.377015e-05 s 		 Trimmed Mean: 2.381219e-05 s 		 Standard Deviation: 1.002333e-07 s
# Direct N-body DKD
# arithmetic_dtype=double binary_storage=float32 format=nbody-f32-v1
# N=20000 nsteps=25 dt=0.0001 eps=0.050000000000000003 G=1 mass=1
Acceleration Kernel: r
# Step 	 Time 			 Kinetic 			 Potential 			 Total 			 Relative Energy Drift
0 	 0 	 58759436.184000514 	 -116582810.08669029 	 -57823373.902689777 	 0
25 0.0025000000000000001 58617614.945293464 -116440596.69250681 -57822981.747213341 6.781954250818578e-06
# final: N=20000 steps=25 arithmetic_dtype=double max_relative_energy_drift=6.781954250818578e-06 tolerance=0.001 status=OK

--- Performance Profiling Report ---
File Read       : 5.959263e-04 s
File Write      : 1.901255e-02 s
Total Run       : 6.516139e-01 s

--- Step Statistics (25 steps) ---
Total Step      		 Median; 2.076857e-01 s 		 Trimmed Mean: 2.076865e-01 s 		 Standard Deviation: 4.561645e-05 s
First Drift     		 Median; 2.240017e-05 s 		 Trimmed Mean: 2.262431e-05 s 		 Standard Deviation: 9.269084e-07 s
Compute Force   		 Median; 2.076066e-01 s 		 Trimmed Mean: 2.076072e-01 s 		 Standard Deviation: 4.581896e-05 s
Kick            		 Median; 3.241096e-05 s 		 Trimmed Mean: 3.236656e-05 s 		 Standard Deviation: 4.638152e-07 s
Second Drift    		 Median; 2.341997e-05 s 		 Trimmed Mean: 2.343505e-05 s 		 Standard Deviation: 7.407918e-08 s
# Direct N-body DKD
# arithmetic_dtype=double binary_storage=float32 format=nbody-f32-v1
# N=20000 nsteps=25 dt=0.0001 eps=0.050000000000000003 G=1 mass=1
Acceleration Kernel: rt
# Step 	 Time 			 Kinetic 			 Potential 			 Total 			 Relative Energy Drift
0 	 0 	 58759436.184000514 	 -116582810.08669029 	 -57823373.902689777 	 0
25 0.0025000000000000001 58617614.945293464 -116440596.69250681 -57822981.747213341 6.781954250818578e-06
# final: N=20000 steps=25 arithmetic_dtype=double max_relative_energy_drift=6.781954250818578e-06 tolerance=0.001 status=OK

--- Performance Profiling Report ---
File Read       : 6.012172e-04 s
File Write      : 1.843885e-02 s
Total Run       : 6.510210e-01 s

--- Step Statistics (25 steps) ---
Total Step      		 Median; 3.425047e-01 s 		 Trimmed Mean: 3.425275e-01 s 		 Standard Deviation: 7.473644e-05 s
First Drift     		 Median; 2.271030e-05 s 		 Trimmed Mean: 2.293839e-05 s 		 Standard Deviation: 9.612438e-07 s
Compute Force   		 Median; 3.424076e-01 s 		 Trimmed Mean: 3.424334e-01 s 		 Standard Deviation: 7.450929e-05 s
Kick            		 Median; 3.890973e-05 s 		 Trimmed Mean: 3.880684e-05 s 		 Standard Deviation: 8.137755e-07 s
Second Drift    		 Median; 3.116019e-05 s 		 Trimmed Mean: 3.130095e-05 s 		 Standard Deviation: 4.616290e-07 s
# Direct N-body DKD
# arithmetic_dtype=double binary_storage=float32 format=nbody-f32-v1
# N=20000 nsteps=25 dt=0.0001 eps=0.050000000000000003 G=1 mass=1
Acceleration Kernel: n
# Step 	 Time 			 Kinetic 			 Potential 			 Total 			 Relative Energy Drift
0 	 0 	 58759436.184000514 	 -116582810.08669029 	 -57823373.902689777 	 0
25 0.0025000000000000001 58622235.411547296 -116445614.25392817 -57823378.842380874 8.5427237519159795e-08
# final: N=20000 steps=25 arithmetic_dtype=double max_relative_energy_drift=8.5427237519159795e-08 tolerance=0.001 status=OK

--- Performance Profiling Report ---
File Read       : 5.906364e-04 s
File Write      : 2.003713e-02 s
Total Run       : 6.509341e-01 s

--- Step Statistics (25 steps) ---
Total Step      		 Median; 3.086454e-01 s 		 Trimmed Mean: 3.086468e-01 s 		 Standard Deviation: 6.340195e-05 s
First Drift     		 Median; 2.273079e-05 s 		 Trimmed Mean: 2.273452e-05 s 		 Standard Deviation: 5.690910e-08 s
Compute Force   		 Median; 3.085661e-01 s 		 Trimmed Mean: 3.085670e-01 s 		 Standard Deviation: 6.330019e-05 s
Kick            		 Median; 3.261026e-05 s 		 Trimmed Mean: 3.258423e-05 s 		 Standard Deviation: 3.617254e-07 s
Second Drift    		 Median; 2.363138e-05 s 		 Trimmed Mean: 2.362992e-05 s 		 Standard Deviation: 4.801815e-08 s
# Direct N-body DKD
# arithmetic_dtype=double binary_storage=float32 format=nbody-f32-v1
# N=20000 nsteps=25 dt=0.0001 eps=0.050000000000000003 G=1 mass=1
Acceleration Kernel: r
# Step 	 Time 			 Kinetic 			 Potential 			 Total 			 Relative Energy Drift
0 	 0 	 58759436.184000514 	 -116582810.08669029 	 -57823373.902689777 	 0
25 0.0025000000000000001 58617614.945293464 -116440596.69250681 -57822981.747213341 6.781954250818578e-06
# final: N=20000 steps=25 arithmetic_dtype=double max_relative_energy_drift=6.781954250818578e-06 tolerance=0.001 status=OK

--- Performance Profiling Report ---
File Read       : 6.015562e-04 s
File Write      : 2.701711e-02 s
Total Run       : 6.508406e-01 s

--- Step Statistics (25 steps) ---
Total Step      		 Median; 2.076495e-01 s 		 Trimmed Mean: 2.076613e-01 s 		 Standard Deviation: 6.246090e-05 s
First Drift     		 Median; 2.276059e-05 s 		 Trimmed Mean: 2.276410e-05 s 		 Standard Deviation: 9.405410e-08 s
Compute Force   		 Median; 2.075697e-01 s 		 Trimmed Mean: 2.075800e-01 s 		 Standard Deviation: 6.107346e-05 s
Kick            		 Median; 3.303122e-05 s 		 Trimmed Mean: 3.309907e-05 s 		 Standard Deviation: 6.355662e-07 s
Second Drift    		 Median; 2.392009e-05 s 		 Trimmed Mean: 2.392439e-05 s 		 Standard Deviation: 6.768331e-08 s
# Direct N-body DKD
# arithmetic_dtype=double binary_storage=float32 format=nbody-f32-v1
# N=20000 nsteps=25 dt=0.0001 eps=0.050000000000000003 G=1 mass=1
Acceleration Kernel: rt
# Step 	 Time 			 Kinetic 			 Potential 			 Total 			 Relative Energy Drift
0 	 0 	 58759436.184000514 	 -116582810.08669029 	 -57823373.902689777 	 0
25 0.0025000000000000001 58617614.945293464 -116440596.69250681 -57822981.747213341 6.781954250818578e-06
# final: N=20000 steps=25 arithmetic_dtype=double max_relative_energy_drift=6.781954250818578e-06 tolerance=0.001 status=OK

--- Performance Profiling Report ---
File Read       : 6.034877e-04 s
File Write      : 6.548122e-01 s
Total Run       : 6.510155e-01 s

--- Step Statistics (25 steps) ---
Total Step      		 Median; 3.415055e-01 s 		 Trimmed Mean: 3.416347e-01 s 		 Standard Deviation: 2.464201e-04 s
First Drift     		 Median; 2.258085e-05 s 		 Trimmed Mean: 2.257850e-05 s 		 Standard Deviation: 6.531893e-08 s
Compute Force   		 Median; 3.414120e-01 s 		 Trimmed Mean: 3.415411e-01 s 		 Standard Deviation: 2.468357e-04 s
Kick            		 Median; 3.872067e-05 s 		 Trimmed Mean: 3.855081e-05 s 		 Standard Deviation: 5.643400e-07 s
Second Drift    		 Median; 3.139954e-05 s 		 Trimmed Mean: 3.142092e-05 s 		 Standard Deviation: 3.105260e-07 s
make[1]: Entering directory '/orfeo/cephfs/scratch/dssc/enricosavorgnan/2026-nbody/experiments/rsqrt-impact'
rm -f main generate_initial_conditions *.o *.bin
cc -std=c11 -I/u/dssc/enricosavorgnan/opt/papi/include -DNBODY_USE_DOUBLE -O3 -march=native -Wall -Wextra -Wpedantic -flto -D_POSIX_C_SOURCE=199309L -DBLOCK_SIZE=128 -DN_RSQRT_LOOP=2 -c main.c -o main.o
cc -std=c11 -I/u/dssc/enricosavorgnan/opt/papi/include -DNBODY_USE_DOUBLE -O3 -march=native -Wall -Wextra -Wpedantic -flto -D_POSIX_C_SOURCE=199309L -DBLOCK_SIZE=128 -DN_RSQRT_LOOP=2 -c integration.c -o integration.o
cc -std=c11 -I/u/dssc/enricosavorgnan/opt/papi/include -DNBODY_USE_DOUBLE -O3 -march=native -Wall -Wextra -Wpedantic -flto -D_POSIX_C_SOURCE=199309L -DBLOCK_SIZE=128 -DN_RSQRT_LOOP=2 -c particles.c -o particles.o
cc -std=c11 -I/u/dssc/enricosavorgnan/opt/papi/include -DNBODY_USE_DOUBLE -O3 -march=native -Wall -Wextra -Wpedantic -flto -D_POSIX_C_SOURCE=199309L -DBLOCK_SIZE=128 -DN_RSQRT_LOOP=2 -c profiling.c -o profiling.o
cc -std=c11 -I/u/dssc/enricosavorgnan/opt/papi/include -DNBODY_USE_DOUBLE -O3 -march=native -Wall -Wextra -Wpedantic -flto -D_POSIX_C_SOURCE=199309L -DBLOCK_SIZE=128 -DN_RSQRT_LOOP=2 -c utils.c -o utils.o
cc -std=c11 -O3 -march=native -Wall -Wextra -Wpedantic -flto -D_POSIX_C_SOURCE=199309L -DBLOCK_SIZE=128 -DN_RSQRT_LOOP=2 -L/u/dssc/enricosavorgnan/opt/papi/lib -Wl,-rpath,/u/dssc/enricosavorgnan/opt/papi/lib -o main main.o integration.o particles.o profiling.o utils.o -lm
cc -std=c11 -I/u/dssc/enricosavorgnan/opt/papi/include -DNBODY_USE_DOUBLE -O3 -march=native -Wall -Wextra -Wpedantic -flto -D_POSIX_C_SOURCE=199309L -DBLOCK_SIZE=128 -DN_RSQRT_LOOP=2 -L/u/dssc/enricosavorgnan/opt/papi/lib -Wl,-rpath,/u/dssc/enricosavorgnan/opt/papi/lib -o generate_initial_conditions generate_initial_conditions.c -lm
make[1]: Leaving directory '/orfeo/cephfs/scratch/dssc/enricosavorgnan/2026-nbody/experiments/rsqrt-impact'
# Direct N-body DKD
# arithmetic_dtype=double binary_storage=float32 format=nbody-f32-v1
# N=20000 nsteps=25 dt=0.0001 eps=0.050000000000000003 G=1 mass=1
Acceleration Kernel: n
# Step 	 Time 			 Kinetic 			 Potential 			 Total 			 Relative Energy Drift
0 	 0 	 58759436.184000514 	 -116582810.08669029 	 -57823373.902689777 	 0
25 0.0025000000000000001 58622235.411547296 -116445614.25392817 -57823378.842380874 8.5427237519159795e-08
# final: N=20000 steps=25 arithmetic_dtype=double max_relative_energy_drift=8.5427237519159795e-08 tolerance=0.001 status=OK

--- Performance Profiling Report ---
File Read       : 6.097062e-04 s
File Write      : 1.117881e-03 s
Total Run       : 6.509947e-01 s

--- Step Statistics (25 steps) ---
Total Step      		 Median; 3.083264e-01 s 		 Trimmed Mean: 3.081896e-01 s 		 Standard Deviation: 2.613057e-04 s
First Drift     		 Median; 2.253056e-05 s 		 Trimmed Mean: 2.257122e-05 s 		 Standard Deviation: 1.123104e-07 s
Compute Force   		 Median; 3.082474e-01 s 		 Trimmed Mean: 3.081091e-01 s 		 Standard Deviation: 2.618599e-04 s
Kick            		 Median; 3.300048e-05 s 		 Trimmed Mean: 3.308798e-05 s 		 Standard Deviation: 4.111381e-07 s
Second Drift    		 Median; 2.327096e-05 s 		 Trimmed Mean: 2.330156e-05 s 		 Standard Deviation: 8.491530e-08 s
# Direct N-body DKD
# arithmetic_dtype=double binary_storage=float32 format=nbody-f32-v1
# N=20000 nsteps=25 dt=0.0001 eps=0.050000000000000003 G=1 mass=1
Acceleration Kernel: r
# Step 	 Time 			 Kinetic 			 Potential 			 Total 			 Relative Energy Drift
0 	 0 	 58759436.184000514 	 -116582810.08669029 	 -57823373.902689777 	 0
25 0.0025000000000000001 58622226.386271916 -116445604.48435317 -57823378.098081253 7.2555286780994456e-08
# final: N=20000 steps=25 arithmetic_dtype=double max_relative_energy_drift=7.2555286780994456e-08 tolerance=0.001 status=OK

--- Performance Profiling Report ---
File Read       : 5.865768e-04 s
File Write      : 7.360219e-02 s
Total Run       : 6.507695e-01 s

--- Step Statistics (25 steps) ---
Total Step      		 Median; 2.581650e-01 s 		 Trimmed Mean: 2.581723e-01 s 		 Standard Deviation: 4.376158e-05 s
First Drift     		 Median; 2.271030e-05 s 		 Trimmed Mean: 2.271922e-05 s 		 Standard Deviation: 7.403844e-08 s
Compute Force   		 Median; 2.580861e-01 s 		 Trimmed Mean: 2.580912e-01 s 		 Standard Deviation: 4.276073e-05 s
Kick            		 Median; 3.277976e-05 s 		 Trimmed Mean: 3.288425e-05 s 		 Standard Deviation: 6.107052e-07 s
Second Drift    		 Median; 2.371054e-05 s 		 Trimmed Mean: 2.408254e-05 s 		 Standard Deviation: 1.485000e-06 s
# Direct N-body DKD
# arithmetic_dtype=double binary_storage=float32 format=nbody-f32-v1
# N=20000 nsteps=25 dt=0.0001 eps=0.050000000000000003 G=1 mass=1
Acceleration Kernel: rt
# Step 	 Time 			 Kinetic 			 Potential 			 Total 			 Relative Energy Drift
0 	 0 	 58759436.184000514 	 -116582810.08669029 	 -57823373.902689777 	 0
25 0.0025000000000000001 58622226.386271916 -116445604.48435317 -57823378.098081253 7.2555286780994456e-08
# final: N=20000 steps=25 arithmetic_dtype=double max_relative_energy_drift=7.2555286780994456e-08 tolerance=0.001 status=OK

--- Performance Profiling Report ---
File Read       : 6.065359e-04 s
File Write      : 4.923315e-02 s
Total Run       : 6.507705e-01 s

--- Step Statistics (25 steps) ---
Total Step      		 Median; 4.066883e-01 s 		 Trimmed Mean: 4.066819e-01 s 		 Standard Deviation: 3.375441e-05 s
First Drift     		 Median; 2.272986e-05 s 		 Trimmed Mean: 2.272436e-05 s 		 Standard Deviation: 7.516035e-08 s
Compute Force   		 Median; 4.065920e-01 s 		 Trimmed Mean: 4.065885e-01 s 		 Standard Deviation: 3.369361e-05 s
Kick            		 Median; 3.829040e-05 s 		 Trimmed Mean: 3.835581e-05 s 		 Standard Deviation: 3.858134e-07 s
Second Drift    		 Median; 3.180001e-05 s 		 Trimmed Mean: 3.179039e-05 s 		 Standard Deviation: 3.457803e-07 s
# Direct N-body DKD
# arithmetic_dtype=double binary_storage=float32 format=nbody-f32-v1
# N=20000 nsteps=25 dt=0.0001 eps=0.050000000000000003 G=1 mass=1
Acceleration Kernel: n
# Step 	 Time 			 Kinetic 			 Potential 			 Total 			 Relative Energy Drift
0 	 0 	 58759436.184000514 	 -116582810.08669029 	 -57823373.902689777 	 0
25 0.0025000000000000001 58622235.411547296 -116445614.25392817 -57823378.842380874 8.5427237519159795e-08
# final: N=20000 steps=25 arithmetic_dtype=double max_relative_energy_drift=8.5427237519159795e-08 tolerance=0.001 status=OK

--- Performance Profiling Report ---
File Read       : 5.892254e-04 s
File Write      : 1.198899e+00 s
Total Run       : 6.508704e-01 s

--- Step Statistics (25 steps) ---
Total Step      		 Median; 3.083837e-01 s 		 Trimmed Mean: 3.083565e-01 s 		 Standard Deviation: 1.814362e-04 s
First Drift     		 Median; 2.244022e-05 s 		 Trimmed Mean: 2.244204e-05 s 		 Standard Deviation: 4.825317e-08 s
Compute Force   		 Median; 3.083036e-01 s 		 Trimmed Mean: 3.082763e-01 s 		 Standard Deviation: 1.822771e-04 s
Kick            		 Median; 3.329944e-05 s 		 Trimmed Mean: 3.325908e-05 s 		 Standard Deviation: 4.580227e-07 s
Second Drift    		 Median; 2.333056e-05 s 		 Trimmed Mean: 2.335455e-05 s 		 Standard Deviation: 5.858132e-08 s
# Direct N-body DKD
# arithmetic_dtype=double binary_storage=float32 format=nbody-f32-v1
# N=20000 nsteps=25 dt=0.0001 eps=0.050000000000000003 G=1 mass=1
Acceleration Kernel: r
# Step 	 Time 			 Kinetic 			 Potential 			 Total 			 Relative Energy Drift
0 	 0 	 58759436.184000514 	 -116582810.08669029 	 -57823373.902689777 	 0
25 0.0025000000000000001 58622226.386271916 -116445604.48435317 -57823378.098081253 7.2555286780994456e-08
# final: N=20000 steps=25 arithmetic_dtype=double max_relative_energy_drift=7.2555286780994456e-08 tolerance=0.001 status=OK

--- Performance Profiling Report ---
File Read       : 6.130571e-04 s
File Write      : 1.268900e-01 s
Total Run       : 6.516150e-01 s

--- Step Statistics (25 steps) ---
Total Step      		 Median; 2.580902e-01 s 		 Trimmed Mean: 2.580838e-01 s 		 Standard Deviation: 3.805542e-05 s
First Drift     		 Median; 2.251007e-05 s 		 Trimmed Mean: 2.251020e-05 s 		 Standard Deviation: 5.389675e-08 s
Compute Force   		 Median; 2.580110e-01 s 		 Trimmed Mean: 2.580051e-01 s 		 Standard Deviation: 3.796446e-05 s
Kick            		 Median; 3.243051e-05 s 		 Trimmed Mean: 3.255948e-05 s 		 Standard Deviation: 5.371159e-07 s
Second Drift    		 Median; 2.333988e-05 s 		 Trimmed Mean: 2.332919e-05 s 		 Standard Deviation: 5.207609e-08 s
# Direct N-body DKD
# arithmetic_dtype=double binary_storage=float32 format=nbody-f32-v1
# N=20000 nsteps=25 dt=0.0001 eps=0.050000000000000003 G=1 mass=1
Acceleration Kernel: rt
# Step 	 Time 			 Kinetic 			 Potential 			 Total 			 Relative Energy Drift
0 	 0 	 58759436.184000514 	 -116582810.08669029 	 -57823373.902689777 	 0
25 0.0025000000000000001 58622226.386271916 -116445604.48435317 -57823378.098081253 7.2555286780994456e-08
# final: N=20000 steps=25 arithmetic_dtype=double max_relative_energy_drift=7.2555286780994456e-08 tolerance=0.001 status=OK

--- Performance Profiling Report ---
File Read       : 6.135870e-04 s
File Write      : 4.243642e-02 s
Total Run       : 6.504565e-01 s

--- Step Statistics (25 steps) ---
Total Step      		 Median; 4.063059e-01 s 		 Trimmed Mean: 4.063237e-01 s 		 Standard Deviation: 6.820440e-05 s
First Drift     		 Median; 2.252124e-05 s 		 Trimmed Mean: 2.253175e-05 s 		 Standard Deviation: 8.532816e-08 s
Compute Force   		 Median; 4.062133e-01 s 		 Trimmed Mean: 4.062306e-01 s 		 Standard Deviation: 6.757845e-05 s
Kick            		 Median; 3.803056e-05 s 		 Trimmed Mean: 3.799512e-05 s 		 Standard Deviation: 3.570906e-07 s
Second Drift    		 Median; 3.208034e-05 s 		 Trimmed Mean: 3.209271e-05 s 		 Standard Deviation: 3.156682e-07 s
# Direct N-body DKD
# arithmetic_dtype=double binary_storage=float32 format=nbody-f32-v1
# N=20000 nsteps=25 dt=0.0001 eps=0.050000000000000003 G=1 mass=1
Acceleration Kernel: n
# Step 	 Time 			 Kinetic 			 Potential 			 Total 			 Relative Energy Drift
0 	 0 	 58759436.184000514 	 -116582810.08669029 	 -57823373.902689777 	 0
25 0.0025000000000000001 58622235.411547296 -116445614.25392817 -57823378.842380874 8.5427237519159795e-08
# final: N=20000 steps=25 arithmetic_dtype=double max_relative_energy_drift=8.5427237519159795e-08 tolerance=0.001 status=OK

--- Performance Profiling Report ---
File Read       : 6.026356e-04 s
File Write      : 2.247039e-02 s
Total Run       : 6.510721e-01 s

--- Step Statistics (25 steps) ---
Total Step      		 Median; 3.079331e-01 s 		 Trimmed Mean: 3.079506e-01 s 		 Standard Deviation: 6.746105e-05 s
First Drift     		 Median; 2.247095e-05 s 		 Trimmed Mean: 2.248789e-05 s 		 Standard Deviation: 5.861847e-08 s
Compute Force   		 Median; 3.078531e-01 s 		 Trimmed Mean: 3.078698e-01 s 		 Standard Deviation: 6.648458e-05 s
Kick            		 Median; 3.375113e-05 s 		 Trimmed Mean: 3.382976e-05 s 		 Standard Deviation: 4.390870e-07 s
Second Drift    		 Median; 2.350006e-05 s 		 Trimmed Mean: 2.350530e-05 s 		 Standard Deviation: 8.535397e-08 s
# Direct N-body DKD
# arithmetic_dtype=double binary_storage=float32 format=nbody-f32-v1
# N=20000 nsteps=25 dt=0.0001 eps=0.050000000000000003 G=1 mass=1
Acceleration Kernel: r
# Step 	 Time 			 Kinetic 			 Potential 			 Total 			 Relative Energy Drift
0 	 0 	 58759436.184000514 	 -116582810.08669029 	 -57823373.902689777 	 0
25 0.0025000000000000001 58622226.386271916 -116445604.48435317 -57823378.098081253 7.2555286780994456e-08
# final: N=20000 steps=25 arithmetic_dtype=double max_relative_energy_drift=7.2555286780994456e-08 tolerance=0.001 status=OK

--- Performance Profiling Report ---
File Read       : 6.022165e-04 s
File Write      : 2.349239e-01 s
Total Run       : 6.511767e-01 s

--- Step Statistics (25 steps) ---
Total Step      		 Median; 2.582050e-01 s 		 Trimmed Mean: 2.582011e-01 s 		 Standard Deviation: 1.201026e-04 s
First Drift     		 Median; 2.259016e-05 s 		 Trimmed Mean: 2.261832e-05 s 		 Standard Deviation: 9.705559e-08 s
Compute Force   		 Median; 2.581251e-01 s 		 Trimmed Mean: 2.581208e-01 s 		 Standard Deviation: 1.185880e-04 s
Kick            		 Median; 3.285985e-05 s 		 Trimmed Mean: 3.289516e-05 s 		 Standard Deviation: 5.167102e-07 s
Second Drift    		 Median; 2.374966e-05 s 		 Trimmed Mean: 2.375121e-05 s 		 Standard Deviation: 7.969481e-08 s
# Direct N-body DKD
# arithmetic_dtype=double binary_storage=float32 format=nbody-f32-v1
# N=20000 nsteps=25 dt=0.0001 eps=0.050000000000000003 G=1 mass=1
Acceleration Kernel: rt
# Step 	 Time 			 Kinetic 			 Potential 			 Total 			 Relative Energy Drift
0 	 0 	 58759436.184000514 	 -116582810.08669029 	 -57823373.902689777 	 0
25 0.0025000000000000001 58622226.386271916 -116445604.48435317 -57823378.098081253 7.2555286780994456e-08
# final: N=20000 steps=25 arithmetic_dtype=double max_relative_energy_drift=7.2555286780994456e-08 tolerance=0.001 status=OK

--- Performance Profiling Report ---
File Read       : 6.130459e-04 s
File Write      : 6.349868e-03 s
Total Run       : 6.509249e-01 s

--- Step Statistics (25 steps) ---
Total Step      		 Median; 4.068788e-01 s 		 Trimmed Mean: 4.067987e-01 s 		 Standard Deviation: 2.431974e-04 s
First Drift     		 Median; 2.263952e-05 s 		 Trimmed Mean: 2.263362e-05 s 		 Standard Deviation: 3.178648e-08 s
Compute Force   		 Median; 4.067865e-01 s 		 Trimmed Mean: 4.067048e-01 s 		 Standard Deviation: 2.439609e-04 s
Kick            		 Median; 3.901124e-05 s 		 Trimmed Mean: 3.897496e-05 s 		 Standard Deviation: 7.405792e-07 s
Second Drift    		 Median; 3.087148e-05 s 		 Trimmed Mean: 3.088039e-05 s 		 Standard Deviation: 2.643390e-07 s
# Direct N-body DKD
# arithmetic_dtype=double binary_storage=float32 format=nbody-f32-v1
# N=20000 nsteps=25 dt=0.0001 eps=0.050000000000000003 G=1 mass=1
Acceleration Kernel: n
# Step 	 Time 			 Kinetic 			 Potential 			 Total 			 Relative Energy Drift
0 	 0 	 58759436.184000514 	 -116582810.08669029 	 -57823373.902689777 	 0
25 0.0025000000000000001 58622235.411547296 -116445614.25392817 -57823378.842380874 8.5427237519159795e-08
# final: N=20000 steps=25 arithmetic_dtype=double max_relative_energy_drift=8.5427237519159795e-08 tolerance=0.001 status=OK

--- Performance Profiling Report ---
File Read       : 6.134454e-04 s
File Write      : 3.272164e-02 s
Total Run       : 6.502396e-01 s

--- Step Statistics (25 steps) ---
Total Step      		 Median; 3.077387e-01 s 		 Trimmed Mean: 3.077487e-01 s 		 Standard Deviation: 6.061487e-05 s
First Drift     		 Median; 2.467074e-05 s 		 Trimmed Mean: 2.467836e-05 s 		 Standard Deviation: 9.519887e-08 s
Compute Force   		 Median; 3.076553e-01 s 		 Trimmed Mean: 3.076650e-01 s 		 Standard Deviation: 6.021563e-05 s
Kick            		 Median; 3.291015e-05 s 		 Trimmed Mean: 3.292642e-05 s 		 Standard Deviation: 4.282502e-07 s
Second Drift    		 Median; 2.549030e-05 s 		 Trimmed Mean: 2.551527e-05 s 		 Standard Deviation: 1.360626e-07 s
# Direct N-body DKD
# arithmetic_dtype=double binary_storage=float32 format=nbody-f32-v1
# N=20000 nsteps=25 dt=0.0001 eps=0.050000000000000003 G=1 mass=1
Acceleration Kernel: r
# Step 	 Time 			 Kinetic 			 Potential 			 Total 			 Relative Energy Drift
0 	 0 	 58759436.184000514 	 -116582810.08669029 	 -57823373.902689777 	 0
25 0.0025000000000000001 58622226.386271916 -116445604.48435317 -57823378.098081253 7.2555286780994456e-08
# final: N=20000 steps=25 arithmetic_dtype=double max_relative_energy_drift=7.2555286780994456e-08 tolerance=0.001 status=OK

--- Performance Profiling Report ---
File Read       : 6.049564e-04 s
File Write      : 6.846017e-01 s
Total Run       : 6.506485e-01 s

--- Step Statistics (25 steps) ---
Total Step      		 Median; 2.584386e-01 s 		 Trimmed Mean: 2.584378e-01 s 		 Standard Deviation: 1.883008e-04 s
First Drift     		 Median; 2.259016e-05 s 		 Trimmed Mean: 2.259460e-05 s 		 Standard Deviation: 7.833129e-08 s
Compute Force   		 Median; 2.583568e-01 s 		 Trimmed Mean: 2.583575e-01 s 		 Standard Deviation: 1.878873e-04 s
Kick            		 Median; 3.291946e-05 s 		 Trimmed Mean: 3.291414e-05 s 		 Standard Deviation: 5.303739e-07 s
Second Drift    		 Median; 2.354011e-05 s 		 Trimmed Mean: 2.366899e-05 s 		 Standard Deviation: 6.223224e-07 s
# Direct N-body DKD
# arithmetic_dtype=double binary_storage=float32 format=nbody-f32-v1
# N=20000 nsteps=25 dt=0.0001 eps=0.050000000000000003 G=1 mass=1
Acceleration Kernel: rt
# Step 	 Time 			 Kinetic 			 Potential 			 Total 			 Relative Energy Drift
0 	 0 	 58759436.184000514 	 -116582810.08669029 	 -57823373.902689777 	 0
25 0.0025000000000000001 58622226.386271916 -116445604.48435317 -57823378.098081253 7.2555286780994456e-08
# final: N=20000 steps=25 arithmetic_dtype=double max_relative_energy_drift=7.2555286780994456e-08 tolerance=0.001 status=OK

--- Performance Profiling Report ---
File Read       : 6.020153e-04 s
File Write      : 6.084721e-01 s
Total Run       : 6.506573e-01 s

--- Step Statistics (25 steps) ---
Total Step      		 Median; 4.066903e-01 s 		 Trimmed Mean: 4.066983e-01 s 		 Standard Deviation: 7.197494e-05 s
First Drift     		 Median; 2.274010e-05 s 		 Trimmed Mean: 2.314474e-05 s 		 Standard Deviation: 1.131118e-06 s
Compute Force   		 Median; 4.065962e-01 s 		 Trimmed Mean: 4.066044e-01 s 		 Standard Deviation: 7.002356e-05 s
Kick            		 Median; 3.832113e-05 s 		 Trimmed Mean: 3.817172e-05 s 		 Standard Deviation: 5.654274e-07 s
Second Drift    		 Median; 3.168173e-05 s 		 Trimmed Mean: 3.169282e-05 s 		 Standard Deviation: 4.579189e-07 s
# Direct N-body DKD
# arithmetic_dtype=double binary_storage=float32 format=nbody-f32-v1
# N=20000 nsteps=25 dt=0.0001 eps=0.050000000000000003 G=1 mass=1
Acceleration Kernel: n
# Step 	 Time 			 Kinetic 			 Potential 			 Total 			 Relative Energy Drift
0 	 0 	 58759436.184000514 	 -116582810.08669029 	 -57823373.902689777 	 0
25 0.0025000000000000001 58622235.411547296 -116445614.25392817 -57823378.842380874 8.5427237519159795e-08
# final: N=20000 steps=25 arithmetic_dtype=double max_relative_energy_drift=8.5427237519159795e-08 tolerance=0.001 status=OK

--- Performance Profiling Report ---
File Read       : 6.057564e-04 s
File Write      : 5.344067e-02 s
Total Run       : 6.507853e-01 s

--- Step Statistics (25 steps) ---
Total Step      		 Median; 3.085037e-01 s 		 Trimmed Mean: 3.084042e-01 s 		 Standard Deviation: 2.691482e-04 s
First Drift     		 Median; 3.592018e-05 s 		 Trimmed Mean: 3.592457e-05 s 		 Standard Deviation: 5.897079e-08 s
Compute Force   		 Median; 3.083963e-01 s 		 Trimmed Mean: 3.082965e-01 s 		 Standard Deviation: 2.696610e-04 s
Kick            		 Median; 3.326125e-05 s 		 Trimmed Mean: 3.337057e-05 s 		 Standard Deviation: 4.959537e-07 s
Second Drift    		 Median; 3.720075e-05 s 		 Trimmed Mean: 3.725645e-05 s 		 Standard Deviation: 2.888623e-07 s
# Direct N-body DKD
# arithmetic_dtype=double binary_storage=float32 format=nbody-f32-v1
# N=20000 nsteps=25 dt=0.0001 eps=0.050000000000000003 G=1 mass=1
Acceleration Kernel: r
# Step 	 Time 			 Kinetic 			 Potential 			 Total 			 Relative Energy Drift
0 	 0 	 58759436.184000514 	 -116582810.08669029 	 -57823373.902689777 	 0
25 0.0025000000000000001 58622226.386271916 -116445604.48435317 -57823378.098081253 7.2555286780994456e-08
# final: N=20000 steps=25 arithmetic_dtype=double max_relative_energy_drift=7.2555286780994456e-08 tolerance=0.001 status=OK

--- Performance Profiling Report ---
File Read       : 6.059771e-04 s
File Write      : 4.607780e-03 s
Total Run       : 6.509154e-01 s

--- Step Statistics (25 steps) ---
Total Step      		 Median; 2.581441e-01 s 		 Trimmed Mean: 2.581577e-01 s 		 Standard Deviation: 6.266797e-05 s
First Drift     		 Median; 2.238061e-05 s 		 Trimmed Mean: 2.240616e-05 s 		 Standard Deviation: 6.847450e-08 s
Compute Force   		 Median; 2.580646e-01 s 		 Trimmed Mean: 2.580781e-01 s 		 Standard Deviation: 6.293558e-05 s
Kick            		 Median; 3.319141e-05 s 		 Trimmed Mean: 3.322746e-05 s 		 Standard Deviation: 6.479443e-07 s
Second Drift    		 Median; 2.333056e-05 s 		 Trimmed Mean: 2.333477e-05 s 		 Standard Deviation: 6.253952e-08 s
# Direct N-body DKD
# arithmetic_dtype=double binary_storage=float32 format=nbody-f32-v1
# N=20000 nsteps=25 dt=0.0001 eps=0.050000000000000003 G=1 mass=1
Acceleration Kernel: rt
# Step 	 Time 			 Kinetic 			 Potential 			 Total 			 Relative Energy Drift
0 	 0 	 58759436.184000514 	 -116582810.08669029 	 -57823373.902689777 	 0
25 0.0025000000000000001 58622226.386271916 -116445604.48435317 -57823378.098081253 7.2555286780994456e-08
# final: N=20000 steps=25 arithmetic_dtype=double max_relative_energy_drift=7.2555286780994456e-08 tolerance=0.001 status=OK

--- Performance Profiling Report ---
File Read       : 6.005457e-04 s
File Write      : 8.307279e-03 s
Total Run       : 6.515411e-01 s

--- Step Statistics (25 steps) ---
Total Step      		 Median; 4.071486e-01 s 		 Trimmed Mean: 4.072825e-01 s 		 Standard Deviation: 3.334284e-04 s
First Drift     		 Median; 2.268050e-05 s 		 Trimmed Mean: 2.270693e-05 s 		 Standard Deviation: 7.646762e-08 s
Compute Force   		 Median; 4.070545e-01 s 		 Trimmed Mean: 4.071886e-01 s 		 Standard Deviation: 3.336623e-04 s
Kick            		 Median; 3.868993e-05 s 		 Trimmed Mean: 3.866102e-05 s 		 Standard Deviation: 6.172581e-07 s
Second Drift    		 Median; 3.144983e-05 s 		 Trimmed Mean: 3.150230e-05 s 		 Standard Deviation: 4.717103e-07 s
make[1]: Entering directory '/orfeo/cephfs/scratch/dssc/enricosavorgnan/2026-nbody/experiments/rsqrt-impact'
rm -f main generate_initial_conditions *.o *.bin
cc -std=c11 -I/u/dssc/enricosavorgnan/opt/papi/include -DNBODY_USE_DOUBLE -O3 -march=native -Wall -Wextra -Wpedantic -flto -D_POSIX_C_SOURCE=199309L -DBLOCK_SIZE=128 -DN_RSQRT_LOOP=3 -c main.c -o main.o
cc -std=c11 -I/u/dssc/enricosavorgnan/opt/papi/include -DNBODY_USE_DOUBLE -O3 -march=native -Wall -Wextra -Wpedantic -flto -D_POSIX_C_SOURCE=199309L -DBLOCK_SIZE=128 -DN_RSQRT_LOOP=3 -c integration.c -o integration.o
cc -std=c11 -I/u/dssc/enricosavorgnan/opt/papi/include -DNBODY_USE_DOUBLE -O3 -march=native -Wall -Wextra -Wpedantic -flto -D_POSIX_C_SOURCE=199309L -DBLOCK_SIZE=128 -DN_RSQRT_LOOP=3 -c particles.c -o particles.o
cc -std=c11 -I/u/dssc/enricosavorgnan/opt/papi/include -DNBODY_USE_DOUBLE -O3 -march=native -Wall -Wextra -Wpedantic -flto -D_POSIX_C_SOURCE=199309L -DBLOCK_SIZE=128 -DN_RSQRT_LOOP=3 -c profiling.c -o profiling.o
cc -std=c11 -I/u/dssc/enricosavorgnan/opt/papi/include -DNBODY_USE_DOUBLE -O3 -march=native -Wall -Wextra -Wpedantic -flto -D_POSIX_C_SOURCE=199309L -DBLOCK_SIZE=128 -DN_RSQRT_LOOP=3 -c utils.c -o utils.o
cc -std=c11 -O3 -march=native -Wall -Wextra -Wpedantic -flto -D_POSIX_C_SOURCE=199309L -DBLOCK_SIZE=128 -DN_RSQRT_LOOP=3 -L/u/dssc/enricosavorgnan/opt/papi/lib -Wl,-rpath,/u/dssc/enricosavorgnan/opt/papi/lib -o main main.o integration.o particles.o profiling.o utils.o -lm
cc -std=c11 -I/u/dssc/enricosavorgnan/opt/papi/include -DNBODY_USE_DOUBLE -O3 -march=native -Wall -Wextra -Wpedantic -flto -D_POSIX_C_SOURCE=199309L -DBLOCK_SIZE=128 -DN_RSQRT_LOOP=3 -L/u/dssc/enricosavorgnan/opt/papi/lib -Wl,-rpath,/u/dssc/enricosavorgnan/opt/papi/lib -o generate_initial_conditions generate_initial_conditions.c -lm
make[1]: Leaving directory '/orfeo/cephfs/scratch/dssc/enricosavorgnan/2026-nbody/experiments/rsqrt-impact'
# Direct N-body DKD
# arithmetic_dtype=double binary_storage=float32 format=nbody-f32-v1
# N=20000 nsteps=25 dt=0.0001 eps=0.050000000000000003 G=1 mass=1
Acceleration Kernel: n
# Step 	 Time 			 Kinetic 			 Potential 			 Total 			 Relative Energy Drift
0 	 0 	 58759436.184000514 	 -116582810.08669029 	 -57823373.902689777 	 0
25 0.0025000000000000001 58622235.411547296 -116445614.25392817 -57823378.842380874 8.5427237519159795e-08
# final: N=20000 steps=25 arithmetic_dtype=double max_relative_energy_drift=8.5427237519159795e-08 tolerance=0.001 status=OK

--- Performance Profiling Report ---
File Read       : 6.162478e-04 s
File Write      : 3.882808e-01 s
Total Run       : 6.508517e-01 s

--- Step Statistics (25 steps) ---
Total Step      		 Median; 3.081686e-01 s 		 Trimmed Mean: 3.081673e-01 s 		 Standard Deviation: 8.346840e-05 s
First Drift     		 Median; 2.245046e-05 s 		 Trimmed Mean: 2.248315e-05 s 		 Standard Deviation: 1.055629e-07 s
Compute Force   		 Median; 3.080870e-01 s 		 Trimmed Mean: 3.080845e-01 s 		 Standard Deviation: 8.317360e-05 s
Kick            		 Median; 3.580004e-05 s 		 Trimmed Mean: 3.587672e-05 s 		 Standard Deviation: 5.362656e-07 s
Second Drift    		 Median; 2.358016e-05 s 		 Trimmed Mean: 2.360206e-05 s 		 Standard Deviation: 8.264624e-08 s
# Direct N-body DKD
# arithmetic_dtype=double binary_storage=float32 format=nbody-f32-v1
# N=20000 nsteps=25 dt=0.0001 eps=0.050000000000000003 G=1 mass=1
Acceleration Kernel: r
# Step 	 Time 			 Kinetic 			 Potential 			 Total 			 Relative Energy Drift
0 	 0 	 58759436.184000514 	 -116582810.08669029 	 -57823373.902689777 	 0
25 0.0025000000000000001 58622235.411503732 -116445614.25388102 -57823378.84237729 8.542717554198646e-08
# final: N=20000 steps=25 arithmetic_dtype=double max_relative_energy_drift=8.542717554198646e-08 tolerance=0.001 status=OK

--- Performance Profiling Report ---
File Read       : 6.076861e-04 s
File Write      : 1.263632e-02 s
Total Run       : 6.510759e-01 s

--- Step Statistics (25 steps) ---
Total Step      		 Median; 3.076837e-01 s 		 Trimmed Mean: 3.077891e-01 s 		 Standard Deviation: 2.239869e-04 s
First Drift     		 Median; 2.261065e-05 s 		 Trimmed Mean: 2.262635e-05 s 		 Standard Deviation: 6.461813e-08 s
Compute Force   		 Median; 3.076045e-01 s 		 Trimmed Mean: 3.077088e-01 s 		 Standard Deviation: 2.233770e-04 s
Kick            		 Median; 3.293063e-05 s 		 Trimmed Mean: 3.296656e-05 s 		 Standard Deviation: 5.159483e-07 s
Second Drift    		 Median; 2.368074e-05 s 		 Trimmed Mean: 2.368469e-05 s 		 Standard Deviation: 3.980522e-08 s
# Direct N-body DKD
# arithmetic_dtype=double binary_storage=float32 format=nbody-f32-v1
# N=20000 nsteps=25 dt=0.0001 eps=0.050000000000000003 G=1 mass=1
Acceleration Kernel: rt
# Step 	 Time 			 Kinetic 			 Potential 			 Total 			 Relative Energy Drift
0 	 0 	 58759436.184000514 	 -116582810.08669029 	 -57823373.902689777 	 0
25 0.0025000000000000001 58622235.411503732 -116445614.25388102 -57823378.84237729 8.542717554198646e-08
# final: N=20000 steps=25 arithmetic_dtype=double max_relative_energy_drift=8.542717554198646e-08 tolerance=0.001 status=OK

--- Performance Profiling Report ---
File Read       : 5.988861e-04 s
File Write      : 3.098912e-01 s
Total Run       : 6.509934e-01 s

--- Step Statistics (25 steps) ---
Total Step      		 Median; 4.567268e-01 s 		 Trimmed Mean: 4.567322e-01 s 		 Standard Deviation: 1.033144e-04 s
First Drift     		 Median; 2.238061e-05 s 		 Trimmed Mean: 2.240221e-05 s 		 Standard Deviation: 5.397052e-08 s
Compute Force   		 Median; 4.566349e-01 s 		 Trimmed Mean: 4.566384e-01 s 		 Standard Deviation: 1.033750e-04 s
Kick            		 Median; 3.847107e-05 s 		 Trimmed Mean: 3.840229e-05 s 		 Standard Deviation: 5.750314e-07 s
Second Drift    		 Median; 3.186055e-05 s 		 Trimmed Mean: 3.192379e-05 s 		 Standard Deviation: 2.526208e-07 s
# Direct N-body DKD
# arithmetic_dtype=double binary_storage=float32 format=nbody-f32-v1
# N=20000 nsteps=25 dt=0.0001 eps=0.050000000000000003 G=1 mass=1
Acceleration Kernel: n
# Step 	 Time 			 Kinetic 			 Potential 			 Total 			 Relative Energy Drift
0 	 0 	 58759436.184000514 	 -116582810.08669029 	 -57823373.902689777 	 0
25 0.0025000000000000001 58622235.411547296 -116445614.25392817 -57823378.842380874 8.5427237519159795e-08
# final: N=20000 steps=25 arithmetic_dtype=double max_relative_energy_drift=8.5427237519159795e-08 tolerance=0.001 status=OK

--- Performance Profiling Report ---
File Read       : 6.019063e-04 s
File Write      : 2.081621e-02 s
Total Run       : 6.509804e-01 s

--- Step Statistics (25 steps) ---
Total Step      		 Median; 3.077737e-01 s 		 Trimmed Mean: 3.078118e-01 s 		 Standard Deviation: 9.591988e-05 s
First Drift     		 Median; 2.261996e-05 s 		 Trimmed Mean: 2.266019e-05 s 		 Standard Deviation: 1.018104e-07 s
Compute Force   		 Median; 3.076951e-01 s 		 Trimmed Mean: 3.077319e-01 s 		 Standard Deviation: 9.578330e-05 s
Kick            		 Median; 3.318023e-05 s 		 Trimmed Mean: 3.317424e-05 s 		 Standard Deviation: 3.206793e-07 s
Second Drift    		 Median; 2.362020e-05 s 		 Trimmed Mean: 2.364486e-05 s 		 Standard Deviation: 7.860433e-08 s
# Direct N-body DKD
# arithmetic_dtype=double binary_storage=float32 format=nbody-f32-v1
# N=20000 nsteps=25 dt=0.0001 eps=0.050000000000000003 G=1 mass=1
Acceleration Kernel: r
# Step 	 Time 			 Kinetic 			 Potential 			 Total 			 Relative Energy Drift
0 	 0 	 58759436.184000514 	 -116582810.08669029 	 -57823373.902689777 	 0
25 0.0025000000000000001 58622235.411503732 -116445614.25388102 -57823378.84237729 8.542717554198646e-08
# final: N=20000 steps=25 arithmetic_dtype=double max_relative_energy_drift=8.542717554198646e-08 tolerance=0.001 status=OK

--- Performance Profiling Report ---
File Read       : 5.931361e-04 s
File Write      : 5.915803e-01 s
Total Run       : 6.507679e-01 s

--- Step Statistics (25 steps) ---
Total Step      		 Median; 3.076614e-01 s 		 Trimmed Mean: 3.076617e-01 s 		 Standard Deviation: 7.179681e-05 s
First Drift     		 Median; 2.247002e-05 s 		 Trimmed Mean: 2.246417e-05 s 		 Standard Deviation: 4.767421e-08 s
Compute Force   		 Median; 3.075828e-01 s 		 Trimmed Mean: 3.075817e-01 s 		 Standard Deviation: 6.979952e-05 s
Kick            		 Median; 3.276020e-05 s 		 Trimmed Mean: 3.275603e-05 s 		 Standard Deviation: 4.146432e-07 s
Second Drift    		 Median; 2.337061e-05 s 		 Trimmed Mean: 2.341944e-05 s 		 Standard Deviation: 9.487464e-08 s
# Direct N-body DKD
# arithmetic_dtype=double binary_storage=float32 format=nbody-f32-v1
# N=20000 nsteps=25 dt=0.0001 eps=0.050000000000000003 G=1 mass=1
Acceleration Kernel: rt
# Step 	 Time 			 Kinetic 			 Potential 			 Total 			 Relative Energy Drift
0 	 0 	 58759436.184000514 	 -116582810.08669029 	 -57823373.902689777 	 0
25 0.0025000000000000001 58622235.411503732 -116445614.25388102 -57823378.84237729 8.542717554198646e-08
# final: N=20000 steps=25 arithmetic_dtype=double max_relative_energy_drift=8.542717554198646e-08 tolerance=0.001 status=OK

--- Performance Profiling Report ---
File Read       : 6.042458e-04 s
File Write      : 1.526384e-02 s
Total Run       : 6.504236e-01 s

--- Step Statistics (25 steps) ---
Total Step      		 Median; 4.564561e-01 s 		 Trimmed Mean: 4.564435e-01 s 		 Standard Deviation: 4.194817e-05 s
First Drift     		 Median; 2.259016e-05 s 		 Trimmed Mean: 2.259823e-05 s 		 Standard Deviation: 7.508196e-08 s
Compute Force   		 Median; 4.563633e-01 s 		 Trimmed Mean: 4.563496e-01 s 		 Standard Deviation: 4.150053e-05 s
Kick            		 Median; 3.907084e-05 s 		 Trimmed Mean: 3.905333e-05 s 		 Standard Deviation: 7.274944e-07 s
Second Drift    		 Median; 3.194995e-05 s 		 Trimmed Mean: 3.196929e-05 s 		 Standard Deviation: 3.250814e-07 s
# Direct N-body DKD
# arithmetic_dtype=double binary_storage=float32 format=nbody-f32-v1
# N=20000 nsteps=25 dt=0.0001 eps=0.050000000000000003 G=1 mass=1
Acceleration Kernel: n
# Step 	 Time 			 Kinetic 			 Potential 			 Total 			 Relative Energy Drift
0 	 0 	 58759436.184000514 	 -116582810.08669029 	 -57823373.902689777 	 0
25 0.0025000000000000001 58622235.411547296 -116445614.25392817 -57823378.842380874 8.5427237519159795e-08
# final: N=20000 steps=25 arithmetic_dtype=double max_relative_energy_drift=8.5427237519159795e-08 tolerance=0.001 status=OK

--- Performance Profiling Report ---
File Read       : 5.919365e-04 s
File Write      : 1.947822e-03 s
Total Run       : 6.504883e-01 s

--- Step Statistics (25 steps) ---
Total Step      		 Median; 3.083989e-01 s 		 Trimmed Mean: 3.082702e-01 s 		 Standard Deviation: 3.251047e-04 s
First Drift     		 Median; 2.267957e-05 s 		 Trimmed Mean: 2.267646e-05 s 		 Standard Deviation: 3.830392e-08 s
Compute Force   		 Median; 3.083204e-01 s 		 Trimmed Mean: 3.081898e-01 s 		 Standard Deviation: 3.253341e-04 s
Kick            		 Median; 3.222097e-05 s 		 Trimmed Mean: 3.246453e-05 s 		 Standard Deviation: 7.243162e-07 s
Second Drift    		 Median; 2.370123e-05 s 		 Trimmed Mean: 2.369768e-05 s 		 Standard Deviation: 5.429251e-08 s
# Direct N-body DKD
# arithmetic_dtype=double binary_storage=float32 format=nbody-f32-v1
# N=20000 nsteps=25 dt=0.0001 eps=0.050000000000000003 G=1 mass=1
Acceleration Kernel: r
# Step 	 Time 			 Kinetic 			 Potential 			 Total 			 Relative Energy Drift
0 	 0 	 58759436.184000514 	 -116582810.08669029 	 -57823373.902689777 	 0
25 0.0025000000000000001 58622235.411503732 -116445614.25388102 -57823378.84237729 8.542717554198646e-08
# final: N=20000 steps=25 arithmetic_dtype=double max_relative_energy_drift=8.542717554198646e-08 tolerance=0.001 status=OK

--- Performance Profiling Report ---
File Read       : 5.925074e-04 s
File Write      : 1.766935e-01 s
Total Run       : 6.506661e-01 s

--- Step Statistics (25 steps) ---
Total Step      		 Median; 3.078552e-01 s 		 Trimmed Mean: 3.078718e-01 s 		 Standard Deviation: 6.661644e-05 s
First Drift     		 Median; 2.256967e-05 s 		 Trimmed Mean: 2.257100e-05 s 		 Standard Deviation: 3.899347e-08 s
Compute Force   		 Median; 3.077764e-01 s 		 Trimmed Mean: 3.077919e-01 s 		 Standard Deviation: 6.632019e-05 s
Kick            		 Median; 3.260002e-05 s 		 Trimmed Mean: 3.273692e-05 s 		 Standard Deviation: 4.994226e-07 s
Second Drift    		 Median; 2.363976e-05 s 		 Trimmed Mean: 2.364734e-05 s 		 Standard Deviation: 7.809915e-08 s
# Direct N-body DKD
# arithmetic_dtype=double binary_storage=float32 format=nbody-f32-v1
# N=20000 nsteps=25 dt=0.0001 eps=0.050000000000000003 G=1 mass=1
Acceleration Kernel: rt
# Step 	 Time 			 Kinetic 			 Potential 			 Total 			 Relative Energy Drift
0 	 0 	 58759436.184000514 	 -116582810.08669029 	 -57823373.902689777 	 0
25 0.0025000000000000001 58622235.411503732 -116445614.25388102 -57823378.84237729 8.542717554198646e-08
# final: N=20000 steps=25 arithmetic_dtype=double max_relative_energy_drift=8.542717554198646e-08 tolerance=0.001 status=OK

--- Performance Profiling Report ---
File Read       : 5.966472e-04 s
File Write      : 2.730633e-02 s
Total Run       : 6.508007e-01 s

--- Step Statistics (25 steps) ---
Total Step      		 Median; 4.559076e-01 s 		 Trimmed Mean: 4.559100e-01 s 		 Standard Deviation: 9.042184e-05 s
First Drift     		 Median; 2.256129e-05 s 		 Trimmed Mean: 2.258648e-05 s 		 Standard Deviation: 7.240367e-08 s
Compute Force   		 Median; 4.558114e-01 s 		 Trimmed Mean: 4.558149e-01 s 		 Standard Deviation: 9.000879e-05 s
Kick            		 Median; 3.948063e-05 s 		 Trimmed Mean: 3.952795e-05 s 		 Standard Deviation: 6.373346e-07 s
Second Drift    		 Median; 3.225077e-05 s 		 Trimmed Mean: 3.226421e-05 s 		 Standard Deviation: 3.917654e-07 s
# Direct N-body DKD
# arithmetic_dtype=double binary_storage=float32 format=nbody-f32-v1
# N=20000 nsteps=25 dt=0.0001 eps=0.050000000000000003 G=1 mass=1
Acceleration Kernel: n
# Step 	 Time 			 Kinetic 			 Potential 			 Total 			 Relative Energy Drift
0 	 0 	 58759436.184000514 	 -116582810.08669029 	 -57823373.902689777 	 0
25 0.0025000000000000001 58622235.411547296 -116445614.25392817 -57823378.842380874 8.5427237519159795e-08
# final: N=20000 steps=25 arithmetic_dtype=double max_relative_energy_drift=8.5427237519159795e-08 tolerance=0.001 status=OK

--- Performance Profiling Report ---
File Read       : 6.007962e-04 s
File Write      : 4.127827e-02 s
Total Run       : 6.504849e-01 s

--- Step Statistics (25 steps) ---
Total Step      		 Median; 3.078739e-01 s 		 Trimmed Mean: 3.078852e-01 s 		 Standard Deviation: 5.615835e-05 s
First Drift     		 Median; 2.247933e-05 s 		 Trimmed Mean: 2.248630e-05 s 		 Standard Deviation: 7.946140e-08 s
Compute Force   		 Median; 3.077948e-01 s 		 Trimmed Mean: 3.078051e-01 s 		 Standard Deviation: 5.526539e-05 s
Kick            		 Median; 3.251061e-05 s 		 Trimmed Mean: 3.261744e-05 s 		 Standard Deviation: 6.928188e-07 s
Second Drift    		 Median; 2.349075e-05 s 		 Trimmed Mean: 2.384696e-05 s 		 Standard Deviation: 1.358521e-06 s
# Direct N-body DKD
# arithmetic_dtype=double binary_storage=float32 format=nbody-f32-v1
# N=20000 nsteps=25 dt=0.0001 eps=0.050000000000000003 G=1 mass=1
Acceleration Kernel: r
# Step 	 Time 			 Kinetic 			 Potential 			 Total 			 Relative Energy Drift
0 	 0 	 58759436.184000514 	 -116582810.08669029 	 -57823373.902689777 	 0
25 0.0025000000000000001 58622235.411503732 -116445614.25388102 -57823378.84237729 8.542717554198646e-08
# final: N=20000 steps=25 arithmetic_dtype=double max_relative_energy_drift=8.542717554198646e-08 tolerance=0.001 status=OK

--- Performance Profiling Report ---
File Read       : 6.284760e-04 s
File Write      : 2.790118e-01 s
Total Run       : 6.506635e-01 s

--- Step Statistics (25 steps) ---
Total Step      		 Median; 3.077695e-01 s 		 Trimmed Mean: 3.077670e-01 s 		 Standard Deviation: 5.725520e-05 s
First Drift     		 Median; 3.398955e-05 s 		 Trimmed Mean: 3.401616e-05 s 		 Standard Deviation: 2.080851e-07 s
Compute Force   		 Median; 3.076687e-01 s 		 Trimmed Mean: 3.076655e-01 s 		 Standard Deviation: 5.743941e-05 s
Kick            		 Median; 3.279001e-05 s 		 Trimmed Mean: 3.274189e-05 s 		 Standard Deviation: 3.044518e-07 s
Second Drift    		 Median; 3.410131e-05 s 		 Trimmed Mean: 3.409630e-05 s 		 Standard Deviation: 2.470651e-07 s
# Direct N-body DKD
# arithmetic_dtype=double binary_storage=float32 format=nbody-f32-v1
# N=20000 nsteps=25 dt=0.0001 eps=0.050000000000000003 G=1 mass=1
Acceleration Kernel: rt
# Step 	 Time 			 Kinetic 			 Potential 			 Total 			 Relative Energy Drift
0 	 0 	 58759436.184000514 	 -116582810.08669029 	 -57823373.902689777 	 0
25 0.0025000000000000001 58622235.411503732 -116445614.25388102 -57823378.84237729 8.542717554198646e-08
# final: N=20000 steps=25 arithmetic_dtype=double max_relative_energy_drift=8.542717554198646e-08 tolerance=0.001 status=OK

--- Performance Profiling Report ---
File Read       : 6.005466e-04 s
File Write      : 4.572241e-01 s
Total Run       : 6.508390e-01 s

--- Step Statistics (25 steps) ---
Total Step      		 Median; 4.590137e-01 s 		 Trimmed Mean: 4.589253e-01 s 		 Standard Deviation: 2.860203e-04 s
First Drift     		 Median; 2.233125e-05 s 		 Trimmed Mean: 2.234873e-05 s 		 Standard Deviation: 5.534678e-08 s
Compute Force   		 Median; 4.589213e-01 s 		 Trimmed Mean: 4.588311e-01 s 		 Standard Deviation: 2.880019e-04 s
Kick            		 Median; 3.935117e-05 s 		 Trimmed Mean: 3.938581e-05 s 		 Standard Deviation: 5.542530e-07 s
Second Drift    		 Median; 3.160071e-05 s 		 Trimmed Mean: 3.158598e-05 s 		 Standard Deviation: 3.275896e-07 s
# Direct N-body DKD
# arithmetic_dtype=double binary_storage=float32 format=nbody-f32-v1
# N=20000 nsteps=25 dt=0.0001 eps=0.050000000000000003 G=1 mass=1
Acceleration Kernel: n
# Step 	 Time 			 Kinetic 			 Potential 			 Total 			 Relative Energy Drift
0 	 0 	 58759436.184000514 	 -116582810.08669029 	 -57823373.902689777 	 0
25 0.0025000000000000001 58622235.411547296 -116445614.25392817 -57823378.842380874 8.5427237519159795e-08
# final: N=20000 steps=25 arithmetic_dtype=double max_relative_energy_drift=8.5427237519159795e-08 tolerance=0.001 status=OK

--- Performance Profiling Report ---
File Read       : 5.997363e-04 s
File Write      : 1.796699e-01 s
Total Run       : 6.510520e-01 s

--- Step Statistics (25 steps) ---
Total Step      		 Median; 3.082220e-01 s 		 Trimmed Mean: 3.081933e-01 s 		 Standard Deviation: 1.156990e-04 s
First Drift     		 Median; 2.267119e-05 s 		 Trimmed Mean: 2.268312e-05 s 		 Standard Deviation: 3.997060e-08 s
Compute Force   		 Median; 3.081433e-01 s 		 Trimmed Mean: 3.081125e-01 s 		 Standard Deviation: 1.153952e-04 s
Kick            		 Median; 3.239978e-05 s 		 Trimmed Mean: 3.253757e-05 s 		 Standard Deviation: 5.678602e-07 s
Second Drift    		 Median; 2.367049e-05 s 		 Trimmed Mean: 2.368504e-05 s 		 Standard Deviation: 7.318271e-08 s
# Direct N-body DKD
# arithmetic_dtype=double binary_storage=float32 format=nbody-f32-v1
# N=20000 nsteps=25 dt=0.0001 eps=0.050000000000000003 G=1 mass=1
Acceleration Kernel: r
# Step 	 Time 			 Kinetic 			 Potential 			 Total 			 Relative Energy Drift
0 	 0 	 58759436.184000514 	 -116582810.08669029 	 -57823373.902689777 	 0
25 0.0025000000000000001 58622235.411503732 -116445614.25388102 -57823378.84237729 8.542717554198646e-08
# final: N=20000 steps=25 arithmetic_dtype=double max_relative_energy_drift=8.542717554198646e-08 tolerance=0.001 status=OK

--- Performance Profiling Report ---
File Read       : 5.951468e-04 s
File Write      : 3.409219e-01 s
Total Run       : 6.510347e-01 s

--- Step Statistics (25 steps) ---
Total Step      		 Median; 3.077536e-01 s 		 Trimmed Mean: 3.077630e-01 s 		 Standard Deviation: 6.026315e-05 s
First Drift     		 Median; 2.265070e-05 s 		 Trimmed Mean: 2.265083e-05 s 		 Standard Deviation: 4.969100e-08 s
Compute Force   		 Median; 3.076743e-01 s 		 Trimmed Mean: 3.076820e-01 s 		 Standard Deviation: 5.955588e-05 s
Kick            		 Median; 3.240164e-05 s 		 Trimmed Mean: 3.272552e-05 s 		 Standard Deviation: 7.764150e-07 s
Second Drift    		 Median; 2.386048e-05 s 		 Trimmed Mean: 2.402355e-05 s 		 Standard Deviation: 6.567676e-07 s
# Direct N-body DKD
# arithmetic_dtype=double binary_storage=float32 format=nbody-f32-v1
# N=20000 nsteps=25 dt=0.0001 eps=0.050000000000000003 G=1 mass=1
Acceleration Kernel: rt
# Step 	 Time 			 Kinetic 			 Potential 			 Total 			 Relative Energy Drift
0 	 0 	 58759436.184000514 	 -116582810.08669029 	 -57823373.902689777 	 0
25 0.0025000000000000001 58622235.411503732 -116445614.25388102 -57823378.84237729 8.542717554198646e-08
# final: N=20000 steps=25 arithmetic_dtype=double max_relative_energy_drift=8.542717554198646e-08 tolerance=0.001 status=OK

--- Performance Profiling Report ---
File Read       : 5.988870e-04 s
File Write      : 7.028507e-03 s
Total Run       : 6.505635e-01 s

--- Step Statistics (25 steps) ---
Total Step      		 Median; 4.554993e-01 s 		 Trimmed Mean: 4.555421e-01 s 		 Standard Deviation: 2.901109e-04 s
First Drift     		 Median; 2.241973e-05 s 		 Trimmed Mean: 2.263739e-05 s 		 Standard Deviation: 8.906557e-07 s
Compute Force   		 Median; 4.554070e-01 s 		 Trimmed Mean: 4.554494e-01 s 		 Standard Deviation: 2.895876e-04 s
Kick            		 Median; 3.784150e-05 s 		 Trimmed Mean: 3.774194e-05 s 		 Standard Deviation: 5.593659e-07 s
Second Drift    		 Median; 3.104098e-05 s 		 Trimmed Mean: 3.115558e-05 s 		 Standard Deviation: 3.827000e-07 s
make[1]: Entering directory '/orfeo/cephfs/scratch/dssc/enricosavorgnan/2026-nbody/experiments/rsqrt-impact'
rm -f main generate_initial_conditions *.o *.bin
cc -std=c11 -I/u/dssc/enricosavorgnan/opt/papi/include -DNBODY_USE_DOUBLE -O3 -march=native -Wall -Wextra -Wpedantic -flto -D_POSIX_C_SOURCE=199309L -DBLOCK_SIZE=128 -DN_RSQRT_LOOP=4 -c main.c -o main.o
cc -std=c11 -I/u/dssc/enricosavorgnan/opt/papi/include -DNBODY_USE_DOUBLE -O3 -march=native -Wall -Wextra -Wpedantic -flto -D_POSIX_C_SOURCE=199309L -DBLOCK_SIZE=128 -DN_RSQRT_LOOP=4 -c integration.c -o integration.o
cc -std=c11 -I/u/dssc/enricosavorgnan/opt/papi/include -DNBODY_USE_DOUBLE -O3 -march=native -Wall -Wextra -Wpedantic -flto -D_POSIX_C_SOURCE=199309L -DBLOCK_SIZE=128 -DN_RSQRT_LOOP=4 -c particles.c -o particles.o
cc -std=c11 -I/u/dssc/enricosavorgnan/opt/papi/include -DNBODY_USE_DOUBLE -O3 -march=native -Wall -Wextra -Wpedantic -flto -D_POSIX_C_SOURCE=199309L -DBLOCK_SIZE=128 -DN_RSQRT_LOOP=4 -c profiling.c -o profiling.o
cc -std=c11 -I/u/dssc/enricosavorgnan/opt/papi/include -DNBODY_USE_DOUBLE -O3 -march=native -Wall -Wextra -Wpedantic -flto -D_POSIX_C_SOURCE=199309L -DBLOCK_SIZE=128 -DN_RSQRT_LOOP=4 -c utils.c -o utils.o
cc -std=c11 -O3 -march=native -Wall -Wextra -Wpedantic -flto -D_POSIX_C_SOURCE=199309L -DBLOCK_SIZE=128 -DN_RSQRT_LOOP=4 -L/u/dssc/enricosavorgnan/opt/papi/lib -Wl,-rpath,/u/dssc/enricosavorgnan/opt/papi/lib -o main main.o integration.o particles.o profiling.o utils.o -lm
cc -std=c11 -I/u/dssc/enricosavorgnan/opt/papi/include -DNBODY_USE_DOUBLE -O3 -march=native -Wall -Wextra -Wpedantic -flto -D_POSIX_C_SOURCE=199309L -DBLOCK_SIZE=128 -DN_RSQRT_LOOP=4 -L/u/dssc/enricosavorgnan/opt/papi/lib -Wl,-rpath,/u/dssc/enricosavorgnan/opt/papi/lib -o generate_initial_conditions generate_initial_conditions.c -lm
make[1]: Leaving directory '/orfeo/cephfs/scratch/dssc/enricosavorgnan/2026-nbody/experiments/rsqrt-impact'
# Direct N-body DKD
# arithmetic_dtype=double binary_storage=float32 format=nbody-f32-v1
# N=20000 nsteps=25 dt=0.0001 eps=0.050000000000000003 G=1 mass=1
Acceleration Kernel: n
# Step 	 Time 			 Kinetic 			 Potential 			 Total 			 Relative Energy Drift
0 	 0 	 58759436.184000514 	 -116582810.08669029 	 -57823373.902689777 	 0
25 0.0025000000000000001 58622235.411547296 -116445614.25392817 -57823378.842380874 8.5427237519159795e-08
# final: N=20000 steps=25 arithmetic_dtype=double max_relative_energy_drift=8.5427237519159795e-08 tolerance=0.001 status=OK

--- Performance Profiling Report ---
File Read       : 6.505847e-04 s
File Write      : 1.322035e-02 s
Total Run       : 6.508011e-01 s

--- Step Statistics (25 steps) ---
Total Step      		 Median; 3.077657e-01 s 		 Trimmed Mean: 3.077676e-01 s 		 Standard Deviation: 6.623364e-05 s
First Drift     		 Median; 2.607144e-05 s 		 Trimmed Mean: 2.608892e-05 s 		 Standard Deviation: 2.645944e-07 s
Compute Force   		 Median; 3.076801e-01 s 		 Trimmed Mean: 3.076816e-01 s 		 Standard Deviation: 6.589185e-05 s
Kick            		 Median; 3.261957e-05 s 		 Trimmed Mean: 3.253065e-05 s 		 Standard Deviation: 3.773907e-07 s
Second Drift    		 Median; 2.617016e-05 s 		 Trimmed Mean: 2.619935e-05 s 		 Standard Deviation: 1.196845e-07 s
# Direct N-body DKD
# arithmetic_dtype=double binary_storage=float32 format=nbody-f32-v1
# N=20000 nsteps=25 dt=0.0001 eps=0.050000000000000003 G=1 mass=1
Acceleration Kernel: r
# Step 	 Time 			 Kinetic 			 Potential 			 Total 			 Relative Energy Drift
0 	 0 	 58759436.184000514 	 -116582810.08669029 	 -57823373.902689777 	 0
25 0.0025000000000000001 58622235.411547296 -116445614.25392817 -57823378.842380874 8.5427237519159795e-08
# final: N=20000 steps=25 arithmetic_dtype=double max_relative_energy_drift=8.5427237519159795e-08 tolerance=0.001 status=OK

--- Performance Profiling Report ---
File Read       : 6.326046e-04 s
File Write      : 1.762344e-01 s
Total Run       : 6.506397e-01 s

--- Step Statistics (25 steps) ---
Total Step      		 Median; 3.620953e-01 s 		 Trimmed Mean: 3.621097e-01 s 		 Standard Deviation: 7.854534e-05 s
First Drift     		 Median; 2.782140e-05 s 		 Trimmed Mean: 2.788402e-05 s 		 Standard Deviation: 1.536745e-07 s
Compute Force   		 Median; 3.620057e-01 s 		 Trimmed Mean: 3.620192e-01 s 		 Standard Deviation: 7.741732e-05 s
Kick            		 Median; 3.281049e-05 s 		 Trimmed Mean: 3.255602e-05 s 		 Standard Deviation: 1.085690e-06 s
Second Drift    		 Median; 2.873968e-05 s 		 Trimmed Mean: 2.872939e-05 s 		 Standard Deviation: 1.299452e-07 s
# Direct N-body DKD
# arithmetic_dtype=double binary_storage=float32 format=nbody-f32-v1
# N=20000 nsteps=25 dt=0.0001 eps=0.050000000000000003 G=1 mass=1
Acceleration Kernel: rt
# Step 	 Time 			 Kinetic 			 Potential 			 Total 			 Relative Energy Drift
0 	 0 	 58759436.184000514 	 -116582810.08669029 	 -57823373.902689777 	 0
25 0.0025000000000000001 58622235.411547296 -116445614.25392817 -57823378.842380874 8.5427237519159795e-08
# final: N=20000 steps=25 arithmetic_dtype=double max_relative_energy_drift=8.5427237519159795e-08 tolerance=0.001 status=OK

--- Performance Profiling Report ---
File Read       : 5.914140e-04 s
File Write      : 4.917079e-01 s
Total Run       : 6.502645e-01 s

--- Step Statistics (25 steps) ---
Total Step      		 Median; 5.286705e-01 s 		 Trimmed Mean: 5.286713e-01 s 		 Standard Deviation: 1.523932e-04 s
First Drift     		 Median; 2.268981e-05 s 		 Trimmed Mean: 2.267970e-05 s 		 Standard Deviation: 6.503609e-08 s
Compute Force   		 Median; 5.285790e-01 s 		 Trimmed Mean: 5.285772e-01 s 		 Standard Deviation: 1.557709e-04 s
Kick            		 Median; 3.828015e-05 s 		 Trimmed Mean: 3.808063e-05 s 		 Standard Deviation: 6.630074e-07 s
Second Drift    		 Median; 3.163051e-05 s 		 Trimmed Mean: 3.173743e-05 s 		 Standard Deviation: 7.099797e-07 s
# Direct N-body DKD
# arithmetic_dtype=double binary_storage=float32 format=nbody-f32-v1
# N=20000 nsteps=25 dt=0.0001 eps=0.050000000000000003 G=1 mass=1
Acceleration Kernel: n
# Step 	 Time 			 Kinetic 			 Potential 			 Total 			 Relative Energy Drift
0 	 0 	 58759436.184000514 	 -116582810.08669029 	 -57823373.902689777 	 0
25 0.0025000000000000001 58622235.411547296 -116445614.25392817 -57823378.842380874 8.5427237519159795e-08
# final: N=20000 steps=25 arithmetic_dtype=double max_relative_energy_drift=8.5427237519159795e-08 tolerance=0.001 status=OK

--- Performance Profiling Report ---
File Read       : 6.124442e-04 s
File Write      : 1.950934e-03 s
Total Run       : 6.507845e-01 s

--- Step Statistics (25 steps) ---
Total Step      		 Median; 3.077789e-01 s 		 Trimmed Mean: 3.077713e-01 s 		 Standard Deviation: 7.013745e-05 s
First Drift     		 Median; 2.356060e-05 s 		 Trimmed Mean: 2.357435e-05 s 		 Standard Deviation: 8.626294e-08 s
Compute Force   		 Median; 3.076715e-01 s 		 Trimmed Mean: 3.076678e-01 s 		 Standard Deviation: 6.933818e-05 s
Kick            		 Median; 5.402043e-05 s 		 Trimmed Mean: 5.423380e-05 s 		 Standard Deviation: 1.195319e-06 s
Second Drift    		 Median; 2.454966e-05 s 		 Trimmed Mean: 2.457654e-05 s 		 Standard Deviation: 9.258306e-08 s
# Direct N-body DKD
# arithmetic_dtype=double binary_storage=float32 format=nbody-f32-v1
# N=20000 nsteps=25 dt=0.0001 eps=0.050000000000000003 G=1 mass=1
Acceleration Kernel: r
# Step 	 Time 			 Kinetic 			 Potential 			 Total 			 Relative Energy Drift
0 	 0 	 58759436.184000514 	 -116582810.08669029 	 -57823373.902689777 	 0
25 0.0025000000000000001 58622235.411547296 -116445614.25392817 -57823378.842380874 8.5427237519159795e-08
# final: N=20000 steps=25 arithmetic_dtype=double max_relative_energy_drift=8.5427237519159795e-08 tolerance=0.001 status=OK

--- Performance Profiling Report ---
File Read       : 5.951142e-04 s
File Write      : 1.862623e-03 s
Total Run       : 6.517655e-01 s

--- Step Statistics (25 steps) ---
Total Step      		 Median; 3.627674e-01 s 		 Trimmed Mean: 3.627754e-01 s 		 Standard Deviation: 8.782409e-05 s
First Drift     		 Median; 2.263114e-05 s 		 Trimmed Mean: 2.263517e-05 s 		 Standard Deviation: 9.107905e-08 s
Compute Force   		 Median; 3.626865e-01 s 		 Trimmed Mean: 3.626951e-01 s 		 Standard Deviation: 8.745810e-05 s
Kick            		 Median; 3.315974e-05 s 		 Trimmed Mean: 3.306350e-05 s 		 Standard Deviation: 4.644207e-07 s
Second Drift    		 Median; 2.377946e-05 s 		 Trimmed Mean: 2.377006e-05 s 		 Standard Deviation: 6.550979e-08 s
# Direct N-body DKD
# arithmetic_dtype=double binary_storage=float32 format=nbody-f32-v1
# N=20000 nsteps=25 dt=0.0001 eps=0.050000000000000003 G=1 mass=1
Acceleration Kernel: rt
# Step 	 Time 			 Kinetic 			 Potential 			 Total 			 Relative Energy Drift
0 	 0 	 58759436.184000514 	 -116582810.08669029 	 -57823373.902689777 	 0
25 0.0025000000000000001 58622235.411547296 -116445614.25392817 -57823378.842380874 8.5427237519159795e-08
# final: N=20000 steps=25 arithmetic_dtype=double max_relative_energy_drift=8.5427237519159795e-08 tolerance=0.001 status=OK

--- Performance Profiling Report ---
File Read       : 5.855355e-04 s
File Write      : 3.383573e-01 s
Total Run       : 6.507807e-01 s

--- Step Statistics (25 steps) ---
Total Step      		 Median; 5.279651e-01 s 		 Trimmed Mean: 5.279448e-01 s 		 Standard Deviation: 2.325453e-04 s
First Drift     		 Median; 2.259016e-05 s 		 Trimmed Mean: 2.258045e-05 s 		 Standard Deviation: 4.670657e-08 s
Compute Force   		 Median; 5.278716e-01 s 		 Trimmed Mean: 5.278474e-01 s 		 Standard Deviation: 2.323974e-04 s
Kick            		 Median; 3.870111e-05 s 		 Trimmed Mean: 3.894308e-05 s 		 Standard Deviation: 1.204402e-06 s
Second Drift    		 Median; 3.311969e-05 s 		 Trimmed Mean: 3.391269e-05 s 		 Standard Deviation: 2.442002e-06 s
# Direct N-body DKD
# arithmetic_dtype=double binary_storage=float32 format=nbody-f32-v1
# N=20000 nsteps=25 dt=0.0001 eps=0.050000000000000003 G=1 mass=1
Acceleration Kernel: n
# Step 	 Time 			 Kinetic 			 Potential 			 Total 			 Relative Energy Drift
0 	 0 	 58759436.184000514 	 -116582810.08669029 	 -57823373.902689777 	 0
25 0.0025000000000000001 58622235.411547296 -116445614.25392817 -57823378.842380874 8.5427237519159795e-08
# final: N=20000 steps=25 arithmetic_dtype=double max_relative_energy_drift=8.5427237519159795e-08 tolerance=0.001 status=OK

--- Performance Profiling Report ---
File Read       : 5.893344e-04 s
File Write      : 2.129805e-01 s
Total Run       : 6.506587e-01 s

--- Step Statistics (25 steps) ---
Total Step      		 Median; 3.078593e-01 s 		 Trimmed Mean: 3.078488e-01 s 		 Standard Deviation: 4.183482e-05 s
First Drift     		 Median; 2.258085e-05 s 		 Trimmed Mean: 2.257907e-05 s 		 Standard Deviation: 4.622598e-08 s
Compute Force   		 Median; 3.077799e-01 s 		 Trimmed Mean: 3.077692e-01 s 		 Standard Deviation: 4.176401e-05 s
Kick            		 Median; 3.279001e-05 s 		 Trimmed Mean: 3.288070e-05 s 		 Standard Deviation: 3.927863e-07 s
Second Drift    		 Median; 2.349075e-05 s 		 Trimmed Mean: 2.364801e-05 s 		 Standard Deviation: 6.451770e-07 s
# Direct N-body DKD
# arithmetic_dtype=double binary_storage=float32 format=nbody-f32-v1
# N=20000 nsteps=25 dt=0.0001 eps=0.050000000000000003 G=1 mass=1
Acceleration Kernel: r
# Step 	 Time 			 Kinetic 			 Potential 			 Total 			 Relative Energy Drift
0 	 0 	 58759436.184000514 	 -116582810.08669029 	 -57823373.902689777 	 0
25 0.0025000000000000001 58622235.411547296 -116445614.25392817 -57823378.842380874 8.5427237519159795e-08
# final: N=20000 steps=25 arithmetic_dtype=double max_relative_energy_drift=8.5427237519159795e-08 tolerance=0.001 status=OK

--- Performance Profiling Report ---
File Read       : 5.853744e-04 s
File Write      : 6.337031e-02 s
Total Run       : 6.507317e-01 s

--- Step Statistics (25 steps) ---
Total Step      		 Median; 3.623209e-01 s 		 Trimmed Mean: 3.625359e-01 s 		 Standard Deviation: 3.572851e-04 s
First Drift     		 Median; 2.248026e-05 s 		 Trimmed Mean: 2.250687e-05 s 		 Standard Deviation: 7.095977e-08 s
Compute Force   		 Median; 3.622235e-01 s 		 Trimmed Mean: 3.624483e-01 s 		 Standard Deviation: 3.643410e-04 s
Kick            		 Median; 3.178976e-05 s 		 Trimmed Mean: 3.321243e-05 s 		 Standard Deviation: 3.363875e-06 s
Second Drift    		 Median; 2.354011e-05 s 		 Trimmed Mean: 2.621154e-05 s 		 Standard Deviation: 6.180224e-06 s
# Direct N-body DKD
# arithmetic_dtype=double binary_storage=float32 format=nbody-f32-v1
# N=20000 nsteps=25 dt=0.0001 eps=0.050000000000000003 G=1 mass=1
Acceleration Kernel: rt
# Step 	 Time 			 Kinetic 			 Potential 			 Total 			 Relative Energy Drift
0 	 0 	 58759436.184000514 	 -116582810.08669029 	 -57823373.902689777 	 0
25 0.0025000000000000001 58622235.411547296 -116445614.25392817 -57823378.842380874 8.5427237519159795e-08
# final: N=20000 steps=25 arithmetic_dtype=double max_relative_energy_drift=8.5427237519159795e-08 tolerance=0.001 status=OK

--- Performance Profiling Report ---
File Read       : 5.933549e-04 s
File Write      : 5.804398e-02 s
Total Run       : 6.505888e-01 s

--- Step Statistics (25 steps) ---
Total Step      		 Median; 5.265621e-01 s 		 Trimmed Mean: 5.265611e-01 s 		 Standard Deviation: 7.478674e-05 s
First Drift     		 Median; 2.236012e-05 s 		 Trimmed Mean: 2.238536e-05 s 		 Standard Deviation: 7.105129e-08 s
Compute Force   		 Median; 5.264699e-01 s 		 Trimmed Mean: 5.264679e-01 s 		 Standard Deviation: 7.447294e-05 s
Kick            		 Median; 3.856048e-05 s 		 Trimmed Mean: 3.850420e-05 s 		 Standard Deviation: 6.381757e-07 s
Second Drift    		 Median; 3.175065e-05 s 		 Trimmed Mean: 3.200472e-05 s 		 Standard Deviation: 7.705968e-07 s
# Direct N-body DKD
# arithmetic_dtype=double binary_storage=float32 format=nbody-f32-v1
# N=20000 nsteps=25 dt=0.0001 eps=0.050000000000000003 G=1 mass=1
Acceleration Kernel: n
# Step 	 Time 			 Kinetic 			 Potential 			 Total 			 Relative Energy Drift
0 	 0 	 58759436.184000514 	 -116582810.08669029 	 -57823373.902689777 	 0
25 0.0025000000000000001 58622235.411547296 -116445614.25392817 -57823378.842380874 8.5427237519159795e-08
# final: N=20000 steps=25 arithmetic_dtype=double max_relative_energy_drift=8.5427237519159795e-08 tolerance=0.001 status=OK

--- Performance Profiling Report ---
File Read       : 5.861232e-04 s
File Write      : 2.544663e-01 s
Total Run       : 6.504597e-01 s

--- Step Statistics (25 steps) ---
Total Step      		 Median; 3.084632e-01 s 		 Trimmed Mean: 3.083361e-01 s 		 Standard Deviation: 2.880474e-04 s
First Drift     		 Median; 2.250075e-05 s 		 Trimmed Mean: 2.270968e-05 s 		 Standard Deviation: 7.974409e-07 s
Compute Force   		 Median; 3.083837e-01 s 		 Trimmed Mean: 3.082558e-01 s 		 Standard Deviation: 2.883748e-04 s
Kick            		 Median; 3.277976e-05 s 		 Trimmed Mean: 3.275404e-05 s 		 Standard Deviation: 4.743385e-07 s
Second Drift    		 Median; 2.347119e-05 s 		 Trimmed Mean: 2.348179e-05 s 		 Standard Deviation: 5.565381e-08 s
# Direct N-body DKD
# arithmetic_dtype=double binary_storage=float32 format=nbody-f32-v1
# N=20000 nsteps=25 dt=0.0001 eps=0.050000000000000003 G=1 mass=1
Acceleration Kernel: r
# Step 	 Time 			 Kinetic 			 Potential 			 Total 			 Relative Energy Drift
0 	 0 	 58759436.184000514 	 -116582810.08669029 	 -57823373.902689777 	 0
25 0.0025000000000000001 58622235.411547296 -116445614.25392817 -57823378.842380874 8.5427237519159795e-08
# final: N=20000 steps=25 arithmetic_dtype=double max_relative_energy_drift=8.5427237519159795e-08 tolerance=0.001 status=OK

--- Performance Profiling Report ---
File Read       : 6.131250e-04 s
File Write      : 2.023119e-02 s
Total Run       : 6.507775e-01 s

--- Step Statistics (25 steps) ---
Total Step      		 Median; 3.622799e-01 s 		 Trimmed Mean: 3.622886e-01 s 		 Standard Deviation: 8.339465e-05 s
First Drift     		 Median; 3.033970e-05 s 		 Trimmed Mean: 3.033012e-05 s 		 Standard Deviation: 7.225615e-08 s
Compute Force   		 Median; 3.621850e-01 s 		 Trimmed Mean: 3.621922e-01 s 		 Standard Deviation: 8.315862e-05 s
Kick            		 Median; 3.378000e-05 s 		 Trimmed Mean: 3.386400e-05 s 		 Standard Deviation: 4.937405e-07 s
Second Drift    		 Median; 3.130175e-05 s 		 Trimmed Mean: 3.129497e-05 s 		 Standard Deviation: 7.519784e-08 s
# Direct N-body DKD
# arithmetic_dtype=double binary_storage=float32 format=nbody-f32-v1
# N=20000 nsteps=25 dt=0.0001 eps=0.050000000000000003 G=1 mass=1
Acceleration Kernel: rt
# Step 	 Time 			 Kinetic 			 Potential 			 Total 			 Relative Energy Drift
0 	 0 	 58759436.184000514 	 -116582810.08669029 	 -57823373.902689777 	 0
25 0.0025000000000000001 58622235.411547296 -116445614.25392817 -57823378.842380874 8.5427237519159795e-08
# final: N=20000 steps=25 arithmetic_dtype=double max_relative_energy_drift=8.5427237519159795e-08 tolerance=0.001 status=OK

--- Performance Profiling Report ---
File Read       : 5.964050e-04 s
File Write      : 9.269857e-03 s
Total Run       : 6.505735e-01 s

--- Step Statistics (25 steps) ---
Total Step      		 Median; 5.275270e-01 s 		 Trimmed Mean: 5.275112e-01 s 		 Standard Deviation: 2.958272e-04 s
First Drift     		 Median; 2.253987e-05 s 		 Trimmed Mean: 2.255016e-05 s 		 Standard Deviation: 4.845476e-08 s
Compute Force   		 Median; 5.274343e-01 s 		 Trimmed Mean: 5.274174e-01 s 		 Standard Deviation: 2.971000e-04 s
Kick            		 Median; 3.875978e-05 s 		 Trimmed Mean: 3.837892e-05 s 		 Standard Deviation: 6.731725e-07 s
Second Drift    		 Median; 3.173109e-05 s 		 Trimmed Mean: 3.184884e-05 s 		 Standard Deviation: 4.478245e-07 s
# Direct N-body DKD
# arithmetic_dtype=double binary_storage=float32 format=nbody-f32-v1
# N=20000 nsteps=25 dt=0.0001 eps=0.050000000000000003 G=1 mass=1
Acceleration Kernel: n
# Step 	 Time 			 Kinetic 			 Potential 			 Total 			 Relative Energy Drift
0 	 0 	 58759436.184000514 	 -116582810.08669029 	 -57823373.902689777 	 0
25 0.0025000000000000001 58622235.411547296 -116445614.25392817 -57823378.842380874 8.5427237519159795e-08
# final: N=20000 steps=25 arithmetic_dtype=double max_relative_energy_drift=8.5427237519159795e-08 tolerance=0.001 status=OK

--- Performance Profiling Report ---
File Read       : 6.011846e-04 s
File Write      : 8.628981e-03 s
Total Run       : 6.510474e-01 s

--- Step Statistics (25 steps) ---
Total Step      		 Median; 3.081448e-01 s 		 Trimmed Mean: 3.081687e-01 s 		 Standard Deviation: 7.706880e-05 s
First Drift     		 Median; 2.244022e-05 s 		 Trimmed Mean: 2.248953e-05 s 		 Standard Deviation: 1.370103e-07 s
Compute Force   		 Median; 3.080649e-01 s 		 Trimmed Mean: 3.080872e-01 s 		 Standard Deviation: 7.644230e-05 s
Kick            		 Median; 3.382005e-05 s 		 Trimmed Mean: 3.380404e-05 s 		 Standard Deviation: 4.279208e-07 s
Second Drift    		 Median; 2.339948e-05 s 		 Trimmed Mean: 2.340706e-05 s 		 Standard Deviation: 8.032921e-08 s
# Direct N-body DKD
# arithmetic_dtype=double binary_storage=float32 format=nbody-f32-v1
# N=20000 nsteps=25 dt=0.0001 eps=0.050000000000000003 G=1 mass=1
Acceleration Kernel: r
# Step 	 Time 			 Kinetic 			 Potential 			 Total 			 Relative Energy Drift
0 	 0 	 58759436.184000514 	 -116582810.08669029 	 -57823373.902689777 	 0
25 0.0025000000000000001 58622235.411547296 -116445614.25392817 -57823378.842380874 8.5427237519159795e-08
# final: N=20000 steps=25 arithmetic_dtype=double max_relative_energy_drift=8.5427237519159795e-08 tolerance=0.001 status=OK

--- Performance Profiling Report ---
File Read       : 5.923742e-04 s
File Write      : 1.918555e-02 s
Total Run       : 6.507649e-01 s

--- Step Statistics (25 steps) ---
Total Step      		 Median; 3.629610e-01 s 		 Trimmed Mean: 3.627922e-01 s 		 Standard Deviation: 3.101923e-04 s
First Drift     		 Median; 2.248026e-05 s 		 Trimmed Mean: 2.249650e-05 s 		 Standard Deviation: 7.183388e-08 s
Compute Force   		 Median; 3.628689e-01 s 		 Trimmed Mean: 3.627007e-01 s 		 Standard Deviation: 3.121284e-04 s
Kick            		 Median; 4.342012e-05 s 		 Trimmed Mean: 4.355711e-05 s 		 Standard Deviation: 5.967296e-07 s
Second Drift    		 Median; 2.364069e-05 s 		 Trimmed Mean: 2.364668e-05 s 		 Standard Deviation: 9.273073e-08 s
# Direct N-body DKD
# arithmetic_dtype=double binary_storage=float32 format=nbody-f32-v1
# N=20000 nsteps=25 dt=0.0001 eps=0.050000000000000003 G=1 mass=1
Acceleration Kernel: rt
# Step 	 Time 			 Kinetic 			 Potential 			 Total 			 Relative Energy Drift
0 	 0 	 58759436.184000514 	 -116582810.08669029 	 -57823373.902689777 	 0
25 0.0025000000000000001 58622235.411547296 -116445614.25392817 -57823378.842380874 8.5427237519159795e-08
# final: N=20000 steps=25 arithmetic_dtype=double max_relative_energy_drift=8.5427237519159795e-08 tolerance=0.001 status=OK

--- Performance Profiling Report ---
File Read       : 5.908636e-04 s
File Write      : 5.008711e-01 s
Total Run       : 6.512802e-01 s

--- Step Statistics (25 steps) ---
Total Step      		 Median; 5.281627e-01 s 		 Trimmed Mean: 5.281737e-01 s 		 Standard Deviation: 1.274335e-04 s
First Drift     		 Median; 2.251007e-05 s 		 Trimmed Mean: 2.251441e-05 s 		 Standard Deviation: 6.502659e-08 s
Compute Force   		 Median; 5.280683e-01 s 		 Trimmed Mean: 5.280795e-01 s 		 Standard Deviation: 1.271930e-04 s
Kick            		 Median; 3.895164e-05 s 		 Trimmed Mean: 3.906521e-05 s 		 Standard Deviation: 1.117669e-06 s
Second Drift    		 Median; 3.196020e-05 s 		 Trimmed Mean: 3.197550e-05 s 		 Standard Deviation: 4.265298e-07 s
