rm -f main generate_initial_conditions *.o *.bin
rm -r ./bins/
rm -r ./profilings/
cc -std=c11 -I/u/dssc/enricosavorgnan/opt/papi/include -DNBODY_USE_DOUBLE -O3 -march=native -Wall -Wextra -Wpedantic -flto -D_POSIX_C_SOURCE=199309L -DBLOCK_SIZE=128 -DN_RSQRT_LOOP=3 -L/u/dssc/enricosavorgnan/opt/papi/lib -Wl,-rpath,/u/dssc/enricosavorgnan/opt/papi/lib -o generate_initial_conditions generate_initial_conditions.c -lm
mkdir -p ./bins/test-rsqrt/
mkdir -p ./profilings/test-rsqrt/
./generate_initial_conditions --model 0 --n 20000 --seed 42 --output ./bins/test-rsqrt.bin
for i in 1 2 3 4; do \
	make clean all N_RSQRT_LOOP=$i; \
	for j in 1 2 3 4 5; do \
		./main --input ./bins/test-rsqrt.bin --nsteps 25 --dt 1e-4 --eps 0.05 --energy-every 25 --output ./bins/test-rsqrt/n_$i.out --kernel n  --profiler 1 --papi 1 --profiler-path ./profilings/test-rsqrt/n_$i.txt; \
		./main --input ./bins/test-rsqrt.bin --nsteps 25 --dt 1e-4 --eps 0.05 --energy-every 25 --output ./bins/test-rsqrt/r_$i.out --kernel r  --profiler 1 --papi 1 --profiler-path ./profilings/test-rsqrt/r_$i.txt; \
		./main --input ./bins/test-rsqrt.bin --nsteps 25 --dt 1e-4 --eps 0.05 --energy-every 25 --output ./bins/test-rsqrt/rt_$i.out --kernel rt --profiler 1 --papi 1 --profiler-path ./profilings/test-rsqrt/rt_$i.txt; \
	done \
done
make[1]: Entering directory '/orfeo/cephfs/scratch/dssc/enricosavorgnan/2026-nbody/experiments/rsqrt-impact'
rm -f main generate_initial_conditions *.o *.bin
cc -std=c11 -I/u/dssc/enricosavorgnan/opt/papi/include -DNBODY_USE_DOUBLE -O3 -march=native -Wall -Wextra -Wpedantic -flto -D_POSIX_C_SOURCE=199309L -DBLOCK_SIZE=128 -DN_RSQRT_LOOP=1 -c main.c -o main.o
cc -std=c11 -I/u/dssc/enricosavorgnan/opt/papi/include -DNBODY_USE_DOUBLE -O3 -march=native -Wall -Wextra -Wpedantic -flto -D_POSIX_C_SOURCE=199309L -DBLOCK_SIZE=128 -DN_RSQRT_LOOP=1 -c integration.c -o integration.o
cc -std=c11 -I/u/dssc/enricosavorgnan/opt/papi/include -DNBODY_USE_DOUBLE -O3 -march=native -Wall -Wextra -Wpedantic -flto -D_POSIX_C_SOURCE=199309L -DBLOCK_SIZE=128 -DN_RSQRT_LOOP=1 -c particles.c -o particles.o
cc -std=c11 -I/u/dssc/enricosavorgnan/opt/papi/include -DNBODY_USE_DOUBLE -O3 -march=native -Wall -Wextra -Wpedantic -flto -D_POSIX_C_SOURCE=199309L -DBLOCK_SIZE=128 -DN_RSQRT_LOOP=1 -c profiling.c -o profiling.o
cc -std=c11 -I/u/dssc/enricosavorgnan/opt/papi/include -DNBODY_USE_DOUBLE -O3 -march=native -Wall -Wextra -Wpedantic -flto -D_POSIX_C_SOURCE=199309L -DBLOCK_SIZE=128 -DN_RSQRT_LOOP=1 -c utils.c -o utils.o
cc -std=c11 -O3 -march=native -Wall -Wextra -Wpedantic -flto -D_POSIX_C_SOURCE=199309L -DBLOCK_SIZE=128 -DN_RSQRT_LOOP=1 -L/u/dssc/enricosavorgnan/opt/papi/lib -Wl,-rpath,/u/dssc/enricosavorgnan/opt/papi/lib -o main main.o integration.o particles.o profiling.o utils.o -lm
cc -std=c11 -I/u/dssc/enricosavorgnan/opt/papi/include -DNBODY_USE_DOUBLE -O3 -march=native -Wall -Wextra -Wpedantic -flto -D_POSIX_C_SOURCE=199309L -DBLOCK_SIZE=128 -DN_RSQRT_LOOP=1 -L/u/dssc/enricosavorgnan/opt/papi/lib -Wl,-rpath,/u/dssc/enricosavorgnan/opt/papi/lib -o generate_initial_conditions generate_initial_conditions.c -lm
make[1]: Leaving directory '/orfeo/cephfs/scratch/dssc/enricosavorgnan/2026-nbody/experiments/rsqrt-impact'
# Direct N-body DKD
# arithmetic_dtype=double binary_storage=float32 format=nbody-f32-v1
# N=20000 nsteps=25 dt=0.0001 eps=0.050000000000000003 G=1 mass=1
Acceleration Kernel: n
# Step 	 Time 			 Kinetic 			 Potential 			 Total 			 Relative Energy Drift
0 	 0 	 58759436.184000514 	 -116582810.08669029 	 -57823373.902689777 	 0
25 0.0025000000000000001 58622235.411547296 -116445614.25392817 -57823378.842380874 8.5427237519159795e-08
# final: N=20000 steps=25 arithmetic_dtype=double max_relative_energy_drift=8.5427237519159795e-08 tolerance=0.001 status=OK

--- Performance Profiling Report ---
File Read       : 5.984958e-04 s
File Write      : 1.430576e-03 s
Total Run       : 6.511976e-01 s

--- Step Statistics (25 steps) ---
Total Step      		 Median; 3.079422e-01 s 		 Trimmed Mean: 3.079459e-01 s 		 Standard Deviation: 4.636222e-05 s
First Drift     		 Median; 2.256967e-05 s 		 Trimmed Mean: 2.257557e-05 s 		 Standard Deviation: 5.430218e-08 s
Compute Force   		 Median; 3.078624e-01 s 		 Trimmed Mean: 3.078650e-01 s 		 Standard Deviation: 4.645460e-05 s
Kick            		 Median; 3.388152e-05 s 		 Trimmed Mean: 3.381238e-05 s 		 Standard Deviation: 5.779424e-07 s
Second Drift    		 Median; 2.364069e-05 s 		 Trimmed Mean: 2.366269e-05 s 		 Standard Deviation: 7.127043e-08 s
# Direct N-body DKD
# arithmetic_dtype=double binary_storage=float32 format=nbody-f32-v1
# N=20000 nsteps=25 dt=0.0001 eps=0.050000000000000003 G=1 mass=1
Acceleration Kernel: r
# Step 	 Time 			 Kinetic 			 Potential 			 Total 			 Relative Energy Drift
0 	 0 	 58759436.184000514 	 -116582810.08669029 	 -57823373.902689777 	 0
25 0.0025000000000000001 58617614.945293464 -116440596.69250681 -57822981.747213341 6.781954250818578e-06
# final: N=20000 steps=25 arithmetic_dtype=double max_relative_energy_drift=6.781954250818578e-06 tolerance=0.001 status=OK

--- Performance Profiling Report ---
File Read       : 5.861064e-04 s
File Write      : 1.579377e-03 s
Total Run       : 6.509455e-01 s

--- Step Statistics (25 steps) ---
Total Step      		 Median; 2.076315e-01 s 		 Trimmed Mean: 2.076387e-01 s 		 Standard Deviation: 4.337613e-05 s
First Drift     		 Median; 2.259947e-05 s 		 Trimmed Mean: 2.258785e-05 s 		 Standard Deviation: 7.134061e-08 s
Compute Force   		 Median; 2.075528e-01 s 		 Trimmed Mean: 2.075596e-01 s 		 Standard Deviation: 4.308615e-05 s
Kick            		 Median; 3.250968e-05 s 		 Trimmed Mean: 3.266614e-05 s 		 Standard Deviation: 7.214729e-07 s
Second Drift    		 Median; 2.367981e-05 s 		 Trimmed Mean: 2.366863e-05 s 		 Standard Deviation: 5.736596e-08 s
# Direct N-body DKD
# arithmetic_dtype=double binary_storage=float32 format=nbody-f32-v1
# N=20000 nsteps=25 dt=0.0001 eps=0.050000000000000003 G=1 mass=1
Acceleration Kernel: rt
# Step 	 Time 			 Kinetic 			 Potential 			 Total 			 Relative Energy Drift
0 	 0 	 58759436.184000514 	 -116582810.08669029 	 -57823373.902689777 	 0
25 0.0025000000000000001 58617614.945293464 -116440596.69250681 -57822981.747213341 6.781954250818578e-06
# final: N=20000 steps=25 arithmetic_dtype=double max_relative_energy_drift=6.781954250818578e-06 tolerance=0.001 status=OK

--- Performance Profiling Report ---
File Read       : 5.849563e-04 s
File Write      : 1.059462e-03 s
Total Run       : 6.510416e-01 s

--- Step Statistics (25 steps) ---
Total Step      		 Median; 3.441395e-01 s 		 Trimmed Mean: 3.442157e-01 s 		 Standard Deviation: 1.607974e-04 s
First Drift     		 Median; 2.253056e-05 s 		 Trimmed Mean: 2.255641e-05 s 		 Standard Deviation: 8.858081e-08 s
Compute Force   		 Median; 3.440484e-01 s 		 Trimmed Mean: 3.441231e-01 s 		 Standard Deviation: 1.595640e-04 s
Kick            		 Median; 3.734045e-05 s 		 Trimmed Mean: 3.744205e-05 s 		 Standard Deviation: 3.317134e-07 s
Second Drift    		 Median; 3.094971e-05 s 		 Trimmed Mean: 3.122982e-05 s 		 Standard Deviation: 1.294224e-06 s
# Direct N-body DKD
# arithmetic_dtype=double binary_storage=float32 format=nbody-f32-v1
# N=20000 nsteps=25 dt=0.0001 eps=0.050000000000000003 G=1 mass=1
Acceleration Kernel: n
# Step 	 Time 			 Kinetic 			 Potential 			 Total 			 Relative Energy Drift
0 	 0 	 58759436.184000514 	 -116582810.08669029 	 -57823373.902689777 	 0
25 0.0025000000000000001 58622235.411547296 -116445614.25392817 -57823378.842380874 8.5427237519159795e-08
# final: N=20000 steps=25 arithmetic_dtype=double max_relative_energy_drift=8.5427237519159795e-08 tolerance=0.001 status=OK

--- Performance Profiling Report ---
File Read       : 5.929563e-04 s
File Write      : 2.649542e-01 s
Total Run       : 6.507791e-01 s

--- Step Statistics (25 steps) ---
Total Step      		 Median; 3.079943e-01 s 		 Trimmed Mean: 3.079979e-01 s 		 Standard Deviation: 6.411848e-05 s
First Drift     		 Median; 2.259947e-05 s 		 Trimmed Mean: 2.264883e-05 s 		 Standard Deviation: 1.274323e-07 s
Compute Force   		 Median; 3.079099e-01 s 		 Trimmed Mean: 3.079132e-01 s 		 Standard Deviation: 6.363451e-05 s
Kick            		 Median; 3.748015e-05 s 		 Trimmed Mean: 3.771688e-05 s 		 Standard Deviation: 1.231816e-06 s
Second Drift    		 Median; 2.362952e-05 s 		 Trimmed Mean: 2.364167e-05 s 		 Standard Deviation: 6.126030e-08 s
# Direct N-body DKD
# arithmetic_dtype=double binary_storage=float32 format=nbody-f32-v1
# N=20000 nsteps=25 dt=0.0001 eps=0.050000000000000003 G=1 mass=1
Acceleration Kernel: r
# Step 	 Time 			 Kinetic 			 Potential 			 Total 			 Relative Energy Drift
0 	 0 	 58759436.184000514 	 -116582810.08669029 	 -57823373.902689777 	 0
25 0.0025000000000000001 58617614.945293464 -116440596.69250681 -57822981.747213341 6.781954250818578e-06
# final: N=20000 steps=25 arithmetic_dtype=double max_relative_energy_drift=6.781954250818578e-06 tolerance=0.001 status=OK

--- Performance Profiling Report ---
File Read       : 5.636400e-03 s
File Write      : 4.755181e-03 s
Total Run       : 6.509878e-01 s

--- Step Statistics (25 steps) ---
Total Step      		 Median; 2.076602e-01 s 		 Trimmed Mean: 2.076728e-01 s 		 Standard Deviation: 4.094015e-05 s
First Drift     		 Median; 2.261065e-05 s 		 Trimmed Mean: 2.260590e-05 s 		 Standard Deviation: 3.939637e-08 s
Compute Force   		 Median; 2.075817e-01 s 		 Trimmed Mean: 2.075933e-01 s 		 Standard Deviation: 4.095465e-05 s
Kick            		 Median; 3.302936e-05 s 		 Trimmed Mean: 3.300519e-05 s 		 Standard Deviation: 5.858163e-07 s
Second Drift    		 Median; 2.347957e-05 s 		 Trimmed Mean: 2.351230e-05 s 		 Standard Deviation: 1.100667e-07 s
# Direct N-body DKD
# arithmetic_dtype=double binary_storage=float32 format=nbody-f32-v1
# N=20000 nsteps=25 dt=0.0001 eps=0.050000000000000003 G=1 mass=1
Acceleration Kernel: rt
# Step 	 Time 			 Kinetic 			 Potential 			 Total 			 Relative Energy Drift
0 	 0 	 58759436.184000514 	 -116582810.08669029 	 -57823373.902689777 	 0
25 0.0025000000000000001 58617614.945293464 -116440596.69250681 -57822981.747213341 6.781954250818578e-06
# final: N=20000 steps=25 arithmetic_dtype=double max_relative_energy_drift=6.781954250818578e-06 tolerance=0.001 status=OK

--- Performance Profiling Report ---
File Read       : 5.855868e-04 s
File Write      : 3.890383e-02 s
Total Run       : 6.512046e-01 s

--- Step Statistics (25 steps) ---
Total Step      		 Median; 3.465677e-01 s 		 Trimmed Mean: 3.465758e-01 s 		 Standard Deviation: 6.285201e-05 s
First Drift     		 Median; 2.270006e-05 s 		 Trimmed Mean: 2.270267e-05 s 		 Standard Deviation: 7.329952e-08 s
Compute Force   		 Median; 3.464746e-01 s 		 Trimmed Mean: 3.464827e-01 s 		 Standard Deviation: 6.290012e-05 s
Kick            		 Median; 3.839005e-05 s 		 Trimmed Mean: 3.844194e-05 s 		 Standard Deviation: 5.509109e-07 s
Second Drift    		 Median; 3.161002e-05 s 		 Trimmed Mean: 3.165180e-05 s 		 Standard Deviation: 2.725578e-07 s
# Direct N-body DKD
# arithmetic_dtype=double binary_storage=float32 format=nbody-f32-v1
# N=20000 nsteps=25 dt=0.0001 eps=0.050000000000000003 G=1 mass=1
Acceleration Kernel: n
# Step 	 Time 			 Kinetic 			 Potential 			 Total 			 Relative Energy Drift
0 	 0 	 58759436.184000514 	 -116582810.08669029 	 -57823373.902689777 	 0
25 0.0025000000000000001 58622235.411547296 -116445614.25392817 -57823378.842380874 8.5427237519159795e-08
# final: N=20000 steps=25 arithmetic_dtype=double max_relative_energy_drift=8.5427237519159795e-08 tolerance=0.001 status=OK

--- Performance Profiling Report ---
File Read       : 5.898671e-04 s
File Write      : 5.162076e-03 s
Total Run       : 6.513272e-01 s

--- Step Statistics (25 steps) ---
Total Step      		 Median; 3.079908e-01 s 		 Trimmed Mean: 3.079916e-01 s 		 Standard Deviation: 6.539314e-05 s
First Drift     		 Median; 2.259016e-05 s 		 Trimmed Mean: 2.261016e-05 s 		 Standard Deviation: 7.049671e-08 s
Compute Force   		 Median; 3.079103e-01 s 		 Trimmed Mean: 3.079107e-01 s 		 Standard Deviation: 6.342935e-05 s
Kick            		 Median; 3.287010e-05 s 		 Trimmed Mean: 3.304514e-05 s 		 Standard Deviation: 6.059937e-07 s
Second Drift    		 Median; 2.362020e-05 s 		 Trimmed Mean: 2.363617e-05 s 		 Standard Deviation: 6.257099e-08 s
# Direct N-body DKD
# arithmetic_dtype=double binary_storage=float32 format=nbody-f32-v1
# N=20000 nsteps=25 dt=0.0001 eps=0.050000000000000003 G=1 mass=1
Acceleration Kernel: r
# Step 	 Time 			 Kinetic 			 Potential 			 Total 			 Relative Energy Drift
0 	 0 	 58759436.184000514 	 -116582810.08669029 	 -57823373.902689777 	 0
25 0.0025000000000000001 58617614.945293464 -116440596.69250681 -57822981.747213341 6.781954250818578e-06
# final: N=20000 steps=25 arithmetic_dtype=double max_relative_energy_drift=6.781954250818578e-06 tolerance=0.001 status=OK

--- Performance Profiling Report ---
File Read       : 5.852254e-04 s
File Write      : 6.033715e-03 s
Total Run       : 6.524489e-01 s

--- Step Statistics (25 steps) ---
Total Step      		 Median; 2.080156e-01 s 		 Trimmed Mean: 2.080336e-01 s 		 Standard Deviation: 8.575214e-05 s
First Drift     		 Median; 2.251007e-05 s 		 Trimmed Mean: 2.249867e-05 s 		 Standard Deviation: 6.562003e-08 s
Compute Force   		 Median; 2.079369e-01 s 		 Trimmed Mean: 2.079540e-01 s 		 Standard Deviation: 8.680759e-05 s
Kick            		 Median; 3.219023e-05 s 		 Trimmed Mean: 3.266893e-05 s 		 Standard Deviation: 1.433762e-06 s
Second Drift    		 Median; 2.352055e-05 s 		 Trimmed Mean: 2.354663e-05 s 		 Standard Deviation: 9.958746e-08 s
# Direct N-body DKD
# arithmetic_dtype=double binary_storage=float32 format=nbody-f32-v1
# N=20000 nsteps=25 dt=0.0001 eps=0.050000000000000003 G=1 mass=1
Acceleration Kernel: rt
# Step 	 Time 			 Kinetic 			 Potential 			 Total 			 Relative Energy Drift
0 	 0 	 58759436.184000514 	 -116582810.08669029 	 -57823373.902689777 	 0
25 0.0025000000000000001 58617614.945293464 -116440596.69250681 -57822981.747213341 6.781954250818578e-06
# final: N=20000 steps=25 arithmetic_dtype=double max_relative_energy_drift=6.781954250818578e-06 tolerance=0.001 status=OK

--- Performance Profiling Report ---
File Read       : 5.923165e-04 s
File Write      : 2.743720e-03 s
Total Run       : 6.526664e-01 s

--- Step Statistics (25 steps) ---
Total Step      		 Median; 3.449479e-01 s 		 Trimmed Mean: 3.449757e-01 s 		 Standard Deviation: 2.268700e-04 s
First Drift     		 Median; 2.256036e-05 s 		 Trimmed Mean: 2.322120e-05 s 		 Standard Deviation: 1.876982e-06 s
Compute Force   		 Median; 3.448572e-01 s 		 Trimmed Mean: 3.448812e-01 s 		 Standard Deviation: 2.256835e-04 s
Kick            		 Median; 3.790110e-05 s 		 Trimmed Mean: 3.806945e-05 s 		 Standard Deviation: 7.175451e-07 s
Second Drift    		 Median; 3.123097e-05 s 		 Trimmed Mean: 3.136703e-05 s 		 Standard Deviation: 3.561851e-07 s
# Direct N-body DKD
# arithmetic_dtype=double binary_storage=float32 format=nbody-f32-v1
# N=20000 nsteps=25 dt=0.0001 eps=0.050000000000000003 G=1 mass=1
Acceleration Kernel: n
# Step 	 Time 			 Kinetic 			 Potential 			 Total 			 Relative Energy Drift
0 	 0 	 58759436.184000514 	 -116582810.08669029 	 -57823373.902689777 	 0
25 0.0025000000000000001 58622235.411547296 -116445614.25392817 -57823378.842380874 8.5427237519159795e-08
# final: N=20000 steps=25 arithmetic_dtype=double max_relative_energy_drift=8.5427237519159795e-08 tolerance=0.001 status=OK

--- Performance Profiling Report ---
File Read       : 5.871058e-04 s
File Write      : 6.538459e-02 s
Total Run       : 6.514540e-01 s

--- Step Statistics (25 steps) ---
Total Step      		 Median; 3.089619e-01 s 		 Trimmed Mean: 3.089432e-01 s 		 Standard Deviation: 3.075047e-04 s
First Drift     		 Median; 2.273079e-05 s 		 Trimmed Mean: 2.274791e-05 s 		 Standard Deviation: 9.029849e-08 s
Compute Force   		 Median; 3.088820e-01 s 		 Trimmed Mean: 3.088618e-01 s 		 Standard Deviation: 3.071493e-04 s
Kick            		 Median; 3.314018e-05 s 		 Trimmed Mean: 3.317158e-05 s 		 Standard Deviation: 3.638211e-07 s
Second Drift    		 Median; 2.388004e-05 s 		 Trimmed Mean: 2.389157e-05 s 		 Standard Deviation: 4.842406e-08 s
# Direct N-body DKD
# arithmetic_dtype=double binary_storage=float32 format=nbody-f32-v1
# N=20000 nsteps=25 dt=0.0001 eps=0.050000000000000003 G=1 mass=1
Acceleration Kernel: r
# Step 	 Time 			 Kinetic 			 Potential 			 Total 			 Relative Energy Drift
0 	 0 	 58759436.184000514 	 -116582810.08669029 	 -57823373.902689777 	 0
25 0.0025000000000000001 58617614.945293464 -116440596.69250681 -57822981.747213341 6.781954250818578e-06
# final: N=20000 steps=25 arithmetic_dtype=double max_relative_energy_drift=6.781954250818578e-06 tolerance=0.001 status=OK

--- Performance Profiling Report ---
File Read       : 5.863467e-04 s
File Write      : 1.646627e-03 s
Total Run       : 6.516577e-01 s

--- Step Statistics (25 steps) ---
Total Step      		 Median; 2.086119e-01 s 		 Trimmed Mean: 2.089777e-01 s 		 Standard Deviation: 1.070079e-03 s
First Drift     		 Median; 2.238061e-05 s 		 Trimmed Mean: 2.238132e-05 s 		 Standard Deviation: 5.375219e-08 s
Compute Force   		 Median; 2.085343e-01 s 		 Trimmed Mean: 2.088987e-01 s 		 Standard Deviation: 1.070107e-03 s
Kick            		 Median; 3.194995e-05 s 		 Trimmed Mean: 3.206752e-05 s 		 Standard Deviation: 4.604999e-07 s
Second Drift    		 Median; 2.328027e-05 s 		 Trimmed Mean: 2.332449e-05 s 		 Standard Deviation: 1.402171e-07 s
# Direct N-body DKD
# arithmetic_dtype=double binary_storage=float32 format=nbody-f32-v1
# N=20000 nsteps=25 dt=0.0001 eps=0.050000000000000003 G=1 mass=1
Acceleration Kernel: rt
# Step 	 Time 			 Kinetic 			 Potential 			 Total 			 Relative Energy Drift
0 	 0 	 58759436.184000514 	 -116582810.08669029 	 -57823373.902689777 	 0
25 0.0025000000000000001 58617614.945293464 -116440596.69250681 -57822981.747213341 6.781954250818578e-06
# final: N=20000 steps=25 arithmetic_dtype=double max_relative_energy_drift=6.781954250818578e-06 tolerance=0.001 status=OK

--- Performance Profiling Report ---
File Read       : 6.049667e-04 s
File Write      : 2.122623e-03 s
Total Run       : 6.577185e-01 s

--- Step Statistics (25 steps) ---
Total Step      		 Median; 3.495611e-01 s 		 Trimmed Mean: 3.494340e-01 s 		 Standard Deviation: 1.358741e-03 s
First Drift     		 Median; 2.253149e-05 s 		 Trimmed Mean: 2.254785e-05 s 		 Standard Deviation: 1.002866e-07 s
Compute Force   		 Median; 3.494590e-01 s 		 Trimmed Mean: 3.493341e-01 s 		 Standard Deviation: 1.360044e-03 s
Kick            		 Median; 4.339032e-05 s 		 Trimmed Mean: 4.404309e-05 s 		 Standard Deviation: 1.621493e-06 s
Second Drift    		 Median; 3.127009e-05 s 		 Trimmed Mean: 3.183287e-05 s 		 Standard Deviation: 1.644298e-06 s
# Direct N-body DKD
# arithmetic_dtype=double binary_storage=float32 format=nbody-f32-v1
# N=20000 nsteps=25 dt=0.0001 eps=0.050000000000000003 G=1 mass=1
Acceleration Kernel: n
# Step 	 Time 			 Kinetic 			 Potential 			 Total 			 Relative Energy Drift
0 	 0 	 58759436.184000514 	 -116582810.08669029 	 -57823373.902689777 	 0
25 0.0025000000000000001 58622235.411547296 -116445614.25392817 -57823378.842380874 8.5427237519159795e-08
# final: N=20000 steps=25 arithmetic_dtype=double max_relative_energy_drift=8.5427237519159795e-08 tolerance=0.001 status=OK

--- Performance Profiling Report ---
File Read       : 5.788961e-04 s
File Write      : 2.500798e-03 s
Total Run       : 6.529433e-01 s

--- Step Statistics (25 steps) ---
Total Step      		 Median; 3.084813e-01 s 		 Trimmed Mean: 3.084832e-01 s 		 Standard Deviation: 1.583534e-04 s
First Drift     		 Median; 2.273079e-05 s 		 Trimmed Mean: 2.293892e-05 s 		 Standard Deviation: 1.059588e-06 s
Compute Force   		 Median; 3.084018e-01 s 		 Trimmed Mean: 3.084025e-01 s 		 Standard Deviation: 1.570726e-04 s
Kick            		 Median; 3.260002e-05 s 		 Trimmed Mean: 3.268703e-05 s 		 Standard Deviation: 2.967489e-07 s
Second Drift    		 Median; 2.366025e-05 s 		 Trimmed Mean: 2.368642e-05 s 		 Standard Deviation: 1.128956e-07 s
# Direct N-body DKD
# arithmetic_dtype=double binary_storage=float32 format=nbody-f32-v1
# N=20000 nsteps=25 dt=0.0001 eps=0.050000000000000003 G=1 mass=1
Acceleration Kernel: r
# Step 	 Time 			 Kinetic 			 Potential 			 Total 			 Relative Energy Drift
0 	 0 	 58759436.184000514 	 -116582810.08669029 	 -57823373.902689777 	 0
25 0.0025000000000000001 58617614.945293464 -116440596.69250681 -57822981.747213341 6.781954250818578e-06
# final: N=20000 steps=25 arithmetic_dtype=double max_relative_energy_drift=6.781954250818578e-06 tolerance=0.001 status=OK

--- Performance Profiling Report ---
File Read       : 6.185770e-04 s
File Write      : 2.044757e-01 s
Total Run       : 6.513092e-01 s

--- Step Statistics (25 steps) ---
Total Step      		 Median; 2.078227e-01 s 		 Trimmed Mean: 2.078178e-01 s 		 Standard Deviation: 4.868389e-05 s
First Drift     		 Median; 2.267957e-05 s 		 Trimmed Mean: 2.270955e-05 s 		 Standard Deviation: 1.075090e-07 s
Compute Force   		 Median; 2.077443e-01 s 		 Trimmed Mean: 2.077373e-01 s 		 Standard Deviation: 4.782852e-05 s
Kick            		 Median; 3.217068e-05 s 		 Trimmed Mean: 3.233428e-05 s 		 Standard Deviation: 5.358298e-07 s
Second Drift    		 Median; 2.378132e-05 s 		 Trimmed Mean: 2.378593e-05 s 		 Standard Deviation: 5.899833e-08 s
# Direct N-body DKD
# arithmetic_dtype=double binary_storage=float32 format=nbody-f32-v1
# N=20000 nsteps=25 dt=0.0001 eps=0.050000000000000003 G=1 mass=1
Acceleration Kernel: rt
# Step 	 Time 			 Kinetic 			 Potential 			 Total 			 Relative Energy Drift
0 	 0 	 58759436.184000514 	 -116582810.08669029 	 -57823373.902689777 	 0
25 0.0025000000000000001 58617614.945293464 -116440596.69250681 -57822981.747213341 6.781954250818578e-06
# final: N=20000 steps=25 arithmetic_dtype=double max_relative_energy_drift=6.781954250818578e-06 tolerance=0.001 status=OK

--- Performance Profiling Report ---
File Read       : 5.840557e-04 s
File Write      : 6.920709e-02 s
Total Run       : 6.521210e-01 s

--- Step Statistics (25 steps) ---
Total Step      		 Median; 3.385398e-01 s 		 Trimmed Mean: 3.387976e-01 s 		 Standard Deviation: 7.737161e-04 s
First Drift     		 Median; 2.248958e-05 s 		 Trimmed Mean: 2.250506e-05 s 		 Standard Deviation: 6.101845e-08 s
Compute Force   		 Median; 3.384481e-01 s 		 Trimmed Mean: 3.387040e-01 s 		 Standard Deviation: 7.739085e-04 s
Kick            		 Median; 3.844965e-05 s 		 Trimmed Mean: 3.848801e-05 s 		 Standard Deviation: 8.959065e-07 s
Second Drift    		 Median; 3.107078e-05 s 		 Trimmed Mean: 3.104843e-05 s 		 Standard Deviation: 2.460937e-07 s
make[1]: Entering directory '/orfeo/cephfs/scratch/dssc/enricosavorgnan/2026-nbody/experiments/rsqrt-impact'
rm -f main generate_initial_conditions *.o *.bin
cc -std=c11 -I/u/dssc/enricosavorgnan/opt/papi/include -DNBODY_USE_DOUBLE -O3 -march=native -Wall -Wextra -Wpedantic -flto -D_POSIX_C_SOURCE=199309L -DBLOCK_SIZE=128 -DN_RSQRT_LOOP=2 -c main.c -o main.o
cc -std=c11 -I/u/dssc/enricosavorgnan/opt/papi/include -DNBODY_USE_DOUBLE -O3 -march=native -Wall -Wextra -Wpedantic -flto -D_POSIX_C_SOURCE=199309L -DBLOCK_SIZE=128 -DN_RSQRT_LOOP=2 -c integration.c -o integration.o
cc -std=c11 -I/u/dssc/enricosavorgnan/opt/papi/include -DNBODY_USE_DOUBLE -O3 -march=native -Wall -Wextra -Wpedantic -flto -D_POSIX_C_SOURCE=199309L -DBLOCK_SIZE=128 -DN_RSQRT_LOOP=2 -c particles.c -o particles.o
cc -std=c11 -I/u/dssc/enricosavorgnan/opt/papi/include -DNBODY_USE_DOUBLE -O3 -march=native -Wall -Wextra -Wpedantic -flto -D_POSIX_C_SOURCE=199309L -DBLOCK_SIZE=128 -DN_RSQRT_LOOP=2 -c profiling.c -o profiling.o
cc -std=c11 -I/u/dssc/enricosavorgnan/opt/papi/include -DNBODY_USE_DOUBLE -O3 -march=native -Wall -Wextra -Wpedantic -flto -D_POSIX_C_SOURCE=199309L -DBLOCK_SIZE=128 -DN_RSQRT_LOOP=2 -c utils.c -o utils.o
cc -std=c11 -O3 -march=native -Wall -Wextra -Wpedantic -flto -D_POSIX_C_SOURCE=199309L -DBLOCK_SIZE=128 -DN_RSQRT_LOOP=2 -L/u/dssc/enricosavorgnan/opt/papi/lib -Wl,-rpath,/u/dssc/enricosavorgnan/opt/papi/lib -o main main.o integration.o particles.o profiling.o utils.o -lm
cc -std=c11 -I/u/dssc/enricosavorgnan/opt/papi/include -DNBODY_USE_DOUBLE -O3 -march=native -Wall -Wextra -Wpedantic -flto -D_POSIX_C_SOURCE=199309L -DBLOCK_SIZE=128 -DN_RSQRT_LOOP=2 -L/u/dssc/enricosavorgnan/opt/papi/lib -Wl,-rpath,/u/dssc/enricosavorgnan/opt/papi/lib -o generate_initial_conditions generate_initial_conditions.c -lm
make[1]: Leaving directory '/orfeo/cephfs/scratch/dssc/enricosavorgnan/2026-nbody/experiments/rsqrt-impact'
# Direct N-body DKD
# arithmetic_dtype=double binary_storage=float32 format=nbody-f32-v1
# N=20000 nsteps=25 dt=0.0001 eps=0.050000000000000003 G=1 mass=1
Acceleration Kernel: n
# Step 	 Time 			 Kinetic 			 Potential 			 Total 			 Relative Energy Drift
0 	 0 	 58759436.184000514 	 -116582810.08669029 	 -57823373.902689777 	 0
25 0.0025000000000000001 58622235.411547296 -116445614.25392817 -57823378.842380874 8.5427237519159795e-08
# final: N=20000 steps=25 arithmetic_dtype=double max_relative_energy_drift=8.5427237519159795e-08 tolerance=0.001 status=OK

--- Performance Profiling Report ---
File Read       : 6.053662e-04 s
File Write      : 8.559590e-04 s
Total Run       : 6.514229e-01 s

--- Step Statistics (25 steps) ---
Total Step      		 Median; 3.086902e-01 s 		 Trimmed Mean: 3.087596e-01 s 		 Standard Deviation: 2.372692e-04 s
First Drift     		 Median; 2.255011e-05 s 		 Trimmed Mean: 2.282836e-05 s 		 Standard Deviation: 1.236769e-06 s
Compute Force   		 Median; 3.086116e-01 s 		 Trimmed Mean: 3.086782e-01 s 		 Standard Deviation: 2.371296e-04 s
Kick            		 Median; 3.267080e-05 s 		 Trimmed Mean: 3.277688e-05 s 		 Standard Deviation: 5.635102e-07 s
Second Drift    		 Median; 2.381951e-05 s 		 Trimmed Mean: 2.411425e-05 s 		 Standard Deviation: 9.822362e-07 s
# Direct N-body DKD
# arithmetic_dtype=double binary_storage=float32 format=nbody-f32-v1
# N=20000 nsteps=25 dt=0.0001 eps=0.050000000000000003 G=1 mass=1
Acceleration Kernel: r
# Step 	 Time 			 Kinetic 			 Potential 			 Total 			 Relative Energy Drift
0 	 0 	 58759436.184000514 	 -116582810.08669029 	 -57823373.902689777 	 0
25 0.0025000000000000001 58622226.386271916 -116445604.48435317 -57823378.098081253 7.2555286780994456e-08
# final: N=20000 steps=25 arithmetic_dtype=double max_relative_energy_drift=7.2555286780994456e-08 tolerance=0.001 status=OK

--- Performance Profiling Report ---
File Read       : 5.882755e-04 s
File Write      : 5.423138e-03 s
Total Run       : 6.517005e-01 s

--- Step Statistics (25 steps) ---
Total Step      		 Median; 2.585817e-01 s 		 Trimmed Mean: 2.585952e-01 s 		 Standard Deviation: 8.274502e-05 s
First Drift     		 Median; 2.244022e-05 s 		 Trimmed Mean: 2.259575e-05 s 		 Standard Deviation: 8.104797e-07 s
Compute Force   		 Median; 2.584979e-01 s 		 Trimmed Mean: 2.585065e-01 s 		 Standard Deviation: 7.991504e-05 s
Kick            		 Median; 3.890973e-05 s 		 Trimmed Mean: 3.882724e-05 s 		 Standard Deviation: 9.448101e-07 s
Second Drift    		 Median; 2.360996e-05 s 		 Trimmed Mean: 2.409176e-05 s 		 Standard Deviation: 1.204757e-06 s
# Direct N-body DKD
# arithmetic_dtype=double binary_storage=float32 format=nbody-f32-v1
# N=20000 nsteps=25 dt=0.0001 eps=0.050000000000000003 G=1 mass=1
Acceleration Kernel: rt
# Step 	 Time 			 Kinetic 			 Potential 			 Total 			 Relative Energy Drift
0 	 0 	 58759436.184000514 	 -116582810.08669029 	 -57823373.902689777 	 0
25 0.0025000000000000001 58622226.386271916 -116445604.48435317 -57823378.098081253 7.2555286780994456e-08
# final: N=20000 steps=25 arithmetic_dtype=double max_relative_energy_drift=7.2555286780994456e-08 tolerance=0.001 status=OK

--- Performance Profiling Report ---
File Read       : 5.814359e-04 s
File Write      : 1.711015e-01 s
Total Run       : 6.515432e-01 s

--- Step Statistics (25 steps) ---
Total Step      		 Median; 4.086725e-01 s 		 Trimmed Mean: 4.087487e-01 s 		 Standard Deviation: 1.959618e-04 s
First Drift     		 Median; 2.251007e-05 s 		 Trimmed Mean: 2.255153e-05 s 		 Standard Deviation: 6.870877e-08 s
Compute Force   		 Median; 4.085798e-01 s 		 Trimmed Mean: 4.086544e-01 s 		 Standard Deviation: 1.967174e-04 s
Kick            		 Median; 3.860984e-05 s 		 Trimmed Mean: 3.871481e-05 s 		 Standard Deviation: 8.434409e-07 s
Second Drift    		 Median; 3.136043e-05 s 		 Trimmed Mean: 3.137737e-05 s 		 Standard Deviation: 3.585151e-07 s
# Direct N-body DKD
# arithmetic_dtype=double binary_storage=float32 format=nbody-f32-v1
# N=20000 nsteps=25 dt=0.0001 eps=0.050000000000000003 G=1 mass=1
Acceleration Kernel: n
# Step 	 Time 			 Kinetic 			 Potential 			 Total 			 Relative Energy Drift
0 	 0 	 58759436.184000514 	 -116582810.08669029 	 -57823373.902689777 	 0
25 0.0025000000000000001 58622235.411547296 -116445614.25392817 -57823378.842380874 8.5427237519159795e-08
# final: N=20000 steps=25 arithmetic_dtype=double max_relative_energy_drift=8.5427237519159795e-08 tolerance=0.001 status=OK

--- Performance Profiling Report ---
File Read       : 5.769162e-04 s
File Write      : 1.345751e-01 s
Total Run       : 6.514743e-01 s

--- Step Statistics (25 steps) ---
Total Step      		 Median; 3.082622e-01 s 		 Trimmed Mean: 3.082313e-01 s 		 Standard Deviation: 1.409268e-04 s
First Drift     		 Median; 2.263952e-05 s 		 Trimmed Mean: 2.264418e-05 s 		 Standard Deviation: 8.210995e-08 s
Compute Force   		 Median; 3.081751e-01 s 		 Trimmed Mean: 3.081424e-01 s 		 Standard Deviation: 1.413635e-04 s
Kick            		 Median; 4.015956e-05 s 		 Trimmed Mean: 4.016111e-05 s 		 Standard Deviation: 4.040264e-07 s
Second Drift    		 Median; 2.385955e-05 s 		 Trimmed Mean: 2.390976e-05 s 		 Standard Deviation: 1.489894e-07 s
# Direct N-body DKD
# arithmetic_dtype=double binary_storage=float32 format=nbody-f32-v1
# N=20000 nsteps=25 dt=0.0001 eps=0.050000000000000003 G=1 mass=1
Acceleration Kernel: r
# Step 	 Time 			 Kinetic 			 Potential 			 Total 			 Relative Energy Drift
0 	 0 	 58759436.184000514 	 -116582810.08669029 	 -57823373.902689777 	 0
25 0.0025000000000000001 58622226.386271916 -116445604.48435317 -57823378.098081253 7.2555286780994456e-08
# final: N=20000 steps=25 arithmetic_dtype=double max_relative_energy_drift=7.2555286780994456e-08 tolerance=0.001 status=OK

--- Performance Profiling Report ---
File Read       : 5.836859e-04 s
File Write      : 2.105674e-01 s
Total Run       : 6.516004e-01 s

--- Step Statistics (25 steps) ---
Total Step      		 Median; 2.589768e-01 s 		 Trimmed Mean: 2.589921e-01 s 		 Standard Deviation: 7.721227e-05 s
First Drift     		 Median; 2.251007e-05 s 		 Trimmed Mean: 2.252240e-05 s 		 Standard Deviation: 8.378054e-08 s
Compute Force   		 Median; 2.588890e-01 s 		 Trimmed Mean: 2.589038e-01 s 		 Standard Deviation: 7.680191e-05 s
Kick            		 Median; 4.113093e-05 s 		 Trimmed Mean: 4.122477e-05 s 		 Standard Deviation: 4.722018e-07 s
Second Drift    		 Median; 2.371985e-05 s 		 Trimmed Mean: 2.386399e-05 s 		 Standard Deviation: 6.760508e-07 s
# Direct N-body DKD
# arithmetic_dtype=double binary_storage=float32 format=nbody-f32-v1
# N=20000 nsteps=25 dt=0.0001 eps=0.050000000000000003 G=1 mass=1
Acceleration Kernel: rt
# Step 	 Time 			 Kinetic 			 Potential 			 Total 			 Relative Energy Drift
0 	 0 	 58759436.184000514 	 -116582810.08669029 	 -57823373.902689777 	 0
25 0.0025000000000000001 58622226.386271916 -116445604.48435317 -57823378.098081253 7.2555286780994456e-08
# final: N=20000 steps=25 arithmetic_dtype=double max_relative_energy_drift=7.2555286780994456e-08 tolerance=0.001 status=OK

--- Performance Profiling Report ---
File Read       : 5.898373e-04 s
File Write      : 1.005028e-02 s
Total Run       : 6.518236e-01 s

--- Step Statistics (25 steps) ---
Total Step      		 Median; 4.061638e-01 s 		 Trimmed Mean: 4.061814e-01 s 		 Standard Deviation: 1.037497e-04 s
First Drift     		 Median; 2.238993e-05 s 		 Trimmed Mean: 2.241170e-05 s 		 Standard Deviation: 6.943045e-08 s
Compute Force   		 Median; 4.060731e-01 s 		 Trimmed Mean: 4.060879e-01 s 		 Standard Deviation: 1.038064e-04 s
Kick            		 Median; 3.748108e-05 s 		 Trimmed Mean: 3.777475e-05 s 		 Standard Deviation: 1.035002e-06 s
Second Drift    		 Median; 3.152061e-05 s 		 Trimmed Mean: 3.149653e-05 s 		 Standard Deviation: 3.626831e-07 s
# Direct N-body DKD
# arithmetic_dtype=double binary_storage=float32 format=nbody-f32-v1
# N=20000 nsteps=25 dt=0.0001 eps=0.050000000000000003 G=1 mass=1
Acceleration Kernel: n
# Step 	 Time 			 Kinetic 			 Potential 			 Total 			 Relative Energy Drift
0 	 0 	 58759436.184000514 	 -116582810.08669029 	 -57823373.902689777 	 0
25 0.0025000000000000001 58622235.411547296 -116445614.25392817 -57823378.842380874 8.5427237519159795e-08
# final: N=20000 steps=25 arithmetic_dtype=double max_relative_energy_drift=8.5427237519159795e-08 tolerance=0.001 status=OK

--- Performance Profiling Report ---
File Read       : 5.895067e-04 s
File Write      : 2.610288e-03 s
Total Run       : 6.516011e-01 s

--- Step Statistics (25 steps) ---
Total Step      		 Median; 3.086381e-01 s 		 Trimmed Mean: 3.086506e-01 s 		 Standard Deviation: 1.124502e-04 s
First Drift     		 Median; 2.247002e-05 s 		 Trimmed Mean: 2.247601e-05 s 		 Standard Deviation: 7.935839e-08 s
Compute Force   		 Median; 3.085599e-01 s 		 Trimmed Mean: 3.085710e-01 s 		 Standard Deviation: 1.136619e-04 s
Kick            		 Median; 3.208034e-05 s 		 Trimmed Mean: 3.222709e-05 s 		 Standard Deviation: 3.570037e-07 s
Second Drift    		 Median; 2.349075e-05 s 		 Trimmed Mean: 2.351922e-05 s 		 Standard Deviation: 1.209994e-07 s
# Direct N-body DKD
# arithmetic_dtype=double binary_storage=float32 format=nbody-f32-v1
# N=20000 nsteps=25 dt=0.0001 eps=0.050000000000000003 G=1 mass=1
Acceleration Kernel: r
# Step 	 Time 			 Kinetic 			 Potential 			 Total 			 Relative Energy Drift
0 	 0 	 58759436.184000514 	 -116582810.08669029 	 -57823373.902689777 	 0
25 0.0025000000000000001 58622226.386271916 -116445604.48435317 -57823378.098081253 7.2555286780994456e-08
# final: N=20000 steps=25 arithmetic_dtype=double max_relative_energy_drift=7.2555286780994456e-08 tolerance=0.001 status=OK

--- Performance Profiling Report ---
File Read       : 5.772859e-04 s
File Write      : 1.163269e-01 s
Total Run       : 6.523649e-01 s

--- Step Statistics (25 steps) ---
Total Step      		 Median; 2.587595e-01 s 		 Trimmed Mean: 2.587627e-01 s 		 Standard Deviation: 5.475967e-05 s
First Drift     		 Median; 2.259016e-05 s 		 Trimmed Mean: 2.284689e-05 s 		 Standard Deviation: 1.173797e-06 s
Compute Force   		 Median; 2.586738e-01 s 		 Trimmed Mean: 2.586811e-01 s 		 Standard Deviation: 5.512295e-05 s
Kick            		 Median; 3.325101e-05 s 		 Trimmed Mean: 3.315566e-05 s 		 Standard Deviation: 4.804821e-07 s
Second Drift    		 Median; 2.372079e-05 s 		 Trimmed Mean: 2.403788e-05 s 		 Standard Deviation: 1.331937e-06 s
# Direct N-body DKD
# arithmetic_dtype=double binary_storage=float32 format=nbody-f32-v1
# N=20000 nsteps=25 dt=0.0001 eps=0.050000000000000003 G=1 mass=1
Acceleration Kernel: rt
# Step 	 Time 			 Kinetic 			 Potential 			 Total 			 Relative Energy Drift
0 	 0 	 58759436.184000514 	 -116582810.08669029 	 -57823373.902689777 	 0
25 0.0025000000000000001 58622226.386271916 -116445604.48435317 -57823378.098081253 7.2555286780994456e-08
# final: N=20000 steps=25 arithmetic_dtype=double max_relative_energy_drift=7.2555286780994456e-08 tolerance=0.001 status=OK

--- Performance Profiling Report ---
File Read       : 5.787853e-04 s
File Write      : 2.274854e-03 s
Total Run       : 6.512441e-01 s

--- Step Statistics (25 steps) ---
Total Step      		 Median; 4.086984e-01 s 		 Trimmed Mean: 4.087589e-01 s 		 Standard Deviation: 2.412939e-04 s
First Drift     		 Median; 2.247002e-05 s 		 Trimmed Mean: 2.247734e-05 s 		 Standard Deviation: 7.166159e-08 s
Compute Force   		 Median; 4.086058e-01 s 		 Trimmed Mean: 4.086671e-01 s 		 Standard Deviation: 2.406195e-04 s
Kick            		 Median; 3.705081e-05 s 		 Trimmed Mean: 3.701777e-05 s 		 Standard Deviation: 5.996935e-07 s
Second Drift    		 Median; 3.159046e-05 s 		 Trimmed Mean: 3.161073e-05 s 		 Standard Deviation: 4.997562e-07 s
# Direct N-body DKD
# arithmetic_dtype=double binary_storage=float32 format=nbody-f32-v1
# N=20000 nsteps=25 dt=0.0001 eps=0.050000000000000003 G=1 mass=1
Acceleration Kernel: n
# Step 	 Time 			 Kinetic 			 Potential 			 Total 			 Relative Energy Drift
0 	 0 	 58759436.184000514 	 -116582810.08669029 	 -57823373.902689777 	 0
25 0.0025000000000000001 58622235.411547296 -116445614.25392817 -57823378.842380874 8.5427237519159795e-08
# final: N=20000 steps=25 arithmetic_dtype=double max_relative_energy_drift=8.5427237519159795e-08 tolerance=0.001 status=OK

--- Performance Profiling Report ---
File Read       : 6.052768e-04 s
File Write      : 1.181274e-02 s
Total Run       : 6.513804e-01 s

--- Step Statistics (25 steps) ---
Total Step      		 Median; 3.086202e-01 s 		 Trimmed Mean: 3.085429e-01 s 		 Standard Deviation: 2.208896e-04 s
First Drift     		 Median; 2.590008e-05 s 		 Trimmed Mean: 2.589356e-05 s 		 Standard Deviation: 1.405826e-07 s
Compute Force   		 Median; 3.085249e-01 s 		 Trimmed Mean: 3.084449e-01 s 		 Standard Deviation: 2.235148e-04 s
Kick            		 Median; 4.280079e-05 s 		 Trimmed Mean: 4.276757e-05 s 		 Standard Deviation: 9.658732e-07 s
Second Drift    		 Median; 2.616923e-05 s 		 Trimmed Mean: 2.616981e-05 s 		 Standard Deviation: 1.459635e-07 s
# Direct N-body DKD
# arithmetic_dtype=double binary_storage=float32 format=nbody-f32-v1
# N=20000 nsteps=25 dt=0.0001 eps=0.050000000000000003 G=1 mass=1
Acceleration Kernel: r
# Step 	 Time 			 Kinetic 			 Potential 			 Total 			 Relative Energy Drift
0 	 0 	 58759436.184000514 	 -116582810.08669029 	 -57823373.902689777 	 0
25 0.0025000000000000001 58622226.386271916 -116445604.48435317 -57823378.098081253 7.2555286780994456e-08
# final: N=20000 steps=25 arithmetic_dtype=double max_relative_energy_drift=7.2555286780994456e-08 tolerance=0.001 status=OK

--- Performance Profiling Report ---
File Read       : 5.826456e-04 s
File Write      : 2.547517e-03 s
Total Run       : 6.516598e-01 s

--- Step Statistics (25 steps) ---
Total Step      		 Median; 2.584327e-01 s 		 Trimmed Mean: 2.584278e-01 s 		 Standard Deviation: 9.484635e-05 s
First Drift     		 Median; 2.251007e-05 s 		 Trimmed Mean: 2.251880e-05 s 		 Standard Deviation: 6.252556e-08 s
Compute Force   		 Median; 2.583509e-01 s 		 Trimmed Mean: 2.583466e-01 s 		 Standard Deviation: 9.385841e-05 s
Kick            		 Median; 3.299024e-05 s 		 Trimmed Mean: 3.306328e-05 s 		 Standard Deviation: 7.445033e-07 s
Second Drift    		 Median; 2.382975e-05 s 		 Trimmed Mean: 2.382492e-05 s 		 Standard Deviation: 6.026731e-08 s
# Direct N-body DKD
# arithmetic_dtype=double binary_storage=float32 format=nbody-f32-v1
# N=20000 nsteps=25 dt=0.0001 eps=0.050000000000000003 G=1 mass=1
Acceleration Kernel: rt
# Step 	 Time 			 Kinetic 			 Potential 			 Total 			 Relative Energy Drift
0 	 0 	 58759436.184000514 	 -116582810.08669029 	 -57823373.902689777 	 0
25 0.0025000000000000001 58622226.386271916 -116445604.48435317 -57823378.098081253 7.2555286780994456e-08
# final: N=20000 steps=25 arithmetic_dtype=double max_relative_energy_drift=7.2555286780994456e-08 tolerance=0.001 status=OK

--- Performance Profiling Report ---
File Read       : 5.880669e-04 s
File Write      : 2.351465e-03 s
Total Run       : 6.513320e-01 s

--- Step Statistics (25 steps) ---
Total Step      		 Median; 4.060589e-01 s 		 Trimmed Mean: 4.060846e-01 s 		 Standard Deviation: 1.080070e-04 s
First Drift     		 Median; 2.271123e-05 s 		 Trimmed Mean: 2.273611e-05 s 		 Standard Deviation: 9.574377e-08 s
Compute Force   		 Median; 4.059667e-01 s 		 Trimmed Mean: 4.059908e-01 s 		 Standard Deviation: 1.062243e-04 s
Kick            		 Median; 3.864989e-05 s 		 Trimmed Mean: 3.862510e-05 s 		 Standard Deviation: 4.582628e-07 s
Second Drift    		 Median; 3.110990e-05 s 		 Trimmed Mean: 3.129022e-05 s 		 Standard Deviation: 4.994821e-07 s
# Direct N-body DKD
# arithmetic_dtype=double binary_storage=float32 format=nbody-f32-v1
# N=20000 nsteps=25 dt=0.0001 eps=0.050000000000000003 G=1 mass=1
Acceleration Kernel: n
# Step 	 Time 			 Kinetic 			 Potential 			 Total 			 Relative Energy Drift
0 	 0 	 58759436.184000514 	 -116582810.08669029 	 -57823373.902689777 	 0
25 0.0025000000000000001 58622235.411547296 -116445614.25392817 -57823378.842380874 8.5427237519159795e-08
# final: N=20000 steps=25 arithmetic_dtype=double max_relative_energy_drift=8.5427237519159795e-08 tolerance=0.001 status=OK

--- Performance Profiling Report ---
File Read       : 5.784258e-04 s
File Write      : 2.646935e-01 s
Total Run       : 6.509210e-01 s

--- Step Statistics (25 steps) ---
Total Step      		 Median; 3.079567e-01 s 		 Trimmed Mean: 3.079525e-01 s 		 Standard Deviation: 7.817537e-05 s
First Drift     		 Median; 2.248026e-05 s 		 Trimmed Mean: 2.248035e-05 s 		 Standard Deviation: 5.519508e-08 s
Compute Force   		 Median; 3.078781e-01 s 		 Trimmed Mean: 3.078728e-01 s 		 Standard Deviation: 7.743119e-05 s
Kick            		 Median; 3.296044e-05 s 		 Trimmed Mean: 3.304709e-05 s 		 Standard Deviation: 3.237259e-07 s
Second Drift    		 Median; 2.344139e-05 s 		 Trimmed Mean: 2.348773e-05 s 		 Standard Deviation: 9.158039e-08 s
# Direct N-body DKD
# arithmetic_dtype=double binary_storage=float32 format=nbody-f32-v1
# N=20000 nsteps=25 dt=0.0001 eps=0.050000000000000003 G=1 mass=1
Acceleration Kernel: r
# Step 	 Time 			 Kinetic 			 Potential 			 Total 			 Relative Energy Drift
0 	 0 	 58759436.184000514 	 -116582810.08669029 	 -57823373.902689777 	 0
25 0.0025000000000000001 58622226.386271916 -116445604.48435317 -57823378.098081253 7.2555286780994456e-08
# final: N=20000 steps=25 arithmetic_dtype=double max_relative_energy_drift=7.2555286780994456e-08 tolerance=0.001 status=OK

--- Performance Profiling Report ---
File Read       : 5.913274e-04 s
File Write      : 4.003743e-03 s
Total Run       : 6.511461e-01 s

--- Step Statistics (25 steps) ---
Total Step      		 Median; 2.583785e-01 s 		 Trimmed Mean: 2.584087e-01 s 		 Standard Deviation: 1.584857e-04 s
First Drift     		 Median; 2.233963e-05 s 		 Trimmed Mean: 2.233693e-05 s 		 Standard Deviation: 5.710249e-08 s
Compute Force   		 Median; 2.583007e-01 s 		 Trimmed Mean: 2.583290e-01 s 		 Standard Deviation: 1.571164e-04 s
Kick            		 Median; 3.245007e-05 s 		 Trimmed Mean: 3.253185e-05 s 		 Standard Deviation: 8.634765e-07 s
Second Drift    		 Median; 2.330076e-05 s 		 Trimmed Mean: 2.335207e-05 s 		 Standard Deviation: 9.357553e-08 s
# Direct N-body DKD
# arithmetic_dtype=double binary_storage=float32 format=nbody-f32-v1
# N=20000 nsteps=25 dt=0.0001 eps=0.050000000000000003 G=1 mass=1
Acceleration Kernel: rt
# Step 	 Time 			 Kinetic 			 Potential 			 Total 			 Relative Energy Drift
0 	 0 	 58759436.184000514 	 -116582810.08669029 	 -57823373.902689777 	 0
25 0.0025000000000000001 58622226.386271916 -116445604.48435317 -57823378.098081253 7.2555286780994456e-08
# final: N=20000 steps=25 arithmetic_dtype=double max_relative_energy_drift=7.2555286780994456e-08 tolerance=0.001 status=OK

--- Performance Profiling Report ---
File Read       : 5.936772e-04 s
File Write      : 1.985476e-02 s
Total Run       : 6.516049e-01 s

--- Step Statistics (25 steps) ---
Total Step      		 Median; 4.087466e-01 s 		 Trimmed Mean: 4.087272e-01 s 		 Standard Deviation: 1.614911e-04 s
First Drift     		 Median; 2.250914e-05 s 		 Trimmed Mean: 2.251641e-05 s 		 Standard Deviation: 7.976904e-08 s
Compute Force   		 Median; 4.086557e-01 s 		 Trimmed Mean: 4.086334e-01 s 		 Standard Deviation: 1.612822e-04 s
Kick            		 Median; 3.844034e-05 s 		 Trimmed Mean: 3.846806e-05 s 		 Standard Deviation: 5.501270e-07 s
Second Drift    		 Median; 3.169943e-05 s 		 Trimmed Mean: 3.171278e-05 s 		 Standard Deviation: 2.994267e-07 s
make[1]: Entering directory '/orfeo/cephfs/scratch/dssc/enricosavorgnan/2026-nbody/experiments/rsqrt-impact'
rm -f main generate_initial_conditions *.o *.bin
cc -std=c11 -I/u/dssc/enricosavorgnan/opt/papi/include -DNBODY_USE_DOUBLE -O3 -march=native -Wall -Wextra -Wpedantic -flto -D_POSIX_C_SOURCE=199309L -DBLOCK_SIZE=128 -DN_RSQRT_LOOP=3 -c main.c -o main.o
cc -std=c11 -I/u/dssc/enricosavorgnan/opt/papi/include -DNBODY_USE_DOUBLE -O3 -march=native -Wall -Wextra -Wpedantic -flto -D_POSIX_C_SOURCE=199309L -DBLOCK_SIZE=128 -DN_RSQRT_LOOP=3 -c integration.c -o integration.o
cc -std=c11 -I/u/dssc/enricosavorgnan/opt/papi/include -DNBODY_USE_DOUBLE -O3 -march=native -Wall -Wextra -Wpedantic -flto -D_POSIX_C_SOURCE=199309L -DBLOCK_SIZE=128 -DN_RSQRT_LOOP=3 -c particles.c -o particles.o
cc -std=c11 -I/u/dssc/enricosavorgnan/opt/papi/include -DNBODY_USE_DOUBLE -O3 -march=native -Wall -Wextra -Wpedantic -flto -D_POSIX_C_SOURCE=199309L -DBLOCK_SIZE=128 -DN_RSQRT_LOOP=3 -c profiling.c -o profiling.o
cc -std=c11 -I/u/dssc/enricosavorgnan/opt/papi/include -DNBODY_USE_DOUBLE -O3 -march=native -Wall -Wextra -Wpedantic -flto -D_POSIX_C_SOURCE=199309L -DBLOCK_SIZE=128 -DN_RSQRT_LOOP=3 -c utils.c -o utils.o
cc -std=c11 -O3 -march=native -Wall -Wextra -Wpedantic -flto -D_POSIX_C_SOURCE=199309L -DBLOCK_SIZE=128 -DN_RSQRT_LOOP=3 -L/u/dssc/enricosavorgnan/opt/papi/lib -Wl,-rpath,/u/dssc/enricosavorgnan/opt/papi/lib -o main main.o integration.o particles.o profiling.o utils.o -lm
cc -std=c11 -I/u/dssc/enricosavorgnan/opt/papi/include -DNBODY_USE_DOUBLE -O3 -march=native -Wall -Wextra -Wpedantic -flto -D_POSIX_C_SOURCE=199309L -DBLOCK_SIZE=128 -DN_RSQRT_LOOP=3 -L/u/dssc/enricosavorgnan/opt/papi/lib -Wl,-rpath,/u/dssc/enricosavorgnan/opt/papi/lib -o generate_initial_conditions generate_initial_conditions.c -lm
make[1]: Leaving directory '/orfeo/cephfs/scratch/dssc/enricosavorgnan/2026-nbody/experiments/rsqrt-impact'
# Direct N-body DKD
# arithmetic_dtype=double binary_storage=float32 format=nbody-f32-v1
# N=20000 nsteps=25 dt=0.0001 eps=0.050000000000000003 G=1 mass=1
Acceleration Kernel: n
# Step 	 Time 			 Kinetic 			 Potential 			 Total 			 Relative Energy Drift
0 	 0 	 58759436.184000514 	 -116582810.08669029 	 -57823373.902689777 	 0
25 0.0025000000000000001 58622235.411547296 -116445614.25392817 -57823378.842380874 8.5427237519159795e-08
# final: N=20000 steps=25 arithmetic_dtype=double max_relative_energy_drift=8.5427237519159795e-08 tolerance=0.001 status=OK

--- Performance Profiling Report ---
File Read       : 6.006360e-04 s
File Write      : 1.076161e-03 s
Total Run       : 6.522021e-01 s

--- Step Statistics (25 steps) ---
Total Step      		 Median; 3.091732e-01 s 		 Trimmed Mean: 3.091570e-01 s 		 Standard Deviation: 1.067878e-03 s
First Drift     		 Median; 2.265070e-05 s 		 Trimmed Mean: 2.266808e-05 s 		 Standard Deviation: 9.390266e-08 s
Compute Force   		 Median; 3.090945e-01 s 		 Trimmed Mean: 3.090772e-01 s 		 Standard Deviation: 1.067571e-03 s
Kick            		 Median; 3.205985e-05 s 		 Trimmed Mean: 3.214371e-05 s 		 Standard Deviation: 4.833652e-07 s
Second Drift    		 Median; 2.384000e-05 s 		 Trimmed Mean: 2.384212e-05 s 		 Standard Deviation: 7.388910e-08 s
# Direct N-body DKD
# arithmetic_dtype=double binary_storage=float32 format=nbody-f32-v1
# N=20000 nsteps=25 dt=0.0001 eps=0.050000000000000003 G=1 mass=1
Acceleration Kernel: r
# Step 	 Time 			 Kinetic 			 Potential 			 Total 			 Relative Energy Drift
0 	 0 	 58759436.184000514 	 -116582810.08669029 	 -57823373.902689777 	 0
25 0.0025000000000000001 58622235.411503732 -116445614.25388102 -57823378.84237729 8.542717554198646e-08
# final: N=20000 steps=25 arithmetic_dtype=double max_relative_energy_drift=8.542717554198646e-08 tolerance=0.001 status=OK

--- Performance Profiling Report ---
File Read       : 6.582271e-04 s
File Write      : 4.377658e-03 s
Total Run       : 6.563569e-01 s

--- Step Statistics (25 steps) ---
Total Step      		 Median; 3.092155e-01 s 		 Trimmed Mean: 3.096137e-01 s 		 Standard Deviation: 1.268343e-03 s
First Drift     		 Median; 2.257060e-05 s 		 Trimmed Mean: 2.258812e-05 s 		 Standard Deviation: 6.585421e-08 s
Compute Force   		 Median; 3.091366e-01 s 		 Trimmed Mean: 3.095333e-01 s 		 Standard Deviation: 1.267037e-03 s
Kick            		 Median; 3.265124e-05 s 		 Trimmed Mean: 3.267248e-05 s 		 Standard Deviation: 4.885847e-07 s
Second Drift    		 Median; 2.369098e-05 s 		 Trimmed Mean: 2.372779e-05 s 		 Standard Deviation: 1.032101e-07 s
# Direct N-body DKD
# arithmetic_dtype=double binary_storage=float32 format=nbody-f32-v1
# N=20000 nsteps=25 dt=0.0001 eps=0.050000000000000003 G=1 mass=1
Acceleration Kernel: rt
# Step 	 Time 			 Kinetic 			 Potential 			 Total 			 Relative Energy Drift
0 	 0 	 58759436.184000514 	 -116582810.08669029 	 -57823373.902689777 	 0
25 0.0025000000000000001 58622235.411503732 -116445614.25388102 -57823378.84237729 8.542717554198646e-08
# final: N=20000 steps=25 arithmetic_dtype=double max_relative_energy_drift=8.542717554198646e-08 tolerance=0.001 status=OK

--- Performance Profiling Report ---
File Read       : 5.965959e-04 s
File Write      : 1.436580e-02 s
Total Run       : 6.540589e-01 s

--- Step Statistics (25 steps) ---
Total Step      		 Median; 4.622496e-01 s 		 Trimmed Mean: 4.629218e-01 s 		 Standard Deviation: 2.154007e-03 s
First Drift     		 Median; 2.241042e-05 s 		 Trimmed Mean: 2.253552e-05 s 		 Standard Deviation: 6.529538e-07 s
Compute Force   		 Median; 4.621425e-01 s 		 Trimmed Mean: 4.628247e-01 s 		 Standard Deviation: 2.154762e-03 s
Kick            		 Median; 3.858097e-05 s 		 Trimmed Mean: 3.884653e-05 s 		 Standard Deviation: 1.080863e-06 s
Second Drift    		 Median; 3.239978e-05 s 		 Trimmed Mean: 3.333745e-05 s 		 Standard Deviation: 2.585238e-06 s
# Direct N-body DKD
# arithmetic_dtype=double binary_storage=float32 format=nbody-f32-v1
# N=20000 nsteps=25 dt=0.0001 eps=0.050000000000000003 G=1 mass=1
Acceleration Kernel: n
# Step 	 Time 			 Kinetic 			 Potential 			 Total 			 Relative Energy Drift
0 	 0 	 58759436.184000514 	 -116582810.08669029 	 -57823373.902689777 	 0
25 0.0025000000000000001 58622235.411547296 -116445614.25392817 -57823378.842380874 8.5427237519159795e-08
# final: N=20000 steps=25 arithmetic_dtype=double max_relative_energy_drift=8.5427237519159795e-08 tolerance=0.001 status=OK

--- Performance Profiling Report ---
File Read       : 6.142259e-04 s
File Write      : 5.310318e-03 s
Total Run       : 6.583189e-01 s

--- Step Statistics (25 steps) ---
Total Step      		 Median; 3.100590e-01 s 		 Trimmed Mean: 3.100089e-01 s 		 Standard Deviation: 1.279430e-03 s
First Drift     		 Median; 2.248958e-05 s 		 Trimmed Mean: 2.252444e-05 s 		 Standard Deviation: 1.059806e-07 s
Compute Force   		 Median; 3.099769e-01 s 		 Trimmed Mean: 3.099282e-01 s 		 Standard Deviation: 1.279999e-03 s
Kick            		 Median; 3.267080e-05 s 		 Trimmed Mean: 3.279515e-05 s 		 Standard Deviation: 5.379965e-07 s
Second Drift    		 Median; 2.365932e-05 s 		 Trimmed Mean: 2.365888e-05 s 		 Standard Deviation: 1.173183e-07 s
# Direct N-body DKD
# arithmetic_dtype=double binary_storage=float32 format=nbody-f32-v1
# N=20000 nsteps=25 dt=0.0001 eps=0.050000000000000003 G=1 mass=1
Acceleration Kernel: r
# Step 	 Time 			 Kinetic 			 Potential 			 Total 			 Relative Energy Drift
0 	 0 	 58759436.184000514 	 -116582810.08669029 	 -57823373.902689777 	 0
25 0.0025000000000000001 58622235.411503732 -116445614.25388102 -57823378.84237729 8.542717554198646e-08
# final: N=20000 steps=25 arithmetic_dtype=double max_relative_energy_drift=8.542717554198646e-08 tolerance=0.001 status=OK

--- Performance Profiling Report ---
File Read       : 6.165169e-04 s
File Write      : 5.380427e-03 s
Total Run       : 6.549666e-01 s

--- Step Statistics (25 steps) ---
Total Step      		 Median; 3.103833e-01 s 		 Trimmed Mean: 3.102749e-01 s 		 Standard Deviation: 1.354441e-03 s
First Drift     		 Median; 2.245978e-05 s 		 Trimmed Mean: 2.246071e-05 s 		 Standard Deviation: 8.734783e-08 s
Compute Force   		 Median; 3.103050e-01 s 		 Trimmed Mean: 3.101930e-01 s 		 Standard Deviation: 1.353068e-03 s
Kick            		 Median; 3.244914e-05 s 		 Trimmed Mean: 3.323509e-05 s 		 Standard Deviation: 1.726522e-06 s
Second Drift    		 Median; 2.346095e-05 s 		 Trimmed Mean: 2.408595e-05 s 		 Standard Deviation: 1.643976e-06 s
# Direct N-body DKD
# arithmetic_dtype=double binary_storage=float32 format=nbody-f32-v1
# N=20000 nsteps=25 dt=0.0001 eps=0.050000000000000003 G=1 mass=1
Acceleration Kernel: rt
# Step 	 Time 			 Kinetic 			 Potential 			 Total 			 Relative Energy Drift
0 	 0 	 58759436.184000514 	 -116582810.08669029 	 -57823373.902689777 	 0
25 0.0025000000000000001 58622235.411503732 -116445614.25388102 -57823378.84237729 8.542717554198646e-08
# final: N=20000 steps=25 arithmetic_dtype=double max_relative_energy_drift=8.542717554198646e-08 tolerance=0.001 status=OK

--- Performance Profiling Report ---
File Read       : 6.056558e-04 s
File Write      : 1.892964e-02 s
Total Run       : 6.600247e-01 s

--- Step Statistics (25 steps) ---
Total Step      		 Median; 4.682385e-01 s 		 Trimmed Mean: 4.683291e-01 s 		 Standard Deviation: 1.486403e-03 s
First Drift     		 Median; 6.619003e-05 s 		 Trimmed Mean: 6.604736e-05 s 		 Standard Deviation: 7.443304e-07 s
Compute Force   		 Median; 4.680592e-01 s 		 Trimmed Mean: 4.681477e-01 s 		 Standard Deviation: 1.486164e-03 s
Kick            		 Median; 3.926083e-05 s 		 Trimmed Mean: 3.928452e-05 s 		 Standard Deviation: 1.530693e-06 s
Second Drift    		 Median; 7.425062e-05 s 		 Trimmed Mean: 7.449135e-05 s 		 Standard Deviation: 1.260560e-06 s
# Direct N-body DKD
# arithmetic_dtype=double binary_storage=float32 format=nbody-f32-v1
# N=20000 nsteps=25 dt=0.0001 eps=0.050000000000000003 G=1 mass=1
Acceleration Kernel: n
# Step 	 Time 			 Kinetic 			 Potential 			 Total 			 Relative Energy Drift
0 	 0 	 58759436.184000514 	 -116582810.08669029 	 -57823373.902689777 	 0
25 0.0025000000000000001 58622235.411547296 -116445614.25392817 -57823378.842380874 8.5427237519159795e-08
# final: N=20000 steps=25 arithmetic_dtype=double max_relative_energy_drift=8.5427237519159795e-08 tolerance=0.001 status=OK

--- Performance Profiling Report ---
File Read       : 6.262064e-04 s
File Write      : 1.472690e-02 s
Total Run       : 6.529904e-01 s

--- Step Statistics (25 steps) ---
Total Step      		 Median; 3.094707e-01 s 		 Trimmed Mean: 3.096614e-01 s 		 Standard Deviation: 1.444842e-03 s
First Drift     		 Median; 2.541021e-05 s 		 Trimmed Mean: 2.539601e-05 s 		 Standard Deviation: 1.222057e-07 s
Compute Force   		 Median; 3.093798e-01 s 		 Trimmed Mean: 3.095685e-01 s 		 Standard Deviation: 1.444519e-03 s
Kick            		 Median; 3.871042e-05 s 		 Trimmed Mean: 3.894073e-05 s 		 Standard Deviation: 9.885918e-07 s
Second Drift    		 Median; 2.657995e-05 s 		 Trimmed Mean: 2.672594e-05 s 		 Standard Deviation: 6.228351e-07 s
# Direct N-body DKD
# arithmetic_dtype=double binary_storage=float32 format=nbody-f32-v1
# N=20000 nsteps=25 dt=0.0001 eps=0.050000000000000003 G=1 mass=1
Acceleration Kernel: r
# Step 	 Time 			 Kinetic 			 Potential 			 Total 			 Relative Energy Drift
0 	 0 	 58759436.184000514 	 -116582810.08669029 	 -57823373.902689777 	 0
25 0.0025000000000000001 58622235.411503732 -116445614.25388102 -57823378.84237729 8.542717554198646e-08
# final: N=20000 steps=25 arithmetic_dtype=double max_relative_energy_drift=8.542717554198646e-08 tolerance=0.001 status=OK

--- Performance Profiling Report ---
File Read       : 6.034663e-04 s
File Write      : 3.527569e-01 s
Total Run       : 6.528139e-01 s

--- Step Statistics (25 steps) ---
Total Step      		 Median; 3.105181e-01 s 		 Trimmed Mean: 3.107372e-01 s 		 Standard Deviation: 1.635744e-03 s
First Drift     		 Median; 2.244022e-05 s 		 Trimmed Mean: 2.246306e-05 s 		 Standard Deviation: 8.255023e-08 s
Compute Force   		 Median; 3.104388e-01 s 		 Trimmed Mean: 3.106572e-01 s 		 Standard Deviation: 1.635753e-03 s
Kick            		 Median; 3.223028e-05 s 		 Trimmed Mean: 3.234089e-05 s 		 Standard Deviation: 4.463092e-07 s
Second Drift    		 Median; 2.367981e-05 s 		 Trimmed Mean: 2.383662e-05 s 		 Standard Deviation: 6.751448e-07 s
# Direct N-body DKD
# arithmetic_dtype=double binary_storage=float32 format=nbody-f32-v1
# N=20000 nsteps=25 dt=0.0001 eps=0.050000000000000003 G=1 mass=1
Acceleration Kernel: rt
# Step 	 Time 			 Kinetic 			 Potential 			 Total 			 Relative Energy Drift
0 	 0 	 58759436.184000514 	 -116582810.08669029 	 -57823373.902689777 	 0
25 0.0025000000000000001 58622235.411503732 -116445614.25388102 -57823378.84237729 8.542717554198646e-08
# final: N=20000 steps=25 arithmetic_dtype=double max_relative_energy_drift=8.542717554198646e-08 tolerance=0.001 status=OK

--- Performance Profiling Report ---
File Read       : 5.868571e-04 s
File Write      : 4.446458e-01 s
Total Run       : 6.591293e-01 s

--- Step Statistics (25 steps) ---
Total Step      		 Median; 4.628773e-01 s 		 Trimmed Mean: 4.628415e-01 s 		 Standard Deviation: 2.174451e-03 s
First Drift     		 Median; 2.242997e-05 s 		 Trimmed Mean: 2.242745e-05 s 		 Standard Deviation: 5.700638e-08 s
Compute Force   		 Median; 4.627836e-01 s 		 Trimmed Mean: 4.627460e-01 s 		 Standard Deviation: 2.174039e-03 s
Kick            		 Median; 3.901962e-05 s 		 Trimmed Mean: 3.953708e-05 s 		 Standard Deviation: 1.420933e-06 s
Second Drift    		 Median; 3.241934e-05 s 		 Trimmed Mean: 3.255460e-05 s 		 Standard Deviation: 7.703442e-07 s
# Direct N-body DKD
# arithmetic_dtype=double binary_storage=float32 format=nbody-f32-v1
# N=20000 nsteps=25 dt=0.0001 eps=0.050000000000000003 G=1 mass=1
Acceleration Kernel: n
# Step 	 Time 			 Kinetic 			 Potential 			 Total 			 Relative Energy Drift
0 	 0 	 58759436.184000514 	 -116582810.08669029 	 -57823373.902689777 	 0
25 0.0025000000000000001 58622235.411547296 -116445614.25392817 -57823378.842380874 8.5427237519159795e-08
# final: N=20000 steps=25 arithmetic_dtype=double max_relative_energy_drift=8.5427237519159795e-08 tolerance=0.001 status=OK

--- Performance Profiling Report ---
File Read       : 6.274767e-04 s
File Write      : 1.094171e-02 s
Total Run       : 6.617774e-01 s

--- Step Statistics (25 steps) ---
Total Step      		 Median; 3.100107e-01 s 		 Trimmed Mean: 3.099955e-01 s 		 Standard Deviation: 1.434846e-03 s
First Drift     		 Median; 2.255011e-05 s 		 Trimmed Mean: 2.258661e-05 s 		 Standard Deviation: 1.068616e-07 s
Compute Force   		 Median; 3.099312e-01 s 		 Trimmed Mean: 3.099154e-01 s 		 Standard Deviation: 1.434437e-03 s
Kick            		 Median; 3.268011e-05 s 		 Trimmed Mean: 3.274047e-05 s 		 Standard Deviation: 5.221735e-07 s
Second Drift    		 Median; 2.370123e-05 s 		 Trimmed Mean: 2.372451e-05 s 		 Standard Deviation: 7.849779e-08 s
# Direct N-body DKD
# arithmetic_dtype=double binary_storage=float32 format=nbody-f32-v1
# N=20000 nsteps=25 dt=0.0001 eps=0.050000000000000003 G=1 mass=1
Acceleration Kernel: r
# Step 	 Time 			 Kinetic 			 Potential 			 Total 			 Relative Energy Drift
0 	 0 	 58759436.184000514 	 -116582810.08669029 	 -57823373.902689777 	 0
25 0.0025000000000000001 58622235.411503732 -116445614.25388102 -57823378.84237729 8.542717554198646e-08
# final: N=20000 steps=25 arithmetic_dtype=double max_relative_energy_drift=8.542717554198646e-08 tolerance=0.001 status=OK

--- Performance Profiling Report ---
File Read       : 5.769059e-04 s
File Write      : 6.290244e-01 s
Total Run       : 6.578982e-01 s

--- Step Statistics (25 steps) ---
Total Step      		 Median; 3.107375e-01 s 		 Trimmed Mean: 3.106099e-01 s 		 Standard Deviation: 1.487840e-03 s
First Drift     		 Median; 2.259109e-05 s 		 Trimmed Mean: 2.275514e-05 s 		 Standard Deviation: 7.125054e-07 s
Compute Force   		 Median; 3.106589e-01 s 		 Trimmed Mean: 3.105296e-01 s 		 Standard Deviation: 1.487700e-03 s
Kick            		 Median; 3.288966e-05 s 		 Trimmed Mean: 3.310563e-05 s 		 Standard Deviation: 1.090831e-06 s
Second Drift    		 Median; 2.367981e-05 s 		 Trimmed Mean: 2.371498e-05 s 		 Standard Deviation: 9.642499e-08 s
# Direct N-body DKD
# arithmetic_dtype=double binary_storage=float32 format=nbody-f32-v1
# N=20000 nsteps=25 dt=0.0001 eps=0.050000000000000003 G=1 mass=1
Acceleration Kernel: rt
# Step 	 Time 			 Kinetic 			 Potential 			 Total 			 Relative Energy Drift
0 	 0 	 58759436.184000514 	 -116582810.08669029 	 -57823373.902689777 	 0
25 0.0025000000000000001 58622235.411503732 -116445614.25388102 -57823378.84237729 8.542717554198646e-08
# final: N=20000 steps=25 arithmetic_dtype=double max_relative_energy_drift=8.542717554198646e-08 tolerance=0.001 status=OK

--- Performance Profiling Report ---
File Read       : 5.908366e-04 s
File Write      : 5.242418e-03 s
Total Run       : 6.587189e-01 s

--- Step Statistics (25 steps) ---
Total Step      		 Median; 4.608512e-01 s 		 Trimmed Mean: 4.608474e-01 s 		 Standard Deviation: 1.435138e-03 s
First Drift     		 Median; 2.256036e-05 s 		 Trimmed Mean: 2.258812e-05 s 		 Standard Deviation: 7.515030e-08 s
Compute Force   		 Median; 4.607585e-01 s 		 Trimmed Mean: 4.607525e-01 s 		 Standard Deviation: 1.435105e-03 s
Kick            		 Median; 3.904942e-05 s 		 Trimmed Mean: 3.962986e-05 s 		 Standard Deviation: 1.545128e-06 s
Second Drift    		 Median; 3.155041e-05 s 		 Trimmed Mean: 3.149795e-05 s 		 Standard Deviation: 2.879474e-07 s
# Direct N-body DKD
# arithmetic_dtype=double binary_storage=float32 format=nbody-f32-v1
# N=20000 nsteps=25 dt=0.0001 eps=0.050000000000000003 G=1 mass=1
Acceleration Kernel: n
# Step 	 Time 			 Kinetic 			 Potential 			 Total 			 Relative Energy Drift
0 	 0 	 58759436.184000514 	 -116582810.08669029 	 -57823373.902689777 	 0
25 0.0025000000000000001 58622235.411547296 -116445614.25392817 -57823378.842380874 8.5427237519159795e-08
# final: N=20000 steps=25 arithmetic_dtype=double max_relative_energy_drift=8.5427237519159795e-08 tolerance=0.001 status=OK

--- Performance Profiling Report ---
File Read       : 6.055776e-04 s
File Write      : 4.806906e-01 s
Total Run       : 6.569587e-01 s

--- Step Statistics (25 steps) ---
Total Step      		 Median; 3.102447e-01 s 		 Trimmed Mean: 3.102885e-01 s 		 Standard Deviation: 1.217997e-03 s
First Drift     		 Median; 2.245978e-05 s 		 Trimmed Mean: 2.311463e-05 s 		 Standard Deviation: 1.362128e-06 s
Compute Force   		 Median; 3.101667e-01 s 		 Trimmed Mean: 3.102083e-01 s 		 Standard Deviation: 1.217699e-03 s
Kick            		 Median; 3.232993e-05 s 		 Trimmed Mean: 3.248746e-05 s 		 Standard Deviation: 4.636437e-07 s
Second Drift    		 Median; 2.346002e-05 s 		 Trimmed Mean: 2.346316e-05 s 		 Standard Deviation: 5.497056e-08 s
# Direct N-body DKD
# arithmetic_dtype=double binary_storage=float32 format=nbody-f32-v1
# N=20000 nsteps=25 dt=0.0001 eps=0.050000000000000003 G=1 mass=1
Acceleration Kernel: r
# Step 	 Time 			 Kinetic 			 Potential 			 Total 			 Relative Energy Drift
0 	 0 	 58759436.184000514 	 -116582810.08669029 	 -57823373.902689777 	 0
25 0.0025000000000000001 58622235.411503732 -116445614.25388102 -57823378.84237729 8.542717554198646e-08
# final: N=20000 steps=25 arithmetic_dtype=double max_relative_energy_drift=8.542717554198646e-08 tolerance=0.001 status=OK

--- Performance Profiling Report ---
File Read       : 5.860562e-04 s
File Write      : 2.440505e-02 s
Total Run       : 6.578801e-01 s

--- Step Statistics (25 steps) ---
Total Step      		 Median; 3.101863e-01 s 		 Trimmed Mean: 3.103638e-01 s 		 Standard Deviation: 1.714383e-03 s
First Drift     		 Median; 2.253987e-05 s 		 Trimmed Mean: 2.255295e-05 s 		 Standard Deviation: 4.863853e-08 s
Compute Force   		 Median; 3.101057e-01 s 		 Trimmed Mean: 3.102806e-01 s 		 Standard Deviation: 1.711606e-03 s
Kick            		 Median; 3.335159e-05 s 		 Trimmed Mean: 3.360642e-05 s 		 Standard Deviation: 1.068539e-06 s
Second Drift    		 Median; 2.363138e-05 s 		 Trimmed Mean: 2.380908e-05 s 		 Standard Deviation: 7.284066e-07 s
# Direct N-body DKD
# arithmetic_dtype=double binary_storage=float32 format=nbody-f32-v1
# N=20000 nsteps=25 dt=0.0001 eps=0.050000000000000003 G=1 mass=1
Acceleration Kernel: rt
# Step 	 Time 			 Kinetic 			 Potential 			 Total 			 Relative Energy Drift
0 	 0 	 58759436.184000514 	 -116582810.08669029 	 -57823373.902689777 	 0
25 0.0025000000000000001 58622235.411503732 -116445614.25388102 -57823378.84237729 8.542717554198646e-08
# final: N=20000 steps=25 arithmetic_dtype=double max_relative_energy_drift=8.542717554198646e-08 tolerance=0.001 status=OK

--- Performance Profiling Report ---
File Read       : 5.870461e-04 s
File Write      : 3.154564e-02 s
Total Run       : 6.522459e-01 s

--- Step Statistics (25 steps) ---
Total Step      		 Median; 4.574980e-01 s 		 Trimmed Mean: 4.580497e-01 s 		 Standard Deviation: 1.211328e-03 s
First Drift     		 Median; 2.244022e-05 s 		 Trimmed Mean: 2.244461e-05 s 		 Standard Deviation: 6.205122e-08 s
Compute Force   		 Median; 4.574042e-01 s 		 Trimmed Mean: 4.579539e-01 s 		 Standard Deviation: 1.210612e-03 s
Kick            		 Median; 3.942102e-05 s 		 Trimmed Mean: 3.955025e-05 s 		 Standard Deviation: 7.855763e-07 s
Second Drift    		 Median; 3.215019e-05 s 		 Trimmed Mean: 3.236213e-05 s 		 Standard Deviation: 8.359129e-07 s
make[1]: Entering directory '/orfeo/cephfs/scratch/dssc/enricosavorgnan/2026-nbody/experiments/rsqrt-impact'
rm -f main generate_initial_conditions *.o *.bin
cc -std=c11 -I/u/dssc/enricosavorgnan/opt/papi/include -DNBODY_USE_DOUBLE -O3 -march=native -Wall -Wextra -Wpedantic -flto -D_POSIX_C_SOURCE=199309L -DBLOCK_SIZE=128 -DN_RSQRT_LOOP=4 -c main.c -o main.o
cc -std=c11 -I/u/dssc/enricosavorgnan/opt/papi/include -DNBODY_USE_DOUBLE -O3 -march=native -Wall -Wextra -Wpedantic -flto -D_POSIX_C_SOURCE=199309L -DBLOCK_SIZE=128 -DN_RSQRT_LOOP=4 -c integration.c -o integration.o
cc -std=c11 -I/u/dssc/enricosavorgnan/opt/papi/include -DNBODY_USE_DOUBLE -O3 -march=native -Wall -Wextra -Wpedantic -flto -D_POSIX_C_SOURCE=199309L -DBLOCK_SIZE=128 -DN_RSQRT_LOOP=4 -c particles.c -o particles.o
cc -std=c11 -I/u/dssc/enricosavorgnan/opt/papi/include -DNBODY_USE_DOUBLE -O3 -march=native -Wall -Wextra -Wpedantic -flto -D_POSIX_C_SOURCE=199309L -DBLOCK_SIZE=128 -DN_RSQRT_LOOP=4 -c profiling.c -o profiling.o
cc -std=c11 -I/u/dssc/enricosavorgnan/opt/papi/include -DNBODY_USE_DOUBLE -O3 -march=native -Wall -Wextra -Wpedantic -flto -D_POSIX_C_SOURCE=199309L -DBLOCK_SIZE=128 -DN_RSQRT_LOOP=4 -c utils.c -o utils.o
cc -std=c11 -O3 -march=native -Wall -Wextra -Wpedantic -flto -D_POSIX_C_SOURCE=199309L -DBLOCK_SIZE=128 -DN_RSQRT_LOOP=4 -L/u/dssc/enricosavorgnan/opt/papi/lib -Wl,-rpath,/u/dssc/enricosavorgnan/opt/papi/lib -o main main.o integration.o particles.o profiling.o utils.o -lm
cc -std=c11 -I/u/dssc/enricosavorgnan/opt/papi/include -DNBODY_USE_DOUBLE -O3 -march=native -Wall -Wextra -Wpedantic -flto -D_POSIX_C_SOURCE=199309L -DBLOCK_SIZE=128 -DN_RSQRT_LOOP=4 -L/u/dssc/enricosavorgnan/opt/papi/lib -Wl,-rpath,/u/dssc/enricosavorgnan/opt/papi/lib -o generate_initial_conditions generate_initial_conditions.c -lm
make[1]: Leaving directory '/orfeo/cephfs/scratch/dssc/enricosavorgnan/2026-nbody/experiments/rsqrt-impact'
# Direct N-body DKD
# arithmetic_dtype=double binary_storage=float32 format=nbody-f32-v1
# N=20000 nsteps=25 dt=0.0001 eps=0.050000000000000003 G=1 mass=1
Acceleration Kernel: n
# Step 	 Time 			 Kinetic 			 Potential 			 Total 			 Relative Energy Drift
0 	 0 	 58759436.184000514 	 -116582810.08669029 	 -57823373.902689777 	 0
25 0.0025000000000000001 58622235.411547296 -116445614.25392817 -57823378.842380874 8.5427237519159795e-08
# final: N=20000 steps=25 arithmetic_dtype=double max_relative_energy_drift=8.5427237519159795e-08 tolerance=0.001 status=OK

--- Performance Profiling Report ---
File Read       : 5.990462e-04 s
File Write      : 9.824112e-04 s
Total Run       : 6.534062e-01 s

--- Step Statistics (25 steps) ---
Total Step      		 Median; 3.105115e-01 s 		 Trimmed Mean: 3.107086e-01 s 		 Standard Deviation: 1.255589e-03 s
First Drift     		 Median; 2.263952e-05 s 		 Trimmed Mean: 2.280206e-05 s 		 Standard Deviation: 6.939185e-07 s
Compute Force   		 Median; 3.104331e-01 s 		 Trimmed Mean: 3.106258e-01 s 		 Standard Deviation: 1.254773e-03 s
Kick            		 Median; 3.255066e-05 s 		 Trimmed Mean: 3.313180e-05 s 		 Standard Deviation: 1.548218e-06 s
Second Drift    		 Median; 2.375990e-05 s 		 Trimmed Mean: 2.418450e-05 s 		 Standard Deviation: 1.064127e-06 s
# Direct N-body DKD
# arithmetic_dtype=double binary_storage=float32 format=nbody-f32-v1
# N=20000 nsteps=25 dt=0.0001 eps=0.050000000000000003 G=1 mass=1
Acceleration Kernel: r
# Step 	 Time 			 Kinetic 			 Potential 			 Total 			 Relative Energy Drift
0 	 0 	 58759436.184000514 	 -116582810.08669029 	 -57823373.902689777 	 0
25 0.0025000000000000001 58622235.411547296 -116445614.25392817 -57823378.842380874 8.5427237519159795e-08
# final: N=20000 steps=25 arithmetic_dtype=double max_relative_energy_drift=8.5427237519159795e-08 tolerance=0.001 status=OK

--- Performance Profiling Report ---
File Read       : 6.179158e-04 s
File Write      : 8.503202e-03 s
Total Run       : 6.557113e-01 s

--- Step Statistics (25 steps) ---
Total Step      		 Median; 3.657434e-01 s 		 Trimmed Mean: 3.658563e-01 s 		 Standard Deviation: 1.625814e-03 s
First Drift     		 Median; 2.244022e-05 s 		 Trimmed Mean: 2.261593e-05 s 		 Standard Deviation: 7.367594e-07 s
Compute Force   		 Median; 3.656658e-01 s 		 Trimmed Mean: 3.657753e-01 s 		 Standard Deviation: 1.626436e-03 s
Kick            		 Median; 3.240071e-05 s 		 Trimmed Mean: 3.279746e-05 s 		 Standard Deviation: 1.490687e-06 s
Second Drift    		 Median; 2.349168e-05 s 		 Trimmed Mean: 2.352472e-05 s 		 Standard Deviation: 8.572776e-08 s
# Direct N-body DKD
# arithmetic_dtype=double binary_storage=float32 format=nbody-f32-v1
# N=20000 nsteps=25 dt=0.0001 eps=0.050000000000000003 G=1 mass=1
Acceleration Kernel: rt
# Step 	 Time 			 Kinetic 			 Potential 			 Total 			 Relative Energy Drift
0 	 0 	 58759436.184000514 	 -116582810.08669029 	 -57823373.902689777 	 0
25 0.0025000000000000001 58622235.411547296 -116445614.25392817 -57823378.842380874 8.5427237519159795e-08
# final: N=20000 steps=25 arithmetic_dtype=double max_relative_energy_drift=8.5427237519159795e-08 tolerance=0.001 status=OK

--- Performance Profiling Report ---
File Read       : 6.017564e-04 s
File Write      : 1.947079e-01 s
Total Run       : 6.607500e-01 s

--- Step Statistics (25 steps) ---
Total Step      		 Median; 5.313028e-01 s 		 Trimmed Mean: 5.315973e-01 s 		 Standard Deviation: 2.352704e-03 s
First Drift     		 Median; 2.235174e-05 s 		 Trimmed Mean: 2.237409e-05 s 		 Standard Deviation: 8.297362e-08 s
Compute Force   		 Median; 5.312145e-01 s 		 Trimmed Mean: 5.315026e-01 s 		 Standard Deviation: 2.351176e-03 s
Kick            		 Median; 3.857072e-05 s 		 Trimmed Mean: 3.882294e-05 s 		 Standard Deviation: 1.891808e-06 s
Second Drift    		 Median; 3.231131e-05 s 		 Trimmed Mean: 3.231450e-05 s 		 Standard Deviation: 3.842546e-07 s
# Direct N-body DKD
# arithmetic_dtype=double binary_storage=float32 format=nbody-f32-v1
# N=20000 nsteps=25 dt=0.0001 eps=0.050000000000000003 G=1 mass=1
Acceleration Kernel: n
# Step 	 Time 			 Kinetic 			 Potential 			 Total 			 Relative Energy Drift
0 	 0 	 58759436.184000514 	 -116582810.08669029 	 -57823373.902689777 	 0
25 0.0025000000000000001 58622235.411547296 -116445614.25392817 -57823378.842380874 8.5427237519159795e-08
# final: N=20000 steps=25 arithmetic_dtype=double max_relative_energy_drift=8.5427237519159795e-08 tolerance=0.001 status=OK

--- Performance Profiling Report ---
File Read       : 6.189765e-04 s
File Write      : 3.367632e-01 s
Total Run       : 6.549643e-01 s

--- Step Statistics (25 steps) ---
Total Step      		 Median; 3.095612e-01 s 		 Trimmed Mean: 3.095685e-01 s 		 Standard Deviation: 7.593924e-04 s
First Drift     		 Median; 2.253987e-05 s 		 Trimmed Mean: 2.255388e-05 s 		 Standard Deviation: 5.900253e-08 s
Compute Force   		 Median; 3.094817e-01 s 		 Trimmed Mean: 3.094882e-01 s 		 Standard Deviation: 7.592461e-04 s
Kick            		 Median; 3.262982e-05 s 		 Trimmed Mean: 3.263332e-05 s 		 Standard Deviation: 2.848226e-07 s
Second Drift    		 Median; 2.379995e-05 s 		 Trimmed Mean: 2.394523e-05 s 		 Standard Deviation: 6.706029e-07 s
# Direct N-body DKD
# arithmetic_dtype=double binary_storage=float32 format=nbody-f32-v1
# N=20000 nsteps=25 dt=0.0001 eps=0.050000000000000003 G=1 mass=1
Acceleration Kernel: r
# Step 	 Time 			 Kinetic 			 Potential 			 Total 			 Relative Energy Drift
0 	 0 	 58759436.184000514 	 -116582810.08669029 	 -57823373.902689777 	 0
25 0.0025000000000000001 58622235.411547296 -116445614.25392817 -57823378.842380874 8.5427237519159795e-08
# final: N=20000 steps=25 arithmetic_dtype=double max_relative_energy_drift=8.5427237519159795e-08 tolerance=0.001 status=OK

--- Performance Profiling Report ---
File Read       : 6.084172e-04 s
File Write      : 3.570817e-02 s
Total Run       : 6.555598e-01 s

--- Step Statistics (25 steps) ---
Total Step      		 Median; 3.647790e-01 s 		 Trimmed Mean: 3.647456e-01 s 		 Standard Deviation: 1.518491e-03 s
First Drift     		 Median; 2.238993e-05 s 		 Trimmed Mean: 2.270773e-05 s 		 Standard Deviation: 9.984129e-07 s
Compute Force   		 Median; 3.646998e-01 s 		 Trimmed Mean: 3.646654e-01 s 		 Standard Deviation: 1.518634e-03 s
Kick            		 Median; 3.273133e-05 s 		 Trimmed Mean: 3.277701e-05 s 		 Standard Deviation: 4.686292e-07 s
Second Drift    		 Median; 2.358109e-05 s 		 Trimmed Mean: 2.361320e-05 s 		 Standard Deviation: 8.168411e-08 s
# Direct N-body DKD
# arithmetic_dtype=double binary_storage=float32 format=nbody-f32-v1
# N=20000 nsteps=25 dt=0.0001 eps=0.050000000000000003 G=1 mass=1
Acceleration Kernel: rt
# Step 	 Time 			 Kinetic 			 Potential 			 Total 			 Relative Energy Drift
0 	 0 	 58759436.184000514 	 -116582810.08669029 	 -57823373.902689777 	 0
25 0.0025000000000000001 58622235.411547296 -116445614.25392817 -57823378.842380874 8.5427237519159795e-08
# final: N=20000 steps=25 arithmetic_dtype=double max_relative_energy_drift=8.5427237519159795e-08 tolerance=0.001 status=OK

--- Performance Profiling Report ---
File Read       : 6.204369e-04 s
File Write      : 1.690922e-01 s
Total Run       : 6.536477e-01 s

--- Step Statistics (25 steps) ---
Total Step      		 Median; 5.303899e-01 s 		 Trimmed Mean: 5.309259e-01 s 		 Standard Deviation: 2.196764e-03 s
First Drift     		 Median; 2.261996e-05 s 		 Trimmed Mean: 2.261318e-05 s 		 Standard Deviation: 5.198284e-08 s
Compute Force   		 Median; 5.302944e-01 s 		 Trimmed Mean: 5.308313e-01 s 		 Standard Deviation: 2.197250e-03 s
Kick            		 Median; 3.931019e-05 s 		 Trimmed Mean: 3.932292e-05 s 		 Standard Deviation: 5.491985e-07 s
Second Drift    		 Median; 3.224052e-05 s 		 Trimmed Mean: 3.224194e-05 s 		 Standard Deviation: 4.520047e-07 s
# Direct N-body DKD
# arithmetic_dtype=double binary_storage=float32 format=nbody-f32-v1
# N=20000 nsteps=25 dt=0.0001 eps=0.050000000000000003 G=1 mass=1
Acceleration Kernel: n
# Step 	 Time 			 Kinetic 			 Potential 			 Total 			 Relative Energy Drift
0 	 0 	 58759436.184000514 	 -116582810.08669029 	 -57823373.902689777 	 0
25 0.0025000000000000001 58622235.411547296 -116445614.25392817 -57823378.842380874 8.5427237519159795e-08
# final: N=20000 steps=25 arithmetic_dtype=double max_relative_energy_drift=8.5427237519159795e-08 tolerance=0.001 status=OK

--- Performance Profiling Report ---
File Read       : 5.889572e-04 s
File Write      : 1.000953e-02 s
Total Run       : 6.618439e-01 s

--- Step Statistics (25 steps) ---
Total Step      		 Median; 3.104790e-01 s 		 Trimmed Mean: 3.103118e-01 s 		 Standard Deviation: 1.248474e-03 s
First Drift     		 Median; 2.251100e-05 s 		 Trimmed Mean: 2.330386e-05 s 		 Standard Deviation: 1.665548e-06 s
Compute Force   		 Median; 3.103948e-01 s 		 Trimmed Mean: 3.102304e-01 s 		 Standard Deviation: 1.249222e-03 s
Kick            		 Median; 3.267080e-05 s 		 Trimmed Mean: 3.273710e-05 s 		 Standard Deviation: 9.328621e-07 s
Second Drift    		 Median; 2.356991e-05 s 		 Trimmed Mean: 2.361728e-05 s 		 Standard Deviation: 1.327846e-07 s
# Direct N-body DKD
# arithmetic_dtype=double binary_storage=float32 format=nbody-f32-v1
# N=20000 nsteps=25 dt=0.0001 eps=0.050000000000000003 G=1 mass=1
Acceleration Kernel: r
# Step 	 Time 			 Kinetic 			 Potential 			 Total 			 Relative Energy Drift
0 	 0 	 58759436.184000514 	 -116582810.08669029 	 -57823373.902689777 	 0
25 0.0025000000000000001 58622235.411547296 -116445614.25392817 -57823378.842380874 8.5427237519159795e-08
# final: N=20000 steps=25 arithmetic_dtype=double max_relative_energy_drift=8.5427237519159795e-08 tolerance=0.001 status=OK

--- Performance Profiling Report ---
File Read       : 5.837977e-04 s
File Write      : 2.205087e-02 s
Total Run       : 6.555044e-01 s

--- Step Statistics (25 steps) ---
Total Step      		 Median; 3.663626e-01 s 		 Trimmed Mean: 3.661187e-01 s 		 Standard Deviation: 1.791398e-03 s
First Drift     		 Median; 2.261996e-05 s 		 Trimmed Mean: 2.263823e-05 s 		 Standard Deviation: 8.485749e-08 s
Compute Force   		 Median; 3.662840e-01 s 		 Trimmed Mean: 3.660383e-01 s 		 Standard Deviation: 1.791033e-03 s
Kick            		 Median; 3.220141e-05 s 		 Trimmed Mean: 3.261088e-05 s 		 Standard Deviation: 1.315059e-06 s
Second Drift    		 Median; 2.375990e-05 s 		 Trimmed Mean: 2.377888e-05 s 		 Standard Deviation: 1.091859e-07 s
# Direct N-body DKD
# arithmetic_dtype=double binary_storage=float32 format=nbody-f32-v1
# N=20000 nsteps=25 dt=0.0001 eps=0.050000000000000003 G=1 mass=1
Acceleration Kernel: rt
# Step 	 Time 			 Kinetic 			 Potential 			 Total 			 Relative Energy Drift
0 	 0 	 58759436.184000514 	 -116582810.08669029 	 -57823373.902689777 	 0
25 0.0025000000000000001 58622235.411547296 -116445614.25392817 -57823378.842380874 8.5427237519159795e-08
# final: N=20000 steps=25 arithmetic_dtype=double max_relative_energy_drift=8.5427237519159795e-08 tolerance=0.001 status=OK

--- Performance Profiling Report ---
File Read       : 5.848454e-04 s
File Write      : 1.121512e-02 s
Total Run       : 6.613418e-01 s

--- Step Statistics (25 steps) ---
Total Step      		 Median; 5.289775e-01 s 		 Trimmed Mean: 5.296146e-01 s 		 Standard Deviation: 1.617429e-03 s
First Drift     		 Median; 2.257992e-05 s 		 Trimmed Mean: 2.259624e-05 s 		 Standard Deviation: 9.431358e-08 s
Compute Force   		 Median; 5.288845e-01 s 		 Trimmed Mean: 5.295199e-01 s 		 Standard Deviation: 1.615837e-03 s
Kick            		 Median; 3.860984e-05 s 		 Trimmed Mean: 3.861791e-05 s 		 Standard Deviation: 6.369583e-07 s
Second Drift    		 Median; 3.162026e-05 s 		 Trimmed Mean: 3.162967e-05 s 		 Standard Deviation: 3.982982e-07 s
# Direct N-body DKD
# arithmetic_dtype=double binary_storage=float32 format=nbody-f32-v1
# N=20000 nsteps=25 dt=0.0001 eps=0.050000000000000003 G=1 mass=1
Acceleration Kernel: n
# Step 	 Time 			 Kinetic 			 Potential 			 Total 			 Relative Energy Drift
0 	 0 	 58759436.184000514 	 -116582810.08669029 	 -57823373.902689777 	 0
25 0.0025000000000000001 58622235.411547296 -116445614.25392817 -57823378.842380874 8.5427237519159795e-08
# final: N=20000 steps=25 arithmetic_dtype=double max_relative_energy_drift=8.5427237519159795e-08 tolerance=0.001 status=OK

--- Performance Profiling Report ---
File Read       : 6.071059e-04 s
File Write      : 2.980476e-01 s
Total Run       : 6.516477e-01 s

--- Step Statistics (25 steps) ---
Total Step      		 Median; 3.092460e-01 s 		 Trimmed Mean: 3.090987e-01 s 		 Standard Deviation: 6.486297e-04 s
First Drift     		 Median; 2.254080e-05 s 		 Trimmed Mean: 2.270582e-05 s 		 Standard Deviation: 7.221160e-07 s
Compute Force   		 Median; 3.091665e-01 s 		 Trimmed Mean: 3.090189e-01 s 		 Standard Deviation: 6.484644e-04 s
Kick            		 Median; 3.243983e-05 s 		 Trimmed Mean: 3.236621e-05 s 		 Standard Deviation: 4.060683e-07 s
Second Drift    		 Median; 2.358109e-05 s 		 Trimmed Mean: 2.360446e-05 s 		 Standard Deviation: 5.203030e-08 s
# Direct N-body DKD
# arithmetic_dtype=double binary_storage=float32 format=nbody-f32-v1
# N=20000 nsteps=25 dt=0.0001 eps=0.050000000000000003 G=1 mass=1
Acceleration Kernel: r
# Step 	 Time 			 Kinetic 			 Potential 			 Total 			 Relative Energy Drift
0 	 0 	 58759436.184000514 	 -116582810.08669029 	 -57823373.902689777 	 0
25 0.0025000000000000001 58622235.411547296 -116445614.25392817 -57823378.842380874 8.5427237519159795e-08
# final: N=20000 steps=25 arithmetic_dtype=double max_relative_energy_drift=8.5427237519159795e-08 tolerance=0.001 status=OK

--- Performance Profiling Report ---
File Read       : 5.853670e-04 s
File Write      : 8.813965e-03 s
Total Run       : 6.566415e-01 s

--- Step Statistics (25 steps) ---
Total Step      		 Median; 3.644046e-01 s 		 Trimmed Mean: 3.646468e-01 s 		 Standard Deviation: 1.320881e-03 s
First Drift     		 Median; 2.267119e-05 s 		 Trimmed Mean: 2.267926e-05 s 		 Standard Deviation: 7.637188e-08 s
Compute Force   		 Median; 3.643209e-01 s 		 Trimmed Mean: 3.645616e-01 s 		 Standard Deviation: 1.322369e-03 s
Kick            		 Median; 3.853068e-05 s 		 Trimmed Mean: 3.722558e-05 s 		 Standard Deviation: 2.679853e-06 s
Second Drift    		 Median; 2.382975e-05 s 		 Trimmed Mean: 2.407327e-05 s 		 Standard Deviation: 1.023401e-06 s
# Direct N-body DKD
# arithmetic_dtype=double binary_storage=float32 format=nbody-f32-v1
# N=20000 nsteps=25 dt=0.0001 eps=0.050000000000000003 G=1 mass=1
Acceleration Kernel: rt
# Step 	 Time 			 Kinetic 			 Potential 			 Total 			 Relative Energy Drift
0 	 0 	 58759436.184000514 	 -116582810.08669029 	 -57823373.902689777 	 0
25 0.0025000000000000001 58622235.411547296 -116445614.25392817 -57823378.842380874 8.5427237519159795e-08
# final: N=20000 steps=25 arithmetic_dtype=double max_relative_energy_drift=8.5427237519159795e-08 tolerance=0.001 status=OK

--- Performance Profiling Report ---
File Read       : 6.007273e-04 s
File Write      : 3.580709e-03 s
Total Run       : 6.582200e-01 s

--- Step Statistics (25 steps) ---
Total Step      		 Median; 5.314174e-01 s 		 Trimmed Mean: 5.308090e-01 s 		 Standard Deviation: 2.112823e-03 s
First Drift     		 Median; 2.245139e-05 s 		 Trimmed Mean: 2.245419e-05 s 		 Standard Deviation: 4.166687e-08 s
Compute Force   		 Median; 5.313241e-01 s 		 Trimmed Mean: 5.307133e-01 s 		 Standard Deviation: 2.112848e-03 s
Kick            		 Median; 3.823079e-05 s 		 Trimmed Mean: 3.854939e-05 s 		 Standard Deviation: 8.168661e-07 s
Second Drift    		 Median; 3.188010e-05 s 		 Trimmed Mean: 3.240763e-05 s 		 Standard Deviation: 1.575954e-06 s
# Direct N-body DKD
# arithmetic_dtype=double binary_storage=float32 format=nbody-f32-v1
# N=20000 nsteps=25 dt=0.0001 eps=0.050000000000000003 G=1 mass=1
Acceleration Kernel: n
# Step 	 Time 			 Kinetic 			 Potential 			 Total 			 Relative Energy Drift
0 	 0 	 58759436.184000514 	 -116582810.08669029 	 -57823373.902689777 	 0
25 0.0025000000000000001 58622235.411547296 -116445614.25392817 -57823378.842380874 8.5427237519159795e-08
# final: N=20000 steps=25 arithmetic_dtype=double max_relative_energy_drift=8.5427237519159795e-08 tolerance=0.001 status=OK

--- Performance Profiling Report ---
File Read       : 5.873675e-04 s
File Write      : 6.004348e-01 s
Total Run       : 6.576785e-01 s

--- Step Statistics (25 steps) ---
Total Step      		 Median; 3.086456e-01 s 		 Trimmed Mean: 3.088252e-01 s 		 Standard Deviation: 4.601351e-04 s
First Drift     		 Median; 2.248120e-05 s 		 Trimmed Mean: 2.249827e-05 s 		 Standard Deviation: 9.291395e-08 s
Compute Force   		 Median; 3.085674e-01 s 		 Trimmed Mean: 3.087455e-01 s 		 Standard Deviation: 4.601175e-04 s
Kick            		 Median; 3.273040e-05 s 		 Trimmed Mean: 3.279466e-05 s 		 Standard Deviation: 5.835010e-07 s
Second Drift    		 Median; 2.356060e-05 s 		 Trimmed Mean: 2.358118e-05 s 		 Standard Deviation: 1.030031e-07 s
# Direct N-body DKD
# arithmetic_dtype=double binary_storage=float32 format=nbody-f32-v1
# N=20000 nsteps=25 dt=0.0001 eps=0.050000000000000003 G=1 mass=1
Acceleration Kernel: r
# Step 	 Time 			 Kinetic 			 Potential 			 Total 			 Relative Energy Drift
0 	 0 	 58759436.184000514 	 -116582810.08669029 	 -57823373.902689777 	 0
25 0.0025000000000000001 58622235.411547296 -116445614.25392817 -57823378.842380874 8.5427237519159795e-08
# final: N=20000 steps=25 arithmetic_dtype=double max_relative_energy_drift=8.5427237519159795e-08 tolerance=0.001 status=OK

--- Performance Profiling Report ---
File Read       : 6.096158e-04 s
File Write      : 4.885342e-01 s
Total Run       : 6.540568e-01 s

--- Step Statistics (25 steps) ---
Total Step      		 Median; 3.646534e-01 s 		 Trimmed Mean: 3.647603e-01 s 		 Standard Deviation: 1.474704e-03 s
First Drift     		 Median; 2.750009e-05 s 		 Trimmed Mean: 2.751739e-05 s 		 Standard Deviation: 1.808150e-07 s
Compute Force   		 Median; 3.645502e-01 s 		 Trimmed Mean: 3.646574e-01 s 		 Standard Deviation: 1.475079e-03 s
Kick            		 Median; 4.413072e-05 s 		 Trimmed Mean: 4.486948e-05 s 		 Standard Deviation: 1.923783e-06 s
Second Drift    		 Median; 2.804119e-05 s 		 Trimmed Mean: 2.861378e-05 s 		 Standard Deviation: 1.264948e-06 s
# Direct N-body DKD
# arithmetic_dtype=double binary_storage=float32 format=nbody-f32-v1
# N=20000 nsteps=25 dt=0.0001 eps=0.050000000000000003 G=1 mass=1
Acceleration Kernel: rt
# Step 	 Time 			 Kinetic 			 Potential 			 Total 			 Relative Energy Drift
0 	 0 	 58759436.184000514 	 -116582810.08669029 	 -57823373.902689777 	 0
25 0.0025000000000000001 58622235.411547296 -116445614.25392817 -57823378.842380874 8.5427237519159795e-08
# final: N=20000 steps=25 arithmetic_dtype=double max_relative_energy_drift=8.5427237519159795e-08 tolerance=0.001 status=OK

--- Performance Profiling Report ---
File Read       : 5.893558e-04 s
File Write      : 8.556972e-03 s
Total Run       : 6.595192e-01 s

--- Step Statistics (25 steps) ---
Total Step      		 Median; 5.291714e-01 s 		 Trimmed Mean: 5.298411e-01 s 		 Standard Deviation: 1.515995e-03 s
First Drift     		 Median; 2.237968e-05 s 		 Trimmed Mean: 2.264063e-05 s 		 Standard Deviation: 1.181861e-06 s
Compute Force   		 Median; 5.290780e-01 s 		 Trimmed Mean: 5.297473e-01 s 		 Standard Deviation: 1.516602e-03 s
Kick            		 Median; 3.848132e-05 s 		 Trimmed Mean: 3.854443e-05 s 		 Standard Deviation: 6.043976e-07 s
Second Drift    		 Median; 3.161933e-05 s 		 Trimmed Mean: 3.163871e-05 s 		 Standard Deviation: 2.437822e-07 s
