rm -f main generate_initial_conditions *.o *.bin
rm -r ./bins/
rm -r ./profilings/
cc -std=c11 -I/u/dssc/enricosavorgnan/opt/papi/include -DNBODY_USE_DOUBLE -O3 -march=native -Wall -Wextra -Wpedantic -flto -D_POSIX_C_SOURCE=199309L -DBLOCK_SIZE=128 -DN_RSQRT_LOOP=3 -DUSE_PAPI -L/u/dssc/enricosavorgnan/opt/papi/lib -Wl,-rpath,/u/dssc/enricosavorgnan/opt/papi/lib -o generate_initial_conditions generate_initial_conditions.c -lm -lpapi
mkdir -p ./bins/test-rsqrt/
mkdir -p ./profilings/test-rsqrt/
./generate_initial_conditions --model 0 --n 20000 --seed 42 --output ./bins/test-rsqrt.bin
for i in 1 2 3 4; do \
	make clean all N_RSQRT_LOOP=$i; \
	for j in 1 2 3 4 5; do \
		./main --input ./bins/test-rsqrt.bin --nsteps 10 --dt 1e-4 --eps 0.05 --energy-every 10 --output ./bins/test-rsqrt/n_$i.out --kernel n  --profiler 1 --papi 1 --profiler-path ./profilings/test-rsqrt/n_$i.txt; \
		./main --input ./bins/test-rsqrt.bin --nsteps 10 --dt 1e-4 --eps 0.05 --energy-every 10 --output ./bins/test-rsqrt/r_$i.out --kernel r  --profiler 1 --papi 1 --profiler-path ./profilings/test-rsqrt/r_$i.txt; \
		./main --input ./bins/test-rsqrt.bin --nsteps 10 --dt 1e-4 --eps 0.05 --energy-every 10 --output ./bins/test-rsqrt/rt_$i.out --kernel rt --profiler 1 --papi 1 --profiler-path ./profilings/test-rsqrt/rt_$i.txt; \
	done \
done
make[1]: Entering directory '/orfeo/cephfs/scratch/dssc/enricosavorgnan/2026-nbody/experiments/rsqrt-impact'
rm -f main generate_initial_conditions *.o *.bin
cc -std=c11 -I/u/dssc/enricosavorgnan/opt/papi/include -DNBODY_USE_DOUBLE -O3 -march=native -Wall -Wextra -Wpedantic -flto -D_POSIX_C_SOURCE=199309L -DBLOCK_SIZE=128 -DN_RSQRT_LOOP=1 -DUSE_PAPI -c main.c -o main.o
cc -std=c11 -I/u/dssc/enricosavorgnan/opt/papi/include -DNBODY_USE_DOUBLE -O3 -march=native -Wall -Wextra -Wpedantic -flto -D_POSIX_C_SOURCE=199309L -DBLOCK_SIZE=128 -DN_RSQRT_LOOP=1 -DUSE_PAPI -c integration.c -o integration.o
cc -std=c11 -I/u/dssc/enricosavorgnan/opt/papi/include -DNBODY_USE_DOUBLE -O3 -march=native -Wall -Wextra -Wpedantic -flto -D_POSIX_C_SOURCE=199309L -DBLOCK_SIZE=128 -DN_RSQRT_LOOP=1 -DUSE_PAPI -c particles.c -o particles.o
cc -std=c11 -I/u/dssc/enricosavorgnan/opt/papi/include -DNBODY_USE_DOUBLE -O3 -march=native -Wall -Wextra -Wpedantic -flto -D_POSIX_C_SOURCE=199309L -DBLOCK_SIZE=128 -DN_RSQRT_LOOP=1 -DUSE_PAPI -c profiling.c -o profiling.o
cc -std=c11 -I/u/dssc/enricosavorgnan/opt/papi/include -DNBODY_USE_DOUBLE -O3 -march=native -Wall -Wextra -Wpedantic -flto -D_POSIX_C_SOURCE=199309L -DBLOCK_SIZE=128 -DN_RSQRT_LOOP=1 -DUSE_PAPI -c utils.c -o utils.o
cc -std=c11 -O3 -march=native -Wall -Wextra -Wpedantic -flto -D_POSIX_C_SOURCE=199309L -DBLOCK_SIZE=128 -DN_RSQRT_LOOP=1 -DUSE_PAPI -L/u/dssc/enricosavorgnan/opt/papi/lib -Wl,-rpath,/u/dssc/enricosavorgnan/opt/papi/lib -o main main.o integration.o particles.o profiling.o utils.o -lm -lpapi
cc -std=c11 -I/u/dssc/enricosavorgnan/opt/papi/include -DNBODY_USE_DOUBLE -O3 -march=native -Wall -Wextra -Wpedantic -flto -D_POSIX_C_SOURCE=199309L -DBLOCK_SIZE=128 -DN_RSQRT_LOOP=1 -DUSE_PAPI -L/u/dssc/enricosavorgnan/opt/papi/lib -Wl,-rpath,/u/dssc/enricosavorgnan/opt/papi/lib -o generate_initial_conditions generate_initial_conditions.c -lm -lpapi
make[1]: Leaving directory '/orfeo/cephfs/scratch/dssc/enricosavorgnan/2026-nbody/experiments/rsqrt-impact'
# Direct N-body DKD
# arithmetic_dtype=double binary_storage=float32 format=nbody-f32-v1
# N=20000 nsteps=10 dt=0.0001 eps=0.050000000000000003 G=1 mass=1
Acceleration Kernel: n
# Step 	 Time 			 Kinetic 			 Potential 			 Total 			 Relative Energy Drift
0 	 0 	 58759436.184000514 	 -116582810.08669029 	 -57823373.902689777 	 0
10 0.001 58708513.373754002 -116531894.50229046 -57823381.128536455 1.2496411382322409e-07
# final: N=20000 steps=10 arithmetic_dtype=double max_relative_energy_drift=1.2496411382322409e-07 tolerance=0.001 status=OK

--- Performance Profiling Report ---
File Read       : 6.714296e-04 s
File Write      : 8.292319e-04 s
Total Run       : 6.725880e-01 s

--- Step Statistics (10 steps) ---
Total Step      		 Median; 3.186231e-01 s 		 Trimmed Mean: 3.186426e-01 s 		 Standard Deviation: 2.049098e-04 s
First Drift     		 Median; 2.211006e-05 s 		 Trimmed Mean: 2.332241e-05 s 		 Standard Deviation: 3.103087e-06 s
Compute Force   		 Median; 3.184555e-01 s 		 Trimmed Mean: 3.184916e-01 s 		 Standard Deviation: 1.940968e-04 s
Kick            		 Median; 3.682496e-05 s 		 Trimmed Mean: 3.779330e-05 s 		 Standard Deviation: 2.412579e-06 s
Second Drift    		 Median; 6.052572e-05 s 		 Trimmed Mean: 5.853106e-05 s 		 Standard Deviation: 1.395961e-05 s
# Direct N-body DKD
# arithmetic_dtype=double binary_storage=float32 format=nbody-f32-v1
# N=20000 nsteps=10 dt=0.0001 eps=0.050000000000000003 G=1 mass=1
Acceleration Kernel: r
# Step 	 Time 			 Kinetic 			 Potential 			 Total 			 Relative Energy Drift
0 	 0 	 58759436.184000514 	 -116582810.08669029 	 -57823373.902689777 	 0
10 0.001 58707842.660087168 -116531078.93245316 -57823236.272365987 2.3801849408100973e-06
# final: N=20000 steps=10 arithmetic_dtype=double max_relative_energy_drift=2.3801849408100973e-06 tolerance=0.001 status=OK

--- Performance Profiling Report ---
File Read       : 6.398894e-04 s
File Write      : 8.892128e-04 s
Total Run       : 6.734825e-01 s

--- Step Statistics (10 steps) ---
Total Step      		 Median; 2.144926e-01 s 		 Trimmed Mean: 2.145061e-01 s 		 Standard Deviation: 9.970419e-05 s
First Drift     		 Median; 2.205512e-05 s 		 Trimmed Mean: 2.277305e-05 s 		 Standard Deviation: 1.877176e-06 s
Compute Force   		 Median; 2.143565e-01 s 		 Trimmed Mean: 2.143568e-01 s 		 Standard Deviation: 8.800950e-05 s
Kick            		 Median; 3.968133e-05 s 		 Trimmed Mean: 4.009577e-05 s 		 Standard Deviation: 2.242494e-06 s
Second Drift    		 Median; 4.594540e-05 s 		 Trimmed Mean: 4.763203e-05 s 		 Standard Deviation: 8.146948e-06 s
# Direct N-body DKD
# arithmetic_dtype=double binary_storage=float32 format=nbody-f32-v1
# N=20000 nsteps=10 dt=0.0001 eps=0.050000000000000003 G=1 mass=1
Acceleration Kernel: rt
# Step 	 Time 			 Kinetic 			 Potential 			 Total 			 Relative Energy Drift
0 	 0 	 58759436.184000514 	 -116582810.08669029 	 -57823373.902689777 	 0
10 0.001 58707842.660087168 -116531078.93245316 -57823236.272365987 2.3801849408100973e-06
# final: N=20000 steps=10 arithmetic_dtype=double max_relative_energy_drift=2.3801849408100973e-06 tolerance=0.001 status=OK

--- Performance Profiling Report ---
File Read       : 6.418386e-04 s
File Write      : 8.672029e-04 s
Total Run       : 6.723008e-01 s

--- Step Statistics (10 steps) ---
Total Step      		 Median; 3.438127e-01 s 		 Trimmed Mean: 3.438204e-01 s 		 Standard Deviation: 8.592384e-05 s
First Drift     		 Median; 2.707494e-05 s 		 Trimmed Mean: 2.807297e-05 s 		 Standard Deviation: 2.899728e-06 s
Compute Force   		 Median; 3.436717e-01 s 		 Trimmed Mean: 3.436765e-01 s 		 Standard Deviation: 8.281069e-05 s
Kick            		 Median; 4.472537e-05 s 		 Trimmed Mean: 4.492304e-05 s 		 Standard Deviation: 1.604998e-06 s
Second Drift    		 Median; 4.026527e-05 s 		 Trimmed Mean: 4.270673e-05 s 		 Standard Deviation: 5.735264e-06 s
# Direct N-body DKD
# arithmetic_dtype=double binary_storage=float32 format=nbody-f32-v1
# N=20000 nsteps=10 dt=0.0001 eps=0.050000000000000003 G=1 mass=1
Acceleration Kernel: n
# Step 	 Time 			 Kinetic 			 Potential 			 Total 			 Relative Energy Drift
0 	 0 	 58759436.184000514 	 -116582810.08669029 	 -57823373.902689777 	 0
10 0.001 58708513.373754002 -116531894.50229046 -57823381.128536455 1.2496411382322409e-07
# final: N=20000 steps=10 arithmetic_dtype=double max_relative_energy_drift=1.2496411382322409e-07 tolerance=0.001 status=OK

--- Performance Profiling Report ---
File Read       : 6.455295e-04 s
File Write      : 2.619238e-03 s
Total Run       : 6.753116e-01 s

--- Step Statistics (10 steps) ---
Total Step      		 Median; 3.182578e-01 s 		 Trimmed Mean: 3.182767e-01 s 		 Standard Deviation: 1.170939e-04 s
First Drift     		 Median; 2.395548e-05 s 		 Trimmed Mean: 2.396072e-05 s 		 Standard Deviation: 5.160428e-07 s
Compute Force   		 Median; 3.181024e-01 s 		 Trimmed Mean: 3.181296e-01 s 		 Standard Deviation: 1.089455e-04 s
Kick            		 Median; 3.741495e-05 s 		 Trimmed Mean: 3.776408e-05 s 		 Standard Deviation: 1.345831e-06 s
Second Drift    		 Median; 5.308120e-05 s 		 Trimmed Mean: 5.310599e-05 s 		 Standard Deviation: 1.342268e-05 s
# Direct N-body DKD
# arithmetic_dtype=double binary_storage=float32 format=nbody-f32-v1
# N=20000 nsteps=10 dt=0.0001 eps=0.050000000000000003 G=1 mass=1
Acceleration Kernel: r
# Step 	 Time 			 Kinetic 			 Potential 			 Total 			 Relative Energy Drift
0 	 0 	 58759436.184000514 	 -116582810.08669029 	 -57823373.902689777 	 0
10 0.001 58707842.660087168 -116531078.93245316 -57823236.272365987 2.3801849408100973e-06
# final: N=20000 steps=10 arithmetic_dtype=double max_relative_energy_drift=2.3801849408100973e-06 tolerance=0.001 status=OK

--- Performance Profiling Report ---
File Read       : 6.519789e-04 s
File Write      : 2.338233e-03 s
Total Run       : 6.737532e-01 s

--- Step Statistics (10 steps) ---
Total Step      		 Median; 2.146369e-01 s 		 Trimmed Mean: 2.146279e-01 s 		 Standard Deviation: 1.057185e-04 s
First Drift     		 Median; 2.523046e-05 s 		 Trimmed Mean: 2.525537e-05 s 		 Standard Deviation: 2.108663e-06 s
Compute Force   		 Median; 2.144880e-01 s 		 Trimmed Mean: 2.144673e-01 s 		 Standard Deviation: 9.213936e-05 s
Kick            		 Median; 4.079053e-05 s 		 Trimmed Mean: 4.134164e-05 s 		 Standard Deviation: 3.095777e-06 s
Second Drift    		 Median; 5.425513e-05 s 		 Trimmed Mean: 5.472288e-05 s 		 Standard Deviation: 6.271932e-06 s
# Direct N-body DKD
# arithmetic_dtype=double binary_storage=float32 format=nbody-f32-v1
# N=20000 nsteps=10 dt=0.0001 eps=0.050000000000000003 G=1 mass=1
Acceleration Kernel: rt
# Step 	 Time 			 Kinetic 			 Potential 			 Total 			 Relative Energy Drift
0 	 0 	 58759436.184000514 	 -116582810.08669029 	 -57823373.902689777 	 0
10 0.001 58707842.660087168 -116531078.93245316 -57823236.272365987 2.3801849408100973e-06
# final: N=20000 steps=10 arithmetic_dtype=double max_relative_energy_drift=2.3801849408100973e-06 tolerance=0.001 status=OK

--- Performance Profiling Report ---
File Read       : 6.511891e-04 s
File Write      : 2.900562e-03 s
Total Run       : 6.750864e-01 s

--- Step Statistics (10 steps) ---
Total Step      		 Median; 3.437015e-01 s 		 Trimmed Mean: 3.437099e-01 s 		 Standard Deviation: 1.201843e-04 s
First Drift     		 Median; 2.500042e-05 s 		 Trimmed Mean: 2.511649e-05 s 		 Standard Deviation: 1.553458e-06 s
Compute Force   		 Median; 3.435505e-01 s 		 Trimmed Mean: 3.435522e-01 s 		 Standard Deviation: 1.027314e-04 s
Kick            		 Median; 4.587043e-05 s 		 Trimmed Mean: 4.654052e-05 s 		 Standard Deviation: 2.779083e-06 s
Second Drift    		 Median; 4.754635e-05 s 		 Trimmed Mean: 4.903739e-05 s 		 Standard Deviation: 6.991021e-06 s
# Direct N-body DKD
# arithmetic_dtype=double binary_storage=float32 format=nbody-f32-v1
# N=20000 nsteps=10 dt=0.0001 eps=0.050000000000000003 G=1 mass=1
Acceleration Kernel: n
# Step 	 Time 			 Kinetic 			 Potential 			 Total 			 Relative Energy Drift
0 	 0 	 58759436.184000514 	 -116582810.08669029 	 -57823373.902689777 	 0
10 0.001 58708513.373754002 -116531894.50229046 -57823381.128536455 1.2496411382322409e-07
# final: N=20000 steps=10 arithmetic_dtype=double max_relative_energy_drift=1.2496411382322409e-07 tolerance=0.001 status=OK

--- Performance Profiling Report ---
File Read       : 6.438699e-04 s
File Write      : 2.063020e-03 s
Total Run       : 6.748570e-01 s

--- Step Statistics (10 steps) ---
Total Step      		 Median; 3.184381e-01 s 		 Trimmed Mean: 3.184429e-01 s 		 Standard Deviation: 1.487892e-04 s
First Drift     		 Median; 2.217572e-05 s 		 Trimmed Mean: 2.217176e-05 s 		 Standard Deviation: 1.333514e-07 s
Compute Force   		 Median; 3.182826e-01 s 		 Trimmed Mean: 3.182778e-01 s 		 Standard Deviation: 1.284964e-04 s
Kick            		 Median; 4.335539e-05 s 		 Trimmed Mean: 4.276389e-05 s 		 Standard Deviation: 3.204961e-06 s
Second Drift    		 Median; 6.799120e-05 s 		 Trimmed Mean: 6.575638e-05 s 		 Standard Deviation: 1.472563e-05 s
# Direct N-body DKD
# arithmetic_dtype=double binary_storage=float32 format=nbody-f32-v1
# N=20000 nsteps=10 dt=0.0001 eps=0.050000000000000003 G=1 mass=1
Acceleration Kernel: r
# Step 	 Time 			 Kinetic 			 Potential 			 Total 			 Relative Energy Drift
0 	 0 	 58759436.184000514 	 -116582810.08669029 	 -57823373.902689777 	 0
10 0.001 58707842.660087168 -116531078.93245316 -57823236.272365987 2.3801849408100973e-06
# final: N=20000 steps=10 arithmetic_dtype=double max_relative_energy_drift=2.3801849408100973e-06 tolerance=0.001 status=OK

--- Performance Profiling Report ---
File Read       : 6.707199e-04 s
File Write      : 2.337684e-03 s
Total Run       : 6.721707e-01 s

--- Step Statistics (10 steps) ---
Total Step      		 Median; 2.145892e-01 s 		 Trimmed Mean: 2.145912e-01 s 		 Standard Deviation: 1.233295e-04 s
First Drift     		 Median; 2.461486e-05 s 		 Trimmed Mean: 2.473907e-05 s 		 Standard Deviation: 4.332182e-07 s
Compute Force   		 Median; 2.144196e-01 s 		 Trimmed Mean: 2.144191e-01 s 		 Standard Deviation: 1.132931e-04 s
Kick            		 Median; 4.024059e-05 s 		 Trimmed Mean: 4.101812e-05 s 		 Standard Deviation: 4.092815e-06 s
Second Drift    		 Median; 7.123081e-05 s 		 Trimmed Mean: 7.173093e-05 s 		 Standard Deviation: 8.399818e-06 s
# Direct N-body DKD
# arithmetic_dtype=double binary_storage=float32 format=nbody-f32-v1
# N=20000 nsteps=10 dt=0.0001 eps=0.050000000000000003 G=1 mass=1
Acceleration Kernel: rt
# Step 	 Time 			 Kinetic 			 Potential 			 Total 			 Relative Energy Drift
0 	 0 	 58759436.184000514 	 -116582810.08669029 	 -57823373.902689777 	 0
10 0.001 58707842.660087168 -116531078.93245316 -57823236.272365987 2.3801849408100973e-06
# final: N=20000 steps=10 arithmetic_dtype=double max_relative_energy_drift=2.3801849408100973e-06 tolerance=0.001 status=OK

--- Performance Profiling Report ---
File Read       : 6.543305e-04 s
File Write      : 3.342698e-03 s
Total Run       : 6.747416e-01 s

--- Step Statistics (10 steps) ---
Total Step      		 Median; 3.450434e-01 s 		 Trimmed Mean: 3.450483e-01 s 		 Standard Deviation: 1.401672e-04 s
First Drift     		 Median; 2.477970e-05 s 		 Trimmed Mean: 2.526527e-05 s 		 Standard Deviation: 2.264313e-06 s
Compute Force   		 Median; 3.448902e-01 s 		 Trimmed Mean: 3.448917e-01 s 		 Standard Deviation: 1.326888e-04 s
Kick            		 Median; 4.406646e-05 s 		 Trimmed Mean: 5.008327e-05 s 		 Standard Deviation: 1.119271e-05 s
Second Drift    		 Median; 6.031571e-05 s 		 Trimmed Mean: 5.713326e-05 s 		 Standard Deviation: 8.971682e-06 s
# Direct N-body DKD
# arithmetic_dtype=double binary_storage=float32 format=nbody-f32-v1
# N=20000 nsteps=10 dt=0.0001 eps=0.050000000000000003 G=1 mass=1
Acceleration Kernel: n
# Step 	 Time 			 Kinetic 			 Potential 			 Total 			 Relative Energy Drift
0 	 0 	 58759436.184000514 	 -116582810.08669029 	 -57823373.902689777 	 0
10 0.001 58708513.373754002 -116531894.50229046 -57823381.128536455 1.2496411382322409e-07
# final: N=20000 steps=10 arithmetic_dtype=double max_relative_energy_drift=1.2496411382322409e-07 tolerance=0.001 status=OK

--- Performance Profiling Report ---
File Read       : 6.305194e-04 s
File Write      : 3.116025e-03 s
Total Run       : 6.737960e-01 s

--- Step Statistics (10 steps) ---
Total Step      		 Median; 3.181951e-01 s 		 Trimmed Mean: 3.182473e-01 s 		 Standard Deviation: 1.381041e-04 s
First Drift     		 Median; 2.355082e-05 s 		 Trimmed Mean: 2.446433e-05 s 		 Standard Deviation: 2.417992e-06 s
Compute Force   		 Median; 3.180288e-01 s 		 Trimmed Mean: 3.180698e-01 s 		 Standard Deviation: 1.202668e-04 s
Kick            		 Median; 3.940566e-05 s 		 Trimmed Mean: 3.990962e-05 s 		 Standard Deviation: 2.743535e-06 s
Second Drift    		 Median; 6.985664e-05 s 		 Trimmed Mean: 7.385376e-05 s 		 Standard Deviation: 1.441555e-05 s
# Direct N-body DKD
# arithmetic_dtype=double binary_storage=float32 format=nbody-f32-v1
# N=20000 nsteps=10 dt=0.0001 eps=0.050000000000000003 G=1 mass=1
Acceleration Kernel: r
# Step 	 Time 			 Kinetic 			 Potential 			 Total 			 Relative Energy Drift
0 	 0 	 58759436.184000514 	 -116582810.08669029 	 -57823373.902689777 	 0
10 0.001 58707842.660087168 -116531078.93245316 -57823236.272365987 2.3801849408100973e-06
# final: N=20000 steps=10 arithmetic_dtype=double max_relative_energy_drift=2.3801849408100973e-06 tolerance=0.001 status=OK

--- Performance Profiling Report ---
File Read       : 6.619599e-04 s
File Write      : 2.259102e-03 s
Total Run       : 6.729851e-01 s

--- Step Statistics (10 steps) ---
Total Step      		 Median; 2.147122e-01 s 		 Trimmed Mean: 2.148235e-01 s 		 Standard Deviation: 2.936830e-04 s
First Drift     		 Median; 2.216501e-05 s 		 Trimmed Mean: 2.231263e-05 s 		 Standard Deviation: 5.620507e-07 s
Compute Force   		 Median; 2.145499e-01 s 		 Trimmed Mean: 2.146819e-01 s 		 Standard Deviation: 2.981860e-04 s
Kick            		 Median; 3.899541e-05 s 		 Trimmed Mean: 3.967911e-05 s 		 Standard Deviation: 3.120271e-06 s
Second Drift    		 Median; 4.302058e-05 s 		 Trimmed Mean: 4.648312e-05 s 		 Standard Deviation: 1.130974e-05 s
# Direct N-body DKD
# arithmetic_dtype=double binary_storage=float32 format=nbody-f32-v1
# N=20000 nsteps=10 dt=0.0001 eps=0.050000000000000003 G=1 mass=1
Acceleration Kernel: rt
# Step 	 Time 			 Kinetic 			 Potential 			 Total 			 Relative Energy Drift
0 	 0 	 58759436.184000514 	 -116582810.08669029 	 -57823373.902689777 	 0
10 0.001 58707842.660087168 -116531078.93245316 -57823236.272365987 2.3801849408100973e-06
# final: N=20000 steps=10 arithmetic_dtype=double max_relative_energy_drift=2.3801849408100973e-06 tolerance=0.001 status=OK

--- Performance Profiling Report ---
File Read       : 6.320290e-04 s
File Write      : 2.495116e-03 s
Total Run       : 6.748852e-01 s

--- Step Statistics (10 steps) ---
Total Step      		 Median; 3.455349e-01 s 		 Trimmed Mean: 3.455324e-01 s 		 Standard Deviation: 9.850968e-05 s
First Drift     		 Median; 2.575060e-05 s 		 Trimmed Mean: 2.515782e-05 s 		 Standard Deviation: 1.509867e-06 s
Compute Force   		 Median; 3.453884e-01 s 		 Trimmed Mean: 3.453811e-01 s 		 Standard Deviation: 8.681484e-05 s
Kick            		 Median; 4.608044e-05 s 		 Trimmed Mean: 4.711701e-05 s 		 Standard Deviation: 3.658133e-06 s
Second Drift    		 Median; 4.540617e-05 s 		 Trimmed Mean: 4.509452e-05 s 		 Standard Deviation: 2.638666e-06 s
# Direct N-body DKD
# arithmetic_dtype=double binary_storage=float32 format=nbody-f32-v1
# N=20000 nsteps=10 dt=0.0001 eps=0.050000000000000003 G=1 mass=1
Acceleration Kernel: n
# Step 	 Time 			 Kinetic 			 Potential 			 Total 			 Relative Energy Drift
0 	 0 	 58759436.184000514 	 -116582810.08669029 	 -57823373.902689777 	 0
10 0.001 58708513.373754002 -116531894.50229046 -57823381.128536455 1.2496411382322409e-07
# final: N=20000 steps=10 arithmetic_dtype=double max_relative_energy_drift=1.2496411382322409e-07 tolerance=0.001 status=OK

--- Performance Profiling Report ---
File Read       : 6.372295e-04 s
File Write      : 4.113829e-03 s
Total Run       : 6.735864e-01 s

--- Step Statistics (10 steps) ---
Total Step      		 Median; 3.184766e-01 s 		 Trimmed Mean: 3.185039e-01 s 		 Standard Deviation: 1.764774e-04 s
First Drift     		 Median; 2.197083e-05 s 		 Trimmed Mean: 2.196431e-05 s 		 Standard Deviation: 9.355737e-08 s
Compute Force   		 Median; 3.183352e-01 s 		 Trimmed Mean: 3.183545e-01 s 		 Standard Deviation: 1.739651e-04 s
Kick            		 Median; 3.863126e-05 s 		 Trimmed Mean: 3.859191e-05 s 		 Standard Deviation: 1.538577e-06 s
Second Drift    		 Median; 5.357573e-05 s 		 Trimmed Mean: 5.147944e-05 s 		 Standard Deviation: 6.752115e-06 s
# Direct N-body DKD
# arithmetic_dtype=double binary_storage=float32 format=nbody-f32-v1
# N=20000 nsteps=10 dt=0.0001 eps=0.050000000000000003 G=1 mass=1
Acceleration Kernel: r
# Step 	 Time 			 Kinetic 			 Potential 			 Total 			 Relative Energy Drift
0 	 0 	 58759436.184000514 	 -116582810.08669029 	 -57823373.902689777 	 0
10 0.001 58707842.660087168 -116531078.93245316 -57823236.272365987 2.3801849408100973e-06
# final: N=20000 steps=10 arithmetic_dtype=double max_relative_energy_drift=2.3801849408100973e-06 tolerance=0.001 status=OK

--- Performance Profiling Report ---
File Read       : 8.619316e-04 s
File Write      : 3.741364e-03 s
Total Run       : 6.730079e-01 s

--- Step Statistics (10 steps) ---
Total Step      		 Median; 2.146968e-01 s 		 Trimmed Mean: 2.147102e-01 s 		 Standard Deviation: 7.874205e-05 s
First Drift     		 Median; 2.204487e-05 s 		 Trimmed Mean: 2.208783e-05 s 		 Standard Deviation: 1.090781e-07 s
Compute Force   		 Median; 2.145448e-01 s 		 Trimmed Mean: 2.145572e-01 s 		 Standard Deviation: 6.705689e-05 s
Kick            		 Median; 3.826572e-05 s 		 Trimmed Mean: 3.947678e-05 s 		 Standard Deviation: 2.974446e-06 s
Second Drift    		 Median; 5.173078e-05 s 		 Trimmed Mean: 5.136174e-05 s 		 Standard Deviation: 1.224035e-05 s
# Direct N-body DKD
# arithmetic_dtype=double binary_storage=float32 format=nbody-f32-v1
# N=20000 nsteps=10 dt=0.0001 eps=0.050000000000000003 G=1 mass=1
Acceleration Kernel: rt
# Step 	 Time 			 Kinetic 			 Potential 			 Total 			 Relative Energy Drift
0 	 0 	 58759436.184000514 	 -116582810.08669029 	 -57823373.902689777 	 0
10 0.001 58707842.660087168 -116531078.93245316 -57823236.272365987 2.3801849408100973e-06
# final: N=20000 steps=10 arithmetic_dtype=double max_relative_energy_drift=2.3801849408100973e-06 tolerance=0.001 status=OK

--- Performance Profiling Report ---
File Read       : 6.270381e-04 s
File Write      : 3.834394e-03 s
Total Run       : 6.739957e-01 s

--- Step Statistics (10 steps) ---
Total Step      		 Median; 3.439992e-01 s 		 Trimmed Mean: 3.440081e-01 s 		 Standard Deviation: 2.490471e-04 s
First Drift     		 Median; 2.205558e-05 s 		 Trimmed Mean: 2.206967e-05 s 		 Standard Deviation: 1.512456e-07 s
Compute Force   		 Median; 3.438675e-01 s 		 Trimmed Mean: 3.438671e-01 s 		 Standard Deviation: 2.577287e-04 s
Kick            		 Median; 4.259031e-05 s 		 Trimmed Mean: 4.278461e-05 s 		 Standard Deviation: 3.031334e-06 s
Second Drift    		 Median; 4.490465e-05 s 		 Trimmed Mean: 4.463643e-05 s 		 Standard Deviation: 5.154351e-06 s
make[1]: Entering directory '/orfeo/cephfs/scratch/dssc/enricosavorgnan/2026-nbody/experiments/rsqrt-impact'
rm -f main generate_initial_conditions *.o *.bin
cc -std=c11 -I/u/dssc/enricosavorgnan/opt/papi/include -DNBODY_USE_DOUBLE -O3 -march=native -Wall -Wextra -Wpedantic -flto -D_POSIX_C_SOURCE=199309L -DBLOCK_SIZE=128 -DN_RSQRT_LOOP=2 -DUSE_PAPI -c main.c -o main.o
cc -std=c11 -I/u/dssc/enricosavorgnan/opt/papi/include -DNBODY_USE_DOUBLE -O3 -march=native -Wall -Wextra -Wpedantic -flto -D_POSIX_C_SOURCE=199309L -DBLOCK_SIZE=128 -DN_RSQRT_LOOP=2 -DUSE_PAPI -c integration.c -o integration.o
cc -std=c11 -I/u/dssc/enricosavorgnan/opt/papi/include -DNBODY_USE_DOUBLE -O3 -march=native -Wall -Wextra -Wpedantic -flto -D_POSIX_C_SOURCE=199309L -DBLOCK_SIZE=128 -DN_RSQRT_LOOP=2 -DUSE_PAPI -c particles.c -o particles.o
cc -std=c11 -I/u/dssc/enricosavorgnan/opt/papi/include -DNBODY_USE_DOUBLE -O3 -march=native -Wall -Wextra -Wpedantic -flto -D_POSIX_C_SOURCE=199309L -DBLOCK_SIZE=128 -DN_RSQRT_LOOP=2 -DUSE_PAPI -c profiling.c -o profiling.o
cc -std=c11 -I/u/dssc/enricosavorgnan/opt/papi/include -DNBODY_USE_DOUBLE -O3 -march=native -Wall -Wextra -Wpedantic -flto -D_POSIX_C_SOURCE=199309L -DBLOCK_SIZE=128 -DN_RSQRT_LOOP=2 -DUSE_PAPI -c utils.c -o utils.o
cc -std=c11 -O3 -march=native -Wall -Wextra -Wpedantic -flto -D_POSIX_C_SOURCE=199309L -DBLOCK_SIZE=128 -DN_RSQRT_LOOP=2 -DUSE_PAPI -L/u/dssc/enricosavorgnan/opt/papi/lib -Wl,-rpath,/u/dssc/enricosavorgnan/opt/papi/lib -o main main.o integration.o particles.o profiling.o utils.o -lm -lpapi
cc -std=c11 -I/u/dssc/enricosavorgnan/opt/papi/include -DNBODY_USE_DOUBLE -O3 -march=native -Wall -Wextra -Wpedantic -flto -D_POSIX_C_SOURCE=199309L -DBLOCK_SIZE=128 -DN_RSQRT_LOOP=2 -DUSE_PAPI -L/u/dssc/enricosavorgnan/opt/papi/lib -Wl,-rpath,/u/dssc/enricosavorgnan/opt/papi/lib -o generate_initial_conditions generate_initial_conditions.c -lm -lpapi
make[1]: Leaving directory '/orfeo/cephfs/scratch/dssc/enricosavorgnan/2026-nbody/experiments/rsqrt-impact'
# Direct N-body DKD
# arithmetic_dtype=double binary_storage=float32 format=nbody-f32-v1
# N=20000 nsteps=10 dt=0.0001 eps=0.050000000000000003 G=1 mass=1
Acceleration Kernel: n
# Step 	 Time 			 Kinetic 			 Potential 			 Total 			 Relative Energy Drift
0 	 0 	 58759436.184000514 	 -116582810.08669029 	 -57823373.902689777 	 0
10 0.001 58708513.373754002 -116531894.50229046 -57823381.128536455 1.2496411382322409e-07
# final: N=20000 steps=10 arithmetic_dtype=double max_relative_energy_drift=1.2496411382322409e-07 tolerance=0.001 status=OK

--- Performance Profiling Report ---
File Read       : 6.293384e-04 s
File Write      : 1.186987e-03 s
Total Run       : 6.742690e-01 s

--- Step Statistics (10 steps) ---
Total Step      		 Median; 3.185000e-01 s 		 Trimmed Mean: 3.185562e-01 s 		 Standard Deviation: 1.376203e-04 s
First Drift     		 Median; 2.182554e-05 s 		 Trimmed Mean: 2.188410e-05 s 		 Standard Deviation: 1.285600e-07 s
Compute Force   		 Median; 3.183725e-01 s 		 Trimmed Mean: 3.184332e-01 s 		 Standard Deviation: 1.391300e-04 s
Kick            		 Median; 3.775628e-05 s 		 Trimmed Mean: 3.901706e-05 s 		 Standard Deviation: 2.837861e-06 s
Second Drift    		 Median; 3.571576e-05 s 		 Trimmed Mean: 3.469293e-05 s 		 Standard Deviation: 7.218642e-06 s
# Direct N-body DKD
# arithmetic_dtype=double binary_storage=float32 format=nbody-f32-v1
# N=20000 nsteps=10 dt=0.0001 eps=0.050000000000000003 G=1 mass=1
Acceleration Kernel: r
# Step 	 Time 			 Kinetic 			 Potential 			 Total 			 Relative Energy Drift
0 	 0 	 58759436.184000514 	 -116582810.08669029 	 -57823373.902689777 	 0
10 0.001 58708512.063515149 -116531892.91447839 -57823380.850963242 1.2016375033270296e-07
# final: N=20000 steps=10 arithmetic_dtype=double max_relative_energy_drift=1.2016375033270296e-07 tolerance=0.001 status=OK

--- Performance Profiling Report ---
File Read       : 6.468901e-04 s
File Write      : 9.895945e-04 s
Total Run       : 6.751302e-01 s

--- Step Statistics (10 steps) ---
Total Step      		 Median; 2.668777e-01 s 		 Trimmed Mean: 2.668781e-01 s 		 Standard Deviation: 8.793639e-05 s
First Drift     		 Median; 2.193078e-05 s 		 Trimmed Mean: 2.273044e-05 s 		 Standard Deviation: 2.025718e-06 s
Compute Force   		 Median; 2.667652e-01 s 		 Trimmed Mean: 2.667638e-01 s 		 Standard Deviation: 8.705416e-05 s
Kick            		 Median; 3.798585e-05 s 		 Trimmed Mean: 3.876700e-05 s 		 Standard Deviation: 2.945144e-06 s
Second Drift    		 Median; 2.647564e-05 s 		 Trimmed Mean: 2.712302e-05 s 		 Standard Deviation: 1.534610e-06 s
# Direct N-body DKD
# arithmetic_dtype=double binary_storage=float32 format=nbody-f32-v1
# N=20000 nsteps=10 dt=0.0001 eps=0.050000000000000003 G=1 mass=1
Acceleration Kernel: rt
# Step 	 Time 			 Kinetic 			 Potential 			 Total 			 Relative Energy Drift
0 	 0 	 58759436.184000514 	 -116582810.08669029 	 -57823373.902689777 	 0
10 0.001 58708512.063515149 -116531892.91447839 -57823380.850963242 1.2016375033270296e-07
# final: N=20000 steps=10 arithmetic_dtype=double max_relative_energy_drift=1.2016375033270296e-07 tolerance=0.001 status=OK

--- Performance Profiling Report ---
File Read       : 6.503295e-04 s
File Write      : 1.098835e-03 s
Total Run       : 6.750554e-01 s

--- Step Statistics (10 steps) ---
Total Step      		 Median; 4.165799e-01 s 		 Trimmed Mean: 4.165760e-01 s 		 Standard Deviation: 2.324927e-04 s
First Drift     		 Median; 2.534082e-05 s 		 Trimmed Mean: 2.565025e-05 s 		 Standard Deviation: 1.877961e-06 s
Compute Force   		 Median; 4.164377e-01 s 		 Trimmed Mean: 4.164295e-01 s 		 Standard Deviation: 2.322171e-04 s
Kick            		 Median; 4.586577e-05 s 		 Trimmed Mean: 4.577939e-05 s 		 Standard Deviation: 2.055671e-06 s
Second Drift    		 Median; 4.482036e-05 s 		 Trimmed Mean: 4.490220e-05 s 		 Standard Deviation: 2.309148e-06 s
# Direct N-body DKD
# arithmetic_dtype=double binary_storage=float32 format=nbody-f32-v1
# N=20000 nsteps=10 dt=0.0001 eps=0.050000000000000003 G=1 mass=1
Acceleration Kernel: n
# Step 	 Time 			 Kinetic 			 Potential 			 Total 			 Relative Energy Drift
0 	 0 	 58759436.184000514 	 -116582810.08669029 	 -57823373.902689777 	 0
10 0.001 58708513.373754002 -116531894.50229046 -57823381.128536455 1.2496411382322409e-07
# final: N=20000 steps=10 arithmetic_dtype=double max_relative_energy_drift=1.2496411382322409e-07 tolerance=0.001 status=OK

--- Performance Profiling Report ---
File Read       : 6.430894e-04 s
File Write      : 3.001743e-03 s
Total Run       : 6.730267e-01 s

--- Step Statistics (10 steps) ---
Total Step      		 Median; 3.184345e-01 s 		 Trimmed Mean: 3.184117e-01 s 		 Standard Deviation: 9.479579e-05 s
First Drift     		 Median; 2.241461e-05 s 		 Trimmed Mean: 2.276269e-05 s 		 Standard Deviation: 8.113356e-07 s
Compute Force   		 Median; 3.183109e-01 s 		 Trimmed Mean: 3.182785e-01 s 		 Standard Deviation: 8.805271e-05 s
Kick            		 Median; 3.940100e-05 s 		 Trimmed Mean: 3.894686e-05 s 		 Standard Deviation: 1.473525e-06 s
Second Drift    		 Median; 4.573585e-05 s 		 Trimmed Mean: 4.470325e-05 s 		 Standard Deviation: 5.957577e-06 s
# Direct N-body DKD
# arithmetic_dtype=double binary_storage=float32 format=nbody-f32-v1
# N=20000 nsteps=10 dt=0.0001 eps=0.050000000000000003 G=1 mass=1
Acceleration Kernel: r
# Step 	 Time 			 Kinetic 			 Potential 			 Total 			 Relative Energy Drift
0 	 0 	 58759436.184000514 	 -116582810.08669029 	 -57823373.902689777 	 0
10 0.001 58708512.063515149 -116531892.91447839 -57823380.850963242 1.2016375033270296e-07
# final: N=20000 steps=10 arithmetic_dtype=double max_relative_energy_drift=1.2016375033270296e-07 tolerance=0.001 status=OK

--- Performance Profiling Report ---
File Read       : 6.613499e-04 s
File Write      : 3.218218e-03 s
Total Run       : 6.755528e-01 s

--- Step Statistics (10 steps) ---
Total Step      		 Median; 2.668280e-01 s 		 Trimmed Mean: 2.668479e-01 s 		 Standard Deviation: 1.368192e-04 s
First Drift     		 Median; 2.189493e-05 s 		 Trimmed Mean: 2.191658e-05 s 		 Standard Deviation: 8.049040e-08 s
Compute Force   		 Median; 2.666964e-01 s 		 Trimmed Mean: 2.667137e-01 s 		 Standard Deviation: 1.227732e-04 s
Kick            		 Median; 3.753090e-05 s 		 Trimmed Mean: 3.907352e-05 s 		 Standard Deviation: 2.987685e-06 s
Second Drift    		 Median; 3.826991e-05 s 		 Trimmed Mean: 3.807165e-05 s 		 Standard Deviation: 5.286016e-06 s
# Direct N-body DKD
# arithmetic_dtype=double binary_storage=float32 format=nbody-f32-v1
# N=20000 nsteps=10 dt=0.0001 eps=0.050000000000000003 G=1 mass=1
Acceleration Kernel: rt
# Step 	 Time 			 Kinetic 			 Potential 			 Total 			 Relative Energy Drift
0 	 0 	 58759436.184000514 	 -116582810.08669029 	 -57823373.902689777 	 0
10 0.001 58708512.063515149 -116531892.91447839 -57823380.850963242 1.2016375033270296e-07
# final: N=20000 steps=10 arithmetic_dtype=double max_relative_energy_drift=1.2016375033270296e-07 tolerance=0.001 status=OK

--- Performance Profiling Report ---
File Read       : 6.361790e-04 s
File Write      : 1.870987e-03 s
Total Run       : 6.753680e-01 s

--- Step Statistics (10 steps) ---
Total Step      		 Median; 4.163048e-01 s 		 Trimmed Mean: 4.163964e-01 s 		 Standard Deviation: 3.452069e-04 s
First Drift     		 Median; 2.392987e-05 s 		 Trimmed Mean: 2.466794e-05 s 		 Standard Deviation: 1.989813e-06 s
Compute Force   		 Median; 4.161573e-01 s 		 Trimmed Mean: 4.162441e-01 s 		 Standard Deviation: 3.246607e-04 s
Kick            		 Median; 4.520547e-05 s 		 Trimmed Mean: 4.562433e-05 s 		 Standard Deviation: 2.036664e-06 s
Second Drift    		 Median; 4.278542e-05 s 		 Trimmed Mean: 4.369044e-05 s 		 Standard Deviation: 2.879580e-06 s
# Direct N-body DKD
# arithmetic_dtype=double binary_storage=float32 format=nbody-f32-v1
# N=20000 nsteps=10 dt=0.0001 eps=0.050000000000000003 G=1 mass=1
Acceleration Kernel: n
# Step 	 Time 			 Kinetic 			 Potential 			 Total 			 Relative Energy Drift
0 	 0 	 58759436.184000514 	 -116582810.08669029 	 -57823373.902689777 	 0
10 0.001 58708513.373754002 -116531894.50229046 -57823381.128536455 1.2496411382322409e-07
# final: N=20000 steps=10 arithmetic_dtype=double max_relative_energy_drift=1.2496411382322409e-07 tolerance=0.001 status=OK

--- Performance Profiling Report ---
File Read       : 6.512301e-04 s
File Write      : 2.476616e-03 s
Total Run       : 6.735701e-01 s

--- Step Statistics (10 steps) ---
Total Step      		 Median; 3.184966e-01 s 		 Trimmed Mean: 3.185186e-01 s 		 Standard Deviation: 9.045431e-05 s
First Drift     		 Median; 2.523093e-05 s 		 Trimmed Mean: 2.795144e-05 s 		 Standard Deviation: 4.986956e-06 s
Compute Force   		 Median; 3.183426e-01 s 		 Trimmed Mean: 3.183600e-01 s 		 Standard Deviation: 8.520728e-05 s
Kick            		 Median; 3.744150e-05 s 		 Trimmed Mean: 3.843824e-05 s 		 Standard Deviation: 1.751965e-06 s
Second Drift    		 Median; 5.022623e-05 s 		 Trimmed Mean: 5.148468e-05 s 		 Standard Deviation: 7.720425e-06 s
# Direct N-body DKD
# arithmetic_dtype=double binary_storage=float32 format=nbody-f32-v1
# N=20000 nsteps=10 dt=0.0001 eps=0.050000000000000003 G=1 mass=1
Acceleration Kernel: r
# Step 	 Time 			 Kinetic 			 Potential 			 Total 			 Relative Energy Drift
0 	 0 	 58759436.184000514 	 -116582810.08669029 	 -57823373.902689777 	 0
10 0.001 58708512.063515149 -116531892.91447839 -57823380.850963242 1.2016375033270296e-07
# final: N=20000 steps=10 arithmetic_dtype=double max_relative_energy_drift=1.2016375033270296e-07 tolerance=0.001 status=OK

--- Performance Profiling Report ---
File Read       : 6.463705e-04 s
File Write      : 1.915748e-03 s
Total Run       : 6.757785e-01 s

--- Step Statistics (10 steps) ---
Total Step      		 Median; 2.668700e-01 s 		 Trimmed Mean: 2.668811e-01 s 		 Standard Deviation: 1.285069e-04 s
First Drift     		 Median; 2.215989e-05 s 		 Trimmed Mean: 2.226653e-05 s 		 Standard Deviation: 2.433943e-07 s
Compute Force   		 Median; 2.667455e-01 s 		 Trimmed Mean: 2.667485e-01 s 		 Standard Deviation: 1.219194e-04 s
Kick            		 Median; 3.820471e-05 s 		 Trimmed Mean: 3.839564e-05 s 		 Standard Deviation: 1.131578e-06 s
Second Drift    		 Median; 4.269555e-05 s 		 Trimmed Mean: 4.380196e-05 s 		 Standard Deviation: 7.729381e-06 s
# Direct N-body DKD
# arithmetic_dtype=double binary_storage=float32 format=nbody-f32-v1
# N=20000 nsteps=10 dt=0.0001 eps=0.050000000000000003 G=1 mass=1
Acceleration Kernel: rt
# Step 	 Time 			 Kinetic 			 Potential 			 Total 			 Relative Energy Drift
0 	 0 	 58759436.184000514 	 -116582810.08669029 	 -57823373.902689777 	 0
10 0.001 58708512.063515149 -116531892.91447839 -57823380.850963242 1.2016375033270296e-07
# final: N=20000 steps=10 arithmetic_dtype=double max_relative_energy_drift=1.2016375033270296e-07 tolerance=0.001 status=OK

--- Performance Profiling Report ---
File Read       : 6.479193e-04 s
File Write      : 1.772556e-03 s
Total Run       : 6.753809e-01 s

--- Step Statistics (10 steps) ---
Total Step      		 Median; 4.166508e-01 s 		 Trimmed Mean: 4.166897e-01 s 		 Standard Deviation: 3.776856e-04 s
First Drift     		 Median; 2.449099e-05 s 		 Trimmed Mean: 2.403744e-05 s 		 Standard Deviation: 1.525249e-06 s
Compute Force   		 Median; 4.164995e-01 s 		 Trimmed Mean: 4.165288e-01 s 		 Standard Deviation: 3.527243e-04 s
Kick            		 Median; 4.386483e-05 s 		 Trimmed Mean: 4.404283e-05 s 		 Standard Deviation: 3.634447e-06 s
Second Drift    		 Median; 5.657598e-05 s 		 Trimmed Mean: 5.644083e-05 s 		 Standard Deviation: 4.610512e-06 s
# Direct N-body DKD
# arithmetic_dtype=double binary_storage=float32 format=nbody-f32-v1
# N=20000 nsteps=10 dt=0.0001 eps=0.050000000000000003 G=1 mass=1
Acceleration Kernel: n
# Step 	 Time 			 Kinetic 			 Potential 			 Total 			 Relative Energy Drift
0 	 0 	 58759436.184000514 	 -116582810.08669029 	 -57823373.902689777 	 0
10 0.001 58708513.373754002 -116531894.50229046 -57823381.128536455 1.2496411382322409e-07
# final: N=20000 steps=10 arithmetic_dtype=double max_relative_energy_drift=1.2496411382322409e-07 tolerance=0.001 status=OK

--- Performance Profiling Report ---
File Read       : 6.429786e-04 s
File Write      : 1.860856e-03 s
Total Run       : 6.736540e-01 s

--- Step Statistics (10 steps) ---
Total Step      		 Median; 3.182466e-01 s 		 Trimmed Mean: 3.182530e-01 s 		 Standard Deviation: 1.146538e-04 s
First Drift     		 Median; 2.204953e-05 s 		 Trimmed Mean: 2.210622e-05 s 		 Standard Deviation: 1.733980e-07 s
Compute Force   		 Median; 3.181146e-01 s 		 Trimmed Mean: 3.180996e-01 s 		 Standard Deviation: 1.012641e-04 s
Kick            		 Median; 3.823964e-05 s 		 Trimmed Mean: 3.866781e-05 s 		 Standard Deviation: 2.121908e-06 s
Second Drift    		 Median; 5.183090e-05 s 		 Trimmed Mean: 5.355943e-05 s 		 Standard Deviation: 1.093563e-05 s
# Direct N-body DKD
# arithmetic_dtype=double binary_storage=float32 format=nbody-f32-v1
# N=20000 nsteps=10 dt=0.0001 eps=0.050000000000000003 G=1 mass=1
Acceleration Kernel: r
# Step 	 Time 			 Kinetic 			 Potential 			 Total 			 Relative Energy Drift
0 	 0 	 58759436.184000514 	 -116582810.08669029 	 -57823373.902689777 	 0
10 0.001 58708512.063515149 -116531892.91447839 -57823380.850963242 1.2016375033270296e-07
# final: N=20000 steps=10 arithmetic_dtype=double max_relative_energy_drift=1.2016375033270296e-07 tolerance=0.001 status=OK

--- Performance Profiling Report ---
File Read       : 6.380407e-04 s
File Write      : 2.507796e-03 s
Total Run       : 6.729898e-01 s

--- Step Statistics (10 steps) ---
Total Step      		 Median; 2.665575e-01 s 		 Trimmed Mean: 2.666407e-01 s 		 Standard Deviation: 1.758871e-04 s
First Drift     		 Median; 2.213614e-05 s 		 Trimmed Mean: 2.218550e-05 s 		 Standard Deviation: 1.710619e-07 s
Compute Force   		 Median; 2.664267e-01 s 		 Trimmed Mean: 2.665005e-01 s 		 Standard Deviation: 1.670020e-04 s
Kick            		 Median; 3.799517e-05 s 		 Trimmed Mean: 3.790692e-05 s 		 Standard Deviation: 1.388921e-06 s
Second Drift    		 Median; 5.274080e-05 s 		 Trimmed Mean: 5.065824e-05 s 		 Standard Deviation: 9.887963e-06 s
# Direct N-body DKD
# arithmetic_dtype=double binary_storage=float32 format=nbody-f32-v1
# N=20000 nsteps=10 dt=0.0001 eps=0.050000000000000003 G=1 mass=1
Acceleration Kernel: rt
# Step 	 Time 			 Kinetic 			 Potential 			 Total 			 Relative Energy Drift
0 	 0 	 58759436.184000514 	 -116582810.08669029 	 -57823373.902689777 	 0
10 0.001 58708512.063515149 -116531892.91447839 -57823380.850963242 1.2016375033270296e-07
# final: N=20000 steps=10 arithmetic_dtype=double max_relative_energy_drift=1.2016375033270296e-07 tolerance=0.001 status=OK

--- Performance Profiling Report ---
File Read       : 8.248119e-04 s
File Write      : 2.363534e-03 s
Total Run       : 6.735744e-01 s

--- Step Statistics (10 steps) ---
Total Step      		 Median; 4.158415e-01 s 		 Trimmed Mean: 4.158970e-01 s 		 Standard Deviation: 2.207160e-04 s
First Drift     		 Median; 2.470985e-05 s 		 Trimmed Mean: 2.409529e-05 s 		 Standard Deviation: 1.261249e-06 s
Compute Force   		 Median; 4.157028e-01 s 		 Trimmed Mean: 4.157580e-01 s 		 Standard Deviation: 2.090297e-04 s
Kick            		 Median; 4.365575e-05 s 		 Trimmed Mean: 4.390045e-05 s 		 Standard Deviation: 9.930993e-07 s
Second Drift    		 Median; 3.798166e-05 s 		 Trimmed Mean: 3.840332e-05 s 		 Standard Deviation: 2.179989e-06 s
# Direct N-body DKD
# arithmetic_dtype=double binary_storage=float32 format=nbody-f32-v1
# N=20000 nsteps=10 dt=0.0001 eps=0.050000000000000003 G=1 mass=1
Acceleration Kernel: n
# Step 	 Time 			 Kinetic 			 Potential 			 Total 			 Relative Energy Drift
0 	 0 	 58759436.184000514 	 -116582810.08669029 	 -57823373.902689777 	 0
10 0.001 58708513.373754002 -116531894.50229046 -57823381.128536455 1.2496411382322409e-07
# final: N=20000 steps=10 arithmetic_dtype=double max_relative_energy_drift=1.2496411382322409e-07 tolerance=0.001 status=OK

--- Performance Profiling Report ---
File Read       : 6.488785e-04 s
File Write      : 2.188592e-03 s
Total Run       : 6.742531e-01 s

--- Step Statistics (10 steps) ---
Total Step      		 Median; 3.182158e-01 s 		 Trimmed Mean: 3.181913e-01 s 		 Standard Deviation: 1.849871e-04 s
First Drift     		 Median; 2.212450e-05 s 		 Trimmed Mean: 2.340402e-05 s 		 Standard Deviation: 2.268421e-06 s
Compute Force   		 Median; 3.180890e-01 s 		 Trimmed Mean: 3.180636e-01 s 		 Standard Deviation: 1.689261e-04 s
Kick            		 Median; 3.715977e-05 s 		 Trimmed Mean: 3.700273e-05 s 		 Standard Deviation: 8.134136e-07 s
Second Drift    		 Median; 3.041048e-05 s 		 Trimmed Mean: 3.128813e-05 s 		 Standard Deviation: 3.166279e-06 s
# Direct N-body DKD
# arithmetic_dtype=double binary_storage=float32 format=nbody-f32-v1
# N=20000 nsteps=10 dt=0.0001 eps=0.050000000000000003 G=1 mass=1
Acceleration Kernel: r
# Step 	 Time 			 Kinetic 			 Potential 			 Total 			 Relative Energy Drift
0 	 0 	 58759436.184000514 	 -116582810.08669029 	 -57823373.902689777 	 0
10 0.001 58708512.063515149 -116531892.91447839 -57823380.850963242 1.2016375033270296e-07
# final: N=20000 steps=10 arithmetic_dtype=double max_relative_energy_drift=1.2016375033270296e-07 tolerance=0.001 status=OK

--- Performance Profiling Report ---
File Read       : 6.500185e-04 s
File Write      : 1.744395e-03 s
Total Run       : 6.733530e-01 s

--- Step Statistics (10 steps) ---
Total Step      		 Median; 2.666739e-01 s 		 Trimmed Mean: 2.666995e-01 s 		 Standard Deviation: 1.211519e-04 s
First Drift     		 Median; 2.214592e-05 s 		 Trimmed Mean: 2.216548e-05 s 		 Standard Deviation: 1.688406e-07 s
Compute Force   		 Median; 2.665572e-01 s 		 Trimmed Mean: 2.665857e-01 s 		 Standard Deviation: 1.190844e-04 s
Kick            		 Median; 3.672531e-05 s 		 Trimmed Mean: 3.658910e-05 s 		 Standard Deviation: 4.565535e-07 s
Second Drift    		 Median; 2.633082e-05 s 		 Trimmed Mean: 2.725807e-05 s 		 Standard Deviation: 1.974443e-06 s
# Direct N-body DKD
# arithmetic_dtype=double binary_storage=float32 format=nbody-f32-v1
# N=20000 nsteps=10 dt=0.0001 eps=0.050000000000000003 G=1 mass=1
Acceleration Kernel: rt
# Step 	 Time 			 Kinetic 			 Potential 			 Total 			 Relative Energy Drift
0 	 0 	 58759436.184000514 	 -116582810.08669029 	 -57823373.902689777 	 0
10 0.001 58708512.063515149 -116531892.91447839 -57823380.850963242 1.2016375033270296e-07
# final: N=20000 steps=10 arithmetic_dtype=double max_relative_energy_drift=1.2016375033270296e-07 tolerance=0.001 status=OK

--- Performance Profiling Report ---
File Read       : 6.419886e-04 s
File Write      : 1.678415e-03 s
Total Run       : 6.724546e-01 s

--- Step Statistics (10 steps) ---
Total Step      		 Median; 4.178705e-01 s 		 Trimmed Mean: 4.179165e-01 s 		 Standard Deviation: 1.989606e-04 s
First Drift     		 Median; 2.623536e-05 s 		 Trimmed Mean: 2.700661e-05 s 		 Standard Deviation: 1.532540e-06 s
Compute Force   		 Median; 4.177256e-01 s 		 Trimmed Mean: 4.177572e-01 s 		 Standard Deviation: 2.064793e-04 s
Kick            		 Median; 4.486041e-05 s 		 Trimmed Mean: 4.614552e-05 s 		 Standard Deviation: 2.851801e-06 s
Second Drift    		 Median; 3.988110e-05 s 		 Trimmed Mean: 4.228810e-05 s 		 Standard Deviation: 4.443957e-06 s
make[1]: Entering directory '/orfeo/cephfs/scratch/dssc/enricosavorgnan/2026-nbody/experiments/rsqrt-impact'
rm -f main generate_initial_conditions *.o *.bin
cc -std=c11 -I/u/dssc/enricosavorgnan/opt/papi/include -DNBODY_USE_DOUBLE -O3 -march=native -Wall -Wextra -Wpedantic -flto -D_POSIX_C_SOURCE=199309L -DBLOCK_SIZE=128 -DN_RSQRT_LOOP=3 -DUSE_PAPI -c main.c -o main.o
cc -std=c11 -I/u/dssc/enricosavorgnan/opt/papi/include -DNBODY_USE_DOUBLE -O3 -march=native -Wall -Wextra -Wpedantic -flto -D_POSIX_C_SOURCE=199309L -DBLOCK_SIZE=128 -DN_RSQRT_LOOP=3 -DUSE_PAPI -c integration.c -o integration.o
cc -std=c11 -I/u/dssc/enricosavorgnan/opt/papi/include -DNBODY_USE_DOUBLE -O3 -march=native -Wall -Wextra -Wpedantic -flto -D_POSIX_C_SOURCE=199309L -DBLOCK_SIZE=128 -DN_RSQRT_LOOP=3 -DUSE_PAPI -c particles.c -o particles.o
cc -std=c11 -I/u/dssc/enricosavorgnan/opt/papi/include -DNBODY_USE_DOUBLE -O3 -march=native -Wall -Wextra -Wpedantic -flto -D_POSIX_C_SOURCE=199309L -DBLOCK_SIZE=128 -DN_RSQRT_LOOP=3 -DUSE_PAPI -c profiling.c -o profiling.o
cc -std=c11 -I/u/dssc/enricosavorgnan/opt/papi/include -DNBODY_USE_DOUBLE -O3 -march=native -Wall -Wextra -Wpedantic -flto -D_POSIX_C_SOURCE=199309L -DBLOCK_SIZE=128 -DN_RSQRT_LOOP=3 -DUSE_PAPI -c utils.c -o utils.o
cc -std=c11 -O3 -march=native -Wall -Wextra -Wpedantic -flto -D_POSIX_C_SOURCE=199309L -DBLOCK_SIZE=128 -DN_RSQRT_LOOP=3 -DUSE_PAPI -L/u/dssc/enricosavorgnan/opt/papi/lib -Wl,-rpath,/u/dssc/enricosavorgnan/opt/papi/lib -o main main.o integration.o particles.o profiling.o utils.o -lm -lpapi
cc -std=c11 -I/u/dssc/enricosavorgnan/opt/papi/include -DNBODY_USE_DOUBLE -O3 -march=native -Wall -Wextra -Wpedantic -flto -D_POSIX_C_SOURCE=199309L -DBLOCK_SIZE=128 -DN_RSQRT_LOOP=3 -DUSE_PAPI -L/u/dssc/enricosavorgnan/opt/papi/lib -Wl,-rpath,/u/dssc/enricosavorgnan/opt/papi/lib -o generate_initial_conditions generate_initial_conditions.c -lm -lpapi
make[1]: Leaving directory '/orfeo/cephfs/scratch/dssc/enricosavorgnan/2026-nbody/experiments/rsqrt-impact'
# Direct N-body DKD
# arithmetic_dtype=double binary_storage=float32 format=nbody-f32-v1
# N=20000 nsteps=10 dt=0.0001 eps=0.050000000000000003 G=1 mass=1
Acceleration Kernel: n
# Step 	 Time 			 Kinetic 			 Potential 			 Total 			 Relative Energy Drift
0 	 0 	 58759436.184000514 	 -116582810.08669029 	 -57823373.902689777 	 0
10 0.001 58708513.373754002 -116531894.50229046 -57823381.128536455 1.2496411382322409e-07
# final: N=20000 steps=10 arithmetic_dtype=double max_relative_energy_drift=1.2496411382322409e-07 tolerance=0.001 status=OK

--- Performance Profiling Report ---
File Read       : 6.132992e-04 s
File Write      : 1.117866e-03 s
Total Run       : 6.746722e-01 s

--- Step Statistics (10 steps) ---
Total Step      		 Median; 3.182333e-01 s 		 Trimmed Mean: 3.182449e-01 s 		 Standard Deviation: 6.932817e-05 s
First Drift     		 Median; 2.191495e-05 s 		 Trimmed Mean: 2.198690e-05 s 		 Standard Deviation: 2.115752e-07 s
Compute Force   		 Median; 3.181197e-01 s 		 Trimmed Mean: 3.181290e-01 s 		 Standard Deviation: 7.129130e-05 s
Kick            		 Median; 3.722077e-05 s 		 Trimmed Mean: 3.731286e-05 s 		 Standard Deviation: 8.779226e-07 s
Second Drift    		 Median; 2.598530e-05 s 		 Trimmed Mean: 2.697040e-05 s 		 Standard Deviation: 3.635329e-06 s
# Direct N-body DKD
# arithmetic_dtype=double binary_storage=float32 format=nbody-f32-v1
# N=20000 nsteps=10 dt=0.0001 eps=0.050000000000000003 G=1 mass=1
Acceleration Kernel: r
# Step 	 Time 			 Kinetic 			 Potential 			 Total 			 Relative Energy Drift
0 	 0 	 58759436.184000514 	 -116582810.08669029 	 -57823373.902689777 	 0
10 0.001 58708513.373747677 -116531894.50228278 -57823381.128535107 1.2496409050125241e-07
# final: N=20000 steps=10 arithmetic_dtype=double max_relative_energy_drift=1.2496409050125241e-07 tolerance=0.001 status=OK

--- Performance Profiling Report ---
File Read       : 6.336188e-04 s
File Write      : 9.505246e-04 s
Total Run       : 6.725208e-01 s

--- Step Statistics (10 steps) ---
Total Step      		 Median; 3.180856e-01 s 		 Trimmed Mean: 3.180807e-01 s 		 Standard Deviation: 8.775993e-05 s
First Drift     		 Median; 2.448028e-05 s 		 Trimmed Mean: 2.453651e-05 s 		 Standard Deviation: 8.724720e-07 s
Compute Force   		 Median; 3.179389e-01 s 		 Trimmed Mean: 3.179477e-01 s 		 Standard Deviation: 8.034820e-05 s
Kick            		 Median; 3.795000e-05 s 		 Trimmed Mean: 3.903802e-05 s 		 Standard Deviation: 3.195102e-06 s
Second Drift    		 Median; 3.084028e-05 s 		 Trimmed Mean: 3.138045e-05 s 		 Standard Deviation: 3.070335e-06 s
# Direct N-body DKD
# arithmetic_dtype=double binary_storage=float32 format=nbody-f32-v1
# N=20000 nsteps=10 dt=0.0001 eps=0.050000000000000003 G=1 mass=1
Acceleration Kernel: rt
# Step 	 Time 			 Kinetic 			 Potential 			 Total 			 Relative Energy Drift
0 	 0 	 58759436.184000514 	 -116582810.08669029 	 -57823373.902689777 	 0
10 0.001 58708513.373747677 -116531894.50228278 -57823381.128535107 1.2496409050125241e-07
# final: N=20000 steps=10 arithmetic_dtype=double max_relative_energy_drift=1.2496409050125241e-07 tolerance=0.001 status=OK

--- Performance Profiling Report ---
File Read       : 6.889999e-04 s
File Write      : 9.162826e-04 s
Total Run       : 6.737349e-01 s

--- Step Statistics (10 steps) ---
Total Step      		 Median; 4.682794e-01 s 		 Trimmed Mean: 4.683711e-01 s 		 Standard Deviation: 2.177989e-04 s
First Drift     		 Median; 2.520997e-05 s 		 Trimmed Mean: 2.504559e-05 s 		 Standard Deviation: 2.101839e-06 s
Compute Force   		 Median; 4.681267e-01 s 		 Trimmed Mean: 4.682246e-01 s 		 Standard Deviation: 2.179545e-04 s
Kick            		 Median; 4.439522e-05 s 		 Trimmed Mean: 4.426949e-05 s 		 Standard Deviation: 1.569364e-06 s
Second Drift    		 Median; 4.244596e-05 s 		 Trimmed Mean: 4.387903e-05 s 		 Standard Deviation: 4.677121e-06 s
# Direct N-body DKD
# arithmetic_dtype=double binary_storage=float32 format=nbody-f32-v1
# N=20000 nsteps=10 dt=0.0001 eps=0.050000000000000003 G=1 mass=1
Acceleration Kernel: n
# Step 	 Time 			 Kinetic 			 Potential 			 Total 			 Relative Energy Drift
0 	 0 	 58759436.184000514 	 -116582810.08669029 	 -57823373.902689777 	 0
10 0.001 58708513.373754002 -116531894.50229046 -57823381.128536455 1.2496411382322409e-07
# final: N=20000 steps=10 arithmetic_dtype=double max_relative_energy_drift=1.2496411382322409e-07 tolerance=0.001 status=OK

--- Performance Profiling Report ---
File Read       : 6.420203e-04 s
File Write      : 2.082300e-03 s
Total Run       : 6.741189e-01 s

--- Step Statistics (10 steps) ---
Total Step      		 Median; 3.181861e-01 s 		 Trimmed Mean: 3.181983e-01 s 		 Standard Deviation: 1.010966e-04 s
First Drift     		 Median; 2.213987e-05 s 		 Trimmed Mean: 2.215151e-05 s 		 Standard Deviation: 1.121944e-07 s
Compute Force   		 Median; 3.180687e-01 s 		 Trimmed Mean: 3.180803e-01 s 		 Standard Deviation: 1.026573e-04 s
Kick            		 Median; 3.707036e-05 s 		 Trimmed Mean: 3.713812e-05 s 		 Standard Deviation: 7.894137e-07 s
Second Drift    		 Median; 2.925610e-05 s 		 Trimmed Mean: 2.914830e-05 s 		 Standard Deviation: 2.884990e-06 s
# Direct N-body DKD
# arithmetic_dtype=double binary_storage=float32 format=nbody-f32-v1
# N=20000 nsteps=10 dt=0.0001 eps=0.050000000000000003 G=1 mass=1
Acceleration Kernel: r
# Step 	 Time 			 Kinetic 			 Potential 			 Total 			 Relative Energy Drift
0 	 0 	 58759436.184000514 	 -116582810.08669029 	 -57823373.902689777 	 0
10 0.001 58708513.373747677 -116531894.50228278 -57823381.128535107 1.2496409050125241e-07
# final: N=20000 steps=10 arithmetic_dtype=double max_relative_energy_drift=1.2496409050125241e-07 tolerance=0.001 status=OK

--- Performance Profiling Report ---
File Read       : 6.433791e-04 s
File Write      : 1.943598e-03 s
Total Run       : 6.724137e-01 s

--- Step Statistics (10 steps) ---
Total Step      		 Median; 3.180453e-01 s 		 Trimmed Mean: 3.181041e-01 s 		 Standard Deviation: 1.265758e-04 s
First Drift     		 Median; 2.207002e-05 s 		 Trimmed Mean: 2.215768e-05 s 		 Standard Deviation: 2.248816e-07 s
Compute Force   		 Median; 3.179042e-01 s 		 Trimmed Mean: 3.179590e-01 s 		 Standard Deviation: 1.228807e-04 s
Kick            		 Median; 4.064571e-05 s 		 Trimmed Mean: 4.167552e-05 s 		 Standard Deviation: 3.556179e-06 s
Second Drift    		 Median; 4.259078e-05 s 		 Trimmed Mean: 4.280929e-05 s 		 Standard Deviation: 1.003098e-05 s
# Direct N-body DKD
# arithmetic_dtype=double binary_storage=float32 format=nbody-f32-v1
# N=20000 nsteps=10 dt=0.0001 eps=0.050000000000000003 G=1 mass=1
Acceleration Kernel: rt
# Step 	 Time 			 Kinetic 			 Potential 			 Total 			 Relative Energy Drift
0 	 0 	 58759436.184000514 	 -116582810.08669029 	 -57823373.902689777 	 0
10 0.001 58708513.373747677 -116531894.50228278 -57823381.128535107 1.2496409050125241e-07
# final: N=20000 steps=10 arithmetic_dtype=double max_relative_energy_drift=1.2496409050125241e-07 tolerance=0.001 status=OK

--- Performance Profiling Report ---
File Read       : 6.412193e-04 s
File Write      : 2.104760e-03 s
Total Run       : 6.748561e-01 s

--- Step Statistics (10 steps) ---
Total Step      		 Median; 4.675285e-01 s 		 Trimmed Mean: 4.675084e-01 s 		 Standard Deviation: 1.198413e-04 s
First Drift     		 Median; 2.589030e-05 s 		 Trimmed Mean: 2.604153e-05 s 		 Standard Deviation: 1.048685e-06 s
Compute Force   		 Median; 4.673795e-01 s 		 Trimmed Mean: 4.673549e-01 s 		 Standard Deviation: 1.030672e-04 s
Kick            		 Median; 4.495541e-05 s 		 Trimmed Mean: 4.543294e-05 s 		 Standard Deviation: 1.875745e-06 s
Second Drift    		 Median; 4.736101e-05 s 		 Trimmed Mean: 4.691200e-05 s 		 Standard Deviation: 2.523173e-06 s
# Direct N-body DKD
# arithmetic_dtype=double binary_storage=float32 format=nbody-f32-v1
# N=20000 nsteps=10 dt=0.0001 eps=0.050000000000000003 G=1 mass=1
Acceleration Kernel: n
# Step 	 Time 			 Kinetic 			 Potential 			 Total 			 Relative Energy Drift
0 	 0 	 58759436.184000514 	 -116582810.08669029 	 -57823373.902689777 	 0
10 0.001 58708513.373754002 -116531894.50229046 -57823381.128536455 1.2496411382322409e-07
# final: N=20000 steps=10 arithmetic_dtype=double max_relative_energy_drift=1.2496411382322409e-07 tolerance=0.001 status=OK

--- Performance Profiling Report ---
File Read       : 6.527584e-04 s
File Write      : 1.773795e-03 s
Total Run       : 6.745068e-01 s

--- Step Statistics (10 steps) ---
Total Step      		 Median; 3.182453e-01 s 		 Trimmed Mean: 3.182058e-01 s 		 Standard Deviation: 1.061639e-04 s
First Drift     		 Median; 2.209051e-05 s 		 Trimmed Mean: 2.214138e-05 s 		 Standard Deviation: 1.111804e-07 s
Compute Force   		 Median; 3.180891e-01 s 		 Trimmed Mean: 3.180587e-01 s 		 Standard Deviation: 9.449224e-05 s
Kick            		 Median; 4.016608e-05 s 		 Trimmed Mean: 4.120194e-05 s 		 Standard Deviation: 2.560322e-06 s
Second Drift    		 Median; 3.723009e-05 s 		 Trimmed Mean: 3.707432e-05 s 		 Standard Deviation: 4.714313e-06 s
# Direct N-body DKD
# arithmetic_dtype=double binary_storage=float32 format=nbody-f32-v1
# N=20000 nsteps=10 dt=0.0001 eps=0.050000000000000003 G=1 mass=1
Acceleration Kernel: r
# Step 	 Time 			 Kinetic 			 Potential 			 Total 			 Relative Energy Drift
0 	 0 	 58759436.184000514 	 -116582810.08669029 	 -57823373.902689777 	 0
10 0.001 58708513.373747677 -116531894.50228278 -57823381.128535107 1.2496409050125241e-07
# final: N=20000 steps=10 arithmetic_dtype=double max_relative_energy_drift=1.2496409050125241e-07 tolerance=0.001 status=OK

--- Performance Profiling Report ---
File Read       : 6.534085e-04 s
File Write      : 2.589857e-03 s
Total Run       : 6.731300e-01 s

--- Step Statistics (10 steps) ---
Total Step      		 Median; 3.180067e-01 s 		 Trimmed Mean: 3.180836e-01 s 		 Standard Deviation: 2.163946e-04 s
First Drift     		 Median; 2.186559e-05 s 		 Trimmed Mean: 2.189900e-05 s 		 Standard Deviation: 9.029920e-08 s
Compute Force   		 Median; 3.178978e-01 s 		 Trimmed Mean: 3.179625e-01 s 		 Standard Deviation: 1.991224e-04 s
Kick            		 Median; 3.766548e-05 s 		 Trimmed Mean: 3.947562e-05 s 		 Standard Deviation: 3.192230e-06 s
Second Drift    		 Median; 2.780557e-05 s 		 Trimmed Mean: 2.784166e-05 s 		 Standard Deviation: 4.027611e-06 s
# Direct N-body DKD
# arithmetic_dtype=double binary_storage=float32 format=nbody-f32-v1
# N=20000 nsteps=10 dt=0.0001 eps=0.050000000000000003 G=1 mass=1
Acceleration Kernel: rt
# Step 	 Time 			 Kinetic 			 Potential 			 Total 			 Relative Energy Drift
0 	 0 	 58759436.184000514 	 -116582810.08669029 	 -57823373.902689777 	 0
10 0.001 58708513.373747677 -116531894.50228278 -57823381.128535107 1.2496409050125241e-07
# final: N=20000 steps=10 arithmetic_dtype=double max_relative_energy_drift=1.2496409050125241e-07 tolerance=0.001 status=OK

--- Performance Profiling Report ---
File Read       : 6.373096e-04 s
File Write      : 1.854056e-03 s
Total Run       : 6.749255e-01 s

--- Step Statistics (10 steps) ---
Total Step      		 Median; 4.687480e-01 s 		 Trimmed Mean: 4.688318e-01 s 		 Standard Deviation: 2.855651e-04 s
First Drift     		 Median; 2.536597e-05 s 		 Trimmed Mean: 2.541533e-05 s 		 Standard Deviation: 1.292469e-06 s
Compute Force   		 Median; 4.685945e-01 s 		 Trimmed Mean: 4.686763e-01 s 		 Standard Deviation: 2.901605e-04 s
Kick            		 Median; 4.645064e-05 s 		 Trimmed Mean: 4.722446e-05 s 		 Standard Deviation: 3.428794e-06 s
Second Drift    		 Median; 4.458008e-05 s 		 Trimmed Mean: 4.414539e-05 s 		 Standard Deviation: 3.622574e-06 s
# Direct N-body DKD
# arithmetic_dtype=double binary_storage=float32 format=nbody-f32-v1
# N=20000 nsteps=10 dt=0.0001 eps=0.050000000000000003 G=1 mass=1
Acceleration Kernel: n
# Step 	 Time 			 Kinetic 			 Potential 			 Total 			 Relative Energy Drift
0 	 0 	 58759436.184000514 	 -116582810.08669029 	 -57823373.902689777 	 0
10 0.001 58708513.373754002 -116531894.50229046 -57823381.128536455 1.2496411382322409e-07
# final: N=20000 steps=10 arithmetic_dtype=double max_relative_energy_drift=1.2496411382322409e-07 tolerance=0.001 status=OK

--- Performance Profiling Report ---
File Read       : 6.445087e-04 s
File Write      : 2.226782e-03 s
Total Run       : 6.751569e-01 s

--- Step Statistics (10 steps) ---
Total Step      		 Median; 3.182175e-01 s 		 Trimmed Mean: 3.182682e-01 s 		 Standard Deviation: 1.168576e-04 s
First Drift     		 Median; 2.281554e-05 s 		 Trimmed Mean: 2.347294e-05 s 		 Standard Deviation: 1.791994e-06 s
Compute Force   		 Median; 3.180999e-01 s 		 Trimmed Mean: 3.181370e-01 s 		 Standard Deviation: 9.722956e-05 s
Kick            		 Median; 3.691623e-05 s 		 Trimmed Mean: 3.709074e-05 s 		 Standard Deviation: 8.493208e-07 s
Second Drift    		 Median; 3.294600e-05 s 		 Trimmed Mean: 3.263308e-05 s 		 Standard Deviation: 4.852966e-06 s
# Direct N-body DKD
# arithmetic_dtype=double binary_storage=float32 format=nbody-f32-v1
# N=20000 nsteps=10 dt=0.0001 eps=0.050000000000000003 G=1 mass=1
Acceleration Kernel: r
# Step 	 Time 			 Kinetic 			 Potential 			 Total 			 Relative Energy Drift
0 	 0 	 58759436.184000514 	 -116582810.08669029 	 -57823373.902689777 	 0
10 0.001 58708513.373747677 -116531894.50228278 -57823381.128535107 1.2496409050125241e-07
# final: N=20000 steps=10 arithmetic_dtype=double max_relative_energy_drift=1.2496409050125241e-07 tolerance=0.001 status=OK

--- Performance Profiling Report ---
File Read       : 6.347988e-04 s
File Write      : 2.442945e-03 s
Total Run       : 6.733256e-01 s

--- Step Statistics (10 steps) ---
Total Step      		 Median; 3.181911e-01 s 		 Trimmed Mean: 3.182364e-01 s 		 Standard Deviation: 2.405683e-04 s
First Drift     		 Median; 2.219016e-05 s 		 Trimmed Mean: 2.291251e-05 s 		 Standard Deviation: 1.945772e-06 s
Compute Force   		 Median; 3.180621e-01 s 		 Trimmed Mean: 3.180862e-01 s 		 Standard Deviation: 2.140524e-04 s
Kick            		 Median; 3.725989e-05 s 		 Trimmed Mean: 3.882672e-05 s 		 Standard Deviation: 3.469274e-06 s
Second Drift    		 Median; 5.010096e-05 s 		 Trimmed Mean: 5.197478e-05 s 		 Standard Deviation: 1.259624e-05 s
# Direct N-body DKD
# arithmetic_dtype=double binary_storage=float32 format=nbody-f32-v1
# N=20000 nsteps=10 dt=0.0001 eps=0.050000000000000003 G=1 mass=1
Acceleration Kernel: rt
# Step 	 Time 			 Kinetic 			 Potential 			 Total 			 Relative Energy Drift
0 	 0 	 58759436.184000514 	 -116582810.08669029 	 -57823373.902689777 	 0
10 0.001 58708513.373747677 -116531894.50228278 -57823381.128535107 1.2496409050125241e-07
# final: N=20000 steps=10 arithmetic_dtype=double max_relative_energy_drift=1.2496409050125241e-07 tolerance=0.001 status=OK

--- Performance Profiling Report ---
File Read       : 6.753895e-04 s
File Write      : 1.839646e-03 s
Total Run       : 6.752819e-01 s

--- Step Statistics (10 steps) ---
Total Step      		 Median; 4.676985e-01 s 		 Trimmed Mean: 4.676489e-01 s 		 Standard Deviation: 1.835936e-04 s
First Drift     		 Median; 2.474012e-05 s 		 Trimmed Mean: 2.507307e-05 s 		 Standard Deviation: 1.137615e-06 s
Compute Force   		 Median; 4.675488e-01 s 		 Trimmed Mean: 4.674939e-01 s 		 Standard Deviation: 1.770946e-04 s
Kick            		 Median; 4.680594e-05 s 		 Trimmed Mean: 4.673447e-05 s 		 Standard Deviation: 2.211360e-06 s
Second Drift    		 Median; 4.491489e-05 s 		 Trimmed Mean: 4.512770e-05 s 		 Standard Deviation: 3.372092e-06 s
# Direct N-body DKD
# arithmetic_dtype=double binary_storage=float32 format=nbody-f32-v1
# N=20000 nsteps=10 dt=0.0001 eps=0.050000000000000003 G=1 mass=1
Acceleration Kernel: n
# Step 	 Time 			 Kinetic 			 Potential 			 Total 			 Relative Energy Drift
0 	 0 	 58759436.184000514 	 -116582810.08669029 	 -57823373.902689777 	 0
10 0.001 58708513.373754002 -116531894.50229046 -57823381.128536455 1.2496411382322409e-07
# final: N=20000 steps=10 arithmetic_dtype=double max_relative_energy_drift=1.2496411382322409e-07 tolerance=0.001 status=OK

--- Performance Profiling Report ---
File Read       : 6.470885e-04 s
File Write      : 2.314922e-03 s
Total Run       : 6.723744e-01 s

--- Step Statistics (10 steps) ---
Total Step      		 Median; 3.182263e-01 s 		 Trimmed Mean: 3.182602e-01 s 		 Standard Deviation: 1.054206e-04 s
First Drift     		 Median; 2.471497e-05 s 		 Trimmed Mean: 2.476771e-05 s 		 Standard Deviation: 1.877185e-06 s
Compute Force   		 Median; 3.180903e-01 s 		 Trimmed Mean: 3.181154e-01 s 		 Standard Deviation: 9.213233e-05 s
Kick            		 Median; 3.855536e-05 s 		 Trimmed Mean: 3.909587e-05 s 		 Standard Deviation: 1.501518e-06 s
Second Drift    		 Median; 4.401524e-05 s 		 Trimmed Mean: 4.517310e-05 s 		 Standard Deviation: 1.033327e-05 s
# Direct N-body DKD
# arithmetic_dtype=double binary_storage=float32 format=nbody-f32-v1
# N=20000 nsteps=10 dt=0.0001 eps=0.050000000000000003 G=1 mass=1
Acceleration Kernel: r
# Step 	 Time 			 Kinetic 			 Potential 			 Total 			 Relative Energy Drift
0 	 0 	 58759436.184000514 	 -116582810.08669029 	 -57823373.902689777 	 0
10 0.001 58708513.373747677 -116531894.50228278 -57823381.128535107 1.2496409050125241e-07
# final: N=20000 steps=10 arithmetic_dtype=double max_relative_energy_drift=1.2496409050125241e-07 tolerance=0.001 status=OK

--- Performance Profiling Report ---
File Read       : 6.373487e-04 s
File Write      : 2.755009e-03 s
Total Run       : 6.746897e-01 s

--- Step Statistics (10 steps) ---
Total Step      		 Median; 3.179894e-01 s 		 Trimmed Mean: 3.179817e-01 s 		 Standard Deviation: 8.145900e-05 s
First Drift     		 Median; 2.205512e-05 s 		 Trimmed Mean: 2.207269e-05 s 		 Standard Deviation: 8.083609e-08 s
Compute Force   		 Median; 3.178586e-01 s 		 Trimmed Mean: 3.178595e-01 s 		 Standard Deviation: 7.813970e-05 s
Kick            		 Median; 3.808551e-05 s 		 Trimmed Mean: 3.851787e-05 s 		 Standard Deviation: 1.822446e-06 s
Second Drift    		 Median; 3.144611e-05 s 		 Trimmed Mean: 3.296102e-05 s 		 Standard Deviation: 5.611809e-06 s
# Direct N-body DKD
# arithmetic_dtype=double binary_storage=float32 format=nbody-f32-v1
# N=20000 nsteps=10 dt=0.0001 eps=0.050000000000000003 G=1 mass=1
Acceleration Kernel: rt
# Step 	 Time 			 Kinetic 			 Potential 			 Total 			 Relative Energy Drift
0 	 0 	 58759436.184000514 	 -116582810.08669029 	 -57823373.902689777 	 0
10 0.001 58708513.373747677 -116531894.50228278 -57823381.128535107 1.2496409050125241e-07
# final: N=20000 steps=10 arithmetic_dtype=double max_relative_energy_drift=1.2496409050125241e-07 tolerance=0.001 status=OK

--- Performance Profiling Report ---
File Read       : 6.620800e-04 s
File Write      : 2.936932e-03 s
Total Run       : 6.752733e-01 s

--- Step Statistics (10 steps) ---
Total Step      		 Median; 4.689904e-01 s 		 Trimmed Mean: 4.690390e-01 s 		 Standard Deviation: 2.003233e-04 s
First Drift     		 Median; 2.518576e-05 s 		 Trimmed Mean: 2.554886e-05 s 		 Standard Deviation: 1.229994e-06 s
Compute Force   		 Median; 4.688428e-01 s 		 Trimmed Mean: 4.688895e-01 s 		 Standard Deviation: 1.910372e-04 s
Kick            		 Median; 4.447019e-05 s 		 Trimmed Mean: 4.550791e-05 s 		 Standard Deviation: 2.152344e-06 s
Second Drift    		 Median; 4.623597e-05 s 		 Trimmed Mean: 4.485727e-05 s 		 Standard Deviation: 3.530828e-06 s
make[1]: Entering directory '/orfeo/cephfs/scratch/dssc/enricosavorgnan/2026-nbody/experiments/rsqrt-impact'
rm -f main generate_initial_conditions *.o *.bin
cc -std=c11 -I/u/dssc/enricosavorgnan/opt/papi/include -DNBODY_USE_DOUBLE -O3 -march=native -Wall -Wextra -Wpedantic -flto -D_POSIX_C_SOURCE=199309L -DBLOCK_SIZE=128 -DN_RSQRT_LOOP=4 -DUSE_PAPI -c main.c -o main.o
cc -std=c11 -I/u/dssc/enricosavorgnan/opt/papi/include -DNBODY_USE_DOUBLE -O3 -march=native -Wall -Wextra -Wpedantic -flto -D_POSIX_C_SOURCE=199309L -DBLOCK_SIZE=128 -DN_RSQRT_LOOP=4 -DUSE_PAPI -c integration.c -o integration.o
cc -std=c11 -I/u/dssc/enricosavorgnan/opt/papi/include -DNBODY_USE_DOUBLE -O3 -march=native -Wall -Wextra -Wpedantic -flto -D_POSIX_C_SOURCE=199309L -DBLOCK_SIZE=128 -DN_RSQRT_LOOP=4 -DUSE_PAPI -c particles.c -o particles.o
cc -std=c11 -I/u/dssc/enricosavorgnan/opt/papi/include -DNBODY_USE_DOUBLE -O3 -march=native -Wall -Wextra -Wpedantic -flto -D_POSIX_C_SOURCE=199309L -DBLOCK_SIZE=128 -DN_RSQRT_LOOP=4 -DUSE_PAPI -c profiling.c -o profiling.o
cc -std=c11 -I/u/dssc/enricosavorgnan/opt/papi/include -DNBODY_USE_DOUBLE -O3 -march=native -Wall -Wextra -Wpedantic -flto -D_POSIX_C_SOURCE=199309L -DBLOCK_SIZE=128 -DN_RSQRT_LOOP=4 -DUSE_PAPI -c utils.c -o utils.o
cc -std=c11 -O3 -march=native -Wall -Wextra -Wpedantic -flto -D_POSIX_C_SOURCE=199309L -DBLOCK_SIZE=128 -DN_RSQRT_LOOP=4 -DUSE_PAPI -L/u/dssc/enricosavorgnan/opt/papi/lib -Wl,-rpath,/u/dssc/enricosavorgnan/opt/papi/lib -o main main.o integration.o particles.o profiling.o utils.o -lm -lpapi
cc -std=c11 -I/u/dssc/enricosavorgnan/opt/papi/include -DNBODY_USE_DOUBLE -O3 -march=native -Wall -Wextra -Wpedantic -flto -D_POSIX_C_SOURCE=199309L -DBLOCK_SIZE=128 -DN_RSQRT_LOOP=4 -DUSE_PAPI -L/u/dssc/enricosavorgnan/opt/papi/lib -Wl,-rpath,/u/dssc/enricosavorgnan/opt/papi/lib -o generate_initial_conditions generate_initial_conditions.c -lm -lpapi
make[1]: Leaving directory '/orfeo/cephfs/scratch/dssc/enricosavorgnan/2026-nbody/experiments/rsqrt-impact'
# Direct N-body DKD
# arithmetic_dtype=double binary_storage=float32 format=nbody-f32-v1
# N=20000 nsteps=10 dt=0.0001 eps=0.050000000000000003 G=1 mass=1
Acceleration Kernel: n
# Step 	 Time 			 Kinetic 			 Potential 			 Total 			 Relative Energy Drift
0 	 0 	 58759436.184000514 	 -116582810.08669029 	 -57823373.902689777 	 0
10 0.001 58708513.373754002 -116531894.50229046 -57823381.128536455 1.2496411382322409e-07
# final: N=20000 steps=10 arithmetic_dtype=double max_relative_energy_drift=1.2496411382322409e-07 tolerance=0.001 status=OK

--- Performance Profiling Report ---
File Read       : 6.750794e-04 s
File Write      : 1.013505e-03 s
Total Run       : 6.723820e-01 s

--- Step Statistics (10 steps) ---
Total Step      		 Median; 3.181740e-01 s 		 Trimmed Mean: 3.181668e-01 s 		 Standard Deviation: 8.782383e-05 s
First Drift     		 Median; 2.200529e-05 s 		 Trimmed Mean: 2.203393e-05 s 		 Standard Deviation: 1.707731e-07 s
Compute Force   		 Median; 3.180669e-01 s 		 Trimmed Mean: 3.180604e-01 s 		 Standard Deviation: 8.651362e-05 s
Kick            		 Median; 3.655581e-05 s 		 Trimmed Mean: 3.681041e-05 s 		 Standard Deviation: 1.145252e-06 s
Second Drift    		 Median; 2.238061e-05 s 		 Trimmed Mean: 2.242799e-05 s 		 Standard Deviation: 2.181167e-07 s
# Direct N-body DKD
# arithmetic_dtype=double binary_storage=float32 format=nbody-f32-v1
# N=20000 nsteps=10 dt=0.0001 eps=0.050000000000000003 G=1 mass=1
Acceleration Kernel: r
# Step 	 Time 			 Kinetic 			 Potential 			 Total 			 Relative Energy Drift
0 	 0 	 58759436.184000514 	 -116582810.08669029 	 -57823373.902689777 	 0
10 0.001 58708513.373754002 -116531894.50229046 -57823381.128536455 1.2496411382322409e-07
# final: N=20000 steps=10 arithmetic_dtype=double max_relative_energy_drift=1.2496411382322409e-07 tolerance=0.001 status=OK

--- Performance Profiling Report ---
File Read       : 6.334484e-04 s
File Write      : 1.137406e-03 s
Total Run       : 6.741175e-01 s

--- Step Statistics (10 steps) ---
Total Step      		 Median; 3.741363e-01 s 		 Trimmed Mean: 3.741524e-01 s 		 Standard Deviation: 1.579375e-04 s
First Drift     		 Median; 2.204021e-05 s 		 Trimmed Mean: 2.204638e-05 s 		 Standard Deviation: 8.339685e-08 s
Compute Force   		 Median; 3.740216e-01 s 		 Trimmed Mean: 3.740303e-01 s 		 Standard Deviation: 1.479498e-04 s
Kick            		 Median; 3.638025e-05 s 		 Trimmed Mean: 3.707525e-05 s 		 Standard Deviation: 1.494942e-06 s
Second Drift    		 Median; 2.643559e-05 s 		 Trimmed Mean: 2.685934e-05 s 		 Standard Deviation: 2.052833e-06 s
# Direct N-body DKD
# arithmetic_dtype=double binary_storage=float32 format=nbody-f32-v1
# N=20000 nsteps=10 dt=0.0001 eps=0.050000000000000003 G=1 mass=1
Acceleration Kernel: rt
# Step 	 Time 			 Kinetic 			 Potential 			 Total 			 Relative Energy Drift
0 	 0 	 58759436.184000514 	 -116582810.08669029 	 -57823373.902689777 	 0
10 0.001 58708513.373754002 -116531894.50229046 -57823381.128536455 1.2496411382322409e-07
# final: N=20000 steps=10 arithmetic_dtype=double max_relative_energy_drift=1.2496411382322409e-07 tolerance=0.001 status=OK

--- Performance Profiling Report ---
File Read       : 6.790999e-04 s
File Write      : 1.202067e-03 s
Total Run       : 6.745134e-01 s

--- Step Statistics (10 steps) ---
Total Step      		 Median; 5.425404e-01 s 		 Trimmed Mean: 5.425438e-01 s 		 Standard Deviation: 1.744568e-04 s
First Drift     		 Median; 2.190052e-05 s 		 Trimmed Mean: 2.196885e-05 s 		 Standard Deviation: 1.512277e-07 s
Compute Force   		 Median; 5.423942e-01 s 		 Trimmed Mean: 5.423972e-01 s 		 Standard Deviation: 1.702460e-04 s
Kick            		 Median; 4.551047e-05 s 		 Trimmed Mean: 4.578196e-05 s 		 Standard Deviation: 2.332477e-06 s
Second Drift    		 Median; 3.773114e-05 s 		 Trimmed Mean: 3.875827e-05 s 		 Standard Deviation: 2.273418e-06 s
# Direct N-body DKD
# arithmetic_dtype=double binary_storage=float32 format=nbody-f32-v1
# N=20000 nsteps=10 dt=0.0001 eps=0.050000000000000003 G=1 mass=1
Acceleration Kernel: n
# Step 	 Time 			 Kinetic 			 Potential 			 Total 			 Relative Energy Drift
0 	 0 	 58759436.184000514 	 -116582810.08669029 	 -57823373.902689777 	 0
10 0.001 58708513.373754002 -116531894.50229046 -57823381.128536455 1.2496411382322409e-07
# final: N=20000 steps=10 arithmetic_dtype=double max_relative_energy_drift=1.2496411382322409e-07 tolerance=0.001 status=OK

--- Performance Profiling Report ---
File Read       : 6.387085e-04 s
File Write      : 1.868146e-03 s
Total Run       : 6.733906e-01 s

--- Step Statistics (10 steps) ---
Total Step      		 Median; 3.181969e-01 s 		 Trimmed Mean: 3.182127e-01 s 		 Standard Deviation: 1.208466e-04 s
First Drift     		 Median; 2.217479e-05 s 		 Trimmed Mean: 2.304593e-05 s 		 Standard Deviation: 2.328872e-06 s
Compute Force   		 Median; 3.180800e-01 s 		 Trimmed Mean: 3.180982e-01 s 		 Standard Deviation: 1.247440e-04 s
Kick            		 Median; 3.787596e-05 s 		 Trimmed Mean: 3.842055e-05 s 		 Standard Deviation: 1.560166e-06 s
Second Drift    		 Median; 2.251985e-05 s 		 Trimmed Mean: 2.257514e-05 s 		 Standard Deviation: 2.340370e-07 s
# Direct N-body DKD
# arithmetic_dtype=double binary_storage=float32 format=nbody-f32-v1
# N=20000 nsteps=10 dt=0.0001 eps=0.050000000000000003 G=1 mass=1
Acceleration Kernel: r
# Step 	 Time 			 Kinetic 			 Potential 			 Total 			 Relative Energy Drift
0 	 0 	 58759436.184000514 	 -116582810.08669029 	 -57823373.902689777 	 0
10 0.001 58708513.373754002 -116531894.50229046 -57823381.128536455 1.2496411382322409e-07
# final: N=20000 steps=10 arithmetic_dtype=double max_relative_energy_drift=1.2496411382322409e-07 tolerance=0.001 status=OK

--- Performance Profiling Report ---
File Read       : 6.485088e-04 s
File Write      : 1.879327e-03 s
Total Run       : 6.724502e-01 s

--- Step Statistics (10 steps) ---
Total Step      		 Median; 3.741504e-01 s 		 Trimmed Mean: 3.741560e-01 s 		 Standard Deviation: 9.430100e-05 s
First Drift     		 Median; 2.196524e-05 s 		 Trimmed Mean: 2.198678e-05 s 		 Standard Deviation: 1.463395e-07 s
Compute Force   		 Median; 3.740369e-01 s 		 Trimmed Mean: 3.740410e-01 s 		 Standard Deviation: 9.570467e-05 s
Kick            		 Median; 3.752485e-05 s 		 Trimmed Mean: 3.847783e-05 s 		 Standard Deviation: 2.418772e-06 s
Second Drift    		 Median; 2.817111e-05 s 		 Trimmed Mean: 2.761069e-05 s 		 Standard Deviation: 2.658250e-06 s
# Direct N-body DKD
# arithmetic_dtype=double binary_storage=float32 format=nbody-f32-v1
# N=20000 nsteps=10 dt=0.0001 eps=0.050000000000000003 G=1 mass=1
Acceleration Kernel: rt
# Step 	 Time 			 Kinetic 			 Potential 			 Total 			 Relative Energy Drift
0 	 0 	 58759436.184000514 	 -116582810.08669029 	 -57823373.902689777 	 0
10 0.001 58708513.373754002 -116531894.50229046 -57823381.128536455 1.2496411382322409e-07
# final: N=20000 steps=10 arithmetic_dtype=double max_relative_energy_drift=1.2496411382322409e-07 tolerance=0.001 status=OK

--- Performance Profiling Report ---
File Read       : 6.499505e-04 s
File Write      : 1.904417e-03 s
Total Run       : 6.758616e-01 s

--- Step Statistics (10 steps) ---
Total Step      		 Median; 5.409759e-01 s 		 Trimmed Mean: 5.409327e-01 s 		 Standard Deviation: 1.480092e-04 s
First Drift     		 Median; 2.533477e-05 s 		 Trimmed Mean: 2.609019e-05 s 		 Standard Deviation: 2.619365e-06 s
Compute Force   		 Median; 5.408024e-01 s 		 Trimmed Mean: 5.407805e-01 s 		 Standard Deviation: 1.477512e-04 s
Kick            		 Median; 4.411535e-05 s 		 Trimmed Mean: 4.418066e-05 s 		 Standard Deviation: 1.424134e-06 s
Second Drift    		 Median; 3.955048e-05 s 		 Trimmed Mean: 4.091847e-05 s 		 Standard Deviation: 2.651731e-06 s
# Direct N-body DKD
# arithmetic_dtype=double binary_storage=float32 format=nbody-f32-v1
# N=20000 nsteps=10 dt=0.0001 eps=0.050000000000000003 G=1 mass=1
Acceleration Kernel: n
# Step 	 Time 			 Kinetic 			 Potential 			 Total 			 Relative Energy Drift
0 	 0 	 58759436.184000514 	 -116582810.08669029 	 -57823373.902689777 	 0
10 0.001 58708513.373754002 -116531894.50229046 -57823381.128536455 1.2496411382322409e-07
# final: N=20000 steps=10 arithmetic_dtype=double max_relative_energy_drift=1.2496411382322409e-07 tolerance=0.001 status=OK

--- Performance Profiling Report ---
File Read       : 6.433986e-04 s
File Write      : 2.043859e-03 s
Total Run       : 6.750984e-01 s

--- Step Statistics (10 steps) ---
Total Step      		 Median; 3.182056e-01 s 		 Trimmed Mean: 3.182631e-01 s 		 Standard Deviation: 1.250211e-04 s
First Drift     		 Median; 2.305023e-05 s 		 Trimmed Mean: 2.323522e-05 s 		 Standard Deviation: 4.489641e-07 s
Compute Force   		 Median; 3.180809e-01 s 		 Trimmed Mean: 3.181353e-01 s 		 Standard Deviation: 1.183576e-04 s
Kick            		 Median; 3.662566e-05 s 		 Trimmed Mean: 3.730040e-05 s 		 Standard Deviation: 2.184853e-06 s
Second Drift    		 Median; 3.242027e-05 s 		 Trimmed Mean: 3.265683e-05 s 		 Standard Deviation: 2.771457e-06 s
# Direct N-body DKD
# arithmetic_dtype=double binary_storage=float32 format=nbody-f32-v1
# N=20000 nsteps=10 dt=0.0001 eps=0.050000000000000003 G=1 mass=1
Acceleration Kernel: r
# Step 	 Time 			 Kinetic 			 Potential 			 Total 			 Relative Energy Drift
0 	 0 	 58759436.184000514 	 -116582810.08669029 	 -57823373.902689777 	 0
10 0.001 58708513.373754002 -116531894.50229046 -57823381.128536455 1.2496411382322409e-07
# final: N=20000 steps=10 arithmetic_dtype=double max_relative_energy_drift=1.2496411382322409e-07 tolerance=0.001 status=OK

--- Performance Profiling Report ---
File Read       : 6.492594e-04 s
File Write      : 2.141940e-03 s
Total Run       : 6.731604e-01 s

--- Step Statistics (10 steps) ---
Total Step      		 Median; 3.741561e-01 s 		 Trimmed Mean: 3.741786e-01 s 		 Standard Deviation: 8.766869e-05 s
First Drift     		 Median; 2.535945e-05 s 		 Trimmed Mean: 2.527144e-05 s 		 Standard Deviation: 7.477273e-07 s
Compute Force   		 Median; 3.740180e-01 s 		 Trimmed Mean: 3.740369e-01 s 		 Standard Deviation: 9.351709e-05 s
Kick            		 Median; 3.773533e-05 s 		 Trimmed Mean: 3.785570e-05 s 		 Standard Deviation: 1.071635e-06 s
Second Drift    		 Median; 4.251534e-05 s 		 Trimmed Mean: 4.221324e-05 s 		 Standard Deviation: 4.888303e-06 s
# Direct N-body DKD
# arithmetic_dtype=double binary_storage=float32 format=nbody-f32-v1
# N=20000 nsteps=10 dt=0.0001 eps=0.050000000000000003 G=1 mass=1
Acceleration Kernel: rt
# Step 	 Time 			 Kinetic 			 Potential 			 Total 			 Relative Energy Drift
0 	 0 	 58759436.184000514 	 -116582810.08669029 	 -57823373.902689777 	 0
10 0.001 58708513.373754002 -116531894.50229046 -57823381.128536455 1.2496411382322409e-07
# final: N=20000 steps=10 arithmetic_dtype=double max_relative_energy_drift=1.2496411382322409e-07 tolerance=0.001 status=OK

--- Performance Profiling Report ---
File Read       : 6.470690e-04 s
File Write      : 1.516742e-03 s
Total Run       : 6.737995e-01 s

--- Step Statistics (10 steps) ---
Total Step      		 Median; 5.406509e-01 s 		 Trimmed Mean: 5.406244e-01 s 		 Standard Deviation: 1.792630e-04 s
First Drift     		 Median; 2.322532e-05 s 		 Trimmed Mean: 2.346933e-05 s 		 Standard Deviation: 6.895326e-07 s
Compute Force   		 Median; 5.404962e-01 s 		 Trimmed Mean: 5.404732e-01 s 		 Standard Deviation: 1.766704e-04 s
Kick            		 Median; 4.467042e-05 s 		 Trimmed Mean: 4.544307e-05 s 		 Standard Deviation: 2.348544e-06 s
Second Drift    		 Median; 4.247436e-05 s 		 Trimmed Mean: 4.280999e-05 s 		 Standard Deviation: 1.447934e-06 s
# Direct N-body DKD
# arithmetic_dtype=double binary_storage=float32 format=nbody-f32-v1
# N=20000 nsteps=10 dt=0.0001 eps=0.050000000000000003 G=1 mass=1
Acceleration Kernel: n
# Step 	 Time 			 Kinetic 			 Potential 			 Total 			 Relative Energy Drift
0 	 0 	 58759436.184000514 	 -116582810.08669029 	 -57823373.902689777 	 0
10 0.001 58708513.373754002 -116531894.50229046 -57823381.128536455 1.2496411382322409e-07
# final: N=20000 steps=10 arithmetic_dtype=double max_relative_energy_drift=1.2496411382322409e-07 tolerance=0.001 status=OK

--- Performance Profiling Report ---
File Read       : 6.688908e-04 s
File Write      : 1.723144e-03 s
Total Run       : 6.724026e-01 s

--- Step Statistics (10 steps) ---
Total Step      		 Median; 3.182307e-01 s 		 Trimmed Mean: 3.182486e-01 s 		 Standard Deviation: 1.311450e-04 s
First Drift     		 Median; 2.402486e-05 s 		 Trimmed Mean: 2.399553e-05 s 		 Standard Deviation: 2.098464e-07 s
Compute Force   		 Median; 3.180989e-01 s 		 Trimmed Mean: 3.181180e-01 s 		 Standard Deviation: 1.287946e-04 s
Kick            		 Median; 3.696047e-05 s 		 Trimmed Mean: 3.746292e-05 s 		 Standard Deviation: 1.613003e-06 s
Second Drift    		 Median; 4.054047e-05 s 		 Trimmed Mean: 3.992429e-05 s 		 Standard Deviation: 4.019669e-06 s
# Direct N-body DKD
# arithmetic_dtype=double binary_storage=float32 format=nbody-f32-v1
# N=20000 nsteps=10 dt=0.0001 eps=0.050000000000000003 G=1 mass=1
Acceleration Kernel: r
# Step 	 Time 			 Kinetic 			 Potential 			 Total 			 Relative Energy Drift
0 	 0 	 58759436.184000514 	 -116582810.08669029 	 -57823373.902689777 	 0
10 0.001 58708513.373754002 -116531894.50229046 -57823381.128536455 1.2496411382322409e-07
# final: N=20000 steps=10 arithmetic_dtype=double max_relative_energy_drift=1.2496411382322409e-07 tolerance=0.001 status=OK

--- Performance Profiling Report ---
File Read       : 6.301403e-04 s
File Write      : 1.943268e-03 s
Total Run       : 6.752035e-01 s

--- Step Statistics (10 steps) ---
Total Step      		 Median; 3.743176e-01 s 		 Trimmed Mean: 3.743145e-01 s 		 Standard Deviation: 2.439720e-04 s
First Drift     		 Median; 2.464512e-05 s 		 Trimmed Mean: 2.686284e-05 s 		 Standard Deviation: 4.089503e-06 s
Compute Force   		 Median; 3.741904e-01 s 		 Trimmed Mean: 3.741811e-01 s 		 Standard Deviation: 2.399378e-04 s
Kick            		 Median; 3.804034e-05 s 		 Trimmed Mean: 3.838807e-05 s 		 Standard Deviation: 1.699850e-06 s
Second Drift    		 Median; 3.597559e-05 s 		 Trimmed Mean: 3.473298e-05 s 		 Standard Deviation: 2.907573e-06 s
# Direct N-body DKD
# arithmetic_dtype=double binary_storage=float32 format=nbody-f32-v1
# N=20000 nsteps=10 dt=0.0001 eps=0.050000000000000003 G=1 mass=1
Acceleration Kernel: rt
# Step 	 Time 			 Kinetic 			 Potential 			 Total 			 Relative Energy Drift
0 	 0 	 58759436.184000514 	 -116582810.08669029 	 -57823373.902689777 	 0
10 0.001 58708513.373754002 -116531894.50229046 -57823381.128536455 1.2496411382322409e-07
# final: N=20000 steps=10 arithmetic_dtype=double max_relative_energy_drift=1.2496411382322409e-07 tolerance=0.001 status=OK

--- Performance Profiling Report ---
File Read       : 6.497698e-04 s
File Write      : 3.420729e-03 s
Total Run       : 6.751112e-01 s

--- Step Statistics (10 steps) ---
Total Step      		 Median; 5.414204e-01 s 		 Trimmed Mean: 5.414791e-01 s 		 Standard Deviation: 2.024255e-04 s
First Drift     		 Median; 2.475549e-05 s 		 Trimmed Mean: 2.717657e-05 s 		 Standard Deviation: 7.245290e-06 s
Compute Force   		 Median; 5.412468e-01 s 		 Trimmed Mean: 5.413295e-01 s 		 Standard Deviation: 1.984146e-04 s
Kick            		 Median; 4.445575e-05 s 		 Trimmed Mean: 4.529289e-05 s 		 Standard Deviation: 2.485373e-06 s
Second Drift    		 Median; 4.262524e-05 s 		 Trimmed Mean: 4.294678e-05 s 		 Standard Deviation: 3.335374e-06 s
# Direct N-body DKD
# arithmetic_dtype=double binary_storage=float32 format=nbody-f32-v1
# N=20000 nsteps=10 dt=0.0001 eps=0.050000000000000003 G=1 mass=1
Acceleration Kernel: n
# Step 	 Time 			 Kinetic 			 Potential 			 Total 			 Relative Energy Drift
0 	 0 	 58759436.184000514 	 -116582810.08669029 	 -57823373.902689777 	 0
10 0.001 58708513.373754002 -116531894.50229046 -57823381.128536455 1.2496411382322409e-07
# final: N=20000 steps=10 arithmetic_dtype=double max_relative_energy_drift=1.2496411382322409e-07 tolerance=0.001 status=OK

--- Performance Profiling Report ---
File Read       : 6.472794e-04 s
File Write      : 2.551116e-03 s
Total Run       : 6.741891e-01 s

--- Step Statistics (10 steps) ---
Total Step      		 Median; 3.182982e-01 s 		 Trimmed Mean: 3.183572e-01 s 		 Standard Deviation: 1.960682e-04 s
First Drift     		 Median; 2.404070e-05 s 		 Trimmed Mean: 2.544036e-05 s 		 Standard Deviation: 3.050488e-06 s
Compute Force   		 Median; 3.181702e-01 s 		 Trimmed Mean: 3.182279e-01 s 		 Standard Deviation: 1.849628e-04 s
Kick            		 Median; 3.832625e-05 s 		 Trimmed Mean: 3.848830e-05 s 		 Standard Deviation: 2.287567e-06 s
Second Drift    		 Median; 2.937578e-05 s 		 Trimmed Mean: 3.126438e-05 s 		 Standard Deviation: 2.773680e-06 s
# Direct N-body DKD
# arithmetic_dtype=double binary_storage=float32 format=nbody-f32-v1
# N=20000 nsteps=10 dt=0.0001 eps=0.050000000000000003 G=1 mass=1
Acceleration Kernel: r
# Step 	 Time 			 Kinetic 			 Potential 			 Total 			 Relative Energy Drift
0 	 0 	 58759436.184000514 	 -116582810.08669029 	 -57823373.902689777 	 0
10 0.001 58708513.373754002 -116531894.50229046 -57823381.128536455 1.2496411382322409e-07
# final: N=20000 steps=10 arithmetic_dtype=double max_relative_energy_drift=1.2496411382322409e-07 tolerance=0.001 status=OK

--- Performance Profiling Report ---
File Read       : 6.367685e-04 s
File Write      : 1.942588e-03 s
Total Run       : 6.750285e-01 s

--- Step Statistics (10 steps) ---
Total Step      		 Median; 3.746902e-01 s 		 Trimmed Mean: 3.747253e-01 s 		 Standard Deviation: 1.345935e-04 s
First Drift     		 Median; 2.286024e-05 s 		 Trimmed Mean: 2.290506e-05 s 		 Standard Deviation: 3.189125e-07 s
Compute Force   		 Median; 3.745639e-01 s 		 Trimmed Mean: 3.746000e-01 s 		 Standard Deviation: 1.366176e-04 s
Kick            		 Median; 3.719470e-05 s 		 Trimmed Mean: 3.787898e-05 s 		 Standard Deviation: 1.577470e-06 s
Second Drift    		 Median; 3.713043e-05 s 		 Trimmed Mean: 3.642554e-05 s 		 Standard Deviation: 5.497496e-06 s
# Direct N-body DKD
# arithmetic_dtype=double binary_storage=float32 format=nbody-f32-v1
# N=20000 nsteps=10 dt=0.0001 eps=0.050000000000000003 G=1 mass=1
Acceleration Kernel: rt
# Step 	 Time 			 Kinetic 			 Potential 			 Total 			 Relative Energy Drift
0 	 0 	 58759436.184000514 	 -116582810.08669029 	 -57823373.902689777 	 0
10 0.001 58708513.373754002 -116531894.50229046 -57823381.128536455 1.2496411382322409e-07
# final: N=20000 steps=10 arithmetic_dtype=double max_relative_energy_drift=1.2496411382322409e-07 tolerance=0.001 status=OK

--- Performance Profiling Report ---
File Read       : 6.552599e-04 s
File Write      : 2.270053e-03 s
Total Run       : 6.729369e-01 s

--- Step Statistics (10 steps) ---
Total Step      		 Median; 5.405851e-01 s 		 Trimmed Mean: 5.406187e-01 s 		 Standard Deviation: 1.831835e-04 s
First Drift     		 Median; 2.388982e-05 s 		 Trimmed Mean: 2.460915e-05 s 		 Standard Deviation: 2.462214e-06 s
Compute Force   		 Median; 5.404522e-01 s 		 Trimmed Mean: 5.404690e-01 s 		 Standard Deviation: 1.726471e-04 s
Kick            		 Median; 4.409533e-05 s 		 Trimmed Mean: 4.447845e-05 s 		 Standard Deviation: 9.900250e-07 s
Second Drift    		 Median; 4.387647e-05 s 		 Trimmed Mean: 4.386809e-05 s 		 Standard Deviation: 4.305745e-06 s
