rm -f main generate_initial_conditions *.o *.bin
rm -r ./bins/
cc -std=c11 -I/u/dssc/enricosavorgnan/opt/papi/include -DNBODY_USE_DOUBLE -O3 -march=native -Wall -Wextra -Wpedantic -flto -ffast-math -D_POSIX_C_SOURCE=199309L -DBLOCK_SIZE=128 -DN_RSQRT_LOOP=3 -DUSE_PAPI -L/u/dssc/enricosavorgnan/opt/papi/lib -Wl,-rpath,/u/dssc/enricosavorgnan/opt/papi/lib -o generate_initial_conditions generate_initial_conditions.c -lm -lpapi
mkdir -p ./bins/test-rsqrt/
mkdir -p ./profilings/test-rsqrt/
./generate_initial_conditions --model 0 --n 100000 --seed 42 --output ./bins/test-rsqrt.bin
for i in 1 2 3 4 ; do \
	make clean all N_RSQRT_LOOP=$i; \
	for j in 1; do \
		./main --input ./bins/test-rsqrt.bin --nsteps 10 --dt 1e-4 --eps 0.05 --energy-every 10 --output ./bins/test-rsqrt/n_$i.out --kernel n  --profiler 1 --papi 1 --profiler-path ./profilings/test-rsqrt/n_$i.txt; \
		./main --input ./bins/test-rsqrt.bin --nsteps 10 --dt 1e-4 --eps 0.05 --energy-every 10 --output ./bins/test-rsqrt/r_$i.out --kernel r  --profiler 1 --papi 1 --profiler-path ./profilings/test-rsqrt/r_$i.txt; \
		./main --input ./bins/test-rsqrt.bin --nsteps 10 --dt 1e-4 --eps 0.05 --energy-every 10 --output ./bins/test-rsqrt/rt_$i.out --kernel rt --profiler 1 --papi 1 --profiler-path ./profilings/test-rsqrt/rt_$i.txt; \
	done \
done
make[1]: Entering directory '/orfeo/cephfs/scratch/dssc/enricosavorgnan/2026-nbody/experiments/rsqrt-impact'
rm -f main generate_initial_conditions *.o *.bin
cc -std=c11 -I/u/dssc/enricosavorgnan/opt/papi/include -DNBODY_USE_DOUBLE -O3 -march=native -Wall -Wextra -Wpedantic -flto -ffast-math -D_POSIX_C_SOURCE=199309L -DBLOCK_SIZE=128 -DN_RSQRT_LOOP=1 -DUSE_PAPI -c main.c -o main.o
cc -std=c11 -I/u/dssc/enricosavorgnan/opt/papi/include -DNBODY_USE_DOUBLE -O3 -march=native -Wall -Wextra -Wpedantic -flto -ffast-math -D_POSIX_C_SOURCE=199309L -DBLOCK_SIZE=128 -DN_RSQRT_LOOP=1 -DUSE_PAPI -c integration.c -o integration.o
cc -std=c11 -I/u/dssc/enricosavorgnan/opt/papi/include -DNBODY_USE_DOUBLE -O3 -march=native -Wall -Wextra -Wpedantic -flto -ffast-math -D_POSIX_C_SOURCE=199309L -DBLOCK_SIZE=128 -DN_RSQRT_LOOP=1 -DUSE_PAPI -c particles.c -o particles.o
cc -std=c11 -I/u/dssc/enricosavorgnan/opt/papi/include -DNBODY_USE_DOUBLE -O3 -march=native -Wall -Wextra -Wpedantic -flto -ffast-math -D_POSIX_C_SOURCE=199309L -DBLOCK_SIZE=128 -DN_RSQRT_LOOP=1 -DUSE_PAPI -c profiling.c -o profiling.o
cc -std=c11 -I/u/dssc/enricosavorgnan/opt/papi/include -DNBODY_USE_DOUBLE -O3 -march=native -Wall -Wextra -Wpedantic -flto -ffast-math -D_POSIX_C_SOURCE=199309L -DBLOCK_SIZE=128 -DN_RSQRT_LOOP=1 -DUSE_PAPI -c utils.c -o utils.o
cc -std=c11 -O3 -march=native -Wall -Wextra -Wpedantic -flto -ffast-math -D_POSIX_C_SOURCE=199309L -DBLOCK_SIZE=128 -DN_RSQRT_LOOP=1 -DUSE_PAPI -L/u/dssc/enricosavorgnan/opt/papi/lib -Wl,-rpath,/u/dssc/enricosavorgnan/opt/papi/lib -o main main.o integration.o particles.o profiling.o utils.o -lm -lpapi
cc -std=c11 -I/u/dssc/enricosavorgnan/opt/papi/include -DNBODY_USE_DOUBLE -O3 -march=native -Wall -Wextra -Wpedantic -flto -ffast-math -D_POSIX_C_SOURCE=199309L -DBLOCK_SIZE=128 -DN_RSQRT_LOOP=1 -DUSE_PAPI -L/u/dssc/enricosavorgnan/opt/papi/lib -Wl,-rpath,/u/dssc/enricosavorgnan/opt/papi/lib -o generate_initial_conditions generate_initial_conditions.c -lm -lpapi
make[1]: Leaving directory '/orfeo/cephfs/scratch/dssc/enricosavorgnan/2026-nbody/experiments/rsqrt-impact'
# Direct N-body DKD
# arithmetic_dtype=double binary_storage=float32 format=nbody-f32-v1
# N=100000 nsteps=10 dt=0.0001 eps=0.050000000000000003 G=1 mass=1
Acceleration Kernel: n
# Step 	 Time 			 Kinetic 			 Potential 			 Total 			 Relative Energy Drift
0 	 0 	 1469728487.124548 	 -2934067449.2881598 	 -1464338962.1636119 	 0
10 0.001 1467380006.6466022 -2931718905.0478668 -1464338898.4012647 4.3543434183546839e-08
# final: N=100000 steps=10 arithmetic_dtype=double max_relative_energy_drift=4.3543434183546839e-08 tolerance=0.001 status=OK

--- Performance Profiling Report ---
File Read       : 2.680108e-03 s
File Write      : 2.901158e-03 s
Total Run       : 1.612074e+01 s

--- Step Statistics (10 steps) ---
Total Step      		 Median; 7.581824e+00 s 		 Trimmed Mean: 7.582301e+00 s 		 Standard Deviation: 1.265626e-03 s
First Drift     		 Median; 8.834573e-05 s 		 Trimmed Mean: 8.970953e-05 s 		 Standard Deviation: 2.180973e-06 s
Compute Force   		 Median; 7.581484e+00 s 		 Trimmed Mean: 7.581955e+00 s 		 Standard Deviation: 1.250681e-03 s
Kick            		 Median; 1.303507e-04 s 		 Trimmed Mean: 1.308955e-04 s 		 Standard Deviation: 1.206563e-06 s
Second Drift    		 Median; 8.802628e-05 s 		 Trimmed Mean: 8.854212e-05 s 		 Standard Deviation: 1.452824e-06 s
# Direct N-body DKD
# arithmetic_dtype=double binary_storage=float32 format=nbody-f32-v1
# N=100000 nsteps=10 dt=0.0001 eps=0.050000000000000003 G=1 mass=1
Acceleration Kernel: r
# Step 	 Time 			 Kinetic 			 Potential 			 Total 			 Relative Energy Drift
0 	 0 	 1469728487.124548 	 -2934067449.2881598 	 -1464338962.1636119 	 0
10 0.001 1467380006.587317 -2931718904.98452 -1464338898.397203 4.354620792584184e-08
# final: N=100000 steps=10 arithmetic_dtype=double max_relative_energy_drift=4.354620792584184e-08 tolerance=0.001 status=OK

--- Performance Profiling Report ---
File Read       : 3.007500e-03 s
File Write      : 2.712568e-03 s
Total Run       : 1.611960e+01 s

--- Step Statistics (10 steps) ---
Total Step      		 Median; 2.114347e+01 s 		 Trimmed Mean: 2.114318e+01 s 		 Standard Deviation: 9.489222e-04 s
First Drift     		 Median; 8.812081e-05 s 		 Trimmed Mean: 8.867076e-05 s 		 Standard Deviation: 1.521325e-06 s
Compute Force   		 Median; 2.114309e+01 s 		 Trimmed Mean: 2.114279e+01 s 		 Standard Deviation: 9.440724e-04 s
Kick            		 Median; 1.771059e-04 s 		 Trimmed Mean: 1.768162e-04 s 		 Standard Deviation: 1.243909e-06 s
Second Drift    		 Median; 8.891104e-05 s 		 Trimmed Mean: 8.971826e-05 s 		 Standard Deviation: 2.292284e-06 s
# Direct N-body DKD
# arithmetic_dtype=double binary_storage=float32 format=nbody-f32-v1
# N=100000 nsteps=10 dt=0.0001 eps=0.050000000000000003 G=1 mass=1
Acceleration Kernel: rt
# Step 	 Time 			 Kinetic 			 Potential 			 Total 			 Relative Energy Drift
0 	 0 	 1469728487.124548 	 -2934067449.2881598 	 -1464338962.1636119 	 0
10 0.001 1467380006.587317 -2931718904.98452 -1464338898.397203 4.354620792584184e-08
# final: N=100000 steps=10 arithmetic_dtype=double max_relative_energy_drift=4.354620792584184e-08 tolerance=0.001 status=OK

--- Performance Profiling Report ---
File Read       : 2.895039e-03 s
File Write      : 2.881889e-03 s
Total Run       : 1.612573e+01 s

--- Step Statistics (10 steps) ---
Total Step      		 Median; 1.423155e+01 s 		 Trimmed Mean: 1.423173e+01 s 		 Standard Deviation: 2.255284e-03 s
First Drift     		 Median; 8.795969e-05 s 		 Trimmed Mean: 9.227148e-05 s 		 Standard Deviation: 1.101554e-05 s
Compute Force   		 Median; 1.423117e+01 s 		 Trimmed Mean: 1.423135e+01 s 		 Standard Deviation: 2.267747e-03 s
Kick            		 Median; 1.310413e-04 s 		 Trimmed Mean: 1.305747e-04 s 		 Standard Deviation: 1.077024e-06 s
Second Drift    		 Median; 1.272806e-04 s 		 Trimmed Mean: 1.276386e-04 s 		 Standard Deviation: 2.289448e-06 s
make[1]: Entering directory '/orfeo/cephfs/scratch/dssc/enricosavorgnan/2026-nbody/experiments/rsqrt-impact'
rm -f main generate_initial_conditions *.o *.bin
cc -std=c11 -I/u/dssc/enricosavorgnan/opt/papi/include -DNBODY_USE_DOUBLE -O3 -march=native -Wall -Wextra -Wpedantic -flto -ffast-math -D_POSIX_C_SOURCE=199309L -DBLOCK_SIZE=128 -DN_RSQRT_LOOP=2 -DUSE_PAPI -c main.c -o main.o
cc -std=c11 -I/u/dssc/enricosavorgnan/opt/papi/include -DNBODY_USE_DOUBLE -O3 -march=native -Wall -Wextra -Wpedantic -flto -ffast-math -D_POSIX_C_SOURCE=199309L -DBLOCK_SIZE=128 -DN_RSQRT_LOOP=2 -DUSE_PAPI -c integration.c -o integration.o
cc -std=c11 -I/u/dssc/enricosavorgnan/opt/papi/include -DNBODY_USE_DOUBLE -O3 -march=native -Wall -Wextra -Wpedantic -flto -ffast-math -D_POSIX_C_SOURCE=199309L -DBLOCK_SIZE=128 -DN_RSQRT_LOOP=2 -DUSE_PAPI -c particles.c -o particles.o
cc -std=c11 -I/u/dssc/enricosavorgnan/opt/papi/include -DNBODY_USE_DOUBLE -O3 -march=native -Wall -Wextra -Wpedantic -flto -ffast-math -D_POSIX_C_SOURCE=199309L -DBLOCK_SIZE=128 -DN_RSQRT_LOOP=2 -DUSE_PAPI -c profiling.c -o profiling.o
cc -std=c11 -I/u/dssc/enricosavorgnan/opt/papi/include -DNBODY_USE_DOUBLE -O3 -march=native -Wall -Wextra -Wpedantic -flto -ffast-math -D_POSIX_C_SOURCE=199309L -DBLOCK_SIZE=128 -DN_RSQRT_LOOP=2 -DUSE_PAPI -c utils.c -o utils.o
cc -std=c11 -O3 -march=native -Wall -Wextra -Wpedantic -flto -ffast-math -D_POSIX_C_SOURCE=199309L -DBLOCK_SIZE=128 -DN_RSQRT_LOOP=2 -DUSE_PAPI -L/u/dssc/enricosavorgnan/opt/papi/lib -Wl,-rpath,/u/dssc/enricosavorgnan/opt/papi/lib -o main main.o integration.o particles.o profiling.o utils.o -lm -lpapi
cc -std=c11 -I/u/dssc/enricosavorgnan/opt/papi/include -DNBODY_USE_DOUBLE -O3 -march=native -Wall -Wextra -Wpedantic -flto -ffast-math -D_POSIX_C_SOURCE=199309L -DBLOCK_SIZE=128 -DN_RSQRT_LOOP=2 -DUSE_PAPI -L/u/dssc/enricosavorgnan/opt/papi/lib -Wl,-rpath,/u/dssc/enricosavorgnan/opt/papi/lib -o generate_initial_conditions generate_initial_conditions.c -lm -lpapi
make[1]: Leaving directory '/orfeo/cephfs/scratch/dssc/enricosavorgnan/2026-nbody/experiments/rsqrt-impact'
# Direct N-body DKD
# arithmetic_dtype=double binary_storage=float32 format=nbody-f32-v1
# N=100000 nsteps=10 dt=0.0001 eps=0.050000000000000003 G=1 mass=1
Acceleration Kernel: n
# Step 	 Time 			 Kinetic 			 Potential 			 Total 			 Relative Energy Drift
0 	 0 	 1469728487.124548 	 -2934067449.2881598 	 -1464338962.1636119 	 0
10 0.001 1467380006.6466022 -2931718905.0478668 -1464338898.4012647 4.3543434183546839e-08
# final: N=100000 steps=10 arithmetic_dtype=double max_relative_energy_drift=4.3543434183546839e-08 tolerance=0.001 status=OK

--- Performance Profiling Report ---
File Read       : 3.063559e-03 s
File Write      : 2.636870e-03 s
Total Run       : 1.611654e+01 s

--- Step Statistics (10 steps) ---
Total Step      		 Median; 7.580532e+00 s 		 Trimmed Mean: 7.639591e+00 s 		 Standard Deviation: 8.622271e-02 s
First Drift     		 Median; 8.918112e-05 s 		 Trimmed Mean: 8.893933e-05 s 		 Standard Deviation: 7.734490e-07 s
Compute Force   		 Median; 7.580170e+00 s 		 Trimmed Mean: 7.639251e+00 s 		 Standard Deviation: 8.622168e-02 s
Kick            		 Median; 1.295609e-04 s 		 Trimmed Mean: 1.290224e-04 s 		 Standard Deviation: 5.321141e-06 s
Second Drift    		 Median; 8.742558e-05 s 		 Trimmed Mean: 8.760567e-05 s 		 Standard Deviation: 1.102236e-06 s
# Direct N-body DKD
# arithmetic_dtype=double binary_storage=float32 format=nbody-f32-v1
# N=100000 nsteps=10 dt=0.0001 eps=0.050000000000000003 G=1 mass=1
Acceleration Kernel: r
# Step 	 Time 			 Kinetic 			 Potential 			 Total 			 Relative Energy Drift
0 	 0 	 1469728487.124548 	 -2934067449.2881598 	 -1464338962.1636119 	 0
10 0.001 1467380006.6466022 -2931718905.0478668 -1464338898.4012647 4.3543434183546839e-08
# final: N=100000 steps=10 arithmetic_dtype=double max_relative_energy_drift=4.3543434183546839e-08 tolerance=0.001 status=OK

--- Performance Profiling Report ---
File Read       : 2.958423e-03 s
File Write      : 2.762159e-03 s
Total Run       : 1.653395e+01 s

--- Step Statistics (10 steps) ---
Total Step      		 Median; 2.795709e+01 s 		 Trimmed Mean: 2.796365e+01 s 		 Standard Deviation: 1.762439e-02 s
First Drift     		 Median; 8.996110e-05 s 		 Trimmed Mean: 9.062071e-05 s 		 Standard Deviation: 1.881949e-06 s
Compute Force   		 Median; 2.795675e+01 s 		 Trimmed Mean: 2.796328e+01 s 		 Standard Deviation: 1.761559e-02 s
Kick            		 Median; 1.357258e-04 s 		 Trimmed Mean: 1.343684e-04 s 		 Standard Deviation: 7.472691e-06 s
Second Drift    		 Median; 9.212457e-05 s 		 Trimmed Mean: 9.340281e-05 s 		 Standard Deviation: 4.547978e-06 s
# Direct N-body DKD
# arithmetic_dtype=double binary_storage=float32 format=nbody-f32-v1
# N=100000 nsteps=10 dt=0.0001 eps=0.050000000000000003 G=1 mass=1
Acceleration Kernel: rt
# Step 	 Time 			 Kinetic 			 Potential 			 Total 			 Relative Energy Drift
0 	 0 	 1469728487.124548 	 -2934067449.2881598 	 -1464338962.1636119 	 0
10 0.001 1467380006.6466022 -2931718905.0478668 -1464338898.4012647 4.3543434183546839e-08
# final: N=100000 steps=10 arithmetic_dtype=double max_relative_energy_drift=4.3543434183546839e-08 tolerance=0.001 status=OK

--- Performance Profiling Report ---
File Read       : 2.897460e-03 s
File Write      : 2.641515e-03 s
Total Run       : 1.649246e+01 s

--- Step Statistics (10 steps) ---
Total Step      		 Median; 1.878681e+01 s 		 Trimmed Mean: 1.878587e+01 s 		 Standard Deviation: 1.058270e-02 s
First Drift     		 Median; 8.925097e-05 s 		 Trimmed Mean: 8.923071e-05 s 		 Standard Deviation: 1.315810e-07 s
Compute Force   		 Median; 1.878643e+01 s 		 Trimmed Mean: 1.878548e+01 s 		 Standard Deviation: 1.060636e-02 s
Kick            		 Median; 1.301561e-04 s 		 Trimmed Mean: 1.284076e-04 s 		 Standard Deviation: 4.108849e-06 s
Second Drift    		 Median; 1.318012e-04 s 		 Trimmed Mean: 1.308515e-04 s 		 Standard Deviation: 4.105603e-06 s
make[1]: Entering directory '/orfeo/cephfs/scratch/dssc/enricosavorgnan/2026-nbody/experiments/rsqrt-impact'
rm -f main generate_initial_conditions *.o *.bin
cc -std=c11 -I/u/dssc/enricosavorgnan/opt/papi/include -DNBODY_USE_DOUBLE -O3 -march=native -Wall -Wextra -Wpedantic -flto -ffast-math -D_POSIX_C_SOURCE=199309L -DBLOCK_SIZE=128 -DN_RSQRT_LOOP=3 -DUSE_PAPI -c main.c -o main.o
cc -std=c11 -I/u/dssc/enricosavorgnan/opt/papi/include -DNBODY_USE_DOUBLE -O3 -march=native -Wall -Wextra -Wpedantic -flto -ffast-math -D_POSIX_C_SOURCE=199309L -DBLOCK_SIZE=128 -DN_RSQRT_LOOP=3 -DUSE_PAPI -c integration.c -o integration.o
cc -std=c11 -I/u/dssc/enricosavorgnan/opt/papi/include -DNBODY_USE_DOUBLE -O3 -march=native -Wall -Wextra -Wpedantic -flto -ffast-math -D_POSIX_C_SOURCE=199309L -DBLOCK_SIZE=128 -DN_RSQRT_LOOP=3 -DUSE_PAPI -c particles.c -o particles.o
cc -std=c11 -I/u/dssc/enricosavorgnan/opt/papi/include -DNBODY_USE_DOUBLE -O3 -march=native -Wall -Wextra -Wpedantic -flto -ffast-math -D_POSIX_C_SOURCE=199309L -DBLOCK_SIZE=128 -DN_RSQRT_LOOP=3 -DUSE_PAPI -c profiling.c -o profiling.o
cc -std=c11 -I/u/dssc/enricosavorgnan/opt/papi/include -DNBODY_USE_DOUBLE -O3 -march=native -Wall -Wextra -Wpedantic -flto -ffast-math -D_POSIX_C_SOURCE=199309L -DBLOCK_SIZE=128 -DN_RSQRT_LOOP=3 -DUSE_PAPI -c utils.c -o utils.o
cc -std=c11 -O3 -march=native -Wall -Wextra -Wpedantic -flto -ffast-math -D_POSIX_C_SOURCE=199309L -DBLOCK_SIZE=128 -DN_RSQRT_LOOP=3 -DUSE_PAPI -L/u/dssc/enricosavorgnan/opt/papi/lib -Wl,-rpath,/u/dssc/enricosavorgnan/opt/papi/lib -o main main.o integration.o particles.o profiling.o utils.o -lm -lpapi
cc -std=c11 -I/u/dssc/enricosavorgnan/opt/papi/include -DNBODY_USE_DOUBLE -O3 -march=native -Wall -Wextra -Wpedantic -flto -ffast-math -D_POSIX_C_SOURCE=199309L -DBLOCK_SIZE=128 -DN_RSQRT_LOOP=3 -DUSE_PAPI -L/u/dssc/enricosavorgnan/opt/papi/lib -Wl,-rpath,/u/dssc/enricosavorgnan/opt/papi/lib -o generate_initial_conditions generate_initial_conditions.c -lm -lpapi
make[1]: Leaving directory '/orfeo/cephfs/scratch/dssc/enricosavorgnan/2026-nbody/experiments/rsqrt-impact'
