rm -f main generate_initial_conditions *.o *.bin
make all UNROLL=8
make[1]: Entering directory '/orfeo/cephfs/scratch/dssc/enricosavorgnan/2026-nbody/experiments/loop-unroll'
cc -std=c11 -I/u/dssc/enricosavorgnan/opt/papi/include -DNBODY_USE_DOUBLE -O3 -march=native -Wall -Wextra -Wpedantic -flto -ffast-math -D_POSIX_C_SOURCE=199309L -DBLOCK_SIZE=128 -DDO_UNROLL=8 -DUSE_PAPI -c main.c -o main.o
cc -std=c11 -I/u/dssc/enricosavorgnan/opt/papi/include -DNBODY_USE_DOUBLE -O3 -march=native -Wall -Wextra -Wpedantic -flto -ffast-math -D_POSIX_C_SOURCE=199309L -DBLOCK_SIZE=128 -DDO_UNROLL=8 -DUSE_PAPI -c integration.c -o integration.o
cc -std=c11 -I/u/dssc/enricosavorgnan/opt/papi/include -DNBODY_USE_DOUBLE -O3 -march=native -Wall -Wextra -Wpedantic -flto -ffast-math -D_POSIX_C_SOURCE=199309L -DBLOCK_SIZE=128 -DDO_UNROLL=8 -DUSE_PAPI -c particles.c -o particles.o
cc -std=c11 -I/u/dssc/enricosavorgnan/opt/papi/include -DNBODY_USE_DOUBLE -O3 -march=native -Wall -Wextra -Wpedantic -flto -ffast-math -D_POSIX_C_SOURCE=199309L -DBLOCK_SIZE=128 -DDO_UNROLL=8 -DUSE_PAPI -c profiling.c -o profiling.o
cc -std=c11 -I/u/dssc/enricosavorgnan/opt/papi/include -DNBODY_USE_DOUBLE -O3 -march=native -Wall -Wextra -Wpedantic -flto -ffast-math -D_POSIX_C_SOURCE=199309L -DBLOCK_SIZE=128 -DDO_UNROLL=8 -DUSE_PAPI -c utils.c -o utils.o
cc -std=c11 -O3 -march=native -Wall -Wextra -Wpedantic -flto -ffast-math -D_POSIX_C_SOURCE=199309L -DBLOCK_SIZE=128 -DDO_UNROLL=8 -DUSE_PAPI -L/u/dssc/enricosavorgnan/opt/papi/lib -Wl,-rpath,/u/dssc/enricosavorgnan/opt/papi/lib -o main main.o integration.o particles.o profiling.o utils.o -lm -lpapi
cc -std=c11 -I/u/dssc/enricosavorgnan/opt/papi/include -DNBODY_USE_DOUBLE -O3 -march=native -Wall -Wextra -Wpedantic -flto -ffast-math -D_POSIX_C_SOURCE=199309L -DBLOCK_SIZE=128 -DDO_UNROLL=8 -DUSE_PAPI -L/u/dssc/enricosavorgnan/opt/papi/lib -Wl,-rpath,/u/dssc/enricosavorgnan/opt/papi/lib -o generate_initial_conditions generate_initial_conditions.c -lm -lpapi
make[1]: Leaving directory '/orfeo/cephfs/scratch/dssc/enricosavorgnan/2026-nbody/experiments/loop-unroll'
mkdir -p ./bins
mkdir -p ./bins/test-n-unroll/
mkdir -p ./profilings
mkdir -p ./profilings/test-n-unroll/
./generate_initial_conditions --model 0 --n 20000 --seed 42 --output ./bins/test-n-unroll.bin
for i in 1; do \
	./main --input ./bins/test-n-unroll.bin --nsteps 25 --dt 1e-4 --eps 0.05 --energy-every 25 --output ./bins/test-n-unroll/n.out --kernel "n" --profiler 1 --papi 1 --profiler-path ./profilings/test-n-unroll/n.txt ; \
	./main --input ./bins/test-n-unroll.bin --nsteps 25 --dt 1e-4 --eps 0.05 --energy-every 25 --output ./bins/test-n-unroll/n.out --kernel "t" --profiler 1 --papi 1 --profiler-path ./profilings/test-n-unroll/t.txt ; \
	./main --input ./bins/test-n-unroll.bin --nsteps 25 --dt 1e-4 --eps 0.05 --energy-every 25 --output ./bins/test-n-unroll/n.out --kernel "r" --profiler 1 --papi 1 --profiler-path ./profilings/test-n-unroll/r.txt ; \
	./main --input ./bins/test-n-unroll.bin --nsteps 25 --dt 1e-4 --eps 0.05 --energy-every 25 --output ./bins/test-n-unroll/n.out --kernel "rt" --profiler 1 --papi 1 --profiler-path ./profilings/test-n-unroll/rt.txt ; \
done
# Direct N-body DKD
# arithmetic_dtype=double binary_storage=float32 format=nbody-f32-v1
# N=20000 nsteps=25 dt=0.0001 eps=0.050000000000000003 G=1 mass=1
Acceleration Kernel: n
# Step 	 Time 			 Kinetic 			 Potential 			 Total 			 Relative Energy Drift
0 	 0 	 58759436.184000514 	 -116582810.08692534 	 -57823373.902924828 	 0
25 0.0025000000000000001 58622235.411528766 -116445614.25414468 -57823378.842615917 8.5427237389961873e-08
# final: N=20000 steps=25 arithmetic_dtype=double max_relative_energy_drift=8.5427237389961873e-08 tolerance=0.001 status=OK

--- Performance Profiling Report ---
File Read       : 5.271961e-04 s
File Write      : 3.993735e-02 s
Total Run       : 6.458402e-01 s

--- Step Statistics (25 steps) ---
Total Step      		 Median; 3.036573e-01 s 		 Trimmed Mean: 3.036648e-01 s 		 Standard Deviation: 9.239817e-05 s
First Drift     		 Median; 1.544971e-05 s 		 Trimmed Mean: 1.549266e-05 s 		 Standard Deviation: 9.527665e-08 s
Compute Force   		 Median; 3.035788e-01 s 		 Trimmed Mean: 3.035847e-01 s 		 Standard Deviation: 9.033478e-05 s
Kick            		 Median; 2.581021e-05 s 		 Trimmed Mean: 2.585986e-05 s 		 Standard Deviation: 3.310170e-07 s
Second Drift    		 Median; 1.571001e-05 s 		 Trimmed Mean: 1.573055e-05 s 		 Standard Deviation: 7.447641e-08 s
# Direct N-body DKD
# arithmetic_dtype=double binary_storage=float32 format=nbody-f32-v1
# N=20000 nsteps=25 dt=0.0001 eps=0.050000000000000003 G=1 mass=1
Acceleration Kernel: t
# Step 	 Time 			 Kinetic 			 Potential 			 Total 			 Relative Energy Drift
0 	 0 	 58759436.184000514 	 -116582810.08692534 	 -57823373.902924828 	 0
25 0.0025000000000000001 58622235.411528766 -116445614.25414468 -57823378.842615917 8.5427237389961873e-08
# final: N=20000 steps=25 arithmetic_dtype=double max_relative_energy_drift=8.5427237389961873e-08 tolerance=0.001 status=OK

--- Performance Profiling Report ---
File Read       : 5.614562e-04 s
File Write      : 4.664453e-03 s
Total Run       : 6.457476e-01 s

--- Step Statistics (25 steps) ---
Total Step      		 Median; 1.605779e-01 s 		 Trimmed Mean: 1.605929e-01 s 		 Standard Deviation: 2.818254e-05 s
First Drift     		 Median; 1.543015e-05 s 		 Trimmed Mean: 1.544508e-05 s 		 Standard Deviation: 7.779278e-08 s
Compute Force   		 Median; 1.604922e-01 s 		 Trimmed Mean: 1.605065e-01 s 		 Standard Deviation: 2.895735e-05 s
Kick            		 Median; 2.435036e-05 s 		 Trimmed Mean: 2.446250e-05 s 		 Standard Deviation: 3.924906e-07 s
Second Drift    		 Median; 2.513081e-05 s 		 Trimmed Mean: 2.521037e-05 s 		 Standard Deviation: 4.295699e-07 s
# Direct N-body DKD
# arithmetic_dtype=double binary_storage=float32 format=nbody-f32-v1
# N=20000 nsteps=25 dt=0.0001 eps=0.050000000000000003 G=1 mass=1
Acceleration Kernel: r
# Step 	 Time 			 Kinetic 			 Potential 			 Total 			 Relative Energy Drift
0 	 0 	 58759436.184000514 	 -116582810.08692534 	 -57823373.902924828 	 0
25 0.0025000000000000001 58622235.411485203 -116445614.25409754 -57823378.842612334 8.5427175412788537e-08
# final: N=20000 steps=25 arithmetic_dtype=double max_relative_energy_drift=8.5427175412788537e-08 tolerance=0.001 status=OK

--- Performance Profiling Report ---
File Read       : 5.618860e-04 s
File Write      : 5.896907e-03 s
Total Run       : 6.448493e-01 s

--- Step Statistics (25 steps) ---
Total Step      		 Median; 2.681841e-01 s 		 Trimmed Mean: 2.681918e-01 s 		 Standard Deviation: 3.175950e-05 s
First Drift     		 Median; 1.556007e-05 s 		 Trimmed Mean: 1.556639e-05 s 		 Standard Deviation: 9.897785e-08 s
Compute Force   		 Median; 2.681071e-01 s 		 Trimmed Mean: 2.681124e-01 s 		 Standard Deviation: 2.890250e-05 s
Kick            		 Median; 2.567982e-05 s 		 Trimmed Mean: 2.560319e-05 s 		 Standard Deviation: 3.681043e-07 s
Second Drift    		 Median; 1.579011e-05 s 		 Trimmed Mean: 1.580545e-05 s 		 Standard Deviation: 5.920948e-08 s
# Direct N-body DKD
# arithmetic_dtype=double binary_storage=float32 format=nbody-f32-v1
# N=20000 nsteps=25 dt=0.0001 eps=0.050000000000000003 G=1 mass=1
Acceleration Kernel: rt
# Step 	 Time 			 Kinetic 			 Potential 			 Total 			 Relative Energy Drift
0 	 0 	 58759436.184000514 	 -116582810.08692534 	 -57823373.902924828 	 0
25 0.0025000000000000001 58622235.411485203 -116445614.25409754 -57823378.842612334 8.5427175412788537e-08
# final: N=20000 steps=25 arithmetic_dtype=double max_relative_energy_drift=8.5427175412788537e-08 tolerance=0.001 status=OK

--- Performance Profiling Report ---
File Read       : 5.630469e-04 s
File Write      : 3.669473e-02 s
Total Run       : 6.448878e-01 s

--- Step Statistics (25 steps) ---
Total Step      		 Median; 1.519082e-01 s 		 Trimmed Mean: 1.519298e-01 s 		 Standard Deviation: 7.187098e-05 s
First Drift     		 Median; 1.547020e-05 s 		 Trimmed Mean: 1.547885e-05 s 		 Standard Deviation: 9.481936e-08 s
Compute Force   		 Median; 1.518195e-01 s 		 Trimmed Mean: 1.518414e-01 s 		 Standard Deviation: 6.619295e-05 s
Kick            		 Median; 2.441090e-05 s 		 Trimmed Mean: 2.442872e-05 s 		 Standard Deviation: 4.699796e-07 s
Second Drift    		 Median; 2.508983e-05 s 		 Trimmed Mean: 2.501014e-05 s 		 Standard Deviation: 6.608759e-07 s
