rm -f main generate_initial_conditions *.o *.bin
make all UNROLL=0
make[1]: Entering directory '/orfeo/cephfs/scratch/dssc/enricosavorgnan/2026-nbody/experiments/loop-unroll'
cc -std=c11 -I/u/dssc/enricosavorgnan/opt/papi/include -DNBODY_USE_DOUBLE -O3 -march=native -Wall -Wextra -Wpedantic -flto -ffast-math -D_POSIX_C_SOURCE=199309L -DBLOCK_SIZE=128 -DDO_UNROLL=0 -DUSE_PAPI -c main.c -o main.o
cc -std=c11 -I/u/dssc/enricosavorgnan/opt/papi/include -DNBODY_USE_DOUBLE -O3 -march=native -Wall -Wextra -Wpedantic -flto -ffast-math -D_POSIX_C_SOURCE=199309L -DBLOCK_SIZE=128 -DDO_UNROLL=0 -DUSE_PAPI -c integration.c -o integration.o
cc -std=c11 -I/u/dssc/enricosavorgnan/opt/papi/include -DNBODY_USE_DOUBLE -O3 -march=native -Wall -Wextra -Wpedantic -flto -ffast-math -D_POSIX_C_SOURCE=199309L -DBLOCK_SIZE=128 -DDO_UNROLL=0 -DUSE_PAPI -c particles.c -o particles.o
cc -std=c11 -I/u/dssc/enricosavorgnan/opt/papi/include -DNBODY_USE_DOUBLE -O3 -march=native -Wall -Wextra -Wpedantic -flto -ffast-math -D_POSIX_C_SOURCE=199309L -DBLOCK_SIZE=128 -DDO_UNROLL=0 -DUSE_PAPI -c profiling.c -o profiling.o
cc -std=c11 -I/u/dssc/enricosavorgnan/opt/papi/include -DNBODY_USE_DOUBLE -O3 -march=native -Wall -Wextra -Wpedantic -flto -ffast-math -D_POSIX_C_SOURCE=199309L -DBLOCK_SIZE=128 -DDO_UNROLL=0 -DUSE_PAPI -c utils.c -o utils.o
cc -std=c11 -O3 -march=native -Wall -Wextra -Wpedantic -flto -ffast-math -D_POSIX_C_SOURCE=199309L -DBLOCK_SIZE=128 -DDO_UNROLL=0 -DUSE_PAPI -L/u/dssc/enricosavorgnan/opt/papi/lib -Wl,-rpath,/u/dssc/enricosavorgnan/opt/papi/lib -o main main.o integration.o particles.o profiling.o utils.o -lm -lpapi
cc -std=c11 -I/u/dssc/enricosavorgnan/opt/papi/include -DNBODY_USE_DOUBLE -O3 -march=native -Wall -Wextra -Wpedantic -flto -ffast-math -D_POSIX_C_SOURCE=199309L -DBLOCK_SIZE=128 -DDO_UNROLL=0 -DUSE_PAPI -L/u/dssc/enricosavorgnan/opt/papi/lib -Wl,-rpath,/u/dssc/enricosavorgnan/opt/papi/lib -o generate_initial_conditions generate_initial_conditions.c -lm -lpapi
make[1]: Leaving directory '/orfeo/cephfs/scratch/dssc/enricosavorgnan/2026-nbody/experiments/loop-unroll'
mkdir -p ./bins
mkdir -p ./bins/test-no-unroll/
mkdir -p ./profilings
mkdir -p ./profilings/test-no-unroll/
./generate_initial_conditions --model 0 --n 100000 --seed 42 --output ./bins/test-no-unroll.bin
for i in 1; do \
	./main --input ./bins/test-no-unroll.bin --nsteps 10 --dt 1e-4 --eps 0.05 --energy-every 10 --output ./bins/test-no-unroll/n.out --kernel "n" --profiler 1 --papi 1 --profiler-path ./profilings/test-no-unroll/n.txt ; \
	./main --input ./bins/test-no-unroll.bin --nsteps 10 --dt 1e-4 --eps 0.05 --energy-every 10 --output ./bins/test-no-unroll/n.out --kernel "t" --profiler 1 --papi 1 --profiler-path ./profilings/test-no-unroll/t.txt ; \
	./main --input ./bins/test-no-unroll.bin --nsteps 10 --dt 1e-4 --eps 0.05 --energy-every 10 --output ./bins/test-no-unroll/n.out --kernel "r" --profiler 1 --papi 1 --profiler-path ./profilings/test-no-unroll/r.txt ; \
	./main --input ./bins/test-no-unroll.bin --nsteps 10 --dt 1e-4 --eps 0.05 --energy-every 10 --output ./bins/test-no-unroll/n.out --kernel "rt" --profiler 1 --papi 1 --profiler-path ./profilings/test-no-unroll/rt.txt ; \
done
# Direct N-body DKD
# arithmetic_dtype=double binary_storage=float32 format=nbody-f32-v1
# N=100000 nsteps=10 dt=0.0001 eps=0.050000000000000003 G=1 mass=1
Acceleration Kernel: n
# Step 	 Time 			 Kinetic 			 Potential 			 Total 			 Relative Energy Drift
0 	 0 	 1469728487.124548 	 -2934067449.2881598 	 -1464338962.1636119 	 0
10 0.001 1467380006.6466022 -2931718905.0478668 -1464338898.4012647 4.3543434183546839e-08
# final: N=100000 steps=10 arithmetic_dtype=double max_relative_energy_drift=4.3543434183546839e-08 tolerance=0.001 status=OK

--- Performance Profiling Report ---
File Read       : 2.506297e-03 s
File Write      : 2.891527e-03 s
Total Run       : 1.615165e+01 s

--- Step Statistics (10 steps) ---
Total Step      		 Median; 7.580019e+00 s 		 Trimmed Mean: 7.580114e+00 s 		 Standard Deviation: 3.677168e-04 s
First Drift     		 Median; 8.726958e-05 s 		 Trimmed Mean: 8.730777e-05 s 		 Standard Deviation: 1.930754e-07 s
Compute Force   		 Median; 7.579686e+00 s 		 Trimmed Mean: 7.579782e+00 s 		 Standard Deviation: 3.674673e-04 s
Kick            		 Median; 1.302757e-04 s 		 Trimmed Mean: 1.304906e-04 s 		 Standard Deviation: 1.752794e-06 s
Second Drift    		 Median; 8.759554e-05 s 		 Trimmed Mean: 8.794165e-05 s 		 Standard Deviation: 1.498190e-06 s
# Direct N-body DKD
# arithmetic_dtype=double binary_storage=float32 format=nbody-f32-v1
# N=100000 nsteps=10 dt=0.0001 eps=0.050000000000000003 G=1 mass=1
Acceleration Kernel: t
# Step 	 Time 			 Kinetic 			 Potential 			 Total 			 Relative Energy Drift
0 	 0 	 1469728487.124548 	 -2934067449.2881598 	 -1464338962.1636119 	 0
10 0.001 1467380006.6466022 -2931718905.0478668 -1464338898.4012647 4.3543434183546839e-08
# final: N=100000 steps=10 arithmetic_dtype=double max_relative_energy_drift=4.3543434183546839e-08 tolerance=0.001 status=OK

--- Performance Profiling Report ---
File Read       : 3.825729e-02 s
File Write      : 3.314301e-03 s
Total Run       : 1.610597e+01 s

--- Step Statistics (10 steps) ---
Total Step      		 Median; 4.438878e+00 s 		 Trimmed Mean: 4.438849e+00 s 		 Standard Deviation: 1.791227e-04 s
First Drift     		 Median; 8.701533e-05 s 		 Trimmed Mean: 8.757715e-05 s 		 Standard Deviation: 1.565527e-06 s
Compute Force   		 Median; 4.438497e+00 s 		 Trimmed Mean: 4.438477e+00 s 		 Standard Deviation: 1.811888e-04 s
Kick            		 Median; 1.302510e-04 s 		 Trimmed Mean: 1.302562e-04 s 		 Standard Deviation: 1.202072e-06 s
Second Drift    		 Median; 1.292909e-04 s 		 Trimmed Mean: 1.285920e-04 s 		 Standard Deviation: 2.949402e-06 s
# Direct N-body DKD
# arithmetic_dtype=double binary_storage=float32 format=nbody-f32-v1
# N=100000 nsteps=10 dt=0.0001 eps=0.050000000000000003 G=1 mass=1
Acceleration Kernel: r
# Step 	 Time 			 Kinetic 			 Potential 			 Total 			 Relative Energy Drift
0 	 0 	 1469728487.124548 	 -2934067449.2881598 	 -1464338962.1636119 	 0
10 0.001 1467380006.587317 -2931718904.98452 -1464338898.397203 4.354620792584184e-08
# final: N=100000 steps=10 arithmetic_dtype=double max_relative_energy_drift=4.354620792584184e-08 tolerance=0.001 status=OK

--- Performance Profiling Report ---
File Read       : 2.693377e-03 s
File Write      : 4.400048e-03 s
Total Run       : 1.612298e+01 s

--- Step Statistics (10 steps) ---
Total Step      		 Median; 2.114913e+01 s 		 Trimmed Mean: 2.114900e+01 s 		 Standard Deviation: 4.739488e-04 s
First Drift     		 Median; 8.758111e-05 s 		 Trimmed Mean: 8.760451e-05 s 		 Standard Deviation: 2.580604e-07 s
Compute Force   		 Median; 2.114879e+01 s 		 Trimmed Mean: 2.114866e+01 s 		 Standard Deviation: 4.731441e-04 s
Kick            		 Median; 1.317603e-04 s 		 Trimmed Mean: 1.322582e-04 s 		 Standard Deviation: 2.315548e-06 s
Second Drift    		 Median; 8.662511e-05 s 		 Trimmed Mean: 8.671940e-05 s 		 Standard Deviation: 2.752896e-07 s
# Direct N-body DKD
# arithmetic_dtype=double binary_storage=float32 format=nbody-f32-v1
# N=100000 nsteps=10 dt=0.0001 eps=0.050000000000000003 G=1 mass=1
Acceleration Kernel: rt
# Step 	 Time 			 Kinetic 			 Potential 			 Total 			 Relative Energy Drift
0 	 0 	 1469728487.124548 	 -2934067449.2881598 	 -1464338962.1636119 	 0
10 0.001 1467380006.587317 -2931718904.98452 -1464338898.397203 4.354620792584184e-08
# final: N=100000 steps=10 arithmetic_dtype=double max_relative_energy_drift=4.354620792584184e-08 tolerance=0.001 status=OK

--- Performance Profiling Report ---
File Read       : 2.700947e-03 s
File Write      : 4.571776e-03 s
Total Run       : 1.610896e+01 s

--- Step Statistics (10 steps) ---
Total Step      		 Median; 1.422559e+01 s 		 Trimmed Mean: 1.422534e+01 s 		 Standard Deviation: 6.031174e-03 s
First Drift     		 Median; 8.777576e-05 s 		 Trimmed Mean: 8.827215e-05 s 		 Standard Deviation: 1.548735e-06 s
Compute Force   		 Median; 1.422522e+01 s 		 Trimmed Mean: 1.422496e+01 s 		 Standard Deviation: 6.039477e-03 s
Kick            		 Median; 1.286459e-04 s 		 Trimmed Mean: 1.286871e-04 s 		 Standard Deviation: 5.875755e-06 s
Second Drift    		 Median; 1.304410e-04 s 		 Trimmed Mean: 1.323186e-04 s 		 Standard Deviation: 6.103963e-06 s
