rm -f main generate_initial_conditions *.o *.bin
make all UNROLL=-1
make[1]: Entering directory '/orfeo/cephfs/scratch/dssc/enricosavorgnan/2026-nbody/experiments/loop-unroll'
cc -std=c11 -I/u/dssc/enricosavorgnan/opt/papi/include -DNBODY_USE_DOUBLE -O3 -march=native -Wall -Wextra -Wpedantic -flto -ffast-math -D_POSIX_C_SOURCE=199309L -DBLOCK_SIZE=128 -DDO_UNROLL=-1 -DUSE_PAPI -c main.c -o main.o
cc -std=c11 -I/u/dssc/enricosavorgnan/opt/papi/include -DNBODY_USE_DOUBLE -O3 -march=native -Wall -Wextra -Wpedantic -flto -ffast-math -D_POSIX_C_SOURCE=199309L -DBLOCK_SIZE=128 -DDO_UNROLL=-1 -DUSE_PAPI -c integration.c -o integration.o
cc -std=c11 -I/u/dssc/enricosavorgnan/opt/papi/include -DNBODY_USE_DOUBLE -O3 -march=native -Wall -Wextra -Wpedantic -flto -ffast-math -D_POSIX_C_SOURCE=199309L -DBLOCK_SIZE=128 -DDO_UNROLL=-1 -DUSE_PAPI -c particles.c -o particles.o
cc -std=c11 -I/u/dssc/enricosavorgnan/opt/papi/include -DNBODY_USE_DOUBLE -O3 -march=native -Wall -Wextra -Wpedantic -flto -ffast-math -D_POSIX_C_SOURCE=199309L -DBLOCK_SIZE=128 -DDO_UNROLL=-1 -DUSE_PAPI -c profiling.c -o profiling.o
cc -std=c11 -I/u/dssc/enricosavorgnan/opt/papi/include -DNBODY_USE_DOUBLE -O3 -march=native -Wall -Wextra -Wpedantic -flto -ffast-math -D_POSIX_C_SOURCE=199309L -DBLOCK_SIZE=128 -DDO_UNROLL=-1 -DUSE_PAPI -c utils.c -o utils.o
cc -std=c11 -O3 -march=native -Wall -Wextra -Wpedantic -flto -ffast-math -D_POSIX_C_SOURCE=199309L -DBLOCK_SIZE=128 -DDO_UNROLL=-1 -DUSE_PAPI -L/u/dssc/enricosavorgnan/opt/papi/lib -Wl,-rpath,/u/dssc/enricosavorgnan/opt/papi/lib -o main main.o integration.o particles.o profiling.o utils.o -lm -lpapi
cc -std=c11 -I/u/dssc/enricosavorgnan/opt/papi/include -DNBODY_USE_DOUBLE -O3 -march=native -Wall -Wextra -Wpedantic -flto -ffast-math -D_POSIX_C_SOURCE=199309L -DBLOCK_SIZE=128 -DDO_UNROLL=-1 -DUSE_PAPI -L/u/dssc/enricosavorgnan/opt/papi/lib -Wl,-rpath,/u/dssc/enricosavorgnan/opt/papi/lib -o generate_initial_conditions generate_initial_conditions.c -lm -lpapi
make[1]: Leaving directory '/orfeo/cephfs/scratch/dssc/enricosavorgnan/2026-nbody/experiments/loop-unroll'
mkdir -p ./bins
mkdir -p ./bins/test-auto-unroll/
mkdir -p ./profilings
mkdir -p ./profilings/test-auto-unroll/
./generate_initial_conditions --model 0 --n 100000 --seed 42 --output ./bins/test-auto-unroll.bin
for i in 1; do \
	./main --input ./bins/test-auto-unroll.bin --nsteps 25 --dt 1e-4 --eps 0.05 --energy-every 25 --output ./bins/test-auto-unroll/n.out --kernel "n" --profiler 1 --papi 1 --profiler-path ./profilings/test-auto-unroll/n.txt ; \
	./main --input ./bins/test-auto-unroll.bin --nsteps 25 --dt 1e-4 --eps 0.05 --energy-every 25 --output ./bins/test-auto-unroll/n.out --kernel "t" --profiler 1 --papi 1 --profiler-path ./profilings/test-auto-unroll/t.txt ; \
	./main --input ./bins/test-auto-unroll.bin --nsteps 25 --dt 1e-4 --eps 0.05 --energy-every 25 --output ./bins/test-auto-unroll/n.out --kernel "r" --profiler 1 --papi 1 --profiler-path ./profilings/test-auto-unroll/r.txt ; \
	./main --input ./bins/test-auto-unroll.bin --nsteps 25 --dt 1e-4 --eps 0.05 --energy-every 25 --output ./bins/test-auto-unroll/n.out --kernel "rt" --profiler 1 --papi 1 --profiler-path ./profilings/test-auto-unroll/rt.txt ; \
done
# Direct N-body DKD
# arithmetic_dtype=double binary_storage=float32 format=nbody-f32-v1
# N=100000 nsteps=25 dt=0.0001 eps=0.050000000000000003 G=1 mass=1
Acceleration Kernel: n
# Step 	 Time 			 Kinetic 			 Potential 			 Total 			 Relative Energy Drift
0 	 0 	 1469728487.124548 	 -2934067449.2881598 	 -1464338962.1636119 	 0
25 0.0025000000000000001 1462719550.6926582 -2927058181.2022824 -1464338630.5096242 2.2648717012628866e-07
# final: N=100000 steps=25 arithmetic_dtype=double max_relative_energy_drift=2.2648717012628866e-07 tolerance=0.001 status=OK

--- Performance Profiling Report ---
File Read       : 2.513159e-03 s
File Write      : 3.941935e-03 s
Total Run       : 1.612187e+01 s

--- Step Statistics (25 steps) ---
Total Step      		 Median; 7.639751e+00 s 		 Trimmed Mean: 7.639656e+00 s 		 Standard Deviation: 8.936719e-04 s
First Drift     		 Median; 8.747214e-05 s 		 Trimmed Mean: 8.774496e-05 s 		 Standard Deviation: 1.446950e-06 s
Compute Force   		 Median; 7.639418e+00 s 		 Trimmed Mean: 7.639319e+00 s 		 Standard Deviation: 8.966829e-04 s
Kick            		 Median; 1.342013e-04 s 		 Trimmed Mean: 1.338288e-04 s 		 Standard Deviation: 2.159248e-06 s
Second Drift    		 Median; 8.792104e-05 s 		 Trimmed Mean: 8.814055e-05 s 		 Standard Deviation: 1.392280e-06 s
# Direct N-body DKD
# arithmetic_dtype=double binary_storage=float32 format=nbody-f32-v1
# N=100000 nsteps=25 dt=0.0001 eps=0.050000000000000003 G=1 mass=1
Acceleration Kernel: t
# Step 	 Time 			 Kinetic 			 Potential 			 Total 			 Relative Energy Drift
0 	 0 	 1469728487.124548 	 -2934067449.2881598 	 -1464338962.1636119 	 0
25 0.0025000000000000001 1462719550.6926582 -2927058181.2022824 -1464338630.5096242 2.2648717012628866e-07
# final: N=100000 steps=25 arithmetic_dtype=double max_relative_energy_drift=2.2648717012628866e-07 tolerance=0.001 status=OK

--- Performance Profiling Report ---
File Read       : 2.976444e-03 s
File Write      : 4.059426e-03 s
Total Run       : 1.613269e+01 s

--- Step Statistics (25 steps) ---
Total Step      		 Median; 4.346738e+00 s 		 Trimmed Mean: 4.346735e+00 s 		 Standard Deviation: 6.724908e-04 s
First Drift     		 Median; 8.777110e-05 s 		 Trimmed Mean: 8.788572e-05 s 		 Standard Deviation: 2.962183e-07 s
Compute Force   		 Median; 4.346373e+00 s 		 Trimmed Mean: 4.346366e+00 s 		 Standard Deviation: 6.730686e-04 s
Kick            		 Median; 1.317519e-04 s 		 Trimmed Mean: 1.318170e-04 s 		 Standard Deviation: 7.527597e-07 s
Second Drift    		 Median; 1.253509e-04 s 		 Trimmed Mean: 1.255930e-04 s 		 Standard Deviation: 1.967081e-06 s
# Direct N-body DKD
# arithmetic_dtype=double binary_storage=float32 format=nbody-f32-v1
# N=100000 nsteps=25 dt=0.0001 eps=0.050000000000000003 G=1 mass=1
Acceleration Kernel: r
# Step 	 Time 			 Kinetic 			 Potential 			 Total 			 Relative Energy Drift
0 	 0 	 1469728487.124548 	 -2934067449.2881598 	 -1464338962.1636119 	 0
25 0.0025000000000000001 1462719550.6871483 -2927058181.196588 -1464338630.5094397 2.2648729614627788e-07
# final: N=100000 steps=25 arithmetic_dtype=double max_relative_energy_drift=2.2648729614627788e-07 tolerance=0.001 status=OK

--- Performance Profiling Report ---
File Read       : 2.888074e-03 s
File Write      : 3.953574e-03 s
Total Run       : 1.613569e+01 s

--- Step Statistics (25 steps) ---
Total Step      		 Median; 6.756258e+00 s 		 Trimmed Mean: 6.756306e+00 s 		 Standard Deviation: 7.899579e-04 s
First Drift     		 Median; 8.752104e-05 s 		 Trimmed Mean: 8.797337e-05 s 		 Standard Deviation: 1.464586e-06 s
Compute Force   		 Median; 6.755930e+00 s 		 Trimmed Mean: 6.755973e+00 s 		 Standard Deviation: 7.898445e-04 s
Kick            		 Median; 1.336010e-04 s 		 Trimmed Mean: 1.336127e-04 s 		 Standard Deviation: 1.549124e-06 s
Second Drift    		 Median; 8.770125e-05 s 		 Trimmed Mean: 8.782432e-05 s 		 Standard Deviation: 1.347521e-06 s
# Direct N-body DKD
# arithmetic_dtype=double binary_storage=float32 format=nbody-f32-v1
# N=100000 nsteps=25 dt=0.0001 eps=0.050000000000000003 G=1 mass=1
Acceleration Kernel: rt
# Step 	 Time 			 Kinetic 			 Potential 			 Total 			 Relative Energy Drift
0 	 0 	 1469728487.124548 	 -2934067449.2881598 	 -1464338962.1636119 	 0
25 0.0025000000000000001 1462719550.6871483 -2927058181.196588 -1464338630.5094397 2.2648729614627788e-07
# final: N=100000 steps=25 arithmetic_dtype=double max_relative_energy_drift=2.2648729614627788e-07 tolerance=0.001 status=OK

--- Performance Profiling Report ---
File Read       : 3.239897e-03 s
File Write      : 3.333879e-03 s
Total Run       : 1.613024e+01 s

--- Step Statistics (25 steps) ---
Total Step      		 Median; 4.059673e+00 s 		 Trimmed Mean: 4.059844e+00 s 		 Standard Deviation: 7.380992e-04 s
First Drift     		 Median; 8.730078e-05 s 		 Trimmed Mean: 8.748062e-05 s 		 Standard Deviation: 1.106027e-06 s
Compute Force   		 Median; 4.059300e+00 s 		 Trimmed Mean: 4.059471e+00 s 		 Standard Deviation: 7.414875e-04 s
Kick            		 Median; 1.303018e-04 s 		 Trimmed Mean: 1.311710e-04 s 		 Standard Deviation: 1.738425e-06 s
Second Drift    		 Median; 1.260224e-04 s 		 Trimmed Mean: 1.263618e-04 s 		 Standard Deviation: 1.856351e-06 s
