rm -f main generate_initial_conditions *.o *.bin
make all UNROLL=-1
make[1]: Entering directory '/orfeo/cephfs/scratch/dssc/enricosavorgnan/2026-nbody/experiments/loop-unroll'
cc -std=c11 -I/u/dssc/enricosavorgnan/opt/papi/include -DNBODY_USE_DOUBLE -O3 -march=native -Wall -Wextra -Wpedantic -flto -ffast-math -D_POSIX_C_SOURCE=199309L -DBLOCK_SIZE=128 -DDO_UNROLL=-1 -DUSE_PAPI -c main.c -o main.o
cc -std=c11 -I/u/dssc/enricosavorgnan/opt/papi/include -DNBODY_USE_DOUBLE -O3 -march=native -Wall -Wextra -Wpedantic -flto -ffast-math -D_POSIX_C_SOURCE=199309L -DBLOCK_SIZE=128 -DDO_UNROLL=-1 -DUSE_PAPI -c integration.c -o integration.o
cc -std=c11 -I/u/dssc/enricosavorgnan/opt/papi/include -DNBODY_USE_DOUBLE -O3 -march=native -Wall -Wextra -Wpedantic -flto -ffast-math -D_POSIX_C_SOURCE=199309L -DBLOCK_SIZE=128 -DDO_UNROLL=-1 -DUSE_PAPI -c particles.c -o particles.o
cc -std=c11 -I/u/dssc/enricosavorgnan/opt/papi/include -DNBODY_USE_DOUBLE -O3 -march=native -Wall -Wextra -Wpedantic -flto -ffast-math -D_POSIX_C_SOURCE=199309L -DBLOCK_SIZE=128 -DDO_UNROLL=-1 -DUSE_PAPI -c profiling.c -o profiling.o
cc -std=c11 -I/u/dssc/enricosavorgnan/opt/papi/include -DNBODY_USE_DOUBLE -O3 -march=native -Wall -Wextra -Wpedantic -flto -ffast-math -D_POSIX_C_SOURCE=199309L -DBLOCK_SIZE=128 -DDO_UNROLL=-1 -DUSE_PAPI -c utils.c -o utils.o
cc -std=c11 -O3 -march=native -Wall -Wextra -Wpedantic -flto -ffast-math -D_POSIX_C_SOURCE=199309L -DBLOCK_SIZE=128 -DDO_UNROLL=-1 -DUSE_PAPI -L/u/dssc/enricosavorgnan/opt/papi/lib -Wl,-rpath,/u/dssc/enricosavorgnan/opt/papi/lib -o main main.o integration.o particles.o profiling.o utils.o -lm -lpapi
cc -std=c11 -I/u/dssc/enricosavorgnan/opt/papi/include -DNBODY_USE_DOUBLE -O3 -march=native -Wall -Wextra -Wpedantic -flto -ffast-math -D_POSIX_C_SOURCE=199309L -DBLOCK_SIZE=128 -DDO_UNROLL=-1 -DUSE_PAPI -L/u/dssc/enricosavorgnan/opt/papi/lib -Wl,-rpath,/u/dssc/enricosavorgnan/opt/papi/lib -o generate_initial_conditions generate_initial_conditions.c -lm -lpapi
make[1]: Leaving directory '/orfeo/cephfs/scratch/dssc/enricosavorgnan/2026-nbody/experiments/loop-unroll'
mkdir -p ./bins
mkdir -p ./bins/test-auto-unroll/
mkdir -p ./profilings
mkdir -p ./profilings/test-auto-unroll/
./generate_initial_conditions --model 0 --n 100000 --seed 42 --output ./bins/test-auto-unroll.bin
for i in 1; do \
	./main --input ./bins/test-auto-unroll.bin --nsteps 10 --dt 1e-4 --eps 0.05 --energy-every 10 --output ./bins/test-auto-unroll/n.out --kernel "n" --profiler 1 --papi 1 --profiler-path ./profilings/test-auto-unroll/n.txt ; \
	./main --input ./bins/test-auto-unroll.bin --nsteps 10 --dt 1e-4 --eps 0.05 --energy-every 10 --output ./bins/test-auto-unroll/n.out --kernel "t" --profiler 1 --papi 1 --profiler-path ./profilings/test-auto-unroll/t.txt ; \
	./main --input ./bins/test-auto-unroll.bin --nsteps 10 --dt 1e-4 --eps 0.05 --energy-every 10 --output ./bins/test-auto-unroll/n.out --kernel "r" --profiler 1 --papi 1 --profiler-path ./profilings/test-auto-unroll/r.txt ; \
	./main --input ./bins/test-auto-unroll.bin --nsteps 10 --dt 1e-4 --eps 0.05 --energy-every 10 --output ./bins/test-auto-unroll/n.out --kernel "rt" --profiler 1 --papi 1 --profiler-path ./profilings/test-auto-unroll/rt.txt ; \
done
# Direct N-body DKD
# arithmetic_dtype=double binary_storage=float32 format=nbody-f32-v1
# N=100000 nsteps=10 dt=0.0001 eps=0.050000000000000003 G=1 mass=1
Acceleration Kernel: n
# Step 	 Time 			 Kinetic 			 Potential 			 Total 			 Relative Energy Drift
0 	 0 	 1469728487.124548 	 -2934067449.2881598 	 -1464338962.1636119 	 0
10 0.001 1467380006.6466022 -2931718905.0478668 -1464338898.4012647 4.3543434183546839e-08
# final: N=100000 steps=10 arithmetic_dtype=double max_relative_energy_drift=4.3543434183546839e-08 tolerance=0.001 status=OK

--- Performance Profiling Report ---
File Read       : 2.553957e-03 s
File Write      : 3.009000e-03 s
Total Run       : 1.612905e+01 s

--- Step Statistics (10 steps) ---
Total Step      		 Median; 7.583642e+00 s 		 Trimmed Mean: 7.583708e+00 s 		 Standard Deviation: 1.133991e-03 s
First Drift     		 Median; 8.839555e-05 s 		 Trimmed Mean: 8.891930e-05 s 		 Standard Deviation: 1.630180e-06 s
Compute Force   		 Median; 7.583309e+00 s 		 Trimmed Mean: 7.583361e+00 s 		 Standard Deviation: 1.120246e-03 s
Kick            		 Median; 1.306213e-04 s 		 Trimmed Mean: 1.304460e-04 s 		 Standard Deviation: 1.390704e-06 s
Second Drift    		 Median; 8.795084e-05 s 		 Trimmed Mean: 8.835597e-05 s 		 Standard Deviation: 9.406654e-07 s
# Direct N-body DKD
# arithmetic_dtype=double binary_storage=float32 format=nbody-f32-v1
# N=100000 nsteps=10 dt=0.0001 eps=0.050000000000000003 G=1 mass=1
Acceleration Kernel: t
# Step 	 Time 			 Kinetic 			 Potential 			 Total 			 Relative Energy Drift
0 	 0 	 1469728487.124548 	 -2934067449.2881598 	 -1464338962.1636119 	 0
10 0.001 1467380006.6466022 -2931718905.0478668 -1464338898.4012647 4.3543434183546839e-08
# final: N=100000 steps=10 arithmetic_dtype=double max_relative_energy_drift=4.3543434183546839e-08 tolerance=0.001 status=OK

--- Performance Profiling Report ---
File Read       : 4.646926e-02 s
File Write      : 4.196097e-03 s
Total Run       : 1.614955e+01 s

--- Step Statistics (10 steps) ---
Total Step      		 Median; 4.359831e+00 s 		 Trimmed Mean: 4.359803e+00 s 		 Standard Deviation: 3.983123e-04 s
First Drift     		 Median; 9.015994e-05 s 		 Trimmed Mean: 9.024399e-05 s 		 Standard Deviation: 5.666481e-07 s
Compute Force   		 Median; 4.359465e+00 s 		 Trimmed Mean: 4.359434e+00 s 		 Standard Deviation: 3.912892e-04 s
Kick            		 Median; 1.293411e-04 s 		 Trimmed Mean: 1.297821e-04 s 		 Standard Deviation: 1.047687e-06 s
Second Drift    		 Median; 1.243455e-04 s 		 Trimmed Mean: 1.241380e-04 s 		 Standard Deviation: 3.374135e-06 s
# Direct N-body DKD
# arithmetic_dtype=double binary_storage=float32 format=nbody-f32-v1
# N=100000 nsteps=10 dt=0.0001 eps=0.050000000000000003 G=1 mass=1
Acceleration Kernel: r
# Step 	 Time 			 Kinetic 			 Potential 			 Total 			 Relative Energy Drift
0 	 0 	 1469728487.124548 	 -2934067449.2881598 	 -1464338962.1636119 	 0
10 0.001 1467380006.587317 -2931718904.98452 -1464338898.397203 4.354620792584184e-08
# final: N=100000 steps=10 arithmetic_dtype=double max_relative_energy_drift=4.354620792584184e-08 tolerance=0.001 status=OK

--- Performance Profiling Report ---
File Read       : 2.723208e-03 s
File Write      : 6.682054e-03 s
Total Run       : 1.611566e+01 s

--- Step Statistics (10 steps) ---
Total Step      		 Median; 2.117904e+01 s 		 Trimmed Mean: 2.117843e+01 s 		 Standard Deviation: 1.956179e-03 s
First Drift     		 Median; 8.815946e-05 s 		 Trimmed Mean: 8.822908e-05 s 		 Standard Deviation: 3.530326e-07 s
Compute Force   		 Median; 2.117869e+01 s 		 Trimmed Mean: 2.117807e+01 s 		 Standard Deviation: 1.944424e-03 s
Kick            		 Median; 1.344159e-04 s 		 Trimmed Mean: 1.343321e-04 s 		 Standard Deviation: 1.822097e-06 s
Second Drift    		 Median; 8.692639e-05 s 		 Trimmed Mean: 8.738355e-05 s 		 Standard Deviation: 8.210987e-07 s
# Direct N-body DKD
# arithmetic_dtype=double binary_storage=float32 format=nbody-f32-v1
# N=100000 nsteps=10 dt=0.0001 eps=0.050000000000000003 G=1 mass=1
Acceleration Kernel: rt
# Step 	 Time 			 Kinetic 			 Potential 			 Total 			 Relative Energy Drift
0 	 0 	 1469728487.124548 	 -2934067449.2881598 	 -1464338962.1636119 	 0
10 0.001 1467380006.587317 -2931718904.98452 -1464338898.397203 4.354620792584184e-08
# final: N=100000 steps=10 arithmetic_dtype=double max_relative_energy_drift=4.354620792584184e-08 tolerance=0.001 status=OK

--- Performance Profiling Report ---
File Read       : 2.702097e-03 s
File Write      : 3.627297e-03 s
Total Run       : 1.611646e+01 s

--- Step Statistics (10 steps) ---
Total Step      		 Median; 1.422700e+01 s 		 Trimmed Mean: 1.422811e+01 s 		 Standard Deviation: 2.616081e-03 s
First Drift     		 Median; 9.014504e-05 s 		 Trimmed Mean: 9.114563e-05 s 		 Standard Deviation: 3.082072e-06 s
Compute Force   		 Median; 1.422663e+01 s 		 Trimmed Mean: 1.422772e+01 s 		 Standard Deviation: 2.598362e-03 s
Kick            		 Median; 1.283409e-04 s 		 Trimmed Mean: 1.268269e-04 s 		 Standard Deviation: 3.561660e-06 s
Second Drift    		 Median; 1.311707e-04 s 		 Trimmed Mean: 1.310220e-04 s 		 Standard Deviation: 3.016316e-06 s
