rm -f main generate_initial_conditions *.o *.bin
make all UNROLL=-1
make[1]: Entering directory '/orfeo/cephfs/scratch/dssc/enricosavorgnan/2026-nbody/experiments/loop-unroll'
cc -std=c11 -I/u/dssc/enricosavorgnan/opt/papi/include -DNBODY_USE_DOUBLE -O3 -march=native -Wall -Wextra -Wpedantic -flto -ffast-math -D_POSIX_C_SOURCE=199309L -DBLOCK_SIZE=128 -DDO_UNROLL=-1 -DUSE_PAPI -c main.c -o main.o
cc -std=c11 -I/u/dssc/enricosavorgnan/opt/papi/include -DNBODY_USE_DOUBLE -O3 -march=native -Wall -Wextra -Wpedantic -flto -ffast-math -D_POSIX_C_SOURCE=199309L -DBLOCK_SIZE=128 -DDO_UNROLL=-1 -DUSE_PAPI -c integration.c -o integration.o
cc -std=c11 -I/u/dssc/enricosavorgnan/opt/papi/include -DNBODY_USE_DOUBLE -O3 -march=native -Wall -Wextra -Wpedantic -flto -ffast-math -D_POSIX_C_SOURCE=199309L -DBLOCK_SIZE=128 -DDO_UNROLL=-1 -DUSE_PAPI -c particles.c -o particles.o
cc -std=c11 -I/u/dssc/enricosavorgnan/opt/papi/include -DNBODY_USE_DOUBLE -O3 -march=native -Wall -Wextra -Wpedantic -flto -ffast-math -D_POSIX_C_SOURCE=199309L -DBLOCK_SIZE=128 -DDO_UNROLL=-1 -DUSE_PAPI -c profiling.c -o profiling.o
cc -std=c11 -I/u/dssc/enricosavorgnan/opt/papi/include -DNBODY_USE_DOUBLE -O3 -march=native -Wall -Wextra -Wpedantic -flto -ffast-math -D_POSIX_C_SOURCE=199309L -DBLOCK_SIZE=128 -DDO_UNROLL=-1 -DUSE_PAPI -c utils.c -o utils.o
cc -std=c11 -O3 -march=native -Wall -Wextra -Wpedantic -flto -ffast-math -D_POSIX_C_SOURCE=199309L -DBLOCK_SIZE=128 -DDO_UNROLL=-1 -DUSE_PAPI -L/u/dssc/enricosavorgnan/opt/papi/lib -Wl,-rpath,/u/dssc/enricosavorgnan/opt/papi/lib -o main main.o integration.o particles.o profiling.o utils.o -lm -lpapi
cc -std=c11 -I/u/dssc/enricosavorgnan/opt/papi/include -DNBODY_USE_DOUBLE -O3 -march=native -Wall -Wextra -Wpedantic -flto -ffast-math -D_POSIX_C_SOURCE=199309L -DBLOCK_SIZE=128 -DDO_UNROLL=-1 -DUSE_PAPI -L/u/dssc/enricosavorgnan/opt/papi/lib -Wl,-rpath,/u/dssc/enricosavorgnan/opt/papi/lib -o generate_initial_conditions generate_initial_conditions.c -lm -lpapi
make[1]: Leaving directory '/orfeo/cephfs/scratch/dssc/enricosavorgnan/2026-nbody/experiments/loop-unroll'
mkdir -p ./bins
mkdir -p ./bins/test-auto-unroll/
mkdir -p ./profilings
mkdir -p ./profilings/test-auto-unroll/
./generate_initial_conditions --model 0 --n 100000 --seed 42 --output ./bins/test-auto-unroll.bin
for i in 1; do \
	./main --input ./bins/test-auto-unroll.bin --nsteps 25 --dt 1e-4 --eps 0.05 --energy-every 25 --output ./bins/test-auto-unroll/n.out --kernel "n" --profiler 1 --papi 1 --profiler-path ./profilings/test-auto-unroll/n.txt ; \
	./main --input ./bins/test-auto-unroll.bin --nsteps 25 --dt 1e-4 --eps 0.05 --energy-every 25 --output ./bins/test-auto-unroll/n.out --kernel "t" --profiler 1 --papi 1 --profiler-path ./profilings/test-auto-unroll/t.txt ; \
	./main --input ./bins/test-auto-unroll.bin --nsteps 25 --dt 1e-4 --eps 0.05 --energy-every 25 --output ./bins/test-auto-unroll/n.out --kernel "r" --profiler 1 --papi 1 --profiler-path ./profilings/test-auto-unroll/r.txt ; \
	./main --input ./bins/test-auto-unroll.bin --nsteps 25 --dt 1e-4 --eps 0.05 --energy-every 25 --output ./bins/test-auto-unroll/n.out --kernel "rt" --profiler 1 --papi 1 --profiler-path ./profilings/test-auto-unroll/rt.txt ; \
done
# Direct N-body DKD
# arithmetic_dtype=double binary_storage=float32 format=nbody-f32-v1
# N=100000 nsteps=25 dt=0.0001 eps=0.050000000000000003 G=1 mass=1
Acceleration Kernel: n
# Step 	 Time 			 Kinetic 			 Potential 			 Total 			 Relative Energy Drift
0 	 0 	 1469728487.124548 	 -2934067449.2881598 	 -1464338962.1636119 	 0
25 0.0025000000000000001 1462719550.6926582 -2927058181.2022824 -1464338630.5096242 2.2648717012628866e-07
# final: N=100000 steps=25 arithmetic_dtype=double max_relative_energy_drift=2.2648717012628866e-07 tolerance=0.001 status=OK

--- Performance Profiling Report ---
File Read       : 2.488098e-03 s
File Write      : 5.948508e-03 s
Total Run       : 1.611534e+01 s

--- Step Statistics (25 steps) ---
Total Step      		 Median; 7.636394e+00 s 		 Trimmed Mean: 7.636488e+00 s 		 Standard Deviation: 1.188663e-03 s
First Drift     		 Median; 8.724118e-05 s 		 Trimmed Mean: 8.754053e-05 s 		 Standard Deviation: 6.182433e-07 s
Compute Force   		 Median; 7.636063e+00 s 		 Trimmed Mean: 7.636153e+00 s 		 Standard Deviation: 1.183973e-03 s
Kick            		 Median; 1.288322e-04 s 		 Trimmed Mean: 1.291191e-04 s 		 Standard Deviation: 1.870055e-06 s
Second Drift    		 Median; 8.777063e-05 s 		 Trimmed Mean: 8.782135e-05 s 		 Standard Deviation: 6.406222e-07 s
# Direct N-body DKD
# arithmetic_dtype=double binary_storage=float32 format=nbody-f32-v1
# N=100000 nsteps=25 dt=0.0001 eps=0.050000000000000003 G=1 mass=1
Acceleration Kernel: t
# Step 	 Time 			 Kinetic 			 Potential 			 Total 			 Relative Energy Drift
0 	 0 	 1469728487.124548 	 -2934067449.2881598 	 -1464338962.1636119 	 0
25 0.0025000000000000001 1462719550.6926582 -2927058181.2022824 -1464338630.5096242 2.2648717012628866e-07
# final: N=100000 steps=25 arithmetic_dtype=double max_relative_energy_drift=2.2648717012628866e-07 tolerance=0.001 status=OK

--- Performance Profiling Report ---
File Read       : 1.077982e-01 s
File Write      : 4.668553e-03 s
Total Run       : 1.611476e+01 s

--- Step Statistics (25 steps) ---
Total Step      		 Median; 4.281687e+00 s 		 Trimmed Mean: 4.281546e+00 s 		 Standard Deviation: 4.431311e-04 s
First Drift     		 Median; 8.781115e-05 s 		 Trimmed Mean: 8.839484e-05 s 		 Standard Deviation: 1.438716e-06 s
Compute Force   		 Median; 4.281235e+00 s 		 Trimmed Mean: 4.281172e+00 s 		 Standard Deviation: 4.423680e-04 s
Kick            		 Median; 1.293011e-04 s 		 Trimmed Mean: 1.291790e-04 s 		 Standard Deviation: 1.171777e-06 s
Second Drift    		 Median; 1.269807e-04 s 		 Trimmed Mean: 1.270806e-04 s 		 Standard Deviation: 3.610855e-06 s
# Direct N-body DKD
# arithmetic_dtype=double binary_storage=float32 format=nbody-f32-v1
# N=100000 nsteps=25 dt=0.0001 eps=0.050000000000000003 G=1 mass=1
Acceleration Kernel: r
# Step 	 Time 			 Kinetic 			 Potential 			 Total 			 Relative Energy Drift
0 	 0 	 1469728487.124548 	 -2934067449.2881598 	 -1464338962.1636119 	 0
25 0.0025000000000000001 1462719550.6871483 -2927058181.196588 -1464338630.5094397 2.2648729614627788e-07
# final: N=100000 steps=25 arithmetic_dtype=double max_relative_energy_drift=2.2648729614627788e-07 tolerance=0.001 status=OK

--- Performance Profiling Report ---
File Read       : 2.751211e-03 s
File Write      : 6.238831e-03 s
Total Run       : 1.611638e+01 s

--- Step Statistics (25 steps) ---
Total Step      		 Median; 6.815741e+00 s 		 Trimmed Mean: 6.819378e+00 s 		 Standard Deviation: 8.410121e-03 s
First Drift     		 Median; 1.042411e-04 s 		 Trimmed Mean: 1.042554e-04 s 		 Standard Deviation: 3.712191e-07 s
Compute Force   		 Median; 6.815381e+00 s 		 Trimmed Mean: 6.819010e+00 s 		 Standard Deviation: 8.410890e-03 s
Kick            		 Median; 1.327922e-04 s 		 Trimmed Mean: 1.330266e-04 s 		 Standard Deviation: 1.801101e-06 s
Second Drift    		 Median; 1.041107e-04 s 		 Trimmed Mean: 1.044098e-04 s 		 Standard Deviation: 8.423043e-07 s
# Direct N-body DKD
# arithmetic_dtype=double binary_storage=float32 format=nbody-f32-v1
# N=100000 nsteps=25 dt=0.0001 eps=0.050000000000000003 G=1 mass=1
Acceleration Kernel: rt
# Step 	 Time 			 Kinetic 			 Potential 			 Total 			 Relative Energy Drift
0 	 0 	 1469728487.124548 	 -2934067449.2881598 	 -1464338962.1636119 	 0
25 0.0025000000000000001 1462719550.6871483 -2927058181.196588 -1464338630.5094397 2.2648729614627788e-07
# final: N=100000 steps=25 arithmetic_dtype=double max_relative_energy_drift=2.2648729614627788e-07 tolerance=0.001 status=OK

--- Performance Profiling Report ---
File Read       : 2.751202e-03 s
File Write      : 4.888356e-03 s
Total Run       : 1.611155e+01 s

--- Step Statistics (25 steps) ---
Total Step      		 Median; 4.024339e+00 s 		 Trimmed Mean: 4.024392e+00 s 		 Standard Deviation: 2.380711e-04 s
First Drift     		 Median; 8.771056e-05 s 		 Trimmed Mean: 8.866271e-05 s 		 Standard Deviation: 1.987954e-06 s
Compute Force   		 Median; 4.023973e+00 s 		 Trimmed Mean: 4.024016e+00 s 		 Standard Deviation: 2.285765e-04 s
Kick            		 Median; 1.290618e-04 s 		 Trimmed Mean: 1.292615e-04 s 		 Standard Deviation: 8.826464e-07 s
Second Drift    		 Median; 1.266822e-04 s 		 Trimmed Mean: 1.274111e-04 s 		 Standard Deviation: 2.952420e-06 s
