rm -f main generate_initial_conditions *.o *.bin
make all UNROLL=0
make[1]: Entering directory '/orfeo/cephfs/scratch/dssc/enricosavorgnan/2026-nbody/experiments/loop-unroll'
cc -std=c11 -I/u/dssc/enricosavorgnan/opt/papi/include -DNBODY_USE_DOUBLE -O3 -march=native -Wall -Wextra -Wpedantic -flto -ffast-math -D_POSIX_C_SOURCE=199309L -DBLOCK_SIZE=128 -DDO_UNROLL=0 -DUSE_PAPI -c main.c -o main.o
cc -std=c11 -I/u/dssc/enricosavorgnan/opt/papi/include -DNBODY_USE_DOUBLE -O3 -march=native -Wall -Wextra -Wpedantic -flto -ffast-math -D_POSIX_C_SOURCE=199309L -DBLOCK_SIZE=128 -DDO_UNROLL=0 -DUSE_PAPI -c integration.c -o integration.o
cc -std=c11 -I/u/dssc/enricosavorgnan/opt/papi/include -DNBODY_USE_DOUBLE -O3 -march=native -Wall -Wextra -Wpedantic -flto -ffast-math -D_POSIX_C_SOURCE=199309L -DBLOCK_SIZE=128 -DDO_UNROLL=0 -DUSE_PAPI -c particles.c -o particles.o
cc -std=c11 -I/u/dssc/enricosavorgnan/opt/papi/include -DNBODY_USE_DOUBLE -O3 -march=native -Wall -Wextra -Wpedantic -flto -ffast-math -D_POSIX_C_SOURCE=199309L -DBLOCK_SIZE=128 -DDO_UNROLL=0 -DUSE_PAPI -c profiling.c -o profiling.o
cc -std=c11 -I/u/dssc/enricosavorgnan/opt/papi/include -DNBODY_USE_DOUBLE -O3 -march=native -Wall -Wextra -Wpedantic -flto -ffast-math -D_POSIX_C_SOURCE=199309L -DBLOCK_SIZE=128 -DDO_UNROLL=0 -DUSE_PAPI -c utils.c -o utils.o
cc -std=c11 -O3 -march=native -Wall -Wextra -Wpedantic -flto -ffast-math -D_POSIX_C_SOURCE=199309L -DBLOCK_SIZE=128 -DDO_UNROLL=0 -DUSE_PAPI -L/u/dssc/enricosavorgnan/opt/papi/lib -Wl,-rpath,/u/dssc/enricosavorgnan/opt/papi/lib -o main main.o integration.o particles.o profiling.o utils.o -lm -lpapi
cc -std=c11 -I/u/dssc/enricosavorgnan/opt/papi/include -DNBODY_USE_DOUBLE -O3 -march=native -Wall -Wextra -Wpedantic -flto -ffast-math -D_POSIX_C_SOURCE=199309L -DBLOCK_SIZE=128 -DDO_UNROLL=0 -DUSE_PAPI -L/u/dssc/enricosavorgnan/opt/papi/lib -Wl,-rpath,/u/dssc/enricosavorgnan/opt/papi/lib -o generate_initial_conditions generate_initial_conditions.c -lm -lpapi
make[1]: Leaving directory '/orfeo/cephfs/scratch/dssc/enricosavorgnan/2026-nbody/experiments/loop-unroll'
mkdir -p ./bins
mkdir -p ./bins/test-no-unroll/
mkdir -p ./profilings
mkdir -p ./profilings/test-no-unroll/
./generate_initial_conditions --model 0 --n 100000 --seed 42 --output ./bins/test-no-unroll.bin
for i in 1; do \
	./main --input ./bins/test-no-unroll.bin --nsteps 10 --dt 1e-4 --eps 0.05 --energy-every 10 --output ./bins/test-no-unroll/n.out --kernel "n" --profiler 1 --papi 1 --profiler-path ./profilings/test-no-unroll/n.txt ; \
	./main --input ./bins/test-no-unroll.bin --nsteps 10 --dt 1e-4 --eps 0.05 --energy-every 10 --output ./bins/test-no-unroll/n.out --kernel "t" --profiler 1 --papi 1 --profiler-path ./profilings/test-no-unroll/t.txt ; \
	./main --input ./bins/test-no-unroll.bin --nsteps 10 --dt 1e-4 --eps 0.05 --energy-every 10 --output ./bins/test-no-unroll/n.out --kernel "r" --profiler 1 --papi 1 --profiler-path ./profilings/test-no-unroll/r.txt ; \
	./main --input ./bins/test-no-unroll.bin --nsteps 10 --dt 1e-4 --eps 0.05 --energy-every 10 --output ./bins/test-no-unroll/n.out --kernel "rt" --profiler 1 --papi 1 --profiler-path ./profilings/test-no-unroll/rt.txt ; \
done
# Direct N-body DKD
# arithmetic_dtype=double binary_storage=float32 format=nbody-f32-v1
# N=100000 nsteps=10 dt=0.0001 eps=0.050000000000000003 G=1 mass=1
Acceleration Kernel: n
# Step 	 Time 			 Kinetic 			 Potential 			 Total 			 Relative Energy Drift
0 	 0 	 1469728487.124548 	 -2934067449.2881598 	 -1464338962.1636119 	 0
10 0.001 1467380006.6466022 -2931718905.0478668 -1464338898.4012647 4.3543434183546839e-08
# final: N=100000 steps=10 arithmetic_dtype=double max_relative_energy_drift=4.3543434183546839e-08 tolerance=0.001 status=OK

--- Performance Profiling Report ---
File Read       : 2.539420e-03 s
File Write      : 2.907125e-03 s
Total Run       : 1.611246e+01 s

--- Step Statistics (10 steps) ---
Total Step      		 Median; 7.630627e+00 s 		 Trimmed Mean: 7.630722e+00 s 		 Standard Deviation: 4.601952e-04 s
First Drift     		 Median; 8.714572e-05 s 		 Trimmed Mean: 8.719333e-05 s 		 Standard Deviation: 2.580370e-07 s
Compute Force   		 Median; 7.630287e+00 s 		 Trimmed Mean: 7.630381e+00 s 		 Standard Deviation: 4.585843e-04 s
Kick            		 Median; 1.303810e-04 s 		 Trimmed Mean: 1.305591e-04 s 		 Standard Deviation: 3.033435e-06 s
Second Drift    		 Median; 8.762581e-05 s 		 Trimmed Mean: 8.766237e-05 s 		 Standard Deviation: 5.188908e-07 s
# Direct N-body DKD
# arithmetic_dtype=double binary_storage=float32 format=nbody-f32-v1
# N=100000 nsteps=10 dt=0.0001 eps=0.050000000000000003 G=1 mass=1
Acceleration Kernel: t
# Step 	 Time 			 Kinetic 			 Potential 			 Total 			 Relative Energy Drift
0 	 0 	 1469728487.124548 	 -2934067449.2881598 	 -1464338962.1636119 	 0
10 0.001 1467380006.6466022 -2931718905.0478668 -1464338898.4012647 4.3543434183546839e-08
# final: N=100000 steps=10 arithmetic_dtype=double max_relative_energy_drift=4.3543434183546839e-08 tolerance=0.001 status=OK

--- Performance Profiling Report ---
File Read       : 7.200187e-02 s
File Write      : 4.574484e-03 s
Total Run       : 1.612871e+01 s

--- Step Statistics (10 steps) ---
Total Step      		 Median; 4.245833e+00 s 		 Trimmed Mean: 4.245852e+00 s 		 Standard Deviation: 3.136698e-04 s
First Drift     		 Median; 9.571062e-05 s 		 Trimmed Mean: 9.617477e-05 s 		 Standard Deviation: 1.309186e-06 s
Compute Force   		 Median; 4.245445e+00 s 		 Trimmed Mean: 4.245454e+00 s 		 Standard Deviation: 2.939858e-04 s
Kick            		 Median; 1.260070e-04 s 		 Trimmed Mean: 1.259781e-04 s 		 Standard Deviation: 1.477788e-06 s
Second Drift    		 Median; 1.375866e-04 s 		 Trimmed Mean: 1.383576e-04 s 		 Standard Deviation: 2.131390e-06 s
# Direct N-body DKD
# arithmetic_dtype=double binary_storage=float32 format=nbody-f32-v1
# N=100000 nsteps=10 dt=0.0001 eps=0.050000000000000003 G=1 mass=1
Acceleration Kernel: r
# Step 	 Time 			 Kinetic 			 Potential 			 Total 			 Relative Energy Drift
0 	 0 	 1469728487.124548 	 -2934067449.2881598 	 -1464338962.1636119 	 0
10 0.001 1467380006.6457052 -2931718905.0469084 -1464338898.4012032 4.3543476190209912e-08
# final: N=100000 steps=10 arithmetic_dtype=double max_relative_energy_drift=4.3543476190209912e-08 tolerance=0.001 status=OK

--- Performance Profiling Report ---
File Read       : 2.718982e-03 s
File Write      : 4.021108e-03 s
Total Run       : 1.610832e+01 s

--- Step Statistics (10 steps) ---
Total Step      		 Median; 6.733777e+00 s 		 Trimmed Mean: 6.733829e+00 s 		 Standard Deviation: 8.502387e-04 s
First Drift     		 Median; 8.725608e-05 s 		 Trimmed Mean: 8.780486e-05 s 		 Standard Deviation: 1.561766e-06 s
Compute Force   		 Median; 6.733437e+00 s 		 Trimmed Mean: 6.733482e+00 s 		 Standard Deviation: 8.759457e-04 s
Kick            		 Median; 1.296964e-04 s 		 Trimmed Mean: 1.299016e-04 s 		 Standard Deviation: 2.087823e-06 s
Second Drift    		 Median; 8.780602e-05 s 		 Trimmed Mean: 8.765503e-05 s 		 Standard Deviation: 3.928163e-07 s
# Direct N-body DKD
# arithmetic_dtype=double binary_storage=float32 format=nbody-f32-v1
# N=100000 nsteps=10 dt=0.0001 eps=0.050000000000000003 G=1 mass=1
Acceleration Kernel: rt
# Step 	 Time 			 Kinetic 			 Potential 			 Total 			 Relative Energy Drift
0 	 0 	 1469728487.124548 	 -2934067449.2881598 	 -1464338962.1636119 	 0
10 0.001 1467380006.6457052 -2931718905.0469084 -1464338898.4012032 4.3543476190209912e-08
# final: N=100000 steps=10 arithmetic_dtype=double max_relative_energy_drift=4.3543476190209912e-08 tolerance=0.001 status=OK

--- Performance Profiling Report ---
File Read       : 2.699212e-03 s
File Write      : 3.725095e-03 s
Total Run       : 1.611358e+01 s

--- Step Statistics (10 steps) ---
Total Step      		 Median; 4.132692e+00 s 		 Trimmed Mean: 4.133161e+00 s 		 Standard Deviation: 1.743220e-03 s
First Drift     		 Median; 8.699577e-05 s 		 Trimmed Mean: 8.715736e-05 s 		 Standard Deviation: 3.714322e-07 s
Compute Force   		 Median; 4.132259e+00 s 		 Trimmed Mean: 4.132770e+00 s 		 Standard Deviation: 1.747310e-03 s
Kick            		 Median; 1.272717e-04 s 		 Trimmed Mean: 1.271939e-04 s 		 Standard Deviation: 1.646735e-06 s
Second Drift    		 Median; 1.290468e-04 s 		 Trimmed Mean: 1.302707e-04 s 		 Standard Deviation: 4.074901e-06 s
