rm -f main generate_initial_conditions *.o *.bin
make all UNROLL=8
make[1]: Entering directory '/orfeo/cephfs/scratch/dssc/enricosavorgnan/2026-nbody/experiments/loop-unroll'
cc -std=c11 -I/u/dssc/enricosavorgnan/opt/papi/include -DNBODY_USE_DOUBLE -O3 -march=native -Wall -Wextra -Wpedantic -flto -ffast-math -D_POSIX_C_SOURCE=199309L -DBLOCK_SIZE=128 -DDO_UNROLL=8 -DUSE_PAPI -c main.c -o main.o
cc -std=c11 -I/u/dssc/enricosavorgnan/opt/papi/include -DNBODY_USE_DOUBLE -O3 -march=native -Wall -Wextra -Wpedantic -flto -ffast-math -D_POSIX_C_SOURCE=199309L -DBLOCK_SIZE=128 -DDO_UNROLL=8 -DUSE_PAPI -c integration.c -o integration.o
cc -std=c11 -I/u/dssc/enricosavorgnan/opt/papi/include -DNBODY_USE_DOUBLE -O3 -march=native -Wall -Wextra -Wpedantic -flto -ffast-math -D_POSIX_C_SOURCE=199309L -DBLOCK_SIZE=128 -DDO_UNROLL=8 -DUSE_PAPI -c particles.c -o particles.o
cc -std=c11 -I/u/dssc/enricosavorgnan/opt/papi/include -DNBODY_USE_DOUBLE -O3 -march=native -Wall -Wextra -Wpedantic -flto -ffast-math -D_POSIX_C_SOURCE=199309L -DBLOCK_SIZE=128 -DDO_UNROLL=8 -DUSE_PAPI -c profiling.c -o profiling.o
cc -std=c11 -I/u/dssc/enricosavorgnan/opt/papi/include -DNBODY_USE_DOUBLE -O3 -march=native -Wall -Wextra -Wpedantic -flto -ffast-math -D_POSIX_C_SOURCE=199309L -DBLOCK_SIZE=128 -DDO_UNROLL=8 -DUSE_PAPI -c utils.c -o utils.o
cc -std=c11 -O3 -march=native -Wall -Wextra -Wpedantic -flto -ffast-math -D_POSIX_C_SOURCE=199309L -DBLOCK_SIZE=128 -DDO_UNROLL=8 -DUSE_PAPI -L/u/dssc/enricosavorgnan/opt/papi/lib -Wl,-rpath,/u/dssc/enricosavorgnan/opt/papi/lib -o main main.o integration.o particles.o profiling.o utils.o -lm -lpapi
cc -std=c11 -I/u/dssc/enricosavorgnan/opt/papi/include -DNBODY_USE_DOUBLE -O3 -march=native -Wall -Wextra -Wpedantic -flto -ffast-math -D_POSIX_C_SOURCE=199309L -DBLOCK_SIZE=128 -DDO_UNROLL=8 -DUSE_PAPI -L/u/dssc/enricosavorgnan/opt/papi/lib -Wl,-rpath,/u/dssc/enricosavorgnan/opt/papi/lib -o generate_initial_conditions generate_initial_conditions.c -lm -lpapi
make[1]: Leaving directory '/orfeo/cephfs/scratch/dssc/enricosavorgnan/2026-nbody/experiments/loop-unroll'
mkdir -p ./bins
mkdir -p ./bins/test-n-unroll/
mkdir -p ./profilings
mkdir -p ./profilings/test-n-unroll/
./generate_initial_conditions --model 0 --n 20000 --seed 42 --output ./bins/test-n-unroll.bin
for i in 1; do \
	./main --input ./bins/test-n-unroll.bin --nsteps 25 --dt 1e-4 --eps 0.05 --energy-every 25 --output ./bins/test-n-unroll/n.out --kernel "n" --profiler 1 --papi 1 --profiler-path ./profilings/test-n-unroll/n.txt ; \
	./main --input ./bins/test-n-unroll.bin --nsteps 25 --dt 1e-4 --eps 0.05 --energy-every 25 --output ./bins/test-n-unroll/n.out --kernel "t" --profiler 1 --papi 1 --profiler-path ./profilings/test-n-unroll/t.txt ; \
	./main --input ./bins/test-n-unroll.bin --nsteps 25 --dt 1e-4 --eps 0.05 --energy-every 25 --output ./bins/test-n-unroll/n.out --kernel "r" --profiler 1 --papi 1 --profiler-path ./profilings/test-n-unroll/r.txt ; \
	./main --input ./bins/test-n-unroll.bin --nsteps 25 --dt 1e-4 --eps 0.05 --energy-every 25 --output ./bins/test-n-unroll/n.out --kernel "rt" --profiler 1 --papi 1 --profiler-path ./profilings/test-n-unroll/rt.txt ; \
done
# Direct N-body DKD
# arithmetic_dtype=double binary_storage=float32 format=nbody-f32-v1
# N=20000 nsteps=25 dt=0.0001 eps=0.050000000000000003 G=1 mass=1
Acceleration Kernel: n
# Step 	 Time 			 Kinetic 			 Potential 			 Total 			 Relative Energy Drift
0 	 0 	 58759436.184000514 	 -116582810.08692534 	 -57823373.902924828 	 0
25 0.0025000000000000001 58622235.411528766 -116445614.25414468 -57823378.842615917 8.5427237389961873e-08
# final: N=20000 steps=25 arithmetic_dtype=double max_relative_energy_drift=8.5427237389961873e-08 tolerance=0.001 status=OK

--- Performance Profiling Report ---
File Read       : 5.509164e-04 s
File Write      : 4.733084e-03 s
Total Run       : 6.451535e-01 s

--- Step Statistics (25 steps) ---
Total Step      		 Median; 3.036324e-01 s 		 Trimmed Mean: 3.036142e-01 s 		 Standard Deviation: 3.902789e-05 s
First Drift     		 Median; 1.554005e-05 s 		 Trimmed Mean: 1.574035e-05 s 		 Standard Deviation: 8.921578e-07 s
Compute Force   		 Median; 3.035443e-01 s 		 Trimmed Mean: 3.035345e-01 s 		 Standard Deviation: 3.818414e-05 s
Kick            		 Median; 2.527004e-05 s 		 Trimmed Mean: 2.527794e-05 s 		 Standard Deviation: 6.720286e-07 s
Second Drift    		 Median; 1.579011e-05 s 		 Trimmed Mean: 1.580494e-05 s 		 Standard Deviation: 6.707113e-08 s
# Direct N-body DKD
# arithmetic_dtype=double binary_storage=float32 format=nbody-f32-v1
# N=20000 nsteps=25 dt=0.0001 eps=0.050000000000000003 G=1 mass=1
Acceleration Kernel: t
# Step 	 Time 			 Kinetic 			 Potential 			 Total 			 Relative Energy Drift
0 	 0 	 58759436.184000514 	 -116582810.08692534 	 -57823373.902924828 	 0
25 0.0025000000000000001 58622235.411528766 -116445614.25414468 -57823378.842615917 8.5427237389961873e-08
# final: N=20000 steps=25 arithmetic_dtype=double max_relative_energy_drift=8.5427237389961873e-08 tolerance=0.001 status=OK

--- Performance Profiling Report ---
File Read       : 6.980179e-04 s
File Write      : 4.135427e-03 s
Total Run       : 6.448969e-01 s

--- Step Statistics (25 steps) ---
Total Step      		 Median; 1.602851e-01 s 		 Trimmed Mean: 1.603009e-01 s 		 Standard Deviation: 3.022584e-05 s
First Drift     		 Median; 1.547998e-05 s 		 Trimmed Mean: 1.548355e-05 s 		 Standard Deviation: 8.451260e-08 s
Compute Force   		 Median; 1.601998e-01 s 		 Trimmed Mean: 1.602141e-01 s 		 Standard Deviation: 3.087270e-05 s
Kick            		 Median; 2.474990e-05 s 		 Trimmed Mean: 2.484491e-05 s 		 Standard Deviation: 3.638914e-07 s
Second Drift    		 Median; 2.510985e-05 s 		 Trimmed Mean: 2.497408e-05 s 		 Standard Deviation: 5.233434e-07 s
# Direct N-body DKD
# arithmetic_dtype=double binary_storage=float32 format=nbody-f32-v1
# N=20000 nsteps=25 dt=0.0001 eps=0.050000000000000003 G=1 mass=1
Acceleration Kernel: r
# Step 	 Time 			 Kinetic 			 Potential 			 Total 			 Relative Energy Drift
0 	 0 	 58759436.184000514 	 -116582810.08692534 	 -57823373.902924828 	 0
25 0.0025000000000000001 58622235.411485203 -116445614.25409754 -57823378.842612334 8.5427175412788537e-08
# final: N=20000 steps=25 arithmetic_dtype=double max_relative_energy_drift=8.5427175412788537e-08 tolerance=0.001 status=OK

--- Performance Profiling Report ---
File Read       : 5.572657e-04 s
File Write      : 2.936073e-03 s
Total Run       : 6.454833e-01 s

--- Step Statistics (25 steps) ---
Total Step      		 Median; 2.682261e-01 s 		 Trimmed Mean: 2.682231e-01 s 		 Standard Deviation: 2.909393e-05 s
First Drift     		 Median; 1.543015e-05 s 		 Trimmed Mean: 1.544206e-05 s 		 Standard Deviation: 7.607415e-08 s
Compute Force   		 Median; 2.681451e-01 s 		 Trimmed Mean: 2.681419e-01 s 		 Standard Deviation: 2.780323e-05 s
Kick            		 Median; 2.588006e-05 s 		 Trimmed Mean: 2.584697e-05 s 		 Standard Deviation: 3.892781e-07 s
Second Drift    		 Median; 1.575099e-05 s 		 Trimmed Mean: 1.576538e-05 s 		 Standard Deviation: 7.559095e-08 s
# Direct N-body DKD
# arithmetic_dtype=double binary_storage=float32 format=nbody-f32-v1
# N=20000 nsteps=25 dt=0.0001 eps=0.050000000000000003 G=1 mass=1
Acceleration Kernel: rt
# Step 	 Time 			 Kinetic 			 Potential 			 Total 			 Relative Energy Drift
0 	 0 	 58759436.184000514 	 -116582810.08692534 	 -57823373.902924828 	 0
25 0.0025000000000000001 58622235.411485203 -116445614.25409754 -57823378.842612334 8.5427175412788537e-08
# final: N=20000 steps=25 arithmetic_dtype=double max_relative_energy_drift=8.5427175412788537e-08 tolerance=0.001 status=OK

--- Performance Profiling Report ---
File Read       : 5.591568e-04 s
File Write      : 2.880493e-03 s
Total Run       : 6.452932e-01 s

--- Step Statistics (25 steps) ---
Total Step      		 Median; 1.518757e-01 s 		 Trimmed Mean: 1.518796e-01 s 		 Standard Deviation: 2.477149e-05 s
First Drift     		 Median; 1.550000e-05 s 		 Trimmed Mean: 1.550878e-05 s 		 Standard Deviation: 1.133782e-07 s
Compute Force   		 Median; 1.517854e-01 s 		 Trimmed Mean: 1.517922e-01 s 		 Standard Deviation: 2.425067e-05 s
Kick            		 Median; 2.462044e-05 s 		 Trimmed Mean: 2.474121e-05 s 		 Standard Deviation: 5.057566e-07 s
Second Drift    		 Median; 2.485095e-05 s 		 Trimmed Mean: 2.506076e-05 s 		 Standard Deviation: 4.861240e-07 s
