rm -f main generate_initial_conditions *.o *.bin
make all UNROLL=-1
make[1]: Entering directory '/orfeo/cephfs/scratch/dssc/enricosavorgnan/2026-nbody/experiments/loop-unroll'
cc -std=c11 -I/u/dssc/enricosavorgnan/opt/papi/include -DNBODY_USE_DOUBLE -O3 -march=native -Wall -Wextra -Wpedantic -flto -ffast-math -D_POSIX_C_SOURCE=199309L -DBLOCK_SIZE=128 -DDO_UNROLL=-1 -DUSE_PAPI -c main.c -o main.o
cc -std=c11 -I/u/dssc/enricosavorgnan/opt/papi/include -DNBODY_USE_DOUBLE -O3 -march=native -Wall -Wextra -Wpedantic -flto -ffast-math -D_POSIX_C_SOURCE=199309L -DBLOCK_SIZE=128 -DDO_UNROLL=-1 -DUSE_PAPI -c integration.c -o integration.o
cc -std=c11 -I/u/dssc/enricosavorgnan/opt/papi/include -DNBODY_USE_DOUBLE -O3 -march=native -Wall -Wextra -Wpedantic -flto -ffast-math -D_POSIX_C_SOURCE=199309L -DBLOCK_SIZE=128 -DDO_UNROLL=-1 -DUSE_PAPI -c particles.c -o particles.o
cc -std=c11 -I/u/dssc/enricosavorgnan/opt/papi/include -DNBODY_USE_DOUBLE -O3 -march=native -Wall -Wextra -Wpedantic -flto -ffast-math -D_POSIX_C_SOURCE=199309L -DBLOCK_SIZE=128 -DDO_UNROLL=-1 -DUSE_PAPI -c profiling.c -o profiling.o
cc -std=c11 -I/u/dssc/enricosavorgnan/opt/papi/include -DNBODY_USE_DOUBLE -O3 -march=native -Wall -Wextra -Wpedantic -flto -ffast-math -D_POSIX_C_SOURCE=199309L -DBLOCK_SIZE=128 -DDO_UNROLL=-1 -DUSE_PAPI -c utils.c -o utils.o
cc -std=c11 -O3 -march=native -Wall -Wextra -Wpedantic -flto -ffast-math -D_POSIX_C_SOURCE=199309L -DBLOCK_SIZE=128 -DDO_UNROLL=-1 -DUSE_PAPI -L/u/dssc/enricosavorgnan/opt/papi/lib -Wl,-rpath,/u/dssc/enricosavorgnan/opt/papi/lib -o main main.o integration.o particles.o profiling.o utils.o -lm -lpapi
cc -std=c11 -I/u/dssc/enricosavorgnan/opt/papi/include -DNBODY_USE_DOUBLE -O3 -march=native -Wall -Wextra -Wpedantic -flto -ffast-math -D_POSIX_C_SOURCE=199309L -DBLOCK_SIZE=128 -DDO_UNROLL=-1 -DUSE_PAPI -L/u/dssc/enricosavorgnan/opt/papi/lib -Wl,-rpath,/u/dssc/enricosavorgnan/opt/papi/lib -o generate_initial_conditions generate_initial_conditions.c -lm -lpapi
make[1]: Leaving directory '/orfeo/cephfs/scratch/dssc/enricosavorgnan/2026-nbody/experiments/loop-unroll'
mkdir -p ./bins
mkdir -p ./bins/test-auto-unroll/
mkdir -p ./profilings
mkdir -p ./profilings/test-auto-unroll/
./generate_initial_conditions --model 0 --n 100000 --seed 42 --output ./bins/test-auto-unroll.bin
for i in 1; do \
	./main --input ./bins/test-auto-unroll.bin --nsteps 10 --dt 1e-4 --eps 0.05 --energy-every 10 --output ./bins/test-auto-unroll/n.out --kernel "n" --profiler 1 --papi 1 --profiler-path ./profilings/test-auto-unroll/n.txt ; \
	./main --input ./bins/test-auto-unroll.bin --nsteps 10 --dt 1e-4 --eps 0.05 --energy-every 10 --output ./bins/test-auto-unroll/n.out --kernel "t" --profiler 1 --papi 1 --profiler-path ./profilings/test-auto-unroll/t.txt ; \
	./main --input ./bins/test-auto-unroll.bin --nsteps 10 --dt 1e-4 --eps 0.05 --energy-every 10 --output ./bins/test-auto-unroll/n.out --kernel "r" --profiler 1 --papi 1 --profiler-path ./profilings/test-auto-unroll/r.txt ; \
	./main --input ./bins/test-auto-unroll.bin --nsteps 10 --dt 1e-4 --eps 0.05 --energy-every 10 --output ./bins/test-auto-unroll/n.out --kernel "rt" --profiler 1 --papi 1 --profiler-path ./profilings/test-auto-unroll/rt.txt ; \
done
# Direct N-body DKD
# arithmetic_dtype=double binary_storage=float32 format=nbody-f32-v1
# N=100000 nsteps=10 dt=0.0001 eps=0.050000000000000003 G=1 mass=1
Acceleration Kernel: n
# Step 	 Time 			 Kinetic 			 Potential 			 Total 			 Relative Energy Drift
0 	 0 	 1469728487.124548 	 -2934067449.2881598 	 -1464338962.1636119 	 0
10 0.001 1467380006.6466022 -2931718905.0478668 -1464338898.4012647 4.3543434183546839e-08
# final: N=100000 steps=10 arithmetic_dtype=double max_relative_energy_drift=4.3543434183546839e-08 tolerance=0.001 status=OK

--- Performance Profiling Report ---
File Read       : 2.528359e-03 s
File Write      : 3.113117e-03 s
Total Run       : 1.610757e+01 s

--- Step Statistics (10 steps) ---
Total Step      		 Median; 7.624983e+00 s 		 Trimmed Mean: 7.625675e+00 s 		 Standard Deviation: 2.670282e-03 s
First Drift     		 Median; 8.722581e-05 s 		 Trimmed Mean: 8.724234e-05 s 		 Standard Deviation: 1.962472e-07 s
Compute Force   		 Median; 7.624584e+00 s 		 Trimmed Mean: 7.625322e+00 s 		 Standard Deviation: 2.671013e-03 s
Kick            		 Median; 1.297514e-04 s 		 Trimmed Mean: 1.296455e-04 s 		 Standard Deviation: 1.866549e-06 s
Second Drift    		 Median; 8.789590e-05 s 		 Trimmed Mean: 8.791999e-05 s 		 Standard Deviation: 2.896929e-07 s
# Direct N-body DKD
# arithmetic_dtype=double binary_storage=float32 format=nbody-f32-v1
# N=100000 nsteps=10 dt=0.0001 eps=0.050000000000000003 G=1 mass=1
Acceleration Kernel: t
# Step 	 Time 			 Kinetic 			 Potential 			 Total 			 Relative Energy Drift
0 	 0 	 1469728487.124548 	 -2934067449.2881598 	 -1464338962.1636119 	 0
10 0.001 1467380006.6466022 -2931718905.0478668 -1464338898.4012647 4.3543434183546839e-08
# final: N=100000 steps=10 arithmetic_dtype=double max_relative_energy_drift=4.3543434183546839e-08 tolerance=0.001 status=OK

--- Performance Profiling Report ---
File Read       : 1.370430e-01 s
File Write      : 4.629275e-03 s
Total Run       : 1.611783e+01 s

--- Step Statistics (10 steps) ---
Total Step      		 Median; 4.579193e+00 s 		 Trimmed Mean: 4.578258e+00 s 		 Standard Deviation: 1.725672e-03 s
First Drift     		 Median; 8.741161e-05 s 		 Trimmed Mean: 8.806854e-05 s 		 Standard Deviation: 1.824735e-06 s
Compute Force   		 Median; 4.578812e+00 s 		 Trimmed Mean: 4.577866e+00 s 		 Standard Deviation: 1.738112e-03 s
Kick            		 Median; 1.282911e-04 s 		 Trimmed Mean: 1.278514e-04 s 		 Standard Deviation: 2.290765e-06 s
Second Drift    		 Median; 1.277970e-04 s 		 Trimmed Mean: 1.281925e-04 s 		 Standard Deviation: 2.198324e-06 s
# Direct N-body DKD
# arithmetic_dtype=double binary_storage=float32 format=nbody-f32-v1
# N=100000 nsteps=10 dt=0.0001 eps=0.050000000000000003 G=1 mass=1
Acceleration Kernel: r
# Step 	 Time 			 Kinetic 			 Potential 			 Total 			 Relative Energy Drift
0 	 0 	 1469728487.124548 	 -2934067449.2881598 	 -1464338962.1636119 	 0
10 0.001 1467380006.6457052 -2931718905.0469084 -1464338898.4012032 4.3543476190209912e-08
# final: N=100000 steps=10 arithmetic_dtype=double max_relative_energy_drift=4.3543476190209912e-08 tolerance=0.001 status=OK

--- Performance Profiling Report ---
File Read       : 2.823553e-03 s
File Write      : 3.351180e-03 s
Total Run       : 1.611819e+01 s

--- Step Statistics (10 steps) ---
Total Step      		 Median; 6.745534e+00 s 		 Trimmed Mean: 6.745969e+00 s 		 Standard Deviation: 1.204335e-03 s
First Drift     		 Median; 8.744560e-05 s 		 Trimmed Mean: 8.744467e-05 s 		 Standard Deviation: 1.231487e-07 s
Compute Force   		 Median; 6.745194e+00 s 		 Trimmed Mean: 6.745621e+00 s 		 Standard Deviation: 1.174695e-03 s
Kick            		 Median; 1.262869e-04 s 		 Trimmed Mean: 1.269341e-04 s 		 Standard Deviation: 2.292141e-06 s
Second Drift    		 Median; 8.807564e-05 s 		 Trimmed Mean: 8.825457e-05 s 		 Standard Deviation: 6.337771e-07 s
# Direct N-body DKD
# arithmetic_dtype=double binary_storage=float32 format=nbody-f32-v1
# N=100000 nsteps=10 dt=0.0001 eps=0.050000000000000003 G=1 mass=1
Acceleration Kernel: rt
# Step 	 Time 			 Kinetic 			 Potential 			 Total 			 Relative Energy Drift
0 	 0 	 1469728487.124548 	 -2934067449.2881598 	 -1464338962.1636119 	 0
10 0.001 1467380006.6457052 -2931718905.0469084 -1464338898.4012032 4.3543476190209912e-08
# final: N=100000 steps=10 arithmetic_dtype=double max_relative_energy_drift=4.3543476190209912e-08 tolerance=0.001 status=OK

--- Performance Profiling Report ---
File Read       : 2.776293e-03 s
File Write      : 4.046568e-03 s
Total Run       : 1.611070e+01 s

--- Step Statistics (10 steps) ---
Total Step      		 Median; 4.166573e+00 s 		 Trimmed Mean: 4.166587e+00 s 		 Standard Deviation: 1.856466e-04 s
First Drift     		 Median; 1.428626e-04 s 		 Trimmed Mean: 1.436997e-04 s 		 Standard Deviation: 1.970388e-06 s
Compute Force   		 Median; 4.166088e+00 s 		 Trimmed Mean: 4.166103e+00 s 		 Standard Deviation: 1.912680e-04 s
Kick            		 Median; 1.267618e-04 s 		 Trimmed Mean: 1.270329e-04 s 		 Standard Deviation: 1.363798e-06 s
Second Drift    		 Median; 1.819623e-04 s 		 Trimmed Mean: 1.817985e-04 s 		 Standard Deviation: 2.118483e-06 s
